Microchip MPLAB XC8 Compiler V2.10 ()

Linker command line:

-W-3 --edf=/opt/microchip/xc8/v2.10/pic/dat/en_msgs.txt -cs \
  -h+dist/default/production/HABNova.production.sym \
  --cmf=dist/default/production/HABNova.production.cmf -z -Q16F1619 \
  -o/tmp/xcX9FLVxB --defsym=__MPLAB_BUILD=1 \
  -Mdist/default/production/HABNova.production.map -E1 -ver=XC8 \
  --acfsm=1493 -ASTACK=02279h-02377h -pstack=STACK -ACODE=00h-07FFhx4 \
  -ASTRCODE=00h-01FFFh -ASTRING=00h-0FFhx32 -ACONST=00h-0FFhx32 \
  -AENTRY=00h-0FFhx32 -ACOMMON=070h-07Fh -ABANK0=020h-06Fh \
  -ABANK1=0A0h-0EFh -ABANK2=0120h-016Fh -ABANK3=01A0h-01EFh \
  -ABANK4=0220h-026Fh -ABANK5=02A0h-02EFh -ABANK6=0320h-036Fh \
  -ABANK7=03A0h-03EFh -ABANK8=0420h-046Fh -ABANK9=04A0h-04EFh \
  -ABANK10=0520h-056Fh -ABANK11=05A0h-05EFh -ABANK12=0620h-064Fh \
  -ABIGRAM=02000h-023EFh \
  -ARAM=020h-06Fh,0A0h-0EFh,0120h-016Fh,01A0h-01EFh,0220h-026Fh,02A0h-02EFh,0320h-036Fh,03A0h-03EFh,0420h-046Fh,04A0h-04EFh,0520h-056Fh,05A0h-05EFh,0620h-064Fh \
  -AABS1=020h-07Fh,0A0h-0EFh,0120h-016Fh,01A0h-01EFh,0220h-026Fh,02A0h-02EFh,0320h-036Fh,03A0h-03EFh,0420h-046Fh,04A0h-04EFh,0520h-056Fh,05A0h-05EFh,0620h-064Fh \
  -ASFR0=00h-01Fh -ASFR1=080h-09Fh -ASFR2=0100h-011Fh -ASFR3=0180h-019Fh \
  -ASFR4=0200h-021Fh -ASFR5=0280h-029Fh -ASFR6=0300h-031Fh \
  -ASFR7=0380h-039Fh -ASFR8=0400h-041Fh -ASFR9=0480h-049Fh \
  -ASFR10=0500h-051Fh -ASFR11=0580h-059Fh -ASFR12=0600h-061Fh \
  -ASFR13=0680h-06EFh -ASFR14=0700h-076Fh -ASFR15=0780h-07EFh \
  -ASFR16=0800h-086Fh -ASFR17=0880h-08EFh -ASFR18=0900h-096Fh \
  -ASFR19=0980h-09EFh -ASFR20=0A00h-0A6Fh -ASFR21=0A80h-0AEFh \
  -ASFR22=0B00h-0B6Fh -ASFR23=0B80h-0BEFh -ASFR24=0C00h-0C6Fh \
  -ASFR25=0C80h-0CEFh -ASFR26=0D00h-0D6Fh -ASFR27=0D80h-0DEFh \
  -ASFR28=0E00h-0E6Fh -ASFR29=0E80h-0EEFh -ASFR30=0F00h-0F6Fh \
  -ASFR31=0F80h-0FEFh -preset_vec=00h,intentry=04h,init,end_init \
  -ppowerup=CODE -pcinit=CODE -pfunctab=ENTRY -ACONFIG=08007h-08009h \
  -pconfig=CONFIG -DCONFIG=2 -AIDLOC=08000h-08003h -pidloc=IDLOC -DIDLOC=2 \
  -DCODE=2 -DSTRCODE=2 -DSTRING=2 -DCONST=2 -DENTRY=2 -k /tmp/xcXFP8Rqc.o \
  dist/default/production/HABNova.production.o 

Object code version is 3.11

Machine type is 16F1619



                Name                               Link     Load   Length Selector   Space Scale
/tmp/xcXFP8Rqc.o
                end_init                             23       23        2        8       0
                reset_vec                             0        0        2        0       0
                config                             8007     8007        3    1000E       0
dist/default/production/HABNova.production.o
                cinit                                25       25       5B        8       0
                intentry                              4        4       1F        8       0
                text57                                2        2        2        0       0
                text56                             1EE9     1EE9       11     3DD2       0
                text55                             1F3E     1F3E       1A     3E7C       0
                text54                              CC5      CC5      14F     198A       0
                text53                             1EAA     1EAA        A     3D54       0
                text52                              800      800        1        8       0
                text51                             1ED9     1ED9       10     3DB2       0
                text49                             1F0F     1F0F       17     3E1E       0
                text48                             1FB2     1FB2       27     3F64       0
                text47                             15C1     15C1       6B     2B82       0
                text46                             135B     135B       50     26B6       0
                text45                             13AB     13AB       51     2756       0
                text44                             162C     162C       6C     2C58       0
                text43                             12CE     12CE       45     259C       0
                text42                             1698     1698       6D     2D30       0
                text41                             1EB4     1EB4        A     3D68       0
                text40                             1F58     1F58       1A     3EB0       0
                text39                              801      801        7     1002       0
                text38                             11A1     11A1       33     2342       0
                text37                             1EA5     1EA5        5     3D4A       0
                text36                             1EFA     1EFA       15     3DF4       0
                text35                             1ECA     1ECA        F     3D94       0
                text34                             1F26     1F26       18     3E4C       0
                text33                             10BA     10BA       2D     2174       0
                text32                             1114     1114       2E     2228       0
                text31                             1705     1705       7A     2E0A       0
                text30                             177F     177F       81     2EFE       0
                text29                             13FC     13FC       52     27F8       0
                text28                             1142     1142       2F     2284       0
                text27                               80       80      5A5        8       0
                text26                              625      625      19F        8       0
                text25                             14FC     14FC       5F     29F8       0
                text24                             1062     1062       2C     20C4       0
                text23                             1171     1171       30     22E2       0
                text22                             1EA1     1EA1        4     3D42       0
                text21                             144E     144E       52     289C       0
                text20                             100C     100C       2B     2018       0
                text19                             1FD9     1FD9       27     3FB2       0
                text18                             1037     1037       2B     206E       0
                text17                              93E      93E       AE     127C       0
                text16                             1F8D     1F8D       25     3F1A       0
                text15                             1249     1249       42     2492       0
                text14                              BA7      BA7      11E     174E       0
                text13                             14A0     14A0       5C     2940       0
                text12                              7C4      7C4       3A        8       0
                text11                             1F72     1F72       1B     3EE4       0
                text10                              9EC      9EC       C6     13D8       0
                text9                              10E7     10E7       2D     21CE       0
                text8                               8A1      8A1       9D     1142       0
                text7                              11D4     11D4       38     23A8       0
                text6                               808      808       99     1010       0
                text5                               AB2      AB2       F5     1564       0
                text4                              1313     1313       48     2626       0
                text3                              155B     155B       66     2AB6       0
                text2                              120C     120C       3D     2418       0
                text1                              128B     128B       43     2516       0
                maintext                            E14      E14      1EC     1C28       0
                cstackBANK0                          20       20       50       20       1
                cstackCOMMON                         70       70        A       70       1
                cstackBANK1                          A0       A0       4A       A0       1
                cstackBANK2                         120      120       4F      120       1
                clrtext                            1EBE     1EBE        C     3D7C       0
                inittext                           1000     1000        C     1C28       0
                bssBANK7                            3A0      3A0       49      3A0       1
                bssBANK6                            320      320       46      320       1
                dataBANK5                           2A0      2A0       2C      2A0       1
                bssBANK4                            220      220       36      220       1
                bssBANK3                            1A0      1A0       44      1A0       1
                bssBANK2                            16F      16F        1      120       1
                dataBANK1                            EE       EE        2       A0       1
                bssBANK1                             EA       EA        4       A0       1
                bssCOMMON                            7A       7A        4       70       1
                stringtext11                       18BA     18BA        3     3000       0
                stringtext10                       18B5     18B5        5     3000       0
                stringtext9                        18B0     18B0        5     3000       0
                stringtext8                        18AA     18AA        6     3000       0
                stringtext7                        189C     189C        E     3000       0
                stringtext6                        1882     1882       1A     3000       0
                stringtext5                        1868     1868       1A     3000       0
                stringtext4                        184E     184E       1A     3000       0
                stringtext3                        1834     1834       1A     3000       0
                stringtext2                        181A     181A       1A     3000       0
                stringtext1                        1800     1800       1A     3000       0
                nvBANK3                             1E4      1E4        3      1A0       1
                idataBANK5                         108E     108E       2C     211C       0
                idataBANK1                          7FE      7FE        2        8       0

TOTAL           Name                               Link     Load   Length     Space
        CLASS   STACK          

        CLASS   CODE           
                end_init                             23       23        2         0
                cinit                                25       25       5B         0
                intentry                              4        4       1F         0
                reset_vec                             0        0        2         0
                text57                                2        2        2         0
                text56                             1EE9     1EE9       11         0
                text55                             1F3E     1F3E       1A         0
                text54                              CC5      CC5      14F         0
                text53                             1EAA     1EAA        A         0
                text52                              800      800        1         0
                text51                             1ED9     1ED9       10         0
                text49                             1F0F     1F0F       17         0
                text48                             1FB2     1FB2       27         0
                text47                             15C1     15C1       6B         0
                text46                             135B     135B       50         0
                text45                             13AB     13AB       51         0
                text44                             162C     162C       6C         0
                text43                             12CE     12CE       45         0
                text42                             1698     1698       6D         0
                text41                             1EB4     1EB4        A         0
                text40                             1F58     1F58       1A         0
                text39                              801      801        7         0
                text38                             11A1     11A1       33         0
                text37                             1EA5     1EA5        5         0
                text36                             1EFA     1EFA       15         0
                text35                             1ECA     1ECA        F         0
                text34                             1F26     1F26       18         0
                text33                             10BA     10BA       2D         0
                text32                             1114     1114       2E         0
                text31                             1705     1705       7A         0
                text30                             177F     177F       81         0
                text29                             13FC     13FC       52         0
                text28                             1142     1142       2F         0
                text27                               80       80      5A5         0
                text26                              625      625      19F         0
                text25                             14FC     14FC       5F         0
                text24                             1062     1062       2C         0
                text23                             1171     1171       30         0
                text22                             1EA1     1EA1        4         0
                text21                             144E     144E       52         0
                text20                             100C     100C       2B         0
                text19                             1FD9     1FD9       27         0
                text18                             1037     1037       2B         0
                text17                              93E      93E       AE         0
                text16                             1F8D     1F8D       25         0
                text15                             1249     1249       42         0
                text14                              BA7      BA7      11E         0
                text13                             14A0     14A0       5C         0
                text12                              7C4      7C4       3A         0
                text11                             1F72     1F72       1B         0
                text10                              9EC      9EC       C6         0
                text9                              10E7     10E7       2D         0
                text8                               8A1      8A1       9D         0
                text7                              11D4     11D4       38         0
                text6                               808      808       99         0
                text5                               AB2      AB2       F5         0
                text4                              1313     1313       48         0
                text3                              155B     155B       66         0
                text2                              120C     120C       3D         0
                text1                              128B     128B       43         0
                maintext                            E14      E14      1EC         0
                clrtext                            1EBE     1EBE        C         0
                inittext                           1000     1000        C         0
                idataBANK5                         108E     108E       2C         0
                idataBANK1                          7FE      7FE        2         0

        CLASS   STRCODE        
                stringtext11                       18BA     18BA        3         0
                stringtext10                       18B5     18B5        5         0
                stringtext9                        18B0     18B0        5         0
                stringtext8                        18AA     18AA        6         0
                stringtext7                        189C     189C        E         0
                stringtext6                        1882     1882       1A         0
                stringtext5                        1868     1868       1A         0
                stringtext4                        184E     184E       1A         0
                stringtext3                        1834     1834       1A         0
                stringtext2                        181A     181A       1A         0
                stringtext1                        1800     1800       1A         0

        CLASS   STRING         

        CLASS   CONST          

        CLASS   ENTRY          

        CLASS   COMMON         
                cstackCOMMON                         70       70        A         1
                bssCOMMON                            7A       7A        4         1

        CLASS   BANK0          
                cstackBANK0                          20       20       50         1

        CLASS   BANK1          
                cstackBANK1                          A0       A0       4A         1
                dataBANK1                            EE       EE        2         1
                bssBANK1                             EA       EA        4         1

        CLASS   BANK2          
                cstackBANK2                         120      120       4F         1
                bssBANK2                            16F      16F        1         1

        CLASS   BANK3          
                bssBANK3                            1A0      1A0       44         1
                nvBANK3                             1E4      1E4        3         1

        CLASS   BANK4          
                bssBANK4                            220      220       36         1

        CLASS   BANK5          
                dataBANK5                           2A0      2A0       2C         1

        CLASS   BANK6          
                bssBANK6                            320      320       46         1

        CLASS   BANK7          
                bssBANK7                            3A0      3A0       49         1

        CLASS   BANK8          

        CLASS   BANK9          

        CLASS   BANK10         

        CLASS   BANK11         

        CLASS   BANK12         

        CLASS   BIGRAM         

        CLASS   RAM            

        CLASS   ABS1           
                abs_s1                               7E       7E        2         1
                abs_s1                              5A8      5A8       48         1
                abs_s1                              620      620       30         1
                abs_s1                             2378     2378        0         1

        CLASS   SFR0           

        CLASS   SFR1           

        CLASS   SFR2           

        CLASS   SFR3           

        CLASS   SFR4           

        CLASS   SFR5           

        CLASS   SFR6           

        CLASS   SFR7           

        CLASS   SFR8           

        CLASS   SFR9           

        CLASS   SFR10          

        CLASS   SFR11          

        CLASS   SFR12          

        CLASS   SFR13          

        CLASS   SFR14          

        CLASS   SFR15          

        CLASS   SFR16          

        CLASS   SFR17          

        CLASS   SFR18          

        CLASS   SFR19          

        CLASS   SFR20          

        CLASS   SFR21          

        CLASS   SFR22          

        CLASS   SFR23          

        CLASS   SFR24          

        CLASS   SFR25          

        CLASS   SFR26          

        CLASS   SFR27          

        CLASS   SFR28          

        CLASS   SFR29          

        CLASS   SFR30          

        CLASS   SFR31          

        CLASS   CONFIG         
                config                             8007     8007        3         0

        CLASS   IDLOC          

        CLASS   BANK31         

        CLASS   BANK30         

        CLASS   BANK29         

        CLASS   BANK28         

        CLASS   BANK27         

        CLASS   BANK26         

        CLASS   BANK25         

        CLASS   BANK24         

        CLASS   BANK23         

        CLASS   BANK22         

        CLASS   BANK21         

        CLASS   BANK20         

        CLASS   BANK19         

        CLASS   BANK18         

        CLASS   BANK17         

        CLASS   BANK16         

        CLASS   BANK15         

        CLASS   BANK14         

        CLASS   BANK13         

        CLASS   EEDATA         



SEGMENTS        Name                           Load    Length   Top    Selector   Space  Class     Delta

                reset_vec                      000000  000004  000004         0       0  CODE        2
                intentry                       000004  0007FD  000801         8       0  CODE        2
                cstackBANK0                    000020  000050  000070        20       1  BANK0       1
                cstackCOMMON                   000070  00000E  00007E        70       1  COMMON      1
                cstackBANK1                    0000A0  000050  0000F0        A0       1  BANK1       1
                cstackBANK2                    000120  000050  000170       120       1  BANK2       1
                bssBANK3                       0001A0  000047  0001E7       1A0       1  BANK3       1
                bssBANK4                       000220  000036  000256       220       1  BANK4       1
                dataBANK5                      0002A0  00002C  0002CC       2A0       1  BANK5       1
                bssBANK6                       000320  000046  000366       320       1  BANK6       1
                bssBANK7                       0003A0  000049  0003E9       3A0       1  BANK7       1
                text39                         000801  000007  000808      1002       0  CODE        2
                text6                          000808  000099  0008A1      1010       0  CODE        2
                text8                          0008A1  00009D  00093E      1142       0  CODE        2
                text17                         00093E  0000AE  0009EC      127C       0  CODE        2
                text10                         0009EC  0000C6  000AB2      13D8       0  CODE        2
                text5                          000AB2  0000F5  000BA7      1564       0  CODE        2
                text14                         000BA7  00011E  000CC5      174E       0  CODE        2
                text54                         000CC5  00014F  000E14      198A       0  CODE        2
                maintext                       000E14  0001F8  00100C      1C28       0  CODE        2
                text20                         00100C  00002B  001037      2018       0  CODE        2
                text18                         001037  00002B  001062      206E       0  CODE        2
                text24                         001062  00002C  00108E      20C4       0  CODE        2
                idataBANK5                     00108E  00002C  0010BA      211C       0  CODE        2
                text33                         0010BA  00002D  0010E7      2174       0  CODE        2
                text9                          0010E7  00002D  001114      21CE       0  CODE        2
                text32                         001114  00002E  001142      2228       0  CODE        2
                text28                         001142  00002F  001171      2284       0  CODE        2
                text23                         001171  000030  0011A1      22E2       0  CODE        2
                text38                         0011A1  000033  0011D4      2342       0  CODE        2
                text7                          0011D4  000038  00120C      23A8       0  CODE        2
                text2                          00120C  00003D  001249      2418       0  CODE        2
                text15                         001249  000042  00128B      2492       0  CODE        2
                text1                          00128B  000043  0012CE      2516       0  CODE        2
                text43                         0012CE  000045  001313      259C       0  CODE        2
                text4                          001313  000048  00135B      2626       0  CODE        2
                text46                         00135B  000050  0013AB      26B6       0  CODE        2
                text45                         0013AB  000051  0013FC      2756       0  CODE        2
                text29                         0013FC  000052  00144E      27F8       0  CODE        2
                text21                         00144E  000052  0014A0      289C       0  CODE        2
                text13                         0014A0  00005C  0014FC      2940       0  CODE        2
                text25                         0014FC  00005F  00155B      29F8       0  CODE        2
                text3                          00155B  000066  0015C1      2AB6       0  CODE        2
                text47                         0015C1  00006B  00162C      2B82       0  CODE        2
                text44                         00162C  00006C  001698      2C58       0  CODE        2
                text42                         001698  00006D  001705      2D30       0  CODE        2
                text31                         001705  00007A  00177F      2E0A       0  CODE        2
                text30                         00177F  000081  001800      2EFE       0  CODE        2
                stringtext1                    001800  0000BD  0018BD      3000       0  STRCODE     2
                text22                         001EA1  000004  001EA5      3D42       0  CODE        2
                text37                         001EA5  000005  001EAA      3D4A       0  CODE        2
                text53                         001EAA  00000A  001EB4      3D54       0  CODE        2
                text41                         001EB4  00000A  001EBE      3D68       0  CODE        2
                clrtext                        001EBE  00000C  001ECA      3D7C       0  CODE        2
                text35                         001ECA  00000F  001ED9      3D94       0  CODE        2
                text51                         001ED9  000010  001EE9      3DB2       0  CODE        2
                text56                         001EE9  000011  001EFA      3DD2       0  CODE        2
                text36                         001EFA  000015  001F0F      3DF4       0  CODE        2
                text49                         001F0F  000017  001F26      3E1E       0  CODE        2
                text34                         001F26  000018  001F3E      3E4C       0  CODE        2
                text55                         001F3E  00001A  001F58      3E7C       0  CODE        2
                text40                         001F58  00001A  001F72      3EB0       0  CODE        2
                text11                         001F72  00001B  001F8D      3EE4       0  CODE        2
                text16                         001F8D  000025  001FB2      3F1A       0  CODE        2
                text48                         001FB2  000027  001FD9      3F64       0  CODE        2
                text19                         001FD9  000027  002000      3FB2       0  CODE        2
                config                         008007  000003  00800A     1000E       0  CONFIG      2


UNUSED ADDRESS RANGES

        Name                Unused          Largest block    Delta
        BANK10           00520-0056F              50           1
        BANK11           005A0-005A7               8           1
        BANK3            001E7-001EF               9           1
        BANK4            00256-0026F              1A           1
        BANK5            002CC-002EF              24           1
        BANK6            00366-0036F               A           1
        BANK7            003E9-003EF               7           1
        BANK8            00420-0046F              50           1
        BANK9            004A0-004EF              50           1
        BIGRAM           02000-023EF             3F0           1
        CODE             018BD-01EA0             5E4           2
        CONST            018BD-01EA0             100           2
        ENTRY            018BD-01EA0             100           2
        IDLOC            08000-08003               4           2
        RAM              001E7-001EF               9           1
                         00256-0026F              1A
                         002CC-002EF              24
                         00366-0036F               A
                         003E9-003EF               7
                         00420-0046F              50
                         004A0-004EF              50
                         00520-0056F              50
                         005A0-005A7               8
        SFR0             00000-0001F              20           1
        SFR1             00080-0009F              20           1
        SFR10            00500-0051F              20           1
        SFR11            00580-0059F              20           1
        SFR12            00600-0061F              20           1
        SFR13            00680-006EF              70           1
        SFR14            00700-0076F              70           1
        SFR15            00780-007EF              70           1
        SFR16            00800-0086F              70           1
        SFR17            00880-008EF              70           1
        SFR18            00900-0096F              70           1
        SFR19            00980-009EF              70           1
        SFR2             00100-0011F              20           1
        SFR20            00A00-00A6F              70           1
        SFR21            00A80-00AEF              70           1
        SFR22            00B00-00B6F              70           1
        SFR23            00B80-00BEF              70           1
        SFR24            00C00-00C6F              70           1
        SFR25            00C80-00CEF              70           1
        SFR26            00D00-00D6F              70           1
        SFR27            00D80-00DEF              70           1
        SFR28            00E00-00E6F              70           1
        SFR29            00E80-00EEF              70           1
        SFR3             00180-0019F              20           1
        SFR30            00F00-00F6F              70           1
        SFR31            00F80-00FEF              70           1
        SFR4             00200-0021F              20           1
        SFR5             00280-0029F              20           1
        SFR6             00300-0031F              20           1
        SFR7             00380-0039F              20           1
        SFR8             00400-0041F              20           1
        SFR9             00480-0049F              20           1
        STACK            02279-02377              FF           1
        STRCODE          018BD-01EA0             5E4           2
        STRING           018BD-01EA0             100           2

                                  Symbol Table

?_Insert                                  cstackCOMMON 00074
?_InsertString                            cstackBANK0  00025
?___aldiv                                 cstackBANK0  00028
?___awdiv                                 cstackCOMMON 00074
?___awmod                                 cstackCOMMON 00074
?___lldiv                                 cstackBANK0  00020
?___lmul                                  cstackBANK0  00020
?___wmul                                  cstackCOMMON 00074
?_compensate_pressure                     cstackBANK0  00036
?_compensate_temperature                  cstackBANK0  00036
?_crc16                                   cstackBANK0  00029
?_crc16_update                            cstackBANK0  00020
?_strlen                                  cstackCOMMON 00074
ClearString@counti                        cstackBANK0  00022
ClearString@i                             cstackBANK0  00024
ClearString@str                           cstackBANK0  00020
FlashError@i                              cstackCOMMON 00076
I2C_ISR@i2c_10bit_address_restart         bssBANK3     001CD
I2C_ISR@i2c_address                       bssCOMMON    0007C
I2C_ISR@i2c_bytes_left                    bssBANK3     001CE
I2C_ISR@pi2c_buf_ptr                      bssBANK2     0016F
I2C_MasterRead@address                    cstackBANK0  00023
I2C_MasterRead@length                     cstackBANK0  00022
I2C_MasterRead@pdata                      cstackBANK0  00028
I2C_MasterRead@pflag                      cstackBANK0  00025
I2C_MasterRead@trBlock                    bssBANK3     001D5
I2C_MasterReadTRBBuild@address            cstackCOMMON 00078
I2C_MasterReadTRBBuild@length             cstackCOMMON 00077
I2C_MasterReadTRBBuild@pdata              cstackCOMMON 00076
I2C_MasterReadTRBBuild@ptrb               cstackCOMMON 00074
I2C_MasterTRBInsert@count                 cstackCOMMON 00079
I2C_MasterTRBInsert@pflag                 cstackCOMMON 00076
I2C_MasterTRBInsert@ptrb_list             cstackCOMMON 00074
I2C_MasterWrite@address                   cstackBANK0  00029
I2C_MasterWrite@length                    cstackBANK0  00028
I2C_MasterWrite@pdata                     cstackBANK0  0002E
I2C_MasterWrite@pflag                     cstackBANK0  0002B
I2C_MasterWrite@trBlock                   bssBANK3     001DA
I2C_MasterWriteTRBBuild@address           cstackBANK0  00024
I2C_MasterWriteTRBBuild@length            cstackBANK0  00023
I2C_MasterWriteTRBBuild@pdata             cstackBANK0  00022
I2C_MasterWriteTRBBuild@ptrb              cstackBANK0  00020
I2C_Stop@completion_code                  cstackCOMMON 00071
Insert@current                            cstackBANK0  00023
Insert@dest                               cstackBANK0  00024
Insert@destLimit                          cstackCOMMON 00077
Insert@index                              cstackCOMMON 00075
Insert@src                                cstackCOMMON 00074
Insert@temp                               cstackBANK0  00022
InsertString@counti                       cstackBANK0  0002B
InsertString@dest                         cstackBANK0  0002F
InsertString@destLimit                    cstackBANK0  00029
InsertString@i                            cstackBANK0  0002D
InsertString@index                        cstackBANK0  00027
InsertString@src                          cstackBANK0  00025
IntToString@dest                          cstackBANK0  00035
IntToString@i                             cstackBANK0  0003B
IntToString@n                             cstackBANK0  00033
IntToString@sign                          cstackBANK0  0003A
ReadEnvSensor@data                        cstackBANK0  00031
ReadEnvSensor@dev_id                      cstackBANK0  0002F
ReadEnvSensor@len                         cstackBANK0  00032
ReadEnvSensor@reg_addr                    cstackBANK0  00030
ReadEnvSensor@status                      cstackBANK0  0003A
ReverseString@counti                      cstackBANK0  0002F
ReverseString@halfway                     cstackBANK0  0002A
ReverseString@i                           cstackBANK0  00031
ReverseString@opposite                    cstackBANK0  0002D
ReverseString@str                         cstackBANK0  00024
ReverseString@temp                        cstackBANK0  0002C
Sleep@ms                                  cstackCOMMON 00074
Sleep@start                               cstackBANK0  00024
TMR0_SetInterruptHandler@InterruptHandler cstackCOMMON 00074
TransmitBit@b                             cstackCOMMON 00075
TransmitByte@byte                         cstackCOMMON 00077
TransmitByte@i                            cstackCOMMON 00078
TransmitString@counti                     cstackBANK0  00021
TransmitString@i                          cstackBANK0  00023
TransmitString@message                    cstackBANK0  00025
UIntToHexString@dest                      cstackBANK0  00037
UIntToHexString@i                         cstackBANK0  00042
UIntToHexString@n                         cstackBANK0  00033
UIntToHexString@remainder                 cstackBANK0  0003E
WriteEnvSensor@dev_id                     cstackBANK0  00028
WriteEnvSensor@i                          cstackBANK0  00034
WriteEnvSensor@j                          cstackBANK0  00035
WriteEnvSensor@len                        cstackBANK0  0002B
WriteEnvSensor@local_address              cstackBANK0  00036
WriteEnvSensor@reg_addr                   cstackBANK0  00029
WriteEnvSensor@reg_data                   cstackBANK0  0002A
WriteEnvSensor@status                     cstackBANK0  00037
WriteEnvSensor@trb                        (abs)        02378
_ANSELA                                   (abs)        0018C
_ANSELB                                   (abs)        0018D
_ANSELC                                   (abs)        0018E
_BAUD1CON                                 (abs)        0019F
_BORCON                                   (abs)        00116
_ClearString                              text48       01FB2
_EUSART_Initialize                        text41       01EB4
_FlashError                               text24       01062
_I2C_BusCollisionISR                      text57       00002
_I2C_FunctionComplete                     text56       01EE9
_I2C_ISR                                  text54       00CC5
_I2C_Initialize                           text40       01F58
_I2C_MasterRead                           text20       0100C
_I2C_MasterReadTRBBuild                   text23       01171
_I2C_MasterTRBInsert                      text21       0144E
_I2C_MasterWrite                          text18       01037
_I2C_MasterWriteTRBBuild                  text19       01FD9
_I2C_Stop                                 text55       01F3E
_I2C_WaitForLastPacketToComplete          text22       01EA1
_INTCONbits                               (abs)        0000B
_INTERRUPT_InterruptManager               intentry     00004
_Insert                                   text47       015C1
_InsertString                             text46       0135B
_IntToString                              text42       01698
_LATA                                     (abs)        0010C
_LATAbits                                 (abs)        0010C
_LATB                                     (abs)        0010D
_LATC                                     (abs)        0010E
_LATCbits                                 (abs)        0010E
_ODCONA                                   (abs)        0028C
_ODCONB                                   (abs)        0028D
_ODCONC                                   (abs)        0028E
_OPTION_REG                               (abs)        00095
_OPTION_REGbits                           (abs)        00095
_OSCCON                                   (abs)        00099
_OSCILLATOR_Initialize                    text39       00801
_OSCTUNE                                  (abs)        00098
_PIE1bits                                 (abs)        00090
_PIE2bits                                 (abs)        00091
_PIN_MANAGER_Initialize                   text38       011A1
_PIR1bits                                 (abs)        00010
_PIR2bits                                 (abs)        00011
_RB4PPS                                   (abs)        00E9C
_RB6PPS                                   (abs)        00E9E
_RB7PPS                                   (abs)        00E9F
_RC1STA                                   (abs)        0019D
_RXPPS                                    (abs)        00E24
_ReadEnvSensor                            text17       0093E
_ReverseString                            text44       0162C
_SLRCONA                                  (abs)        0030C
_SLRCONB                                  (abs)        0030D
_SLRCONC                                  (abs)        0030E
_SPBRGH                                   (abs)        0019C
_SPBRGL                                   (abs)        0019B
_SSP1ADD                                  (abs)        00212
_SSP1BUF                                  (abs)        00211
_SSP1CON1                                 (abs)        00215
_SSP1CON1bits                             (abs)        00215
_SSP1CON2bits                             (abs)        00216
_SSP1CON3                                 (abs)        00217
_SSP1STAT                                 (abs)        00214
_SSPCLKPPS                                (abs)        00E20
_SSPDATPPS                                (abs)        00E21
_SYSTEM_Initialize                        text35       01ECA
_Sleep                                    text12       007C4
_TMR0                                     (abs)        00015
_TMR0_DefaultInterruptHandler             text52       00800
_TMR0_ISR                                 text51       01ED9
_TMR0_Initialize                          text36       01EFA
_TMR0_InterruptHandler                    nvBANK3      001E4
_TMR0_SetInterruptHandler                 text37       01EA5
_TRISA                                    (abs)        0008C
_TRISB                                    (abs)        0008D
_TRISC                                    (abs)        0008E
_TX1STA                                   (abs)        0019E
_TimerISR                                 text53       01EAA
_TransmitBit                              text34       01F26
_TransmitByte                             text33       010BA
_TransmitString                           text32       01114
_UIntToHexString                          text31       01705
_UIntToHexString$1797                     cstackBANK0  0003A
_WPUA                                     (abs)        0020C
_WPUB                                     (abs)        0020D
_WPUC                                     (abs)        0020E
_WriteEnvSensor                           text10       009EC
__CFG_BOREN$ON                            (abs)        00000
__CFG_BORV$LO                             (abs)        00000
__CFG_CLKOUTEN$OFF                        (abs)        00000
__CFG_CP$OFF                              (abs)        00000
__CFG_FCMEN$ON                            (abs)        00000
__CFG_FOSC$INTOSC                         (abs)        00000
__CFG_IESO$ON                             (abs)        00000
__CFG_LPBOR$OFF                           (abs)        00000
__CFG_LVP$ON                              (abs)        00000
__CFG_MCLRE$ON                            (abs)        00000
__CFG_PLLEN$OFF                           (abs)        00000
__CFG_PPS1WAY$ON                          (abs)        00000
__CFG_PWRTE$OFF                           (abs)        00000
__CFG_STVREN$ON                           (abs)        00000
__CFG_WDTCCS$SWC                          (abs)        00000
__CFG_WDTCPS$WDTCPS1F                     (abs)        00000
__CFG_WDTCWS$WDTCWSSW                     (abs)        00000
__CFG_WDTE$OFF                            (abs)        00000
__CFG_WRT$OFF                             (abs)        00000
__CFG_ZCD$OFF                             (abs)        00000
__Habs1                                   abs1         00000
__Hbank0                                  bank0        00000
__Hbank1                                  bank1        00000
__Hbank10                                 bank10       00000
__Hbank11                                 bank11       00000
__Hbank12                                 bank12       00000
__Hbank13                                 bank13       00000
__Hbank14                                 bank14       00000
__Hbank15                                 bank15       00000
__Hbank16                                 bank16       00000
__Hbank17                                 bank17       00000
__Hbank18                                 bank18       00000
__Hbank19                                 bank19       00000
__Hbank2                                  bank2        00000
__Hbank20                                 bank20       00000
__Hbank21                                 bank21       00000
__Hbank22                                 bank22       00000
__Hbank23                                 bank23       00000
__Hbank24                                 bank24       00000
__Hbank25                                 bank25       00000
__Hbank26                                 bank26       00000
__Hbank27                                 bank27       00000
__Hbank28                                 bank28       00000
__Hbank29                                 bank29       00000
__Hbank3                                  bank3        00000
__Hbank30                                 bank30       00000
__Hbank31                                 bank31       00000
__Hbank4                                  bank4        00000
__Hbank5                                  bank5        00000
__Hbank6                                  bank6        00000
__Hbank7                                  bank7        00000
__Hbank8                                  bank8        00000
__Hbank9                                  bank9        00000
__Hbigram                                 bigram       00000
__HbssBANK1                               bssBANK1     00000
__HbssBANK2                               bssBANK2     00000
__HbssBANK3                               bssBANK3     00000
__HbssBANK4                               bssBANK4     00000
__HbssBANK6                               bssBANK6     00000
__HbssBANK7                               bssBANK7     00000
__HbssCOMMON                              bssCOMMON    00000
__Hcinit                                  cinit        00080
__Hclrtext                                clrtext      00000
__Hcode                                   code         00000
__Hcommon                                 common       00000
__Hconfig                                 config       0800A
__HcstackBANK0                            cstackBANK0  00000
__HcstackBANK1                            cstackBANK1  00000
__HcstackBANK2                            cstackBANK2  00000
__HcstackCOMMON                           cstackCOMMON 00000
__HdataBANK1                              dataBANK1    00000
__HdataBANK5                              dataBANK5    00000
__Heeprom_data                            eeprom_data  00000
__Hend_init                               end_init     00025
__Hfunctab                                functab      00000
__HidataBANK1                             idataBANK1   00000
__HidataBANK5                             idataBANK5   00000
__Hidloc                                  idloc        00000
__Hinit                                   init         00023
__Hinittext                               inittext     00000
__Hintentry                               intentry     00023
__Hmaintext                               maintext     00000
__HnvBANK3                                nvBANK3      00000
__Hpowerup                                powerup      00000
__Hram                                    ram          00000
__Hreset_vec                              reset_vec    00002
__Hsfr0                                   sfr0         00000
__Hsfr1                                   sfr1         00000
__Hsfr10                                  sfr10        00000
__Hsfr11                                  sfr11        00000
__Hsfr12                                  sfr12        00000
__Hsfr13                                  sfr13        00000
__Hsfr14                                  sfr14        00000
__Hsfr15                                  sfr15        00000
__Hsfr16                                  sfr16        00000
__Hsfr17                                  sfr17        00000
__Hsfr18                                  sfr18        00000
__Hsfr19                                  sfr19        00000
__Hsfr2                                   sfr2         00000
__Hsfr20                                  sfr20        00000
__Hsfr21                                  sfr21        00000
__Hsfr22                                  sfr22        00000
__Hsfr23                                  sfr23        00000
__Hsfr24                                  sfr24        00000
__Hsfr25                                  sfr25        00000
__Hsfr26                                  sfr26        00000
__Hsfr27                                  sfr27        00000
__Hsfr28                                  sfr28        00000
__Hsfr29                                  sfr29        00000
__Hsfr3                                   sfr3         00000
__Hsfr30                                  sfr30        00000
__Hsfr31                                  sfr31        00000
__Hsfr4                                   sfr4         00000
__Hsfr5                                   sfr5         00000
__Hsfr6                                   sfr6         00000
__Hsfr7                                   sfr7         00000
__Hsfr8                                   sfr8         00000
__Hsfr9                                   sfr9         00000
__Hspace_0                                (abs)        0800A
__Hspace_1                                (abs)        003E9
__Hspace_2                                (abs)        00000
__Hspace_3                                (abs)        00000
__Hstack                                  stack        00000
__Hstrings                                strings      00000
__Hstringtext1                            stringtext1  00000
__Hstringtext10                           stringtext10 00000
__Hstringtext11                           stringtext11 00000
__Hstringtext12                           stringtext12 00000
__Hstringtext2                            stringtext2  00000
__Hstringtext3                            stringtext3  00000
__Hstringtext4                            stringtext4  00000
__Hstringtext5                            stringtext5  00000
__Hstringtext6                            stringtext6  00000
__Hstringtext7                            stringtext7  00000
__Hstringtext8                            stringtext8  00000
__Hstringtext9                            stringtext9  00000
__Htext                                   text         00000
__Labs1                                   abs1         00000
__Lbank0                                  bank0        00000
__Lbank1                                  bank1        00000
__Lbank10                                 bank10       00000
__Lbank11                                 bank11       00000
__Lbank12                                 bank12       00000
__Lbank13                                 bank13       00000
__Lbank14                                 bank14       00000
__Lbank15                                 bank15       00000
__Lbank16                                 bank16       00000
__Lbank17                                 bank17       00000
__Lbank18                                 bank18       00000
__Lbank19                                 bank19       00000
__Lbank2                                  bank2        00000
__Lbank20                                 bank20       00000
__Lbank21                                 bank21       00000
__Lbank22                                 bank22       00000
__Lbank23                                 bank23       00000
__Lbank24                                 bank24       00000
__Lbank25                                 bank25       00000
__Lbank26                                 bank26       00000
__Lbank27                                 bank27       00000
__Lbank28                                 bank28       00000
__Lbank29                                 bank29       00000
__Lbank3                                  bank3        00000
__Lbank30                                 bank30       00000
__Lbank31                                 bank31       00000
__Lbank4                                  bank4        00000
__Lbank5                                  bank5        00000
__Lbank6                                  bank6        00000
__Lbank7                                  bank7        00000
__Lbank8                                  bank8        00000
__Lbank9                                  bank9        00000
__Lbigram                                 bigram       00000
__LbssBANK1                               bssBANK1     00000
__LbssBANK2                               bssBANK2     00000
__LbssBANK3                               bssBANK3     00000
__LbssBANK4                               bssBANK4     00000
__LbssBANK6                               bssBANK6     00000
__LbssBANK7                               bssBANK7     00000
__LbssCOMMON                              bssCOMMON    00000
__Lcinit                                  cinit        00025
__Lclrtext                                clrtext      00000
__Lcode                                   code         00000
__Lcommon                                 common       00000
__Lconfig                                 config       08007
__LcstackBANK0                            cstackBANK0  00000
__LcstackBANK1                            cstackBANK1  00000
__LcstackBANK2                            cstackBANK2  00000
__LcstackCOMMON                           cstackCOMMON 00000
__LdataBANK1                              dataBANK1    00000
__LdataBANK5                              dataBANK5    00000
__Leeprom_data                            eeprom_data  00000
__Lend_init                               end_init     00023
__Lfunctab                                functab      00000
__LidataBANK1                             idataBANK1   00000
__LidataBANK5                             idataBANK5   00000
__Lidloc                                  idloc        00000
__Linit                                   init         00023
__Linittext                               inittext     00000
__Lintentry                               intentry     00004
__Lmaintext                               maintext     00000
__LnvBANK3                                nvBANK3      00000
__Lpowerup                                powerup      00000
__Lram                                    ram          00000
__Lreset_vec                              reset_vec    00000
__Lsfr0                                   sfr0         00000
__Lsfr1                                   sfr1         00000
__Lsfr10                                  sfr10        00000
__Lsfr11                                  sfr11        00000
__Lsfr12                                  sfr12        00000
__Lsfr13                                  sfr13        00000
__Lsfr14                                  sfr14        00000
__Lsfr15                                  sfr15        00000
__Lsfr16                                  sfr16        00000
__Lsfr17                                  sfr17        00000
__Lsfr18                                  sfr18        00000
__Lsfr19                                  sfr19        00000
__Lsfr2                                   sfr2         00000
__Lsfr20                                  sfr20        00000
__Lsfr21                                  sfr21        00000
__Lsfr22                                  sfr22        00000
__Lsfr23                                  sfr23        00000
__Lsfr24                                  sfr24        00000
__Lsfr25                                  sfr25        00000
__Lsfr26                                  sfr26        00000
__Lsfr27                                  sfr27        00000
__Lsfr28                                  sfr28        00000
__Lsfr29                                  sfr29        00000
__Lsfr3                                   sfr3         00000
__Lsfr30                                  sfr30        00000
__Lsfr31                                  sfr31        00000
__Lsfr4                                   sfr4         00000
__Lsfr5                                   sfr5         00000
__Lsfr6                                   sfr6         00000
__Lsfr7                                   sfr7         00000
__Lsfr8                                   sfr8         00000
__Lsfr9                                   sfr9         00000
__Lspace_0                                (abs)        00000
__Lspace_1                                (abs)        00000
__Lspace_2                                (abs)        00000
__Lspace_3                                (abs)        00000
__Lstack                                  stack        00000
__Lstrings                                strings      00000
__Lstringtext1                            stringtext1  00000
__Lstringtext10                           stringtext10 00000
__Lstringtext11                           stringtext11 00000
__Lstringtext12                           stringtext12 00000
__Lstringtext2                            stringtext2  00000
__Lstringtext3                            stringtext3  00000
__Lstringtext4                            stringtext4  00000
__Lstringtext5                            stringtext5  00000
__Lstringtext6                            stringtext6  00000
__Lstringtext7                            stringtext7  00000
__Lstringtext8                            stringtext8  00000
__Lstringtext9                            stringtext9  00000
__Ltext                                   text         00000
__S0                                      (abs)        0800A
__S1                                      (abs)        003E9
__S2                                      (abs)        00000
___aldiv                                  text30       0177F
___aldiv@counter                          cstackBANK0  00030
___aldiv@dividend                         cstackBANK0  0002C
___aldiv@divisor                          cstackBANK0  00028
___aldiv@quotient                         cstackBANK0  00032
___aldiv@sign                             cstackBANK0  00031
___awdiv                                  text45       013AB
___awdiv@counter                          cstackBANK0  00020
___awdiv@dividend                         cstackCOMMON 00076
___awdiv@divisor                          cstackCOMMON 00074
___awdiv@quotient                         cstackBANK0  00022
___awdiv@sign                             cstackBANK0  00021
___awmod                                  text43       012CE
___awmod@counter                          cstackBANK0  00020
___awmod@dividend                         cstackCOMMON 00076
___awmod@divisor                          cstackCOMMON 00074
___awmod@sign                             cstackBANK0  00021
___g_timeout_start                        bssBANK3     001C2
___int_sp                                 stack        00000
___latbits                                (abs)        00002
___lldiv                                  text29       013FC
___lldiv@counter                          cstackCOMMON 00079
___lldiv@dividend                         cstackBANK0  00024
___lldiv@divisor                          cstackBANK0  00020
___lldiv@quotient                         cstackCOMMON 00075
___lmul                                   text28       01142
___lmul@multiplicand                      cstackBANK0  00024
___lmul@multiplier                        cstackBANK0  00020
___lmul@product                           cstackCOMMON 00074
___sp                                     stack        00000
___stackhi                                (abs)        02377
___stacklo                                (abs)        02279
___wmul                                   text11       01F72
___wmul@multiplicand                      cstackCOMMON 00076
___wmul@multiplier                        cstackCOMMON 00074
___wmul@product                           cstackCOMMON 00078
__end_of_ClearString                      text48       01FD9
__end_of_EUSART_Initialize                text41       01EBE
__end_of_FlashError                       text24       0108E
__end_of_I2C_BusCollisionISR              text57       00004
__end_of_I2C_FunctionComplete             text56       01EFA
__end_of_I2C_ISR                          text54       00E14
__end_of_I2C_Initialize                   text40       01F72
__end_of_I2C_MasterRead                   text20       01037
__end_of_I2C_MasterReadTRBBuild           text23       011A1
__end_of_I2C_MasterTRBInsert              text21       014A0
__end_of_I2C_MasterWrite                  text18       01062
__end_of_I2C_MasterWriteTRBBuild          text19       02000
__end_of_I2C_Stop                         text55       01F58
__end_of_I2C_WaitForLastPacketToComplete  text22       01EA5
__end_of_INTERRUPT_InterruptManager       intentry     00023
__end_of_Insert                           text47       0162C
__end_of_InsertString                     text46       013AB
__end_of_IntToString                      text42       01705
__end_of_OSCILLATOR_Initialize            text39       00808
__end_of_PIN_MANAGER_Initialize           text38       011D4
__end_of_ReadEnvSensor                    text17       009EC
__end_of_ReverseString                    text44       01698
__end_of_SYSTEM_Initialize                text35       01ED9
__end_of_Sleep                            text12       007FE
__end_of_TMR0_DefaultInterruptHandler     text52       00801
__end_of_TMR0_ISR                         text51       01EE9
__end_of_TMR0_Initialize                  text36       01F0F
__end_of_TMR0_SetInterruptHandler         text37       01EAA
__end_of_TimerISR                         text53       01EB4
__end_of_TransmitBit                      text34       01F3E
__end_of_TransmitByte                     text33       010E7
__end_of_TransmitString                   text32       01142
__end_of_UIntToHexString                  text31       0177F
__end_of_WriteEnvSensor                   text10       00AB2
__end_of___aldiv                          text30       01800
__end_of___awdiv                          text45       013FC
__end_of___awmod                          text43       01313
__end_of___lldiv                          text29       0144E
__end_of___lmul                           text28       01171
__end_of___wmul                           text11       01F8D
__end_of__initialization                  cinit        0007C
__end_of_bme280_compensate_data           text25       0155B
__end_of_bme280_get_regs                  text15       0128B
__end_of_bme280_get_sensor_data           text13       014FC
__end_of_bme280_init                      text3        015C1
__end_of_bme280_parse_sensor_data         text14       00CC5
__end_of_bme280_set_regs                  text8        0093E
__end_of_bme280_soft_reset                text7        0120C
__end_of_compensate_pressure              text27       00625
__end_of_compensate_temperature           text26       007C4
__end_of_crc16                            text1        012CE
__end_of_crc16_update                     text2        01249
__end_of_get_calib_data                   text4        0135B
__end_of_interleave_reg_addr              text9        01114
__end_of_main                             maintext     01000
__end_of_null_ptr_check                   text16       01FB2
__end_of_parse_humidity_calib_data        text6        008A1
__end_of_parse_temp_press_calib_data      text5        00BA7
__end_of_strlen                           text49       01F26
__initialization                          cinit        00025
__pbssBANK1                               bssBANK1     000EA
__pbssBANK2                               bssBANK2     0016F
__pbssBANK3                               bssBANK3     001A0
__pbssBANK4                               bssBANK4     00220
__pbssBANK6                               bssBANK6     00320
__pbssBANK7                               bssBANK7     003A0
__pbssBIGRAM                              (abs)        02378
__pbssCOMMON                              bssCOMMON    0007A
__pcstackBANK0                            cstackBANK0  00020
__pcstackBANK1                            cstackBANK1  000A0
__pcstackBANK2                            cstackBANK2  00120
__pcstackCOMMON                           cstackCOMMON 00070
__pdataBANK1                              dataBANK1    000EE
__pdataBANK5                              dataBANK5    002A0
__pidataBANK1                             idataBANK1   007FE
__pidataBANK5                             idataBANK5   0108E
__pintentry                               intentry     00004
__pmaintext                               maintext     00E14
__pnvBANK3                                nvBANK3      001E4
__pstringtext1                            stringtext1  01800
__pstringtext10                           stringtext10 018B5
__pstringtext11                           stringtext11 018BA
__pstringtext12                           stringtext12 00000
__pstringtext2                            stringtext2  0181A
__pstringtext3                            stringtext3  01834
__pstringtext4                            stringtext4  0184E
__pstringtext5                            stringtext5  01868
__pstringtext6                            stringtext6  01882
__pstringtext7                            stringtext7  0189C
__pstringtext8                            stringtext8  018AA
__pstringtext9                            stringtext9  018B0
__ptext1                                  text1        0128B
__ptext10                                 text10       009EC
__ptext11                                 text11       01F72
__ptext12                                 text12       007C4
__ptext13                                 text13       014A0
__ptext14                                 text14       00BA7
__ptext15                                 text15       01249
__ptext16                                 text16       01F8D
__ptext17                                 text17       0093E
__ptext18                                 text18       01037
__ptext19                                 text19       01FD9
__ptext2                                  text2        0120C
__ptext20                                 text20       0100C
__ptext21                                 text21       0144E
__ptext22                                 text22       01EA1
__ptext23                                 text23       01171
__ptext24                                 text24       01062
__ptext25                                 text25       014FC
__ptext26                                 text26       00625
__ptext27                                 text27       00080
__ptext28                                 text28       01142
__ptext29                                 text29       013FC
__ptext3                                  text3        0155B
__ptext30                                 text30       0177F
__ptext31                                 text31       01705
__ptext32                                 text32       01114
__ptext33                                 text33       010BA
__ptext34                                 text34       01F26
__ptext35                                 text35       01ECA
__ptext36                                 text36       01EFA
__ptext37                                 text37       01EA5
__ptext38                                 text38       011A1
__ptext39                                 text39       00801
__ptext4                                  text4        01313
__ptext40                                 text40       01F58
__ptext41                                 text41       01EB4
__ptext42                                 text42       01698
__ptext43                                 text43       012CE
__ptext44                                 text44       0162C
__ptext45                                 text45       013AB
__ptext46                                 text46       0135B
__ptext47                                 text47       015C1
__ptext48                                 text48       01FB2
__ptext49                                 text49       01F0F
__ptext5                                  text5        00AB2
__ptext51                                 text51       01ED9
__ptext52                                 text52       00800
__ptext53                                 text53       01EAA
__ptext54                                 text54       00CC5
__ptext55                                 text55       01F3E
__ptext56                                 text56       01EE9
__ptext57                                 text57       00002
__ptext6                                  text6        00808
__ptext7                                  text7        011D4
__ptext8                                  text8        008A1
__ptext9                                  text9        010E7
__size_of_ClearString                     (abs)        00000
__size_of_EUSART_Initialize               (abs)        00000
__size_of_FlashError                      (abs)        00000
__size_of_I2C_BusCollisionISR             (abs)        00000
__size_of_I2C_FunctionComplete            (abs)        00000
__size_of_I2C_ISR                         (abs)        00000
__size_of_I2C_Initialize                  (abs)        00000
__size_of_I2C_MasterRead                  (abs)        00000
__size_of_I2C_MasterReadTRBBuild          (abs)        00000
__size_of_I2C_MasterTRBInsert             (abs)        00000
__size_of_I2C_MasterWrite                 (abs)        00000
__size_of_I2C_MasterWriteTRBBuild         (abs)        00000
__size_of_I2C_Stop                        (abs)        00000
__size_of_I2C_WaitForLastPacketToComplete (abs)        00000
__size_of_INTERRUPT_InterruptManager      (abs)        00000
__size_of_Insert                          (abs)        00000
__size_of_InsertString                    (abs)        00000
__size_of_IntToString                     (abs)        00000
__size_of_OSCILLATOR_Initialize           (abs)        00000
__size_of_PIN_MANAGER_Initialize          (abs)        00000
__size_of_ReadEnvSensor                   (abs)        00000
__size_of_ReverseString                   (abs)        00000
__size_of_SYSTEM_Initialize               (abs)        00000
__size_of_Sleep                           (abs)        00000
__size_of_TMR0_DefaultInterruptHandler    (abs)        00000
__size_of_TMR0_ISR                        (abs)        00000
__size_of_TMR0_Initialize                 (abs)        00000
__size_of_TMR0_SetInterruptHandler        (abs)        00000
__size_of_TimerISR                        (abs)        00000
__size_of_TransmitBit                     (abs)        00000
__size_of_TransmitByte                    (abs)        00000
__size_of_TransmitString                  (abs)        00000
__size_of_UIntToHexString                 (abs)        00000
__size_of_WriteEnvSensor                  (abs)        00000
__size_of___aldiv                         (abs)        00000
__size_of___awdiv                         (abs)        00000
__size_of___awmod                         (abs)        00000
__size_of___lldiv                         (abs)        00000
__size_of___lmul                          (abs)        00000
__size_of___wmul                          (abs)        00000
__size_of_bme280_compensate_data          (abs)        00000
__size_of_bme280_get_regs                 (abs)        00000
__size_of_bme280_get_sensor_data          (abs)        00000
__size_of_bme280_init                     (abs)        00000
__size_of_bme280_parse_sensor_data        (abs)        00000
__size_of_bme280_set_regs                 (abs)        00000
__size_of_bme280_soft_reset               (abs)        00000
__size_of_compensate_pressure             (abs)        00000
__size_of_compensate_temperature          (abs)        00000
__size_of_crc16                           (abs)        00000
__size_of_crc16_update                    (abs)        00000
__size_of_get_calib_data                  (abs)        00000
__size_of_interleave_reg_addr             (abs)        00000
__size_of_main                            (abs)        00000
__size_of_null_ptr_check                  (abs)        00000
__size_of_parse_humidity_calib_data       (abs)        00000
__size_of_parse_temp_press_calib_data     (abs)        00000
__size_of_strlen                          (abs)        00000
_bme280_compensate_data                   text25       014FC
_bme280_get_regs                          text15       01249
_bme280_get_sensor_data                   text13       014A0
_bme280_init                              text3        0155B
_bme280_parse_sensor_data                 text14       00BA7
_bme280_set_regs                          text8        008A1
_bme280_soft_reset                        text7        011D4
_checksum                                 bssBANK3     001CF
_compensate_pressure                      text27       00080
_compensate_pressure$2553                 cstackBANK1  000B9
_compensate_pressure$2554                 cstackBANK1  000AC
_compensate_pressure$2555                 cstackBANK1  000B0
_compensate_temperature                   text26       00625
_compensate_temperature$2552              cstackBANK0  00044
_crc16                                    text1        0128B
_crc16_update                             text2        0120C
_get_calib_data                           text4        01313
_i2c_object                               bssBANK3     001BB
_i2c_state                                bssCOMMON    0007B
_i2c_tr_queue                             bssBANK3     001DF
_i2c_trb_count                            bssCOMMON    0007A
_id                                       bssBANK3     001C6
_interleave_reg_addr                      text9        010E7
_main                                     maintext     00E14
_message_end                              bssBANK7     003A0
_message_start                            bssBANK6     00320
_messages                                 dataBANK1    000EE
_null_ptr_check                           text16       01F8D
_p_i2c_current                            bssBANK3     001C8
_p_i2c_trb_current                        bssBANK3     001CA
_parse_humidity_calib_data                text6        00808
_parse_temp_press_calib_data              text5        00AB2
_strlen                                   text49       01F0F
_ticks                                    bssBANK1     000EA
_timer0ReloadVal                          nvBANK3      001E6
bme280_compensate_data@calib_data         cstackBANK0  0005F
bme280_compensate_data@comp_data          cstackBANK0  0005E
bme280_compensate_data@rslt               cstackBANK0  00061
bme280_compensate_data@sensor_comp        cstackBANK0  00062
bme280_compensate_data@uncomp_data        cstackBANK0  0005D
bme280_get_regs@dev                       cstackBANK0  0003E
bme280_get_regs@len                       cstackBANK0  0003C
bme280_get_regs@reg_addr                  cstackBANK0  00042
bme280_get_regs@reg_data                  cstackBANK0  0003B
bme280_get_regs@rslt                      cstackBANK0  00043
bme280_get_sensor_data@F273               bssBANK3     001A0
bme280_get_sensor_data@comp_data          cstackBANK0  00063
bme280_get_sensor_data@dev                cstackBANK0  00064
bme280_get_sensor_data@reg_data           cstackBANK1  000CD
bme280_get_sensor_data@rslt               cstackBANK1  000D6
bme280_get_sensor_data@sensor_comp        cstackBANK1  000D5
bme280_get_sensor_data@uncomp_data        cstackBANK1  000D7
bme280_init@chip_id                       cstackBANK0  00068
bme280_init@dev                           cstackBANK0  0006A
bme280_init@rslt                          cstackBANK0  00069
bme280_init@try_count                     cstackBANK0  00067
bme280_parse_sensor_data@data_lsb         cstackBANK0  0002C
bme280_parse_sensor_data@data_msb         cstackBANK0  00030
bme280_parse_sensor_data@data_xlsb        cstackBANK0  00028
bme280_parse_sensor_data@reg_data         cstackBANK0  00034
bme280_parse_sensor_data@uncomp_data      cstackCOMMON 00074
bme280_set_regs@dev                       cstackBANK0  0003A
bme280_set_regs@len                       cstackBANK0  00039
bme280_set_regs@reg_addr                  cstackBANK0  00056
bme280_set_regs@reg_addr_cnt              cstackBANK0  00054
bme280_set_regs@reg_data                  cstackBANK0  00038
bme280_set_regs@rslt                      cstackBANK0  00055
bme280_set_regs@temp_buff                 cstackBANK0  0003E
bme280_set_regs@temp_len                  cstackBANK0  00052
bme280_soft_reset@dev                     cstackBANK0  0005D
bme280_soft_reset@reg_addr                cstackBANK0  0005C
bme280_soft_reset@rslt                    cstackBANK0  0005B
bme280_soft_reset@soft_rst_cmd            cstackBANK0  0005A
btemp                                     (abs)        0007E
clear_ram0                                clrtext      01EBE
compensate_pressure@calib_data            cstackBANK0  00036
compensate_pressure@pressure              cstackBANK1  000C5
compensate_pressure@pressure_max          cstackBANK1  000B5
compensate_pressure@uncomp_data           cstackBANK1  000B4
compensate_pressure@var1                  cstackBANK1  000C9
compensate_pressure@var2                  cstackBANK1  000C1
compensate_pressure@var3                  cstackBANK1  000A0
compensate_pressure@var4                  cstackBANK1  000A4
compensate_pressure@var5                  cstackBANK1  000A8
compensate_temperature@calib_data         cstackBANK0  00036
compensate_temperature@temperature        cstackBANK0  00059
compensate_temperature@temperature_max    cstackBANK0  0004C
compensate_temperature@uncomp_data        cstackBANK0  00054
compensate_temperature@var1               cstackBANK0  00050
compensate_temperature@var2               cstackBANK0  00055
crc16@crc                                 cstackBANK0  0002D
crc16@data                                cstackBANK0  0002F
crc16@i                                   cstackBANK0  00030
crc16@segments                            cstackBANK0  00029
crc16_update@i                            cstackBANK0  00028
crc16_update@length                       cstackBANK0  00020
crc16_update@pData                        cstackBANK0  00027
crc16_update@wCrc                         cstackBANK0  00022
end_of_initialization                     cinit        0007C
get_calib_data@calib_data                 cstackBANK0  00047
get_calib_data@dev                        cstackBANK0  00063
get_calib_data@rslt                       cstackBANK0  00062
init_ram                                  inittext     01000
int$flags                                 (abs)        0007E
interleave_reg_addr@index                 cstackBANK0  00021
interleave_reg_addr@len                   cstackCOMMON 00076
interleave_reg_addr@reg_addr              cstackBANK0  00020
interleave_reg_addr@reg_data              cstackCOMMON 00075
interleave_reg_addr@temp_buff             cstackCOMMON 00074
intlevel0                                 functab      00000
[...]
 Parameters:    Size  Location     Type
  dest            1    wreg     PTR unsigned char 
		 -> message_end(73), message_start(70), 
  src             1    4[COMMON] unsigned char 
  index           2    5[COMMON] int 
  destLimit       2    7[COMMON] int 
 Auto vars:     Size  Location     Type
  dest            1    4[BANK0 ] PTR unsigned char 
		 -> message_end(73), message_start(70), 
  current         1    3[BANK0 ] unsigned char 
  temp            1    2[BANK0 ] unsigned char 
 Return value:  Size  Location     Type
                  2    4[COMMON] int 
 Registers used:
		wreg, fsr1l, fsr1h, status,2, status,0
 Tracked objects:
		On entry : 
		On exit  : 
		Unchanged: 
 Data sizes:     COMMON   BANK0   BANK1   BANK2   BANK3   BANK4   BANK5   BANK6   BANK7   BANK8   BANK9  BANK10  BANK11  BANK12
      Params:         5       0       0       0       0       0       0       0       0       0       0       0       0       0
      Locals:         0       3       0       0       0       0       0       0       0       0       0       0       0       0
      Temps:          0       2       0       0       0       0       0       0       0       0       0       0       0       0
      Totals:         5       5       0       0       0       0       0       0       0       0       0       0       0       0
Total ram usage:       10 bytes
 Hardware stack levels used:    1
 Hardware stack levels required when called:    3
 This function calls:
		Nothing
 This function is called by:
		_InsertString
		_main
 This function uses a non-reentrant model


 *************** function _ClearString *****************
 Defined at:
		line 42 in file "main.c"
 Parameters:    Size  Location     Type
  str             2    0[BANK0 ] PTR unsigned char 
		 -> main@convertedNumber(16), GetNavData@data_type(7), message_end(73), message_start(70), 
 Auto vars:     Size  Location     Type
  i               2    4[BANK0 ] int 
  counti          2    2[BANK0 ] int 
 Return value:  Size  Location     Type
                  1    wreg      void 
 Registers used:
		wreg, fsr0l, fsr0h, fsr1l, fsr1h, status,2, status,0, pclath, cstack
 Tracked objects:
		On entry : 
		On exit  : 
		Unchanged: 
 Data sizes:     COMMON   BANK0   BANK1   BANK2   BANK3   BANK4   BANK5   BANK6   BANK7   BANK8   BANK9  BANK10  BANK11  BANK12
      Params:         0       2       0       0       0       0       0       0       0       0       0       0       0       0
      Locals:         0       4       0       0       0       0       0       0       0       0       0       0       0       0
      Temps:          1       0       0       0       0       0       0       0       0       0       0       0       0       0
      Totals:         1       6       0       0       0       0       0       0       0       0       0       0       0       0
Total ram usage:        7 bytes
 Hardware stack levels used:    1
 Hardware stack levels required when called:    4
 This function calls:
		_strlen
 This function is called by:
		_main
 This function uses a non-reentrant model


 *************** function _strlen *****************
 Defined at:
		line 5 in file "/opt/microchip/xc8/v2.10/pic/sources/c99/common/strlen.c"
 Parameters:    Size  Location     Type
  s               2    4[COMMON] PTR const unsigned char 
		 -> STR_12(3), checksum(6), STR_11(6), main@convertedNumber(16), 
		 -> GetNavData@strId(12), STR_10(5), STR_7(14), GetNavData@data_type(7), 
		 -> STR_6(26), STR_5(26), STR_4(26), STR_3(26), 
		 -> STR_2(26), STR_1(26), message_end(73), message_start(70), 
 Auto vars:     Size  Location     Type
  a               2    7[COMMON] PTR const unsigned char 
		 -> STR_12(3), checksum(6), STR_11(6), main@convertedNumber(16), 
		 -> GetNavData@strId(12), STR_10(5), STR_7(14), GetNavData@data_type(7), 
		 -> STR_6(26), STR_5(26), STR_4(26), STR_3(26), 
		 -> STR_2(26), STR_1(26), message_end(73), message_start(70), 
 Return value:  Size  Location     Type
                  2    4[COMMON] unsigned int 
 Registers used:
		wreg, fsr0l, fsr0h, status,2, status,0
 Tracked objects:
		On entry : 
		On exit  : 
		Unchanged: 
 Data sizes:     COMMON   BANK0   BANK1   BANK2   BANK3   BANK4   BANK5   BANK6   BANK7   BANK8   BANK9  BANK10  BANK11  BANK12
      Params:         2       0       0       0       0       0       0       0       0       0       0       0       0       0
      Locals:         2       0       0       0       0       0       0       0       0       0       0       0       0       0
      Temps:          1       0       0       0       0       0       0       0       0       0       0       0       0       0
      Totals:         5       0       0       0       0       0       0       0       0       0       0       0       0       0
Total ram usage:        5 bytes
 Hardware stack levels used:    1
 Hardware stack levels required when called:    3
 This function calls:
		Nothing
 This function is called by:
		_ClearString
		_InsertString
		_ReverseString
		_crc16
		_TransmitString
		_main
 This function uses a non-reentrant model


 *************** function _INTERRUPT_InterruptManager *****************
 Defined at:
		line 52 in file "mcc_generated_files/interrupt_manager.c"
 Parameters:    Size  Location     Type
		None
 Auto vars:     Size  Location     Type
		None
 Return value:  Size  Location     Type
                  1    wreg      void 
 Registers used:
		wreg, fsr0l, fsr0h, fsr1l, fsr1h, status,2, status,0, pclath, cstack
 Tracked objects:
		On entry : 
		On exit  : 
		Unchanged: 
 Data sizes:     COMMON   BANK0   BANK1   BANK2   BANK3   BANK4   BANK5   BANK6   BANK7   BANK8   BANK9  BANK10  BANK11  BANK12
      Params:         0       0       0       0       0       0       0       0       0       0       0       0       0       0
      Locals:         0       0       0       0       0       0       0       0       0       0       0       0       0       0
      Temps:          0       0       0       0       0       0       0       0       0       0       0       0       0       0
      Totals:         0       0       0       0       0       0       0       0       0       0       0       0       0       0
Total ram usage:        0 bytes
 Hardware stack levels used:    1
 Hardware stack levels required when called:    2
 This function calls:
		_I2C_BusCollisionISR
		_I2C_ISR
		_TMR0_ISR
 This function is called by:
		Interrupt level 1
 This function uses a non-reentrant model


 *************** function _TMR0_ISR *****************
 Defined at:
		line 108 in file "mcc_generated_files/tmr0.c"
 Parameters:    Size  Location     Type
		None
 Auto vars:     Size  Location     Type
		None
 Return value:  Size  Location     Type
                  1    wreg      void 
 Registers used:
		wreg, status,2, status,0, pclath, cstack
 Tracked objects:
		On entry : 
		On exit  : 
		Unchanged: 
 Data sizes:     COMMON   BANK0   BANK1   BANK2   BANK3   BANK4   BANK5   BANK6   BANK7   BANK8   BANK9  BANK10  BANK11  BANK12
      Params:         0       0       0       0       0       0       0       0       0       0       0       0       0       0
      Locals:         0       0       0       0       0       0       0       0       0       0       0       0       0       0
      Temps:          0       0       0       0       0       0       0       0       0       0       0       0       0       0
      Totals:         0       0       0       0       0       0       0       0       0       0       0       0       0       0
Total ram usage:        0 bytes
 Hardware stack levels used:    1
 Hardware stack levels required when called:    1
 This function calls:
		Absolute function
		_TMR0_DefaultInterruptHandler
		_TimerISR
 This function is called by:
		_INTERRUPT_InterruptManager
 This function uses a non-reentrant model


 *************** function _TMR0_DefaultInterruptHandler *****************
 Defined at:
		line 129 in file "mcc_generated_files/tmr0.c"
 Parameters:    Size  Location     Type
		None
 Auto vars:     Size  Location     Type
		None
 Return value:  Size  Location     Type
                  1    wreg      void 
 Registers used:
		None
 Tracked objects:
		On entry : 
		On exit  : 
		Unchanged: 
 Data sizes:     COMMON   BANK0   BANK1   BANK2   BANK3   BANK4   BANK5   BANK6   BANK7   BANK8   BANK9  BANK10  BANK11  BANK12
      Params:         0       0       0       0       0       0       0       0       0       0       0       0       0       0
      Locals:         0       0       0       0       0       0       0       0       0       0       0       0       0       0
      Temps:          0       0       0       0       0       0       0       0       0       0       0       0       0       0
      Totals:         0       0       0       0       0       0       0       0       0       0       0       0       0       0
Total ram usage:        0 bytes
 Hardware stack levels used:    1
 This function calls:
		Nothing
 This function is called by:
		_TMR0_Initialize
		_TMR0_ISR
 This function uses a non-reentrant model


 *************** function _TimerISR *****************
 Defined at:
		line 9 in file "main.c"
 Parameters:    Size  Location     Type
		None
 Auto vars:     Size  Location     Type
		None
 Return value:  Size  Location     Type
                  1    wreg      void 
 Registers used:
		wreg
 Tracked objects:
		On entry : 
		On exit  : 
		Unchanged: 
 Data sizes:     COMMON   BANK0   BANK1   BANK2   BANK3   BANK4   BANK5   BANK6   BANK7   BANK8   BANK9  BANK10  BANK11  BANK12
      Params:         0       0       0       0       0       0       0       0       0       0       0       0       0       0
      Locals:         0       0       0       0       0       0       0       0       0       0       0       0       0       0
      Temps:          0       0       0       0       0       0       0       0       0       0       0       0       0       0
      Totals:         0       0       0       0       0       0       0       0       0       0       0       0       0       0
Total ram usage:        0 bytes
 Hardware stack levels used:    1
 This function calls:
		Nothing
 This function is called by:
		_main
		_TMR0_ISR
 This function uses a non-reentrant model


 *************** function _I2C_ISR *****************
 Defined at:
		line 235 in file "mcc_generated_files/i2c.c"
 Parameters:    Size  Location     Type
		None
 Auto vars:     Size  Location     Type
		None
 Return value:  Size  Location     Type
                  1    wreg      void 
 Registers used:
		wreg, fsr0l, fsr0h, fsr1l, fsr1h, status,2, status,0, pclath, cstack
 Tracked objects:
		On entry : 
		On exit  : 
		Unchanged: 
 Data sizes:     COMMON   BANK0   BANK1   BANK2   BANK3   BANK4   BANK5   BANK6   BANK7   BANK8   BANK9  BANK10  BANK11  BANK12
      Params:         0       0       0       0       0       0       0       0       0       0       0       0       0       0
      Locals:         0       0       0       0       0       0       0       0       0       0       0       0       0       0
      Temps:          2       0       0       0       0       0       0       0       0       0       0       0       0       0
      Totals:         2       0       0       0       0       0       0       0       0       0       0       0       0       0
Total ram usage:        2 bytes
 Hardware stack levels used:    1
 Hardware stack levels required when called:    1
 This function calls:
		_I2C_FunctionComplete
		_I2C_Stop
 This function is called by:
		_INTERRUPT_InterruptManager
 This function uses a non-reentrant model


 *************** function _I2C_Stop *****************
 Defined at:
		line 583 in file "mcc_generated_files/i2c.c"
 Parameters:    Size  Location     Type
  completion_c    1    wreg     enum E9633
 Auto vars:     Size  Location     Type
  completion_c    1    1[COMMON] enum E9633
 Return value:  Size  Location     Type
                  1    wreg      void 
 Registers used:
		wreg, fsr1l, fsr1h, status,2, status,0
 Tracked objects:
		On entry : 
		On exit  : 
		Unchanged: 
 Data sizes:     COMMON   BANK0   BANK1   BANK2   BANK3   BANK4   BANK5   BANK6   BANK7   BANK8   BANK9  BANK10  BANK11  BANK12
      Params:         0       0       0       0       0       0       0       0       0       0       0       0       0       0
      Locals:         1       0       0       0       0       0       0       0       0       0       0       0       0       0
      Temps:          1       0       0       0       0       0       0       0       0       0       0       0       0       0
      Totals:         2       0       0       0       0       0       0       0       0       0       0       0       0       0
Total ram usage:        2 bytes
 Hardware stack levels used:    1
 This function calls:
		Nothing
 This function is called by:
		_I2C_ISR
 This function uses a non-reentrant model


 *************** function _I2C_FunctionComplete *****************
 Defined at:
		line 565 in file "mcc_generated_files/i2c.c"
 Parameters:    Size  Location     Type
		None
 Auto vars:     Size  Location     Type
		None
 Return value:  Size  Location     Type
                  1    wreg      void 
 Registers used:
		wreg, status,2, status,0
 Tracked objects:
		On entry : 
		On exit  : 
		Unchanged: 
 Data sizes:     COMMON   BANK0   BANK1   BANK2   BANK3   BANK4   BANK5   BANK6   BANK7   BANK8   BANK9  BANK10  BANK11  BANK12
      Params:         0       0       0       0       0       0       0       0       0       0       0       0       0       0
      Locals:         0       0       0       0       0       0       0       0       0       0       0       0       0       0
      Temps:          1       0       0       0       0       0       0       0       0       0       0       0       0       0
      Totals:         1       0       0       0       0       0       0       0       0       0       0       0       0       0
Total ram usage:        1 bytes
 Hardware stack levels used:    1
 This function calls:
		Nothing
 This function is called by:
		_I2C_ISR
 This function uses a non-reentrant model


 *************** function _I2C_BusCollisionISR *****************
 Defined at:
		line 742 in file "mcc_generated_files/i2c.c"
 Parameters:    Size  Location     Type
		None
 Auto vars:     Size  Location     Type
		None
 Return value:  Size  Location     Type
                  1    wreg      void 
 Registers used:
		None
 Tracked objects:
		On entry : 
		On exit  : 
		Unchanged: 
 Data sizes:     COMMON   BANK0   BANK1   BANK2   BANK3   BANK4   BANK5   BANK6   BANK7   BANK8   BANK9  BANK10  BANK11  BANK12
      Params:         0       0       0       0       0       0       0       0       0       0       0       0       0       0
      Locals:         0       0       0       0       0       0       0       0       0       0       0       0       0       0
      Temps:          0       0       0       0       0       0       0       0       0       0       0       0       0       0
      Totals:         0       0       0       0       0       0       0       0       0       0       0       0       0       0
Total ram usage:        0 bytes
 Hardware stack levels used:    1
 This function calls:
		Nothing
 This function is called by:
		_INTERRUPT_InterruptManager
 This function uses a non-reentrant model



MODULE INFORMATION

Module		Function		Class		Link	Load	Size
/opt/microchip/xc8/v2.10/pic/sources/c99/common/awmod.c
		___awmod       		CODE           	12CE	0000	70

/opt/microchip/xc8/v2.10/pic/sources/c99/common/awmod.c estimated size: 70

/opt/microchip/xc8/v2.10/pic/sources/c99/common/Umul32.c
		___lmul        		CODE           	1142	0000	48

/opt/microchip/xc8/v2.10/pic/sources/c99/common/Umul32.c estimated size: 48

mcc_generated_files/interrupt_manager.c
		_INTERRUPT_InterruptManager		CODE           	0004	0000	32

mcc_generated_files/interrupt_manager.c estimated size: 32

mcc_generated_files/i2c.c
		_I2C_FunctionComplete		CODE           	1EE9	0000	18
		_I2C_MasterWrite		CODE           	1037	0000	44
		_I2C_MasterTRBInsert		CODE           	144E	0000	83
		_I2C_ISR       		CODE           	0CC5	0000	336
		_I2C_Stop      		CODE           	1F3E	0000	27
		_I2C_MasterReadTRBBuild		CODE           	1171	0000	49
		_I2C_WaitForLastPacketToComplete		CODE           	1EA1	0000	5
		_I2C_Initialize		CODE           	1F58	0000	27
		_I2C_MasterWriteTRBBuild		CODE           	1FD9	0000	40
		_I2C_BusCollisionISR		CODE           	0002	0000	3
		_I2C_MasterRead		CODE           	100C	0000	44

mcc_generated_files/i2c.c estimated size: 676

mcc_generated_files/tmr0.c
		_TMR0_SetInterruptHandler		CODE           	1EA5	0000	6
		_TMR0_DefaultInterruptHandler		CODE           	0800	0000	2
		_TMR0_ISR      		CODE           	1ED9	0000	17
		_TMR0_Initialize		CODE           	1EFA	0000	22

mcc_generated_files/tmr0.c estimated size: 47

mcc_generated_files/pin_manager.c
		_PIN_MANAGER_Initialize		CODE           	11A1	0000	52

mcc_generated_files/pin_manager.c estimated size: 52

/opt/microchip/xc8/v2.10/pic/sources/c99/common/strlen.c
		_strlen        		CODE           	1F0F	0000	24

/opt/microchip/xc8/v2.10/pic/sources/c99/common/strlen.c estimated size: 24

BME280_driver/bme280.c
		_compensate_temperature		CODE           	0625	0000	416
		_bme280_get_sensor_data		CODE           	14A0	0000	93
		_bme280_get_regs		CODE           	1249	0000	67
		_bme280_set_regs		CODE           	08A1	0000	158
		_compensate_pressure		CODE           	0080	0000	1446
		_get_calib_data		CODE           	1313	0000	73
		_parse_humidity_calib_data		CODE           	0808	0000	154
		_bme280_init   		CODE           	155B	0000	103
		_null_ptr_check		CODE           	1F8D	0000	38
		_interleave_reg_addr		CODE           	10E7	0000	46
		_bme280_parse_sensor_data		CODE           	0BA7	0000	287
		_bme280_compensate_data		CODE           	14FC	0000	96
		_parse_temp_press_calib_data		CODE           	0AB2	0000	246
		_bme280_soft_reset		CODE           	11D4	0000	57

BME280_driver/bme280.c estimated size: 3280

/opt/microchip/xc8/v2.10/pic/sources/c99/common/awdiv.c
		___awdiv       		CODE           	13AB	0000	82

/opt/microchip/xc8/v2.10/pic/sources/c99/common/awdiv.c estimated size: 82

shared
		__initialization		CODE           	0025	0000	88

shared estimated size: 88

mcc_generated_files/mcc.c
		_OSCILLATOR_Initialize		CODE           	0801	0000	8
		_SYSTEM_Initialize		CODE           	1ECA	0000	16

mcc_generated_files/mcc.c estimated size: 24

/opt/microchip/xc8/v2.10/pic/sources/c99/common/aldiv.c
		___aldiv       		CODE           	177F	0000	130

/opt/microchip/xc8/v2.10/pic/sources/c99/common/aldiv.c estimated size: 130

/opt/microchip/xc8/v2.10/pic/sources/c99/common/__lldiv.c
		___lldiv       		CODE           	13FC	0000	83

/opt/microchip/xc8/v2.10/pic/sources/c99/common/__lldiv.c estimated size: 83

mcc_generated_files/eusart.c
		_EUSART_Initialize		CODE           	1EB4	0000	11

mcc_generated_files/eusart.c estimated size: 11

/opt/microchip/xc8/v2.10/pic/sources/c99/common/Umul16.c
		___wmul        		CODE           	1F72	0000	28

/opt/microchip/xc8/v2.10/pic/sources/c99/common/Umul16.c estimated size: 28

main.c
		_WriteEnvSensor		CODE           	09EC	0000	199
		_FlashError    		CODE           	1062	0000	45
		_main          		CODE           	0E14	0000	493
		_crc16         		CODE           	128B	0000	68
		_Insert        		CODE           	15C1	0000	108
		_TimerISR      		CODE           	1EAA	0000	11
		_InsertString  		CODE           	135B	0000	81
		_Sleep         		CODE           	07C4	0000	59
		_crc16_update  		CODE           	120C	0000	62
		_TransmitBit   		CODE           	1F26	0000	25
		_TransmitByte  		CODE           	10BA	0000	46
		_ReverseString 		CODE           	162C	0000	109
		_ClearString   		CODE           	1FB2	0000	40
		_TransmitString		CODE           	1114	0000	47
		_IntToString   		CODE           	1698	0000	110
		_ReadEnvSensor 		CODE           	093E	0000	175
		_UIntToHexString		CODE           	1705	0000	123

main.c estimated size: 1801

