Microchip MPLAB XC8 Compiler V2.05 ()

Linker command line:

-W-3 --edf=K:\Programs\MPLABX\XC8 Compiler\pic\dat\en_msgs.txt -cs \
  -h+dist/default/production\HABnova.production.sym \
  --cmf=dist/default/production\HABnova.production.cmf -z -Q16F1619 \
  -oC:\Users\2013b\AppData\Local\Temp\s7vk.2 --defsym=__MPLAB_BUILD=1 \
  -Mdist/default/production/HABnova.production.map -E1 -ver=XC8 \
  --acfsm=1493 -ASTACK=02229h-023EFh -pstack=STACK -ACODE=00h-07FFhx4 \
  -ASTRCODE=00h-01FFFh -ASTRING=00h-0FFhx32 -ACONST=00h-0FFhx32 \
  -AENTRY=00h-0FFhx32 -ACOMMON=070h-07Fh -ABANK0=020h-06Fh \
  -ABANK1=0A0h-0EFh -ABANK2=0120h-016Fh -ABANK3=01A0h-01EFh \
  -ABANK4=0220h-026Fh -ABANK5=02A0h-02EFh -ABANK6=0320h-036Fh \
  -ABANK7=03A0h-03EFh -ABANK8=0420h-046Fh -ABANK9=04A0h-04EFh \
  -ABANK10=0520h-056Fh -ABANK11=05A0h-05EFh -ABANK12=0620h-064Fh \
  -ABIGRAM=02000h-023EFh \
  -ARAM=020h-06Fh,0A0h-0EFh,0120h-016Fh,01A0h-01EFh,0220h-026Fh,02A0h-02EFh,0320h-036Fh,03A0h-03EFh,0420h-046Fh,04A0h-04EFh,0520h-056Fh,05A0h-05EFh,0620h-064Fh \
  -AABS1=020h-07Fh,0A0h-0EFh,0120h-016Fh,01A0h-01EFh,0220h-026Fh,02A0h-02EFh,0320h-036Fh,03A0h-03EFh,0420h-046Fh,04A0h-04EFh,0520h-056Fh,05A0h-05EFh,0620h-064Fh \
  -ASFR0=00h-01Fh -ASFR1=080h-09Fh -ASFR2=0100h-011Fh -ASFR3=0180h-019Fh \
  -ASFR4=0200h-021Fh -ASFR5=0280h-029Fh -ASFR6=0300h-031Fh \
  -ASFR7=0380h-039Fh -ASFR8=0400h-041Fh -ASFR9=0480h-049Fh \
  -ASFR10=0500h-051Fh -ASFR11=0580h-059Fh -ASFR12=0600h-061Fh \
  -ASFR13=0680h-06EFh -ASFR14=0700h-076Fh -ASFR15=0780h-07EFh \
  -ASFR16=0800h-086Fh -ASFR17=0880h-08EFh -ASFR18=0900h-096Fh \
  -ASFR19=0980h-09EFh -ASFR20=0A00h-0A6Fh -ASFR21=0A80h-0AEFh \
  -ASFR22=0B00h-0B6Fh -ASFR23=0B80h-0BEFh -ASFR24=0C00h-0C6Fh \
  -ASFR25=0C80h-0CEFh -ASFR26=0D00h-0D6Fh -ASFR27=0D80h-0DEFh \
  -ASFR28=0E00h-0E6Fh -ASFR29=0E80h-0EEFh -ASFR30=0F00h-0F6Fh \
  -ASFR31=0F80h-0FEFh -preset_vec=00h,intentry=04h,init,end_init \
  -ppowerup=CODE -pcinit=CODE -pfunctab=ENTRY -ACONFIG=08007h-08009h \
  -pconfig=CONFIG -DCONFIG=2 -AIDLOC=08000h-08003h -pidloc=IDLOC -DIDLOC=2 \
  -DCODE=2 -DSTRCODE=2 -DSTRING=2 -DCONST=2 -DENTRY=2 -k \
  C:\Users\2013b\AppData\Local\Temp\s7vk.o \
  dist/default/production\HABnova.production.o 

Object code version is 3.11

Machine type is 16F1619



                Name                               Link     Load   Length Selector   Space Scale
C:\Users\2013b\AppData\Local\Temp\s7vk.o
                end_init                              D        D        2        8       0
                reset_vec                             0        0        2        0       0
                config                             8007     8007        3    1000E       0
dist/default/production\HABnova.production.o
                cinit                                 F        F       5A        8       0
                intentry                              4        4        9        8       0
                text52                             1646     1646        A     2C8C       0
                text51                                3        3        1        6       0
                text50                             1671     1671       10     2CE2       0
                text48                              8C4      8C4       2C     1188       0
                text47                             16D0     16D0       17     2DA0       0
                text46                             17B5     17B5       25     2F6A       0
                text45                             1650     1650        A     2CA0       0
                text44                             1614     1614        5     2C28       0
                text43                              9D6      9D6       3C     13AC       0
                text42                              871      871       29     10E2       0
                text41                             1743     1743       1B     2E86       0
                text40                             16E7     16E7       17     2DCE       0
                text39                             175E     175E       1C     2EBC       0
                text38                              BFF      BFF       A1     17FE       0
                text37                              F0D      F0D       F3     1E1A       0
                text36                              E31      E31       DC     1C62       0
                text35                             16FE     16FE       17     2DFC       0
                text34                             163E     163E        8     2C7C       0
                text33                             1619     1619        5     2C32       0
                text32                              A12      A12       4B     1424       0
                text31                             17DA     17DA       26     2FB4       0
                text30                              A5D      A5D       50     14BA       0
                text29                              6A2      6A2      14D        8       0
                text28                              CA0      CA0       C3     1940       0
                text27                             177A     177A       1D     2EF4       0
                text26                             1715     1715       17     2E2A       0
                text25                             172C     172C       17     2E58       0
                text24                              801      801       21     1002       0
                text23                              54D      54D      155        8       0
                text22                              2FB      2FB      252        8       0
                text21                              976      976       2F     12EC       0
                text20                             1681     1681       11     2D02       0
                text19                               69       69      292        8       0
                text18                             165A     165A        B     2CB4       0
                text17                             1630     1630        7     2C60       0
                text16                              89A      89A       2A     1134       0
                text15                             161E     161E        6     2C3C       0
                text14                             16A4     16A4       16     2D48       0
                text13                             1665     1665        C     2CCA       0
                text12                              B6D      B6D       92     16DA       0
                text11                             1692     1692       12     2D24       0
                text10                              822      822       27     1044       0
                text9                               AAD      AAD       52     155A       0
                text8                               7EF      7EF       11        8       0
                text7                               91C      91C       2D     1238       0
                text6                               849      849       28     1092       0
                text5                               9A5      9A5       31     134A       0
                text4                               AFF      AFF       6E     15FE       0
                text3                               949      949       2D     1292       0
                text2                              1797     1797       1E     2F2E       0
                text1                              16BA     16BA       16     2D74       0
                maintext                            D63      D63       CE     1AC6       0
                cstackBANK0                          20       20       4D       20       1
                cstackCOMMON                         70       70        E       70       1
                cstackBANK1                          A0       A0       40       A0       1
                clrtext                            1624     1624        6     2C48       0
                inittext                           162A     162A        6     2C54       0
                bssBANK6                            320      320       49      320       1
                bssBANK5                            2A0      2A0       46      2A0       1
                dataBANK4                           220      220       2C      220       1
                bssBANK4                            24C      24C       20      220       1
                bssBANK3                            1A0      1A0       3D      1A0       1
                dataBANK2                           164      164        7      120       1
                bssBANK2                            120      120       44      120       1
                dataBANK1                            E8       E8        4       A0       1
                bssBANK1                             E0       E0        8       A0       1
                bssBANK0                             6D       6D        3       20       1
                stringtext14                       18DA     18DA        5     3000       0
                stringtext13                       18D3     18D3        7     3000       0
                stringtext12                       18C5     18C5        E     3000       0
                stringtext11                       18B3     18B3       12     3000       0
                stringtext10                       189C     189C       17     3000       0
                stringtext9                        1882     1882       1A     3000       0
                stringtext8                        1868     1868       1A     3000       0
                stringtext7                        184E     184E       1A     3000       0
                stringtext6                        1834     1834       1A     3000       0
                stringtext5                        181A     181A       1A     3000       0
                stringtext4                        1800     1800       1A     3000       0
                nvBANK2                             16B      16B        2      120       1
                nvBANK1                              EC       EC        1       A0       1
                stringtext3                        18E3     18E3        2     3000       0
                stringtext2                        18E1     18E1        2     3000       0
                stringtext1                        18DF     18DF        2     3000       0
                idataBANK4                          8F0      8F0       2C     11E0       0
                idataBANK2                         1637     1637        7     2C6E       0
                idataBANK1                         1610     1610        4     2C20       0

TOTAL           Name                               Link     Load   Length     Space
        CLASS   STACK          

        CLASS   CODE           
                end_init                              D        D        2         0
                cinit                                 F        F       5A         0
                intentry                              4        4        9         0
                reset_vec                             0        0        2         0
                text52                             1646     1646        A         0
                text51                                3        3        1         0
                text50                             1671     1671       10         0
                text48                              8C4      8C4       2C         0
                text47                             16D0     16D0       17         0
                text46                             17B5     17B5       25         0
                text45                             1650     1650        A         0
                text44                             1614     1614        5         0
                text43                              9D6      9D6       3C         0
                text42                              871      871       29         0
                text41                             1743     1743       1B         0
                text40                             16E7     16E7       17         0
                text39                             175E     175E       1C         0
                text38                              BFF      BFF       A1         0
                text37                              F0D      F0D       F3         0
                text36                              E31      E31       DC         0
                text35                             16FE     16FE       17         0
                text34                             163E     163E        8         0
                text33                             1619     1619        5         0
                text32                              A12      A12       4B         0
                text31                             17DA     17DA       26         0
                text30                              A5D      A5D       50         0
                text29                              6A2      6A2      14D         0
                text28                              CA0      CA0       C3         0
                text27                             177A     177A       1D         0
                text26                             1715     1715       17         0
                text25                             172C     172C       17         0
                text24                              801      801       21         0
                text23                              54D      54D      155         0
                text22                              2FB      2FB      252         0
                text21                              976      976       2F         0
                text20                             1681     1681       11         0
                text19                               69       69      292         0
                text18                             165A     165A        B         0
                text17                             1630     1630        7         0
                text16                              89A      89A       2A         0
                text15                             161E     161E        6         0
                text14                             16A4     16A4       16         0
                text13                             1665     1665        C         0
                text12                              B6D      B6D       92         0
                text11                             1692     1692       12         0
                text10                              822      822       27         0
                text9                               AAD      AAD       52         0
                text8                               7EF      7EF       11         0
                text7                               91C      91C       2D         0
                text6                               849      849       28         0
                text5                               9A5      9A5       31         0
                text4                               AFF      AFF       6E         0
                text3                               949      949       2D         0
                text2                              1797     1797       1E         0
                text1                              16BA     16BA       16         0
                maintext                            D63      D63       CE         0
                clrtext                            1624     1624        6         0
                inittext                           162A     162A        6         0
                idataBANK4                          8F0      8F0       2C         0
                idataBANK2                         1637     1637        7         0
                idataBANK1                         1610     1610        4         0

        CLASS   STRCODE        
                stringtext14                       18DA     18DA        5         0
                stringtext13                       18D3     18D3        7         0
                stringtext12                       18C5     18C5        E         0
                stringtext11                       18B3     18B3       12         0
                stringtext10                       189C     189C       17         0
                stringtext9                        1882     1882       1A         0
                stringtext8                        1868     1868       1A         0
                stringtext7                        184E     184E       1A         0
                stringtext6                        1834     1834       1A         0
                stringtext5                        181A     181A       1A         0
                stringtext4                        1800     1800       1A         0
                stringtext3                        18E3     18E3        2         0
                stringtext2                        18E1     18E1        2         0
                stringtext1                        18DF     18DF        2         0

        CLASS   STRING         

        CLASS   CONST          

        CLASS   ENTRY          

        CLASS   COMMON         
                cstackCOMMON                         70       70        E         1

        CLASS   BANK0          
                cstackBANK0                          20       20       4D         1
                bssBANK0                             6D       6D        3         1

        CLASS   BANK1          
                cstackBANK1                          A0       A0       40         1
                dataBANK1                            E8       E8        4         1
                bssBANK1                             E0       E0        8         1
                nvBANK1                              EC       EC        1         1

        CLASS   BANK2          
                dataBANK2                           164      164        7         1
                bssBANK2                            120      120       44         1
                nvBANK2                             16B      16B        2         1

        CLASS   BANK3          
                bssBANK3                            1A0      1A0       3D         1

        CLASS   BANK4          
                dataBANK4                           220      220       2C         1
                bssBANK4                            24C      24C       20         1

        CLASS   BANK5          
                bssBANK5                            2A0      2A0       46         1

        CLASS   BANK6          
                bssBANK6                            320      320       49         1

        CLASS   BANK7          

        CLASS   BANK8          

        CLASS   BANK9          

        CLASS   BANK10         

        CLASS   BANK11         

        CLASS   BANK12         

        CLASS   BIGRAM         

        CLASS   RAM            

        CLASS   ABS1           
                abs_s1                               7E       7E        2         1

        CLASS   SFR0           

        CLASS   SFR1           

        CLASS   SFR2           

        CLASS   SFR3           

        CLASS   SFR4           

        CLASS   SFR5           

        CLASS   SFR6           

        CLASS   SFR7           

        CLASS   SFR8           

        CLASS   SFR9           

        CLASS   SFR10          

        CLASS   SFR11          

        CLASS   SFR12          

        CLASS   SFR13          

        CLASS   SFR14          

        CLASS   SFR15          

        CLASS   SFR16          

        CLASS   SFR17          

        CLASS   SFR18          

        CLASS   SFR19          

        CLASS   SFR20          

        CLASS   SFR21          

        CLASS   SFR22          

        CLASS   SFR23          

        CLASS   SFR24          

        CLASS   SFR25          

        CLASS   SFR26          

        CLASS   SFR27          

        CLASS   SFR28          

        CLASS   SFR29          

        CLASS   SFR30          

        CLASS   SFR31          

        CLASS   CONFIG         
                config                             8007     8007        3         0

        CLASS   IDLOC          

        CLASS   BANK31         

        CLASS   BANK30         

        CLASS   BANK29         

        CLASS   BANK28         

        CLASS   BANK27         

        CLASS   BANK26         

        CLASS   BANK25         

        CLASS   BANK24         

        CLASS   BANK23         

        CLASS   BANK22         

        CLASS   BANK21         

        CLASS   BANK20         

        CLASS   BANK19         

        CLASS   BANK18         

        CLASS   BANK17         

        CLASS   BANK16         

        CLASS   BANK15         

        CLASS   BANK14         

        CLASS   BANK13         

        CLASS   EEDATA         



SEGMENTS        Name                           Load    Length   Top    Selector   Space  Class     Delta

                reset_vec                      000000  000002  000002         0       0  CODE        2
                text51                         000003  000001  000004         6       0  CODE        2
                intentry                       000004  0007FC  000800         8       0  CODE        2
                cstackBANK0                    000020  000050  000070        20       1  BANK0       1
                cstackCOMMON                   000070  00000E  00007E        70       1  COMMON      1
                cstackBANK1                    0000A0  00004D  0000ED        A0       1  BANK1       1
                bssBANK2                       000120  00004D  00016D       120       1  BANK2       1
                bssBANK3                       0001A0  00003D  0001DD       1A0       1  BANK3       1
                dataBANK4                      000220  00004C  00026C       220       1  BANK4       1
                bssBANK5                       0002A0  000046  0002E6       2A0       1  BANK5       1
                bssBANK6                       000320  000049  000369       320       1  BANK6       1
                text24                         000801  000021  000822      1002       0  CODE        2
                text10                         000822  000027  000849      1044       0  CODE        2
                text6                          000849  000028  000871      1092       0  CODE        2
                text42                         000871  000029  00089A      10E2       0  CODE        2
                text16                         00089A  00002A  0008C4      1134       0  CODE        2
                text48                         0008C4  00002C  0008F0      1188       0  CODE        2
                idataBANK4                     0008F0  00002C  00091C      11E0       0  CODE        2
                text7                          00091C  00002D  000949      1238       0  CODE        2
                text3                          000949  00002D  000976      1292       0  CODE        2
                text21                         000976  00002F  0009A5      12EC       0  CODE        2
                text5                          0009A5  000031  0009D6      134A       0  CODE        2
                text43                         0009D6  00003C  000A12      13AC       0  CODE        2
                text32                         000A12  00004B  000A5D      1424       0  CODE        2
                text30                         000A5D  000050  000AAD      14BA       0  CODE        2
                text9                          000AAD  000052  000AFF      155A       0  CODE        2
                text4                          000AFF  00006E  000B6D      15FE       0  CODE        2
                text12                         000B6D  000092  000BFF      16DA       0  CODE        2
                text38                         000BFF  0000A1  000CA0      17FE       0  CODE        2
                text28                         000CA0  0000C3  000D63      1940       0  CODE        2
                maintext                       000D63  0000CE  000E31      1AC6       0  CODE        2
                text36                         000E31  0000DC  000F0D      1C62       0  CODE        2
                text37                         000F0D  0000F3  001000      1E1A       0  CODE        2
                idataBANK1                     001610  000004  001614      2C20       0  CODE        2
                text44                         001614  000005  001619      2C28       0  CODE        2
                text33                         001619  000005  00161E      2C32       0  CODE        2
                text15                         00161E  000006  001624      2C3C       0  CODE        2
                clrtext                        001624  000006  00162A      2C48       0  CODE        2
                inittext                       00162A  000006  001630      2C54       0  CODE        2
                text17                         001630  000007  001637      2C60       0  CODE        2
                idataBANK2                     001637  000007  00163E      2C6E       0  CODE        2
                text34                         00163E  000008  001646      2C7C       0  CODE        2
                text52                         001646  00000A  001650      2C8C       0  CODE        2
                text45                         001650  00000A  00165A      2CA0       0  CODE        2
                text18                         00165A  00000B  001665      2CB4       0  CODE        2
                text13                         001665  00000C  001671      2CCA       0  CODE        2
                text50                         001671  000010  001681      2CE2       0  CODE        2
                text20                         001681  000011  001692      2D02       0  CODE        2
                text11                         001692  000012  0016A4      2D24       0  CODE        2
                text14                         0016A4  000016  0016BA      2D48       0  CODE        2
                text1                          0016BA  000016  0016D0      2D74       0  CODE        2
                text47                         0016D0  000017  0016E7      2DA0       0  CODE        2
                text40                         0016E7  000017  0016FE      2DCE       0  CODE        2
                text35                         0016FE  000017  001715      2DFC       0  CODE        2
                text26                         001715  000017  00172C      2E2A       0  CODE        2
                text25                         00172C  000017  001743      2E58       0  CODE        2
                text41                         001743  00001B  00175E      2E86       0  CODE        2
                text39                         00175E  00001C  00177A      2EBC       0  CODE        2
                text27                         00177A  00001D  001797      2EF4       0  CODE        2
                text2                          001797  00001E  0017B5      2F2E       0  CODE        2
                text46                         0017B5  000025  0017DA      2F6A       0  CODE        2
                text31                         0017DA  000026  001800      2FB4       0  CODE        2
                stringtext4                    001800  0000E5  0018E5      3000       0  STRCODE     2
                config                         008007  000003  00800A     1000E       0  CONFIG      2


UNUSED ADDRESS RANGES

        Name                Unused          Largest block    Delta
        BANK1            000ED-000EF               3           1
        BANK10           00520-0056F              50           1
        BANK11           005A0-005EF              50           1
        BANK12           00620-0064F              30           1
        BANK2            0016D-0016F               3           1
        BANK3            001DD-001EF              13           1
        BANK4            0026C-0026F               4           1
        BANK5            002E6-002EF               A           1
        BANK6            00369-0036F               7           1
        BANK7            003A0-003EF              50           1
        BANK8            00420-0046F              50           1
        BANK9            004A0-004EF              50           1
        BIGRAM           02000-023EF             3F0           1
        CODE             00002-00002               1           2
                         00800-00800               1
                         01000-0160F             610
                         018E5-01FFF             71B
        CONST            00002-00002               1           2
                         00800-00800               1
                         01000-0160F             100
                         018E5-01FFF             100
        ENTRY            00002-00002               1           2
                         00800-00800               1
                         01000-0160F             100
                         018E5-01FFF             100
        IDLOC            08000-08003               4           2
        RAM              000ED-000EF               3           1
                         0016D-0016F               3
                         001DD-001EF              13
                         0026C-0026F               4
                         002E6-002EF               A
                         00369-0036F               7
                         003A0-003EF              50
                         00420-0046F              50
                         004A0-004EF              50
                         00520-0056F              50
                         005A0-005EF              50
                         00620-0064F              30
        SFR0             00000-0001F              20           1
        SFR1             00080-0009F              20           1
        SFR10            00500-0051F              20           1
        SFR11            00580-0059F              20           1
        SFR12            00600-0061F              20           1
        SFR13            00680-006EF              70           1
        SFR14            00700-0076F              70           1
        SFR15            00780-007EF              70           1
        SFR16            00800-0086F              70           1
        SFR17            00880-008EF              70           1
        SFR18            00900-0096F              70           1
        SFR19            00980-009EF              70           1
        SFR2             00100-0011F              20           1
        SFR20            00A00-00A6F              70           1
        SFR21            00A80-00AEF              70           1
        SFR22            00B00-00B6F              70           1
        SFR23            00B80-00BEF              70           1
        SFR24            00C00-00C6F              70           1
        SFR25            00C80-00CEF              70           1
        SFR26            00D00-00D6F              70           1
        SFR27            00D80-00DEF              70           1
        SFR28            00E00-00E6F              70           1
        SFR29            00E80-00EEF              70           1
        SFR3             00180-0019F              20           1
        SFR30            00F00-00F6F              70           1
        SFR31            00F80-00FEF              70           1
        SFR4             00200-0021F              20           1
        SFR5             00280-0029F              20           1
        SFR6             00300-0031F              20           1
        SFR7             00380-0039F              20           1
        SFR8             00400-0041F              20           1
        SFR9             00480-0049F              20           1
        STACK            02229-023EF             1C7           1
        STRCODE          00002-00002               1           2
                         00800-00800               1
                         01000-0160F             610
                         018E5-01FFF             71B
        STRING           00002-00002               1           2
                         00800-00800               1
                         01000-0160F             100
                         018E5-01FFF             100

                                  Symbol Table

?_GetLengthUBX                            cstackCOMMON 00070
?___aodiv                                 cstackBANK0  00020
?___aomod                                 cstackBANK0  00020
?___wmul                                  cstackCOMMON 00070
?_abs                                     cstackCOMMON 00073
?_atoi                                    cstackCOMMON 00076
?_crc16                                   cstackCOMMON 00078
?_crc_append_byte                         cstackCOMMON 00070
?_dtoa                                    cstackBANK0  00030
?_isalpha                                 cstackCOMMON 00070
?_isdigit                                 cstackCOMMON 00070
?_islower                                 cstackCOMMON 00070
?_isspace                                 cstackCOMMON 00070
?_isupper                                 cstackCOMMON 00070
?_pad                                     cstackBANK0  00024
?_printf                                  cstackBANK0  00063
?_sprintf                                 cstackBANK1  000B8
?_stoa                                    cstackCOMMON 0007A
?_strlen                                  cstackCOMMON 00070
?_toupper                                 cstackCOMMON 00076
?_vfpfcnvrt                               cstackBANK0  00053
?_vfprintf                                cstackBANK0  0005B
?_xtoa                                    cstackBANK0  0002D
ClearString@counti                        cstackCOMMON 00077
ClearString@i                             cstackCOMMON 00079
ClearString@str                           cstackCOMMON 00074
EUSART_Write@txData                       cstackCOMMON 00070
FindString@i                              cstackBANK0  00021
FindString@matching                       cstackBANK0  00023
FindString@src                            cstackBANK0  00020
FindString@srcLen                         cstackCOMMON 00074
FindString@target                         cstackCOMMON 00076
FindString@targetLen                      cstackCOMMON 00078
FlashError@i                              cstackCOMMON 00072
GPS_HasAcknowledged@ackByte               cstackBANK0  00024
GPS_HasAcknowledged@ackByteID             cstackBANK0  00030
GPS_HasAcknowledged@ackPacket             cstackBANK0  00025
GPS_HasAcknowledged@data                  cstackBANK0  0002F
GPS_HasAcknowledged@i                     cstackBANK0  00031
GPS_HasAcknowledged@startTime             cstackBANK0  00020
GPS_SendUBX@data                          cstackCOMMON 00079
GPS_SendUBX@i                             cstackCOMMON 00077
GPS_SendUBX@length                        cstackCOMMON 00075
GetLengthUBX@data                         cstackCOMMON 00073
GetNavData@byte                           cstackBANK1  000DA
GetNavData@dataFieldType                  cstackBANK1  000D6
GetNavData@dataIndex                      cstackBANK1  000D8
GetNavData@data_type                      cstackBANK1  000BA
GetNavData@doParse                        cstackBANK1  000D5
GetNavData@skip                           cstackBANK1  000D3
GetNavData@startTime                      cstackBANK1  000CB
GetNavData@success                        cstackBANK1  000D4
GetNavData@temp_time                      cstackBANK1  000C1
SafeSetByte@data                          cstackCOMMON 00076
SafeSetByte@dest                          cstackCOMMON 00070
SafeSetByte@index                         cstackCOMMON 00074
SafeSetByte@length                        cstackCOMMON 00072
TMR0_SetInterruptHandler@InterruptHandler cstackCOMMON 00070
TransmitBit@b                             cstackCOMMON 00071
TransmitByte@byte                         cstackCOMMON 00073
TransmitByte@i                            cstackCOMMON 00074
TransmitString@counti                     cstackCOMMON 00079
TransmitString@i                          cstackCOMMON 0007B
TransmitString@message                    cstackCOMMON 00076
_ANSELA                                   (abs)        0018C
_ANSELB                                   (abs)        0018D
_ANSELC                                   (abs)        0018E
_BAUD1CON                                 (abs)        0019F
_BORCON                                   (abs)        00116
_ClearString                              text46       017B5
_EUSART_Initialize                        text18       0165A
_EUSART_Read                              text45       01650
_EUSART_Write                             text34       0163E
_EUSART_is_rx_ready                       text44       01614
_FindString                               text43       009D6
_FlashError                               text48       008C4
_GPS_HasAcknowledged                      text12       00B6D
_GPS_SendUBX                              text10       00822
_GetLengthUBX                             text11       01692
_GetNavData                               text19       00069
_GetNavData$534                           cstackBANK1  000CF
_GetNavData$535                           cstackBANK1  000D1
_INTCONbits                               (abs)        0000B
_INTERRUPT_InterruptManager               intentry     00004
_LATA                                     (abs)        0010C
_LATAbits                                 (abs)        0010C
_LATB                                     (abs)        0010D
_LATC                                     (abs)        0010E
_LATCbits                                 (abs)        0010E
_ODCONA                                   (abs)        0028C
_ODCONB                                   (abs)        0028D
_ODCONC                                   (abs)        0028E
_OPTION_REG                               (abs)        00095
_OPTION_REGbits                           (abs)        00095
_OSCCON                                   (abs)        00099
_OSCILLATOR_Initialize                    text17       01630
_OSCTUNE                                  (abs)        00098
_PIN_MANAGER_Initialize                   text16       0089A
_PIR1bits                                 (abs)        00010
_RB7PPS                                   (abs)        00E9F
_RC1REG                                   (abs)        00199
_RC1STA                                   (abs)        0019D
_RC1STAbits                               (abs)        0019D
_RXPPS                                    (abs)        00E24
_SLRCONA                                  (abs)        0030C
_SLRCONB                                  (abs)        0030D
_SLRCONC                                  (abs)        0030E
_SPBRGH                                   (abs)        0019C
_SPBRGL                                   (abs)        0019B
_SYSTEM_Initialize                        text13       01665
_SafeSetByte                              text42       00871
_SetupGPS                                 text9        00AAD
_TMR0                                     (abs)        00015
_TMR0_DefaultInterruptHandler             text51       00003
_TMR0_ISR                                 text50       01671
_TMR0_Initialize                          text14       016A4
_TMR0_InterruptHandler                    nvBANK2      0016B
_TMR0_SetInterruptHandler                 text15       0161E
_TRISA                                    (abs)        0008C
_TRISB                                    (abs)        0008D
_TRISC                                    (abs)        0008E
_TX1REG                                   (abs)        0019A
_TX1STA                                   (abs)        0019E
_TX1STAbits                               (abs)        0019E
_TimerISR                                 text52       01646
_TransmitBit                              text8        007EF
_TransmitByte                             text7        0091C
_TransmitString                           text6        00849
_WPUA                                     (abs)        0020C
_WPUB                                     (abs)        0020D
_WPUC                                     (abs)        0020E
__CFG_BOREN$ON                            (abs)        00000
__CFG_BORV$LO                             (abs)        00000
__CFG_CLKOUTEN$OFF                        (abs)        00000
__CFG_CP$OFF                              (abs)        00000
__CFG_FCMEN$ON                            (abs)        00000
__CFG_FOSC$INTOSC                         (abs)        00000
__CFG_IESO$ON                             (abs)        00000
__CFG_LPBOR$OFF                           (abs)        00000
__CFG_LVP$ON                              (abs)        00000
__CFG_MCLRE$ON                            (abs)        00000
__CFG_PLLEN$OFF                           (abs)        00000
__CFG_PPS1WAY$ON                          (abs)        00000
__CFG_PWRTE$OFF                           (abs)        00000
__CFG_STVREN$ON                           (abs)        00000
__CFG_WDTCCS$SWC                          (abs)        00000
__CFG_WDTCPS$WDTCPS1F                     (abs)        00000
__CFG_WDTCWS$WDTCWSSW                     (abs)        00000
__CFG_WDTE$OFF                            (abs)        00000
__CFG_WRT$OFF                             (abs)        00000
__CFG_ZCD$OFF                             (abs)        00000
__Habs1                                   abs1         00000
__Hbank0                                  bank0        00000
__Hbank1                                  bank1        00000
__Hbank10                                 bank10       00000
__Hbank11                                 bank11       00000
__Hbank12                                 bank12       00000
__Hbank13                                 bank13       00000
__Hbank14                                 bank14       00000
__Hbank15                                 bank15       00000
__Hbank16                                 bank16       00000
__Hbank17                                 bank17       00000
__Hbank18                                 bank18       00000
__Hbank19                                 bank19       00000
__Hbank2                                  bank2        00000
__Hbank20                                 bank20       00000
__Hbank21                                 bank21       00000
__Hbank22                                 bank22       00000
__Hbank23                                 bank23       00000
__Hbank24                                 bank24       00000
__Hbank25                                 bank25       00000
__Hbank26                                 bank26       00000
__Hbank27                                 bank27       00000
__Hbank28                                 bank28       00000
__Hbank29                                 bank29       00000
__Hbank3                                  bank3        00000
__Hbank30                                 bank30       00000
__Hbank31                                 bank31       00000
__Hbank4                                  bank4        00000
__Hbank5                                  bank5        00000
__Hbank6                                  bank6        00000
__Hbank7                                  bank7        00000
__Hbank8                                  bank8        00000
__Hbank9                                  bank9        00000
__Hbigram                                 bigram       00000
__HbssBANK0                               bssBANK0     00000
__HbssBANK1                               bssBANK1     00000
__HbssBANK2                               bssBANK2     00000
__HbssBANK3                               bssBANK3     00000
__HbssBANK4                               bssBANK4     00000
__HbssBANK5                               bssBANK5     00000
__HbssBANK6                               bssBANK6     00000
__Hcinit                                  cinit        00069
__Hclrtext                                clrtext      00000
__Hcode                                   code         00000
__Hcommon                                 common       00000
__Hconfig                                 config       0800A
__HcstackBANK0                            cstackBANK0  00000
__HcstackBANK1                            cstackBANK1  00000
__HcstackCOMMON                           cstackCOMMON 00000
__HdataBANK1                              dataBANK1    00000
__HdataBANK2                              dataBANK2    00000
__HdataBANK4                              dataBANK4    00000
__Heeprom_data                            eeprom_data  00000
__Hend_init                               end_init     0000F
__Hfunctab                                functab      00000
__HidataBANK1                             idataBANK1   00000
__HidataBANK2                             idataBANK2   00000
__HidataBANK4                             idataBANK4   00000
__Hidloc                                  idloc        00000
__Hinit                                   init         0000D
__Hinittext                               inittext     00000
__Hintentry                               intentry     0000D
__Hmaintext                               maintext     00000
__HnvBANK1                                nvBANK1      00000
__HnvBANK2                                nvBANK2      00000
__Hpowerup                                powerup      00000
__Hram                                    ram          00000
__Hreset_vec                              reset_vec    00002
__Hsfr0                                   sfr0         00000
__Hsfr1                                   sfr1         00000
__Hsfr10                                  sfr10        00000
__Hsfr11                                  sfr11        00000
__Hsfr12                                  sfr12        00000
__Hsfr13                                  sfr13        00000
__Hsfr14                                  sfr14        00000
__Hsfr15                                  sfr15        00000
__Hsfr16                                  sfr16        00000
__Hsfr17                                  sfr17        00000
__Hsfr18                                  sfr18        00000
__Hsfr19                                  sfr19        00000
__Hsfr2                                   sfr2         00000
__Hsfr20                                  sfr20        00000
__Hsfr21                                  sfr21        00000
__Hsfr22                                  sfr22        00000
__Hsfr23                                  sfr23        00000
__Hsfr24                                  sfr24        00000
__Hsfr25                                  sfr25        00000
__Hsfr26                                  sfr26        00000
__Hsfr27                                  sfr27        00000
__Hsfr28                                  sfr28        00000
__Hsfr29                                  sfr29        00000
__Hsfr3                                   sfr3         00000
__Hsfr30                                  sfr30        00000
__Hsfr31                                  sfr31        00000
__Hsfr4                                   sfr4         00000
__Hsfr5                                   sfr5         00000
__Hsfr6                                   sfr6         00000
__Hsfr7                                   sfr7         00000
__Hsfr8                                   sfr8         00000
__Hsfr9                                   sfr9         00000
__Hspace_0                                (abs)        0800A
__Hspace_1                                (abs)        00369
__Hspace_2                                (abs)        00000
__Hspace_3                                (abs)        00000
__Hstack                                  stack        00000
__Hstrings                                strings      00000
__Hstringtext1                            stringtext1  00000
__Hstringtext10                           stringtext10 00000
__Hstringtext11                           stringtext11 00000
__Hstringtext12                           stringtext12 00000
__Hstringtext13                           stringtext13 00000
__Hstringtext14                           stringtext14 00000
__Hstringtext15                           stringtext15 00000
__Hstringtext2                            stringtext2  00000
__Hstringtext3                            stringtext3  00000
__Hstringtext4                            stringtext4  00000
__Hstringtext5                            stringtext5  00000
__Hstringtext6                            stringtext6  00000
__Hstringtext7                            stringtext7  00000
__Hstringtext8                            stringtext8  00000
__Hstringtext9                            stringtext9  00000
__Htext                                   text         00000
__Labs1                                   abs1         00000
__Lbank0                                  bank0        00000
__Lbank1                                  bank1        00000
__Lbank10                                 bank10       00000
__Lbank11                                 bank11       00000
__Lbank12                                 bank12       00000
__Lbank13                                 bank13       00000
__Lbank14                                 bank14       00000
__Lbank15                                 bank15       00000
__Lbank16                                 bank16       00000
__Lbank17                                 bank17       00000
__Lbank18                                 bank18       00000
__Lbank19                                 bank19       00000
__Lbank2                                  bank2        00000
__Lbank20                                 bank20       00000
__Lbank21                                 bank21       00000
__Lbank22                                 bank22       00000
__Lbank23                                 bank23       00000
__Lbank24                                 bank24       00000
__Lbank25                                 bank25       00000
__Lbank26                                 bank26       00000
__Lbank27                                 bank27       00000
__Lbank28                                 bank28       00000
__Lbank29                                 bank29       00000
__Lbank3                                  bank3        00000
__Lbank30                                 bank30       00000
__Lbank31                                 bank31       00000
__Lbank4                                  bank4        00000
__Lbank5                                  bank5        00000
__Lbank6                                  bank6        00000
__Lbank7                                  bank7        00000
__Lbank8                                  bank8        00000
__Lbank9                                  bank9        00000
__Lbigram                                 bigram       00000
__LbssBANK0                               bssBANK0     00000
__LbssBANK1                               bssBANK1     00000
__LbssBANK2                               bssBANK2     00000
__LbssBANK3                               bssBANK3     00000
__LbssBANK4                               bssBANK4     00000
__LbssBANK5                               bssBANK5     00000
__LbssBANK6                               bssBANK6     00000
__Lcinit                                  cinit        0000F
__Lclrtext                                clrtext      00000
__Lcode                                   code         00000
__Lcommon                                 common       00000
__Lconfig                                 config       08007
__LcstackBANK0                            cstackBANK0  00000
__LcstackBANK1                            cstackBANK1  00000
__LcstackCOMMON                           cstackCOMMON 00000
__LdataBANK1                              dataBANK1    00000
__LdataBANK2                              dataBANK2    00000
__LdataBANK4                              dataBANK4    00000
__Leeprom_data                            eeprom_data  00000
__Lend_init                               end_init     0000D
__Lfunctab                                functab      00000
__LidataBANK1                             idataBANK1   00000
__LidataBANK2                             idataBANK2   00000
__LidataBANK4                             idataBANK4   00000
__Lidloc                                  idloc        00000
__Linit                                   init         0000D
__Linittext                               inittext     00000
__Lintentry                               intentry     00004
__Lmaintext                               maintext     00000
__LnvBANK1                                nvBANK1      00000
__LnvBANK2                                nvBANK2      00000
__Lpowerup                                powerup      00000
__Lram                                    ram          00000
__Lreset_vec                              reset_vec    00000
__Lsfr0                                   sfr0         00000
__Lsfr1                                   sfr1         00000
__Lsfr10                                  sfr10        00000
__Lsfr11                                  sfr11        00000
__Lsfr12                                  sfr12        00000
__Lsfr13                                  sfr13        00000
__Lsfr14                                  sfr14        00000
__Lsfr15                                  sfr15        00000
__Lsfr16                                  sfr16        00000
__Lsfr17                                  sfr17        00000
__Lsfr18                                  sfr18        00000
__Lsfr19                                  sfr19        00000
__Lsfr2                                   sfr2         00000
__Lsfr20                                  sfr20        00000
__Lsfr21                                  sfr21        00000
__Lsfr22                                  sfr22        00000
__Lsfr23                                  sfr23        00000
__Lsfr24                                  sfr24        00000
__Lsfr25                                  sfr25        00000
__Lsfr26                                  sfr26        00000
__Lsfr27                                  sfr27        00000
__Lsfr28                                  sfr28        00000
__Lsfr29                                  sfr29        00000
__Lsfr3                                   sfr3         00000
__Lsfr30                                  sfr30        00000
__Lsfr31                                  sfr31        00000
__Lsfr4                                   sfr4         00000
__Lsfr5                                   sfr5         00000
__Lsfr6                                   sfr6         00000
__Lsfr7                                   sfr7         00000
__Lsfr8                                   sfr8         00000
__Lsfr9                                   sfr9         00000
__Lspace_0                                (abs)        00000
__Lspace_1                                (abs)        00000
__Lspace_2                                (abs)        00000
__Lspace_3                                (abs)        00000
__Lstack                                  stack        00000
__Lstrings                                strings      00000
__Lstringtext1                            stringtext1  00000
__Lstringtext10                           stringtext10 00000
__Lstringtext11                           stringtext11 00000
__Lstringtext12                           stringtext12 00000
__Lstringtext13                           stringtext13 00000
__Lstringtext14                           stringtext14 00000
__Lstringtext15                           stringtext15 00000
__Lstringtext2                            stringtext2  00000
__Lstringtext3                            stringtext3  00000
__Lstringtext4                            stringtext4  00000
__Lstringtext5                            stringtext5  00000
__Lstringtext6                            stringtext6  00000
__Lstringtext7                            stringtext7  00000
__Lstringtext8                            stringtext8  00000
__Lstringtext9                            stringtext9  00000
__Ltext                                   text         00000
__S0                                      (abs)        0800A
__S1                                      (abs)        00369
__S2                                      (abs)        00000
___aodiv                                  text37       00F0D
___aodiv@counter                          cstackCOMMON 00071
___aodiv@dividend                         cstackBANK0  00028
___aodiv@divisor                          cstackBANK0  00020
___aodiv@quotient                         cstackCOMMON 00073
___aodiv@sign                             cstackCOMMON 00072
___aomod                                  text36       00E31
___aomod@counter                          cstackCOMMON 00071
___aomod@dividend                         cstackBANK0  00028
___aomod@divisor                          cstackBANK0  00020
___aomod@sign                             cstackCOMMON 00072
___int_sp                                 stack        00000
___latbits                                (abs)        00002
___sp                                     stack        00000
___stackhi                                (abs)        023EF
___stacklo                                (abs)        02229
___wmul                                   text41       01743
___wmul@multiplicand                      cstackCOMMON 00072
___wmul@multiplier                        cstackCOMMON 00070
___wmul@product                           cstackCOMMON 00074
__end_of_BAUD_RATE                        stringtext2  018E3
__end_of_ClearString                      text46       017DA
__end_of_DELAY_MULT                       stringtext1  018E1
__end_of_EUSART_Initialize                text18       01665
__end_of_EUSART_Read                      text45       0165A
__end_of_EUSART_Write                     text34       01646
__end_of_EUSART_is_rx_ready               text44       01619
__end_of_FindString                       text43       00A12
__end_of_FlashError                       text48       008F0
__end_of_GPS_HasAcknowledged              text12       00BFF
__end_of_GPS_SendUBX                      text10       00849
__end_of_GetLengthUBX                     text11       016A4
__end_of_GetNavData                       text19       002FB
__end_of_INTERRUPT_InterruptManager       intentry     0000D
__end_of_MESSAGE_INTERVAL                 stringtext3  018E5
__end_of_OSCILLATOR_Initialize            text17       01637
__end_of_PIN_MANAGER_Initialize           text16       008C4
__end_of_SYSTEM_Initialize                text13       01671
__end_of_SafeSetByte                      text42       0089A
__end_of_SetupGPS                         text9        00AFF
__end_of_TMR0_DefaultInterruptHandler     text51       00004
__end_of_TMR0_ISR                         text50       01681
__end_of_TMR0_Initialize                  text14       016BA
__end_of_TMR0_SetInterruptHandler         text15       01624
__end_of_TimerISR                         text52       01650
__end_of_TransmitBit                      text8        00800
__end_of_TransmitByte                     text7        00949
__end_of_TransmitString                   text6        00871
__end_of___aodiv                          text37       01000
__end_of___aomod                          text36       00F0D
__end_of___wmul                           text41       0175E
__end_of__initialization                  cinit        00065
__end_of_abs                              text35       01715
__end_of_atoi                             text38       00CA0
__end_of_crc16                            text4        00B6D
__end_of_crc_append_byte                  text5        009D6
__end_of_dtoa                             text29       007EF
__end_of_fputc                            text32       00A5D
__end_of_fputs                            text31       01800
__end_of_isalpha                          text27       01797
__end_of_isdigit                          text40       016FE
__end_of_islower                          text25       01743
__end_of_isspace                          text39       0177A
__end_of_isupper                          text26       0172C
__end_of_main                             maintext     00E31
__end_of_pad                              text30       00AAD
__end_of_printf                           text20       01692
__end_of_putch                            text33       0161E
__end_of_sprintf                          text3        00976
__end_of_stoa                             text28       00D63
__end_of_strcat                           text1        016D0
__end_of_strcpy                           text2        017B5
__end_of_strlen                           text47       016E7
__end_of_toupper                          text24       00822
__end_of_vfpfcnvrt                        text22       0054D
__end_of_vfprintf                         text21       009A5
__end_of_xtoa                             text23       006A2
__initialization                          cinit        0000F
__pbssBANK0                               bssBANK0     0006D
__pbssBANK1                               bssBANK1     000E0
__pbssBANK2                               bssBANK2     00120
__pbssBANK3                               bssBANK3     001A0
__pbssBANK4                               bssBANK4     0024C
__pbssBANK5                               bssBANK5     002A0
__pbssBANK6                               bssBANK6     00320
__pcstackBANK0                            cstackBANK0  00020
__pcstackBANK1                            cstackBANK1  000A0
__pcstackCOMMON                           cstackCOMMON 00070
__pdataBANK1                              dataBANK1    000E8
__pdataBANK2                              dataBANK2    00164
__pdataBANK4                              dataBANK4    00220
__pidataBANK1                             idataBANK1   01610
__pidataBANK2                             idataBANK2   01637
__pidataBANK4                             idataBANK4   008F0
__pintentry                               intentry     00004
__pmaintext                               maintext     00D63
__pnvBANK1                                nvBANK1      000EC
__pnvBANK2                                nvBANK2      0016B
__pstringtext1                            stringtext1  018DF
__pstringtext10                           stringtext10 0189C
__pstringtext11                           stringtext11 018B3
__pstringtext12                           stringtext12 018C5
__pstringtext13                           stringtext13 018D3
__pstringtext14                           stringtext14 018DA
__pstringtext15                           stringtext15 00000
__pstringtext2                            stringtext2  018E1
__pstringtext3                            stringtext3  018E3
__pstringtext4                            stringtext4  01800
__pstringtext5                            stringtext5  0181A
__pstringtext6                            stringtext6  01834
__pstringtext7                            stringtext7  0184E
__pstringtext8                            stringtext8  01868
__pstringtext9                            stringtext9  01882
__ptext1                                  text1        016BA
__ptext10                                 text10       00822
__ptext11                                 text11       01692
__ptext12                                 text12       00B6D
__ptext13                                 text13       01665
__ptext14                                 text14       016A4
__ptext15                                 text15       0161E
__ptext16                                 text16       0089A
__ptext17                                 text17       01630
__ptext18                                 text18       0165A
__ptext19                                 text19       00069
__ptext2                                  text2        01797
__ptext20                                 text20       01681
__ptext21                                 text21       00976
__ptext22                                 text22       002FB
__ptext23                                 text23       0054D
__ptext24                                 text24       00801
__ptext25                                 text25       0172C
__ptext26                                 text26       01715
__ptext27                                 text27       0177A
__ptext28                                 text28       00CA0
__ptext29                                 text29       006A2
__ptext3                                  text3        00949
__ptext30                                 text30       00A5D
__ptext31                                 text31       017DA
__ptext32                                 text32       00A12
__ptext33                                 text33       01619
__ptext34                                 text34       0163E
__ptext35                                 text35       016FE
__ptext36                                 text36       00E31
__ptext37                                 text37       00F0D
__ptext38                                 text38       00BFF
__ptext39                                 text39       0175E
__ptext4                                  text4        00AFF
__ptext40                                 text40       016E7
__ptext41                                 text41       01743
__ptext42                                 text42       00871
__ptext43                                 text43       009D6
__ptext44                                 text44       01614
__ptext45                                 text45       01650
__ptext46                                 text46       017B5
__ptext47                                 text47       016D0
__ptext48                                 text48       008C4
__ptext5                                  text5        009A5
__ptext50                                 text50       01671
__ptext51                                 text51       00003
__ptext52                                 text52       01646
__ptext6                                  text6        00849
__ptext7                                  text7        0091C
__ptext8                                  text8        007EF
__ptext9                                  text9        00AAD
__size_of_ClearString                     (abs)        00000
__size_of_EUSART_Initialize               (abs)        00000
__size_of_EUSART_Read                     (abs)        00000
__size_of_EUSART_Write                    (abs)        00000
__size_of_EUSART_is_rx_ready              (abs)        00000
__size_of_FindString                      (abs)        00000
__size_of_FlashError                      (abs)        00000
__size_of_GPS_HasAcknowledged             (abs)        00000
__size_of_GPS_SendUBX                     (abs)        00000
__size_of_GetLengthUBX                    (abs)        00000
__size_of_GetNavData                      (abs)        00000
__size_of_INTERRUPT_InterruptManager      (abs)        00000
__size_of_OSCILLATOR_Initialize           (abs)        00000
__size_of_PIN_MANAGER_Initialize          (abs)        00000
__size_of_SYSTEM_Initialize               (abs)        00000
__size_of_SafeSetByte                     (abs)        00000
__size_of_SetupGPS                        (abs)        00000
__size_of_TMR0_DefaultInterruptHandler    (abs)        00000
__size_of_TMR0_ISR                        (abs)        00000
__size_of_TMR0_Initialize                 (abs)        00000
__size_of_TMR0_SetInterruptHandler        (abs)        00000
__size_of_TimerISR                        (abs)        00000
__size_of_TransmitBit                     (abs)        00000
__size_of_TransmitByte                    (abs)        00000
__size_of_TransmitString                  (abs)        00000
__size_of___aodiv                         (abs)        00000
__size_of___aomod                         (abs)        00000
__size_of___wmul                          (abs)        00000
__size_of_abs                             (abs)        00000
__size_of_atoi                            (abs)        00000
__size_of_crc16                           (abs)        00000
__size_of_crc_append_byte                 (abs)        00000
__size_of_dtoa                            (abs)        00000
__size_of_fputc                           (abs)        00000
__size_of_fputs                           (abs)        00000
__size_of_isalpha                         (abs)        00000
__size_of_isdigit                         (abs)        00000
__size_of_islower                         (abs)        00000
__size_of_isspace                         (abs)        00000
__size_of_isupper                         (abs)        00000
__size_of_main                            (abs)        00000
__size_of_pad                             (abs)        00000
__size_of_printf                          (abs)        00000
__size_of_putch                           (abs)        00000
__size_of_sprintf                         (abs)        00000
__size_of_stoa                            (abs)        00000
__size_of_strcat                          (abs)        00000
__size_of_strcpy                          (abs)        00000
__size_of_strlen                          (abs)        00000
__size_of_toupper                         (abs)        00000
__size_of_vfpfcnvrt                       (abs)        00000
__size_of_vfprintf                        (abs)        00000
__size_of_xtoa                            (abs)        00000
_abs                                      text35       016FE
_atoi                                     text38       00BFF
_atoi$988                                 cstackBANK0  00022
_atoi$989                                 cstackBANK0  00026
_atoi$990                                 cstackBANK0  00024
_checksum                                 bssBANK2     0015A
_crc16                                    text4        00AFF
_crc_append_byte                          text5        009A5
_dbuf                                     bssBANK4     0024C
_dtoa                                     text29       006A2
_dtoa$654                                 cstackBANK0  0003C
_flags                                    bssBANK0     0006D
_fputc                                    text32       00A12
_fputs                                    text31       017DA
_gps_altitude                             bssBANK3     001D1
_gps_configured                           bssBANK0     0006F
_gps_course_over_ground                   bssBANK2     0012C
_gps_hdop                                 bssBANK2     00152
_gps_latitude                             bssBANK3     001C1
_gps_longitude                            bssBANK3     001B1
_gps_nav_status                           bssBANK2     00160
_gps_speed_over_ground                    bssBANK2     00136
_gps_time                                 bssBANK2     00140
_gps_vdop                                 bssBANK2     0014A
_gps_vertical_velocity                    bssBANK2     00122
_isalpha                                  text27       0177A
_isdigit                                  text40       016E7
_islower                                  text25       0172C
_isspace                                  text39       0175E
_isspace$1015                             cstackCOMMON 00074
_isupper                                  text26       01715
_main                                     maintext     00D63
_message_end                              bssBANK6     00320
_message_start                            bssBANK5     002A0
_messages                                 dataBANK1    000E8
_nout                                     bssBANK2     00120
_pad                                      text30       00A5D
_prec                                     bssBANK1     000E6
_printf                                   text20       01681
_putch                                    text33       01619
_setNavFlightMode                         dataBANK4    00220
_sprintf                                  text3        00949
_stoa                                     text28       00CA0
_strcat                                   text1        016BA
_strcpy                                   text2        01797
_strlen                                   text47       016D0
_ticks                                    bssBANK1     000E0
_timer0ReloadVal                          nvBANK1      000EC
_toupper                                  text24       00801
_toupper$1115                             cstackCOMMON 0007C
_vfpfcnvrt                                text22       002FB
_vfpfcnvrt$691                            cstackBANK1  000B5
_vfprintf                                 text21       00976
_width                                    bssBANK1     000E4
_xtoa                                     text23       0054D
_xtoa$676                                 cstackBANK0  0003F
_xtoa$677                                 cstackBANK0  00041
abs@a                                     cstackCOMMON 00073
atoi@n                                    cstackBANK0  00027
atoi@neg                                  cstackBANK0  00020
atoi@s                                    cstackCOMMON 00076
btemp                                     (abs)        0007E
clear_ram0                                clrtext      01624
crc16@c                                   cstackBANK0  00023
crc16@crc                                 cstackBANK0  00024
crc16@data                                cstackBANK0  00022
crc16@i                                   cstackBANK0  0002A
crc16@len                                 cstackBANK0  00020
crc16@segments                            cstackCOMMON 00078
crc16@str                                 cstackBANK0  00026
crc16@string                              cstackBANK0  00028
crc_append_byte@crc                       cstackCOMMON 00070
crc_append_byte@data                      cstackCOMMON 00072
crc_append_byte@i                         cstackCOMMON 00076
dtoa@d                                    cstackBANK0  00030
dtoa@fp                                   cstackBANK0  0003B
dtoa@i                                    cstackBANK0  0004C
dtoa@n                                    cstackBANK0  00044
dtoa@p                                    cstackBANK0  0003E
dtoa@s                                    cstackBANK0  00042
dtoa@w                                    cstackBANK0  00040
end_of_initialization                     cinit        00065
fputc@c                                   cstackCOMMON 00072
fputc@fp                                  cstackCOMMON 00074
fputs@c                                   cstackBANK0  00020
fputs@fp                                  cstackCOMMON 0007A
fputs@i                                   cstackBANK0  00021
fputs@s                                   cstackBANK0  00023
init_ram                                  inittext     0162A
int$flags                                 (abs)        0007E
intlevel0                                 functab      00000
intlevel1                                 functab      00000
intlevel2                                 functab      00000
intlevel3                                 functab      00000
intlevel4                                 functab      00000
intlevel5                                 functab      00000
isalpha@c                                 cstackCOMMON 00070
isdigit@c                                 cstackCOMMON 00070
islower@c                                 cstackCOMMON 00070
isspace@c                                 cstackCOMMON 00070
isupper@c                                 cstackCOMMON 00070
main@i                                    cstackBANK1  000DE
main@id                                   cstackBANK1  000DC
pad@buf                                   cstackBANK0  00024
pad@fp                                    cstackBANK0  0002C
pad@i                                     cstackBANK0  00028
pad@p                                     cstackBANK0  00025
pad@w                                     cstackBANK0  0002A
printf@ap                                 cstackBANK0  00068
printf@fmt                                cstackBANK0  00063
putch@txData                              cstackCOMMON 00071
reset_vec                                 reset_vec    00000
sprintf@ap                                cstackBANK0  00066
sprintf@f                                 cstackBANK0  00067
sprintf@fmt                               cstackBANK1  000BA
sprintf@s                                 cstackBANK1  000B8
start                                     init         0000D
start_initialization                      cinit        0000F
stoa@F1139                                dataBANK2    00164
stoa@cp                                   cstackBANK0  0002F
stoa@fp                                   cstackBANK0  0002E
stoa@i                                    cstackBANK0  0002A
stoa@l                                    cstackBANK0  00033
stoa@nuls                                 cstackBANK0  00023
stoa@p                                    cstackBANK0  00031
stoa@s                                    cstackCOMMON 0007A
stoa@w                                    cstackBANK0  0002C
strcat@dest                               cstackBANK0  00020
strcat@src                                cstackBANK0  00022
strcpy@d                                  cstackCOMMON 00079
strcpy@dest                               cstackCOMMON 00074
strcpy@s                                  cstackCOMMON 0007B
strcpy@src                                cstackCOMMON 00076
strlen@a                                  cstackCOMMON 00072
strlen@s                                  cstackCOMMON 00070
toupper@c                                 cstackCOMMON 00076
vfpfcnvrt@ap                              cstackBANK0  00054
vfpfcnvrt@c                               cstackBANK1  000B2
vfpfcnvrt@cp                              cstackBANK1  000B0
vfpfcnvrt@done                            cstackBANK1  000B3
vfpfcnvrt@fmt                             cstackBANK0  00053
vfpfcnvrt@fp                              cstackBANK1  000B7
vfpfcnvrt@ll                              cstackBANK1  000A0
vfpfcnvrt@llu                             cstackBANK1  000A8
vfprintf@ap                               cstackBANK0  0005D
vfprintf@cfmt                             cstackBANK0  00061
vfprintf@fmt                              cstackBANK0  0005B
vfprintf@fp                               cstackBANK0  00060
wtemp0                                    (abs)        0007E
xtoa@c                                    cstackBANK0  00051
xtoa@d                                    cstackBANK0  0002D
xtoa@fp                                   cstackBANK0  0003E
xtoa@i                                    cstackBANK0  0004F
xtoa@n                                    cstackBANK0  00047
xtoa@p                                    cstackBANK0  00043
xtoa@w                                    cstackBANK0  00045
xtoa@x                                    cstackBANK0  00035


FUNCTION INFORMATION:

 *************** function _main *****************
 Defined at:
		line 595 in file "main.c"
 Parameters:    Size  Location     Type
[...]
 Tracked objects:
		On entry : 
		On exit  : 
		Unchanged: 
 Data sizes:     COMMON   BANK0   BANK1   BANK2   BANK3   BANK4   BANK5   BANK6   BANK7   BANK8   BANK9  BANK10  BANK11  BANK12
      Params:         6       0       0       0       0       0       0       0       0       0       0       0       0       0
      Locals:         0       5       0       0       0       0       0       0       0       0       0       0       0       0
      Temps:          2       0       0       0       0       0       0       0       0       0       0       0       0       0
      Totals:         8       5       0       0       0       0       0       0       0       0       0       0       0       0
Total ram usage:       13 bytes
 Hardware stack levels used:    1
 Hardware stack levels required when called:    3
 This function calls:
		Nothing
 This function is called by:
		_GetNavData
 This function uses a non-reentrant model


 *************** function _EUSART_is_rx_ready *****************
 Defined at:
		line 83 in file "mcc_generated_files/eusart.c"
 Parameters:    Size  Location     Type
		None
 Auto vars:     Size  Location     Type
		None
 Return value:  Size  Location     Type
                  1    wreg      _Bool 
 Registers used:
		wreg, status,2, status,0
 Tracked objects:
		On entry : 
		On exit  : 
		Unchanged: 
 Data sizes:     COMMON   BANK0   BANK1   BANK2   BANK3   BANK4   BANK5   BANK6   BANK7   BANK8   BANK9  BANK10  BANK11  BANK12
      Params:         0       0       0       0       0       0       0       0       0       0       0       0       0       0
      Locals:         0       0       0       0       0       0       0       0       0       0       0       0       0       0
      Temps:          0       0       0       0       0       0       0       0       0       0       0       0       0       0
      Totals:         0       0       0       0       0       0       0       0       0       0       0       0       0       0
Total ram usage:        0 bytes
 Hardware stack levels used:    1
 Hardware stack levels required when called:    3
 This function calls:
		Nothing
 This function is called by:
		_GPS_HasAcknowledged
		_GetNavData
 This function uses a non-reentrant model


 *************** function _EUSART_Read *****************
 Defined at:
		line 93 in file "mcc_generated_files/eusart.c"
 Parameters:    Size  Location     Type
		None
 Auto vars:     Size  Location     Type
		None
 Return value:  Size  Location     Type
                  1    wreg      unsigned char 
 Registers used:
		wreg
 Tracked objects:
		On entry : 
		On exit  : 
		Unchanged: 
 Data sizes:     COMMON   BANK0   BANK1   BANK2   BANK3   BANK4   BANK5   BANK6   BANK7   BANK8   BANK9  BANK10  BANK11  BANK12
      Params:         0       0       0       0       0       0       0       0       0       0       0       0       0       0
      Locals:         0       0       0       0       0       0       0       0       0       0       0       0       0       0
      Temps:          0       0       0       0       0       0       0       0       0       0       0       0       0       0
      Totals:         0       0       0       0       0       0       0       0       0       0       0       0       0       0
Total ram usage:        0 bytes
 Hardware stack levels used:    1
 Hardware stack levels required when called:    3
 This function calls:
		Nothing
 This function is called by:
		_GPS_HasAcknowledged
		_GetNavData
		_getch
 This function uses a non-reentrant model


 *************** function _ClearString *****************
 Defined at:
		line 37 in file "main.c"
 Parameters:    Size  Location     Type
  str             2    4[COMMON] PTR unsigned char 
		 -> gps_time(10), gps_vertical_velocity(10), gps_course_over_ground(10), gps_speed_over_ground(10), 
		 -> gps_vdop(8), gps_hdop(8), gps_nav_status(4), gps_altitude(12), 
		 -> gps_longitude(16), gps_latitude(16), GetNavData@data_type(7), message_end(73), 
		 -> message_start(70), 
 Auto vars:     Size  Location     Type
  i               2    9[COMMON] int 
  counti          2    7[COMMON] int 
 Return value:  Size  Location     Type
                  1    wreg      void 
 Registers used:
		wreg, fsr1l, fsr1h, status,2, status,0, pclath, cstack
 Tracked objects:
		On entry : 
		On exit  : 
		Unchanged: 
 Data sizes:     COMMON   BANK0   BANK1   BANK2   BANK3   BANK4   BANK5   BANK6   BANK7   BANK8   BANK9  BANK10  BANK11  BANK12
      Params:         2       0       0       0       0       0       0       0       0       0       0       0       0       0
      Locals:         4       0       0       0       0       0       0       0       0       0       0       0       0       0
      Temps:          1       0       0       0       0       0       0       0       0       0       0       0       0       0
      Totals:         7       0       0       0       0       0       0       0       0       0       0       0       0       0
Total ram usage:        7 bytes
 Hardware stack levels used:    1
 Hardware stack levels required when called:    4
 This function calls:
		_strlen
 This function is called by:
		_GetNavData
		_main
 This function uses a non-reentrant model


 *************** function _strlen *****************
 Defined at:
		line 12 in file "K:\Programs\MPLABX\XC8 Compiler\pic\sources\c99\common\strlen.c"
 Parameters:    Size  Location     Type
  s               2    0[COMMON] PTR const unsigned char 
		 -> ?_printf(2), ?_sprintf(2), stoa@nuls(7), dbuf(32), 
		 -> gps_time(10), gps_vertical_velocity(10), gps_course_over_ground(10), gps_speed_over_ground(10), 
		 -> gps_vdop(8), gps_hdop(8), gps_nav_status(4), gps_altitude(12), 
		 -> gps_longitude(16), gps_latitude(16), GetNavData@data_type(7), message_end(73), 
		 -> message_start(70), 
 Auto vars:     Size  Location     Type
  a               2    2[COMMON] PTR const unsigned char 
		 -> ?_printf(2), ?_sprintf(2), stoa@nuls(7), dbuf(32), 
		 -> gps_time(10), gps_vertical_velocity(10), gps_course_over_ground(10), gps_speed_over_ground(10), 
		 -> gps_vdop(8), gps_hdop(8), gps_nav_status(4), gps_altitude(12), 
		 -> gps_longitude(16), gps_latitude(16), GetNavData@data_type(7), message_end(73), 
		 -> message_start(70), 
 Return value:  Size  Location     Type
                  2    0[COMMON] unsigned int 
 Registers used:
		wreg, fsr1l, fsr1h, status,2, status,0
 Tracked objects:
		On entry : 
		On exit  : 
		Unchanged: 
 Data sizes:     COMMON   BANK0   BANK1   BANK2   BANK3   BANK4   BANK5   BANK6   BANK7   BANK8   BANK9  BANK10  BANK11  BANK12
      Params:         2       0       0       0       0       0       0       0       0       0       0       0       0       0
      Locals:         2       0       0       0       0       0       0       0       0       0       0       0       0       0
      Temps:          0       0       0       0       0       0       0       0       0       0       0       0       0       0
      Totals:         4       0       0       0       0       0       0       0       0       0       0       0       0       0
Total ram usage:        4 bytes
 Hardware stack levels used:    1
 Hardware stack levels required when called:    3
 This function calls:
		Nothing
 This function is called by:
		_ClearString
		_crc16
		_TransmitString
		_GetNavData
		_pad
		_stoa
		_strcat
 This function uses a non-reentrant model


 *************** function _FlashError *****************
 Defined at:
		line 25 in file "main.c"
 Parameters:    Size  Location     Type
		None
 Auto vars:     Size  Location     Type
  i               2    2[COMMON] int 
 Return value:  Size  Location     Type
                  1    wreg      void 
 Registers used:
		wreg, status,2
 Tracked objects:
		On entry : 
		On exit  : 
		Unchanged: 
 Data sizes:     COMMON   BANK0   BANK1   BANK2   BANK3   BANK4   BANK5   BANK6   BANK7   BANK8   BANK9  BANK10  BANK11  BANK12
      Params:         0       0       0       0       0       0       0       0       0       0       0       0       0       0
      Locals:         2       0       0       0       0       0       0       0       0       0       0       0       0       0
      Temps:          2       0       0       0       0       0       0       0       0       0       0       0       0       0
      Totals:         4       0       0       0       0       0       0       0       0       0       0       0       0       0
Total ram usage:        4 bytes
 Hardware stack levels used:    1
 Hardware stack levels required when called:    3
 This function calls:
		Nothing
 This function is called by:
		_main
 This function uses a non-reentrant model


 *************** function _INTERRUPT_InterruptManager *****************
 Defined at:
		line 52 in file "mcc_generated_files/interrupt_manager.c"
 Parameters:    Size  Location     Type
		None
 Auto vars:     Size  Location     Type
		None
 Return value:  Size  Location     Type
                  1    wreg      void 
 Registers used:
		wreg, status,2, status,0, pclath, cstack
 Tracked objects:
		On entry : 
		On exit  : 
		Unchanged: 
 Data sizes:     COMMON   BANK0   BANK1   BANK2   BANK3   BANK4   BANK5   BANK6   BANK7   BANK8   BANK9  BANK10  BANK11  BANK12
      Params:         0       0       0       0       0       0       0       0       0       0       0       0       0       0
      Locals:         0       0       0       0       0       0       0       0       0       0       0       0       0       0
      Temps:          0       0       0       0       0       0       0       0       0       0       0       0       0       0
      Totals:         0       0       0       0       0       0       0       0       0       0       0       0       0       0
Total ram usage:        0 bytes
 Hardware stack levels used:    1
 Hardware stack levels required when called:    2
 This function calls:
		_TMR0_ISR
 This function is called by:
		Interrupt level 1
 This function uses a non-reentrant model


 *************** function _TMR0_ISR *****************
 Defined at:
		line 108 in file "mcc_generated_files/tmr0.c"
 Parameters:    Size  Location     Type
		None
 Auto vars:     Size  Location     Type
		None
 Return value:  Size  Location     Type
                  1    wreg      void 
 Registers used:
		wreg, status,2, status,0, pclath, cstack
 Tracked objects:
		On entry : 
		On exit  : 
		Unchanged: 
 Data sizes:     COMMON   BANK0   BANK1   BANK2   BANK3   BANK4   BANK5   BANK6   BANK7   BANK8   BANK9  BANK10  BANK11  BANK12
      Params:         0       0       0       0       0       0       0       0       0       0       0       0       0       0
      Locals:         0       0       0       0       0       0       0       0       0       0       0       0       0       0
      Temps:          0       0       0       0       0       0       0       0       0       0       0       0       0       0
      Totals:         0       0       0       0       0       0       0       0       0       0       0       0       0       0
Total ram usage:        0 bytes
 Hardware stack levels used:    1
 Hardware stack levels required when called:    1
 This function calls:
		Absolute function
		_TMR0_DefaultInterruptHandler
		_TimerISR
 This function is called by:
		_INTERRUPT_InterruptManager
 This function uses a non-reentrant model


 *************** function _TMR0_DefaultInterruptHandler *****************
 Defined at:
		line 129 in file "mcc_generated_files/tmr0.c"
 Parameters:    Size  Location     Type
		None
 Auto vars:     Size  Location     Type
		None
 Return value:  Size  Location     Type
                  1    wreg      void 
 Registers used:
		None
 Tracked objects:
		On entry : 
		On exit  : 
		Unchanged: 
 Data sizes:     COMMON   BANK0   BANK1   BANK2   BANK3   BANK4   BANK5   BANK6   BANK7   BANK8   BANK9  BANK10  BANK11  BANK12
      Params:         0       0       0       0       0       0       0       0       0       0       0       0       0       0
      Locals:         0       0       0       0       0       0       0       0       0       0       0       0       0       0
      Temps:          0       0       0       0       0       0       0       0       0       0       0       0       0       0
      Totals:         0       0       0       0       0       0       0       0       0       0       0       0       0       0
Total ram usage:        0 bytes
 Hardware stack levels used:    1
 This function calls:
		Nothing
 This function is called by:
		_TMR0_Initialize
		_TMR0_ISR
 This function uses a non-reentrant model


 *************** function _TimerISR *****************
 Defined at:
		line 9 in file "main.c"
 Parameters:    Size  Location     Type
		None
 Auto vars:     Size  Location     Type
		None
 Return value:  Size  Location     Type
                  1    wreg      void 
 Registers used:
		wreg
 Tracked objects:
		On entry : 
		On exit  : 
		Unchanged: 
 Data sizes:     COMMON   BANK0   BANK1   BANK2   BANK3   BANK4   BANK5   BANK6   BANK7   BANK8   BANK9  BANK10  BANK11  BANK12
      Params:         0       0       0       0       0       0       0       0       0       0       0       0       0       0
      Locals:         0       0       0       0       0       0       0       0       0       0       0       0       0       0
      Temps:          0       0       0       0       0       0       0       0       0       0       0       0       0       0
      Totals:         0       0       0       0       0       0       0       0       0       0       0       0       0       0
Total ram usage:        0 bytes
 Hardware stack levels used:    1
 This function calls:
		Nothing
 This function is called by:
		_main
		_TMR0_ISR
 This function uses a non-reentrant model



MODULE INFORMATION

Module		Function		Class		Link	Load	Size
K:\Programs\MPLABX\XC8 Compiler\pic\sources\c99\common\nf_fputs.c
		_fputs         		CODE           	17DA	0000	39

K:\Programs\MPLABX\XC8 Compiler\pic\sources\c99\common\nf_fputs.c estimated size: 39

K:\Programs\MPLABX\XC8 Compiler\pic\sources\c99\common\isdigit.c
		_isdigit       		CODE           	16E7	0000	24

K:\Programs\MPLABX\XC8 Compiler\pic\sources\c99\common\isdigit.c estimated size: 24

K:\Programs\MPLABX\XC8 Compiler\pic\sources\c99\common\doprnt.c
		_vfpfcnvrt     		CODE           	02FB	0000	595
		_pad           		CODE           	0A5D	0000	81
		_dtoa          		CODE           	06A2	0000	334
		_vfprintf      		CODE           	0976	0000	48
		_stoa          		CODE           	0CA0	0000	196
		_xtoa          		CODE           	054D	0000	342

K:\Programs\MPLABX\XC8 Compiler\pic\sources\c99\common\doprnt.c estimated size: 1596

mcc_generated_files/interrupt_manager.c
		_INTERRUPT_InterruptManager		CODE           	0004	0000	10

mcc_generated_files/interrupt_manager.c estimated size: 10

K:\Programs\MPLABX\XC8 Compiler\pic\sources\c99\common\Umul16.c
		___wmul        		CODE           	1743	0000	28

K:\Programs\MPLABX\XC8 Compiler\pic\sources\c99\common\Umul16.c estimated size: 28

K:\Programs\MPLABX\XC8 Compiler\pic\sources\c99\common\abs.c
		_abs           		CODE           	16FE	0000	24

K:\Programs\MPLABX\XC8 Compiler\pic\sources\c99\common\abs.c estimated size: 24

K:\Programs\MPLABX\XC8 Compiler\pic\sources\c99\common\atoi.c
		_atoi          		CODE           	0BFF	0000	162

K:\Programs\MPLABX\XC8 Compiler\pic\sources\c99\common\atoi.c estimated size: 162

mcc_generated_files/tmr0.c
		_TMR0_SetInterruptHandler		CODE           	161E	0000	7
		_TMR0_DefaultInterruptHandler		CODE           	0003	0000	2
		_TMR0_ISR      		CODE           	1671	0000	17
		_TMR0_Initialize		CODE           	16A4	0000	23

mcc_generated_files/tmr0.c estimated size: 49

K:\Programs\MPLABX\XC8 Compiler\pic\sources\c99\common\aodiv.c
		___aodiv       		CODE           	0F0D	0000	244

K:\Programs\MPLABX\XC8 Compiler\pic\sources\c99\common\aodiv.c estimated size: 244

mcc_generated_files/pin_manager.c
		_PIN_MANAGER_Initialize		CODE           	089A	0000	43

mcc_generated_files/pin_manager.c estimated size: 43

K:\Programs\MPLABX\XC8 Compiler\pic\sources\c99\common\nf_fputc.c
		_fputc         		CODE           	0A12	0000	76

K:\Programs\MPLABX\XC8 Compiler\pic\sources\c99\common\nf_fputc.c estimated size: 76

K:\Programs\MPLABX\XC8 Compiler\pic\sources\c99\common\isupper.c
		_isupper       		CODE           	1715	0000	24

K:\Programs\MPLABX\XC8 Compiler\pic\sources\c99\common\isupper.c estimated size: 24

K:\Programs\MPLABX\XC8 Compiler\pic\sources\c99\common\strcat.c
		_strcat        		CODE           	16BA	0000	23

K:\Programs\MPLABX\XC8 Compiler\pic\sources\c99\common\strcat.c estimated size: 23

K:\Programs\MPLABX\XC8 Compiler\pic\sources\c99\common\printf.c
		_printf        		CODE           	1681	0000	18

K:\Programs\MPLABX\XC8 Compiler\pic\sources\c99\common\printf.c estimated size: 18

K:\Programs\MPLABX\XC8 Compiler\pic\sources\c99\common\islower.c
		_islower       		CODE           	172C	0000	24

K:\Programs\MPLABX\XC8 Compiler\pic\sources\c99\common\islower.c estimated size: 24

shared
		_DELAY_MULT    		STRCODE        	0000	0000	0
		__initialization		CODE           	000F	0000	87
		_BAUD_RATE     		STRCODE        	0000	0000	0
		_MESSAGE_INTERVAL		STRCODE        	0000	0000	0

shared estimated size: 87

K:\Programs\MPLABX\XC8 Compiler\pic\sources\c99\common\nf_sprintf.c
		_sprintf       		CODE           	0949	0000	46

K:\Programs\MPLABX\XC8 Compiler\pic\sources\c99\common\nf_sprintf.c estimated size: 46

mcc_generated_files/mcc.c
		_OSCILLATOR_Initialize		CODE           	1630	0000	8
		_SYSTEM_Initialize		CODE           	1665	0000	13

mcc_generated_files/mcc.c estimated size: 21

K:\Programs\MPLABX\XC8 Compiler\pic\sources\c99\common\strlen.c
		_strlen        		CODE           	16D0	0000	24

K:\Programs\MPLABX\XC8 Compiler\pic\sources\c99\common\strlen.c estimated size: 24

K:\Programs\MPLABX\XC8 Compiler\pic\sources\c99\common\strcpy.c
		_strcpy        		CODE           	1797	0000	31

K:\Programs\MPLABX\XC8 Compiler\pic\sources\c99\common\strcpy.c estimated size: 31

K:\Programs\MPLABX\XC8 Compiler\pic\sources\c99\common\toupper.c
		_toupper       		CODE           	0801	0000	34

K:\Programs\MPLABX\XC8 Compiler\pic\sources\c99\common\toupper.c estimated size: 34

K:\Programs\MPLABX\XC8 Compiler\pic\sources\c99\common\isalpha.c
		_isalpha       		CODE           	177A	0000	30

K:\Programs\MPLABX\XC8 Compiler\pic\sources\c99\common\isalpha.c estimated size: 30

K:\Programs\MPLABX\XC8 Compiler\pic\sources\c99\common\isspace.c
		_isspace       		CODE           	175E	0000	29

K:\Programs\MPLABX\XC8 Compiler\pic\sources\c99\common\isspace.c estimated size: 29

mcc_generated_files/eusart.c
		_putch         		CODE           	1619	0000	6
		_EUSART_Read   		CODE           	1650	0000	11
		_EUSART_Write  		CODE           	163E	0000	9
		_EUSART_Initialize		CODE           	165A	0000	12
		_EUSART_is_rx_ready		CODE           	1614	0000	6

mcc_generated_files/eusart.c estimated size: 44

main.c
		_GPS_SendUBX   		CODE           	0822	0000	40
		_FindString    		CODE           	09D6	0000	61
		_FlashError    		CODE           	08C4	0000	45
		_main          		CODE           	0D63	0000	207
		_crc16         		CODE           	0AFF	0000	111
		_TimerISR      		CODE           	1646	0000	11
		_TransmitBit   		CODE           	07EF	0000	18
		_TransmitByte  		CODE           	091C	0000	46
		_GetLengthUBX  		CODE           	1692	0000	19
		_GetNavData    		CODE           	0069	0000	659
		_ClearString   		CODE           	17B5	0000	38
		_GPS_HasAcknowledged		CODE           	0B6D	0000	147
		_crc_append_byte		CODE           	09A5	0000	50
		_TransmitString		CODE           	0849	0000	41
		_SetupGPS      		CODE           	0AAD	0000	83
		_SafeSetByte   		CODE           	0871	0000	42

main.c estimated size: 1618

K:\Programs\MPLABX\XC8 Compiler\pic\sources\c99\common\aomod.c
		___aomod       		CODE           	0E31	0000	221

K:\Programs\MPLABX\XC8 Compiler\pic\sources\c99\common\aomod.c estimated size: 221

