Microchip MPLAB XC8 Compiler V2.05 ()

Linker command line:

-W-3 --edf=K:\Programs\MPLABX\XC8 Compiler\pic\dat\en_msgs.txt -cs \
  -h+dist/default/production\HABnova.production.sym \
  --cmf=dist/default/production\HABnova.production.cmf -z -Q16F1619 \
  -oC:\Users\2013b\AppData\Local\Temp\sfsg.2 --defsym=__MPLAB_BUILD=1 \
  -Mdist/default/production/HABnova.production.map -E1 -ver=XC8 \
  --acfsm=1493 -ASTACK=02279h-023EFh -pstack=STACK -ACODE=00h-07FFhx4 \
  -ASTRCODE=00h-01FFFh -ASTRING=00h-0FFhx32 -ACONST=00h-0FFhx32 \
  -AENTRY=00h-0FFhx32 -ACOMMON=070h-07Fh -ABANK0=020h-06Fh \
  -ABANK1=0A0h-0EFh -ABANK2=0120h-016Fh -ABANK3=01A0h-01EFh \
  -ABANK4=0220h-026Fh -ABANK5=02A0h-02EFh -ABANK6=0320h-036Fh \
  -ABANK7=03A0h-03EFh -ABANK8=0420h-046Fh -ABANK9=04A0h-04EFh \
  -ABANK10=0520h-056Fh -ABANK11=05A0h-05EFh -ABANK12=0620h-064Fh \
  -ABIGRAM=02000h-023EFh \
  -ARAM=020h-06Fh,0A0h-0EFh,0120h-016Fh,01A0h-01EFh,0220h-026Fh,02A0h-02EFh,0320h-036Fh,03A0h-03EFh,0420h-046Fh,04A0h-04EFh,0520h-056Fh,05A0h-05EFh,0620h-064Fh \
  -AABS1=020h-07Fh,0A0h-0EFh,0120h-016Fh,01A0h-01EFh,0220h-026Fh,02A0h-02EFh,0320h-036Fh,03A0h-03EFh,0420h-046Fh,04A0h-04EFh,0520h-056Fh,05A0h-05EFh,0620h-064Fh \
  -ASFR0=00h-01Fh -ASFR1=080h-09Fh -ASFR2=0100h-011Fh -ASFR3=0180h-019Fh \
  -ASFR4=0200h-021Fh -ASFR5=0280h-029Fh -ASFR6=0300h-031Fh \
  -ASFR7=0380h-039Fh -ASFR8=0400h-041Fh -ASFR9=0480h-049Fh \
  -ASFR10=0500h-051Fh -ASFR11=0580h-059Fh -ASFR12=0600h-061Fh \
  -ASFR13=0680h-06EFh -ASFR14=0700h-076Fh -ASFR15=0780h-07EFh \
  -ASFR16=0800h-086Fh -ASFR17=0880h-08EFh -ASFR18=0900h-096Fh \
  -ASFR19=0980h-09EFh -ASFR20=0A00h-0A6Fh -ASFR21=0A80h-0AEFh \
  -ASFR22=0B00h-0B6Fh -ASFR23=0B80h-0BEFh -ASFR24=0C00h-0C6Fh \
  -ASFR25=0C80h-0CEFh -ASFR26=0D00h-0D6Fh -ASFR27=0D80h-0DEFh \
  -ASFR28=0E00h-0E6Fh -ASFR29=0E80h-0EEFh -ASFR30=0F00h-0F6Fh \
  -ASFR31=0F80h-0FEFh -preset_vec=00h,intentry=04h,init,end_init \
  -ppowerup=CODE -pcinit=CODE -pfunctab=ENTRY -ACONFIG=08007h-08009h \
  -pconfig=CONFIG -DCONFIG=2 -AIDLOC=08000h-08003h -pidloc=IDLOC -DIDLOC=2 \
  -DCODE=2 -DSTRCODE=2 -DSTRING=2 -DCONST=2 -DENTRY=2 -k \
  C:\Users\2013b\AppData\Local\Temp\sfsg.o \
  dist/default/production\HABnova.production.o 

Object code version is 3.11

Machine type is 16F1619



                Name                               Link     Load   Length Selector   Space Scale
C:\Users\2013b\AppData\Local\Temp\sfsg.o
                end_init                             23       23        2        8       0
                reset_vec                             0        0        2        0       0
                config                             8007     8007        3    1000E       0
dist/default/production\HABnova.production.o
                cinit                                25       25       49        8       0
                intentry                              4        4       1F        8       0
                text29_split_1                      833      833      7CD     1066       0
                text70                             1000     1000        2     1066       0
                text69                             19A9     19A9       11     3352       0
                text68                             1A39     1A39       1E     3472       0
                text67                              429      429      14D        8       0
                text66                             196D     196D        9     32DA       0
                text65                             1943     1943        1     3286       0
                text64                             1999     1999       10     3332       0
                text62                             1BD4     1BD4       2C     37A8       0
                text61                             1A07     1A07       19     340E       0
                text60                             1AE0     1AE0       26     35C0       0
                text59                             1976     1976        9     32EC       0
                text58                             1948     1948        5     3290       0
                text57                             1D91     1D91       3B     3B22       0
                text56                             1E53     1E53       46     3CA6       0
                text55                             1E99     1E99       46     3D32       0
                text54                             1032     1032       51     2064       0
                text53                              795      795       6B        8       0
                text52                             1E0E     1E0E       45     3C1C       0
                text51                             1205     1205       6D     240A       0
                text50                             1A98     1A98       23     3530       0
                text49                             195F     195F        7     32BE       0
                text48                             1B55     1B55       2A     36AA       0
                text47                               6E       6E      219        8       0
                text46                             1137     1137       67     226E       0
                text45                             197F     197F        B     32FE       0
                text44                             1A20     1A20       19     3440       0
                text43                             1966     1966        7     32CC       0
                text42                             1CB5     1CB5       33     396A       0
                text41                             194D     194D        6     329A       0
                text40                             19DD     19DD       15     33BA       0
                text39                             198A     198A        F     3314       0
                text38                             13D9     13D9       91     27B2       0
                text37                             19CB     19CB       12     3396       0
                text36                             1B7F     1B7F       2A     36FE       0
                text35                             1083     1083       52     2106       0
                text34                             19BA     19BA       11     3374       0
                text33                             1002     1002       30     2004       0
                text32                             1C2C     1C2C       2D     3858       0
                text31                             170B     170B       F5     2E16       0
                text30                             1EDF     1EDF       47     3DBE       0
                text29                             15A1     15A1       A1     2B42       0
                text28                             1358     1358       81     26B0       0
                text27                             1C86     1C86       2F     390C       0
                text26                              287      287      1A2        8       0
                text25                             12E0     12E0       78     25C0       0
                text24                             1BA9     1BA9       2B     3752       0
                text23                             1944     1944        4     3288       0
                text22                             1F26     1F26       48     3E4C       0
                text21                             1B06     1B06       27     360C       0
                text20                             1A76     1A76       22     34EC       0
                text19                             1B2D     1B2D       28     365A       0
                text18                             1CE8     1CE8       36     39D0       0
                text17                             1ABB     1ABB       25     3576       0
                text16                             1DCC     1DCC       42     3B98       0
                text15                              576      576      12A        8       0
                text14                             10D5     10D5       62     21AA       0
                text13                             1D57     1D57       3A     3AAE       0
                text12                             1FB6     1FB6       4A     3F6C       0
                text11                             1C59     1C59       2D     38B2       0
                text10                             1503     1503       9E     2A06       0
                text9                              1D1E     1D1E       39     3A3C       0
                text8                              146A     146A       99     28D4       0
                text7                               6A0      6A0       F5        8       0
                text6                              1F6E     1F6E       48     3EDC       0
                text5                              119E     119E       67     233C       0
                text4                               800      800       33        8       0
                text3                              1272     1272       6E     24E4       0
                text2                              1A57     1A57       1F     34AE       0
                text1                              19F2     19F2       15     33E4       0
                maintext                           1642     1642       C9     2C84       0
                cstackBANK0                          20       20       50       20       1
                cstackCOMMON                         70       70        9       70       1
                cstackBANK1                          A0       A0       50       A0       1
                cstackBANK2                         120      120       37      120       1
                cstackBANK3                         1A0      1A0       33      1A0       1
                clrtext                            1953     1953        6     32A6       0
                inittext                           1959     1959        6     32B2       0
                bssBANK7                            3A0      3A0       49      3A0       1
                bssBANK6                            320      320       46      320       1
                dataBANK5                           2A0      2A0       2C      2A0       1
                bssBANK5                            2CC      2CC       1A      2A0       1
                bssBANK4                            220      220       37      220       1
                bssBANK3                            1D3      1D3       12      1A0       1
                bssBANK2                            157      157       16      120       1
                dataCOMMON                           7B       7B        2       70       1
                bssCOMMON                            79       79        2       70       1
                stringtext10                       18B4     18B4        2     3000       0
                stringtext9                        18AF     18AF        5     3000       0
                stringtext8                        18AA     18AA        5     3000       0
                stringtext7                        189C     189C        E     3000       0
                stringtext6                        1882     1882       1A     3000       0
                stringtext5                        1868     1868       1A     3000       0
                stringtext4                        184E     184E       1A     3000       0
                stringtext3                        1834     1834       1A     3000       0
                stringtext2                        181A     181A       1A     3000       0
                stringtext1                        1800     1800       1A     3000       0
                nvBANK2                             16D      16D        3      120       1
                idataBANK5                         1C00     1C00       2C     3800       0
                idataCOMMON                           2        2        2        0       0

TOTAL           Name                               Link     Load   Length     Space
        CLASS   STACK          

        CLASS   CODE           
                end_init                             23       23        2         0
                cinit                                25       25       49         0
                intentry                              4        4       1F         0
                reset_vec                             0        0        2         0
                text29_split_1                      833      833      7CD         0
                text70                             1000     1000        2         0
                text69                             19A9     19A9       11         0
                text68                             1A39     1A39       1E         0
                text67                              429      429      14D         0
                text66                             196D     196D        9         0
                text65                             1943     1943        1         0
                text64                             1999     1999       10         0
                text62                             1BD4     1BD4       2C         0
                text61                             1A07     1A07       19         0
                text60                             1AE0     1AE0       26         0
                text59                             1976     1976        9         0
                text58                             1948     1948        5         0
                text57                             1D91     1D91       3B         0
                text56                             1E53     1E53       46         0
                text55                             1E99     1E99       46         0
                text54                             1032     1032       51         0
                text53                              795      795       6B         0
                text52                             1E0E     1E0E       45         0
                text51                             1205     1205       6D         0
                text50                             1A98     1A98       23         0
                text49                             195F     195F        7         0
                text48                             1B55     1B55       2A         0
                text47                               6E       6E      219         0
                text46                             1137     1137       67         0
                text45                             197F     197F        B         0
                text44                             1A20     1A20       19         0
                text43                             1966     1966        7         0
                text42                             1CB5     1CB5       33         0
                text41                             194D     194D        6         0
                text40                             19DD     19DD       15         0
                text39                             198A     198A        F         0
                text38                             13D9     13D9       91         0
                text37                             19CB     19CB       12         0
                text36                             1B7F     1B7F       2A         0
                text35                             1083     1083       52         0
                text34                             19BA     19BA       11         0
                text33                             1002     1002       30         0
                text32                             1C2C     1C2C       2D         0
                text31                             170B     170B       F5         0
                text30                             1EDF     1EDF       47         0
                text29                             15A1     15A1       A1         0
                text28                             1358     1358       81         0
                text27                             1C86     1C86       2F         0
                text26                              287      287      1A2         0
                text25                             12E0     12E0       78         0
                text24                             1BA9     1BA9       2B         0
                text23                             1944     1944        4         0
                text22                             1F26     1F26       48         0
                text21                             1B06     1B06       27         0
                text20                             1A76     1A76       22         0
                text19                             1B2D     1B2D       28         0
                text18                             1CE8     1CE8       36         0
                text17                             1ABB     1ABB       25         0
                text16                             1DCC     1DCC       42         0
                text15                              576      576      12A         0
                text14                             10D5     10D5       62         0
                text13                             1D57     1D57       3A         0
                text12                             1FB6     1FB6       4A         0
                text11                             1C59     1C59       2D         0
                text10                             1503     1503       9E         0
                text9                              1D1E     1D1E       39         0
                text8                              146A     146A       99         0
                text7                               6A0      6A0       F5         0
                text6                              1F6E     1F6E       48         0
                text5                              119E     119E       67         0
                text4                               800      800       33         0
                text3                              1272     1272       6E         0
                text2                              1A57     1A57       1F         0
                text1                              19F2     19F2       15         0
                maintext                           1642     1642       C9         0
                clrtext                            1953     1953        6         0
                inittext                           1959     1959        6         0
                idataBANK5                         1C00     1C00       2C         0
                idataCOMMON                           2        2        2         0

        CLASS   STRCODE        
                stringtext10                       18B4     18B4        2         0
                stringtext9                        18AF     18AF        5         0
                stringtext8                        18AA     18AA        5         0
                stringtext7                        189C     189C        E         0
                stringtext6                        1882     1882       1A         0
                stringtext5                        1868     1868       1A         0
                stringtext4                        184E     184E       1A         0
                stringtext3                        1834     1834       1A         0
                stringtext2                        181A     181A       1A         0
                stringtext1                        1800     1800       1A         0

        CLASS   STRING         

        CLASS   CONST          

        CLASS   ENTRY          

        CLASS   COMMON         
                cstackCOMMON                         70       70        9         1
                dataCOMMON                           7B       7B        2         1
                bssCOMMON                            79       79        2         1

        CLASS   BANK0          
                cstackBANK0                          20       20       50         1

        CLASS   BANK1          
                cstackBANK1                          A0       A0       50         1

        CLASS   BANK2          
                cstackBANK2                         120      120       37         1
                bssBANK2                            157      157       16         1
                nvBANK2                             16D      16D        3         1

        CLASS   BANK3          
                cstackBANK3                         1A0      1A0       33         1
                bssBANK3                            1D3      1D3       12         1

        CLASS   BANK4          
                bssBANK4                            220      220       37         1

        CLASS   BANK5          
                dataBANK5                           2A0      2A0       2C         1
                bssBANK5                            2CC      2CC       1A         1

        CLASS   BANK6          
                bssBANK6                            320      320       46         1

        CLASS   BANK7          
                bssBANK7                            3A0      3A0       49         1

        CLASS   BANK8          

        CLASS   BANK9          

        CLASS   BANK10         

        CLASS   BANK11         

        CLASS   BANK12         

        CLASS   BIGRAM         

        CLASS   RAM            

        CLASS   ABS1           
                abs_s1                               7E       7E        2         1

        CLASS   SFR0           

        CLASS   SFR1           

        CLASS   SFR2           

        CLASS   SFR3           

        CLASS   SFR4           

        CLASS   SFR5           

        CLASS   SFR6           

        CLASS   SFR7           

        CLASS   SFR8           

        CLASS   SFR9           

        CLASS   SFR10          

        CLASS   SFR11          

        CLASS   SFR12          

        CLASS   SFR13          

        CLASS   SFR14          

        CLASS   SFR15          

        CLASS   SFR16          

        CLASS   SFR17          

        CLASS   SFR18          

        CLASS   SFR19          

        CLASS   SFR20          

        CLASS   SFR21          

        CLASS   SFR22          

        CLASS   SFR23          

        CLASS   SFR24          

        CLASS   SFR25          

        CLASS   SFR26          

        CLASS   SFR27          

        CLASS   SFR28          

        CLASS   SFR29          

        CLASS   SFR30          

        CLASS   SFR31          

        CLASS   CONFIG         
                config                             8007     8007        3         0

        CLASS   IDLOC          

        CLASS   BANK31         

        CLASS   BANK30         

        CLASS   BANK29         

        CLASS   BANK28         

        CLASS   BANK27         

        CLASS   BANK26         

        CLASS   BANK25         

        CLASS   BANK24         

        CLASS   BANK23         

        CLASS   BANK22         

        CLASS   BANK21         

        CLASS   BANK20         

        CLASS   BANK19         

        CLASS   BANK18         

        CLASS   BANK17         

        CLASS   BANK16         

        CLASS   BANK15         

        CLASS   BANK14         

        CLASS   BANK13         

        CLASS   EEDATA         



SEGMENTS        Name                           Load    Length   Top    Selector   Space  Class     Delta

                reset_vec                      000000  000004  000004         0       0  CODE        2
                intentry                       000004  00082F  000833         8       0  CODE        2
                cstackBANK0                    000020  000050  000070        20       1  BANK0       1
                cstackCOMMON                   000070  00000D  00007D        70       1  COMMON      1
                cstackBANK1                    0000A0  000050  0000F0        A0       1  BANK1       1
                cstackBANK2                    000120  000050  000170       120       1  BANK2       1
                cstackBANK3                    0001A0  000045  0001E5       1A0       1  BANK3       1
                bssBANK4                       000220  000037  000257       220       1  BANK4       1
                dataBANK5                      0002A0  000046  0002E6       2A0       1  BANK5       1
                bssBANK6                       000320  000046  000366       320       1  BANK6       1
                bssBANK7                       0003A0  000049  0003E9       3A0       1  BANK7       1
                text29_split_1                 000833  0007CF  001002      1066       0  CODE        2
                text33                         001002  000030  001032      2004       0  CODE        2
                text54                         001032  000051  001083      2064       0  CODE        2
                text35                         001083  000052  0010D5      2106       0  CODE        2
                text14                         0010D5  000062  001137      21AA       0  CODE        2
                text46                         001137  000067  00119E      226E       0  CODE        2
                text5                          00119E  000067  001205      233C       0  CODE        2
                text51                         001205  00006D  001272      240A       0  CODE        2
                text3                          001272  00006E  0012E0      24E4       0  CODE        2
                text25                         0012E0  000078  001358      25C0       0  CODE        2
                text28                         001358  000081  0013D9      26B0       0  CODE        2
                text38                         0013D9  000091  00146A      27B2       0  CODE        2
                text8                          00146A  000099  001503      28D4       0  CODE        2
                text10                         001503  00009E  0015A1      2A06       0  CODE        2
                text29                         0015A1  0000A1  001642      2B42       0  CODE        2
                maintext                       001642  0000C9  00170B      2C84       0  CODE        2
                text31                         00170B  0000F5  001800      2E16       0  CODE        2
                stringtext1                    001800  0000B6  0018B6      3000       0  STRCODE     2
                text65                         001943  000001  001944      3286       0  CODE        2
                text23                         001944  000004  001948      3288       0  CODE        2
                text58                         001948  000005  00194D      3290       0  CODE        2
                text41                         00194D  000006  001953      329A       0  CODE        2
                clrtext                        001953  000006  001959      32A6       0  CODE        2
                inittext                       001959  000006  00195F      32B2       0  CODE        2
                text49                         00195F  000007  001966      32BE       0  CODE        2
                text43                         001966  000007  00196D      32CC       0  CODE        2
                text66                         00196D  000009  001976      32DA       0  CODE        2
                text59                         001976  000009  00197F      32EC       0  CODE        2
                text45                         00197F  00000B  00198A      32FE       0  CODE        2
                text39                         00198A  00000F  001999      3314       0  CODE        2
                text64                         001999  000010  0019A9      3332       0  CODE        2
                text69                         0019A9  000011  0019BA      3352       0  CODE        2
                text34                         0019BA  000011  0019CB      3374       0  CODE        2
                text37                         0019CB  000012  0019DD      3396       0  CODE        2
                text40                         0019DD  000015  0019F2      33BA       0  CODE        2
                text1                          0019F2  000015  001A07      33E4       0  CODE        2
                text61                         001A07  000019  001A20      340E       0  CODE        2
                text44                         001A20  000019  001A39      3440       0  CODE        2
                text68                         001A39  00001E  001A57      3472       0  CODE        2
                text2                          001A57  00001F  001A76      34AE       0  CODE        2
                text20                         001A76  000022  001A98      34EC       0  CODE        2
                text50                         001A98  000023  001ABB      3530       0  CODE        2
                text17                         001ABB  000025  001AE0      3576       0  CODE        2
                text60                         001AE0  000026  001B06      35C0       0  CODE        2
                text21                         001B06  000027  001B2D      360C       0  CODE        2
                text19                         001B2D  000028  001B55      365A       0  CODE        2
                text48                         001B55  00002A  001B7F      36AA       0  CODE        2
                text36                         001B7F  00002A  001BA9      36FE       0  CODE        2
                text24                         001BA9  00002B  001BD4      3752       0  CODE        2
                text62                         001BD4  00002C  001C00      37A8       0  CODE        2
                idataBANK5                     001C00  00002C  001C2C      3800       0  CODE        2
                text32                         001C2C  00002D  001C59      3858       0  CODE        2
                text11                         001C59  00002D  001C86      38B2       0  CODE        2
                text27                         001C86  00002F  001CB5      390C       0  CODE        2
                text42                         001CB5  000033  001CE8      396A       0  CODE        2
                text18                         001CE8  000036  001D1E      39D0       0  CODE        2
                text9                          001D1E  000039  001D57      3A3C       0  CODE        2
                text13                         001D57  00003A  001D91      3AAE       0  CODE        2
                text57                         001D91  00003B  001DCC      3B22       0  CODE        2
                text16                         001DCC  000042  001E0E      3B98       0  CODE        2
                text52                         001E0E  000045  001E53      3C1C       0  CODE        2
                text56                         001E53  000046  001E99      3CA6       0  CODE        2
                text55                         001E99  000046  001EDF      3D32       0  CODE        2
                text30                         001EDF  000047  001F26      3DBE       0  CODE        2
                text22                         001F26  000048  001F6E      3E4C       0  CODE        2
                text6                          001F6E  000048  001FB6      3EDC       0  CODE        2
                text12                         001FB6  00004A  002000      3F6C       0  CODE        2
                config                         008007  000003  00800A     1000E       0  CONFIG      2


UNUSED ADDRESS RANGES

        Name                Unused          Largest block    Delta
        BANK10           000520-00056F               50           1
        BANK11           0005A0-0005EF               50           1
        BANK12           000620-00064F               30           1
        BANK3            0001E5-0001EF                B           1
        BANK4            000257-00026F               19           1
        BANK5            0002E6-0002EF                A           1
        BANK6            000366-00036F                A           1
        BANK7            0003E9-0003EF                7           1
        BANK8            000420-00046F               50           1
        BANK9            0004A0-0004EF               50           1
        BIGRAM           002000-0023EF              3F0           1
        CODE             0018B6-001942               8D           2
        COMMON           00007D-00007D                1           1
        CONST            0018B6-001942               4A           2
        ENTRY            0018B6-001942               4A           2
        IDLOC            008000-008003                4           2
        RAM              0001E5-0001EF                B           1
                         000257-00026F               19
                         0002E6-0002EF                A
                         000366-00036F                A
                         0003E9-0003EF                7
                         000420-00046F               50
                         0004A0-0004EF               50
                         000520-00056F               50
                         0005A0-0005EF               50
                         000620-00064F               30
        SFR0             000000-00001F               20           1
        SFR1             000080-00009F               20           1
        SFR10            000500-00051F               20           1
        SFR11            000580-00059F               20           1
        SFR12            000600-00061F               20           1
        SFR13            000680-0006EF               70           1
        SFR14            000700-00076F               70           1
        SFR15            000780-0007EF               70           1
        SFR16            000800-00086F               70           1
        SFR17            000880-0008EF               70           1
        SFR18            000900-00096F               70           1
        SFR19            000980-0009EF               70           1
        SFR2             000100-00011F               20           1
        SFR20            000A00-000A6F               70           1
        SFR21            000A80-000AEF               70           1
        SFR22            000B00-000B6F               70           1
        SFR23            000B80-000BEF               70           1
        SFR24            000C00-000C6F               70           1
        SFR25            000C80-000CEF               70           1
        SFR26            000D00-000D6F               70           1
        SFR27            000D80-000DEF               70           1
        SFR28            000E00-000E6F               70           1
        SFR29            000E80-000EEF               70           1
        SFR3             000180-00019F               20           1
        SFR30            000F00-000F6F               70           1
        SFR31            000F80-000FEF               70           1
        SFR4             000200-00021F               20           1
        SFR5             000280-00029F               20           1
        SFR6             000300-00031F               20           1
        SFR7             000380-00039F               20           1
        SFR8             000400-00041F               20           1
        SFR9             000480-00049F               20           1
        STACK            002279-0023EF              177           1
        STRCODE          0018B6-001942               8D           2
        STRING           0018B6-001942               4A           2

                                  Symbol Table

?_GetLengthUBX                            cstackCOMMON 000075
?___aldiv                                 cstackBANK0  000028
?___aodiv                                 cstackBANK0  000038
?___awdiv                                 cstackCOMMON 000075
?___awmod                                 cstackCOMMON 000075
?___lmul                                  cstackBANK0  000020
?___omul                                  cstackBANK0  000020
?_compensate_pressure                     cstackBANK0  000052
?_compensate_temperature                  cstackBANK0  000037
?_crc16                                   cstackBANK0  000025
?_crc_append_byte                         cstackCOMMON 000075
?_strlen                                  cstackCOMMON 000075
ClearString@counti                        cstackBANK0  000024
ClearString@i                             cstackBANK0  000026
ClearString@str                           cstackBANK0  000022
EUSART_Write@txData                       cstackCOMMON 000075
FindString@i                              cstackBANK0  00002B
FindString@matching                       cstackBANK0  00002D
FindString@src                            cstackBANK0  00002A
FindString@srcLen                         cstackBANK0  000022
FindString@target                         cstackBANK0  000024
FindString@targetLen                      cstackBANK0  000026
FlashError@i                              cstackCOMMON 000077
GPS_HasAcknowledged@ackByte               cstackBANK0  000024
GPS_HasAcknowledged@ackByteID             cstackBANK0  000030
GPS_HasAcknowledged@ackPacket             cstackBANK0  000025
GPS_HasAcknowledged@data                  cstackBANK0  00002F
GPS_HasAcknowledged@i                     cstackBANK0  000031
GPS_HasAcknowledged@startTime             cstackBANK0  000020
GPS_SendUBX@data                          cstackBANK0  000023
GPS_SendUBX@i                             cstackBANK0  000024
GPS_SendUBX@length                        cstackBANK0  000021
GetLengthUBX@data                         cstackCOMMON 000078
GetNavData@byte                           cstackBANK0  000062
GetNavData@dataFieldType                  cstackBANK0  00005E
GetNavData@dataIndex                      cstackBANK0  000060
GetNavData@data_type                      cstackBANK0  00004E
GetNavData@doParse                        cstackBANK0  00005D
GetNavData@index                          cstackBANK0  000063
GetNavData@signInsertIndex                cstackBANK0  00005B
GetNavData@skip                           cstackBANK0  000059
GetNavData@startTime                      cstackBANK0  000055
GetNavData@strId                          cstackBANK0  000042
GetNavData@success                        cstackBANK0  00005A
I2C_ISR@i2c_10bit_address_restart         bssBANK2     000163
I2C_ISR@i2c_address                       bssCOMMON    000079
I2C_ISR@i2c_bytes_left                    bssBANK2     000164
I2C_ISR@pi2c_buf_ptr                      bssBANK2     000160
I2C_MasterRead@address                    cstackBANK0  000028
I2C_MasterRead@length                     cstackBANK0  000027
I2C_MasterRead@pdata                      cstackBANK0  000025
I2C_MasterRead@pflag                      cstackBANK0  00002A
I2C_MasterRead@trBlock                    bssBANK3     0001DB
I2C_MasterReadTRBBuild@address            cstackBANK0  000023
I2C_MasterReadTRBBuild@length             cstackBANK0  000022
I2C_MasterReadTRBBuild@pdata              cstackBANK0  000020
I2C_MasterReadTRBBuild@ptrb               cstackCOMMON 000077
I2C_MasterTRBInsert@count                 cstackCOMMON 000078
I2C_MasterTRBInsert@pflag                 cstackCOMMON 000076
I2C_MasterTRBInsert@ptrb_list             cstackCOMMON 000075
I2C_MasterWrite@address                   cstackBANK0  000024
I2C_MasterWrite@length                    cstackBANK0  000023
I2C_MasterWrite@pdata                     cstackBANK0  000029
I2C_MasterWrite@pflag                     cstackBANK0  000026
I2C_MasterWrite@trBlock                   bssBANK3     0001E0
I2C_MasterWriteTRBBuild@address           cstackCOMMON 000077
I2C_MasterWriteTRBBuild@length            cstackCOMMON 000076
I2C_MasterWriteTRBBuild@pdata             cstackCOMMON 000075
I2C_MasterWriteTRBBuild@ptrb              cstackBANK0  000022
I2C_Stop@completion_code                  cstackCOMMON 000072
Insert@current                            cstackBANK0  000026
Insert@dest                               cstackBANK0  000027
Insert@destLimit                          cstackBANK0  000023
Insert@index                              cstackBANK0  000021
Insert@src                                cstackBANK0  000020
Insert@temp                               cstackBANK0  000025
InsertString@counti                       cstackBANK0  00002E
InsertString@dest                         cstackBANK0  000030
InsertString@destLimit                    cstackBANK0  00002C
InsertString@i                            cstackBANK0  000031
InsertString@index                        cstackBANK0  00002A
InsertString@src                          cstackBANK0  000028
IntToHexString@dest                       cstackBANK0  000036
IntToHexString@i                          cstackBANK0  00003D
IntToHexString@n                          cstackBANK0  000034
IntToHexString@remainder                  cstackBANK0  00003B
IntToString@dest                          cstackBANK0  000036
IntToString@i                             cstackBANK0  00003C
IntToString@n                             cstackBANK0  000034
IntToString@sign                          cstackBANK0  00003B
ReadEnvSensor@data                        cstackBANK0  00002F
ReadEnvSensor@dev_id                      cstackBANK0  00002D
ReadEnvSensor@len                         cstackBANK0  000031
ReadEnvSensor@reg_addr                    cstackBANK0  00002E
ReadEnvSensor@status                      cstackBANK0  000037
ReverseString@counti                      cstackBANK0  000030
ReverseString@halfway                     cstackBANK0  00002B
ReverseString@i                           cstackBANK0  000032
ReverseString@opposite                    cstackBANK0  00002E
ReverseString@str                         cstackBANK0  000025
ReverseString@temp                        cstackBANK0  00002D
SafeSetByte@data                          cstackBANK0  000024
SafeSetByte@dest                          cstackCOMMON 000077
SafeSetByte@index                         cstackBANK0  000022
SafeSetByte@length                        cstackBANK0  000020
Sleep@ms                                  cstackCOMMON 000075
Sleep@start                               cstackBANK0  000024
TMR0_SetInterruptHandler@InterruptHandler cstackCOMMON 000075
TransmitBit@b                             cstackCOMMON 000076
TransmitByte@byte                         cstackBANK0  000020
TransmitByte@i                            cstackBANK0  000021
TransmitString@counti                     cstackBANK0  000023
TransmitString@i                          cstackBANK0  000025
TransmitString@message                    cstackBANK0  000027
WriteEnvSensor@dev_id                     cstackBANK0  00002A
WriteEnvSensor@len                        cstackBANK0  00002D
WriteEnvSensor@local_address              cstackBANK0  000033
WriteEnvSensor@reg_addr                   cstackBANK0  00002B
WriteEnvSensor@reg_data                   cstackBANK0  00002C
WriteEnvSensor@status                     cstackBANK0  000034
WriteGPS@counti                           cstackBANK0  000024
WriteGPS@i                                cstackBANK0  000026
WriteGPS@message                          cstackBANK0  000022
_ANSELA                                   (abs)        00018C
_ANSELB                                   (abs)        00018D
_ANSELC                                   (abs)        00018E
_BAUD1CON                                 (abs)        00019F
_BORCON                                   (abs)        000116
_ClearString                              text60       001AE0
_EUSART_Initialize                        text45       00197F
_EUSART_Read                              text59       001976
_EUSART_Write                             text49       00195F
_EUSART_is_rx_ready                       text58       001948
_FindString                               text57       001D91
_FlashError                               text62       001BD4
_GPS_HasAcknowledged                      text38       0013D9
_GPS_SendUBX                              text36       001B7F
_GetLengthUBX                             text37       0019CB
_GetNavData                               text47       00006E
_I2C_BusCollisionISR                      text70       001000
_I2C_FunctionComplete                     text69       0019A9
_I2C_ISR                                  text67       000429
_I2C_Initialize                           text44       001A20
_I2C_MasterRead                           text21       001B06
_I2C_MasterReadTRBBuild                   text24       001BA9
_I2C_MasterTRBInsert                      text22       001F26
_I2C_MasterWrite                          text19       001B2D
_I2C_MasterWriteTRBBuild                  text20       001A76
_I2C_Stop                                 text68       001A39
_I2C_WaitForLastPacketToComplete          text23       001944
_INTCONbits                               (abs)        00000B
_INTERRUPT_InterruptManager               intentry     000004
_Insert                                   text56       001E53
_InsertString                             text55       001E99
_IntToHexString                           text46       001137
_IntToHexString$1796                      cstackBANK0  000039
_IntToString                              text51       001205
_LATA                                     (abs)        00010C
_LATAbits                                 (abs)        00010C
_LATB                                     (abs)        00010D
_LATC                                     (abs)        00010E
_LATCbits                                 (abs)        00010E
_ODCONA                                   (abs)        00028C
_ODCONB                                   (abs)        00028D
_ODCONC                                   (abs)        00028E
_OPTION_REG                               (abs)        000095
_OPTION_REGbits                           (abs)        000095
_OSCCON                                   (abs)        000099
_OSCILLATOR_Initialize                    text43       001966
_OSCTUNE                                  (abs)        000098
_PIE1bits                                 (abs)        000090
_PIE2bits                                 (abs)        000091
_PIN_MANAGER_Initialize                   text42       001CB5
_PIR1bits                                 (abs)        000010
_PIR2bits                                 (abs)        000011
_RB4PPS                                   (abs)        000E9C
_RB6PPS                                   (abs)        000E9E
_RB7PPS                                   (abs)        000E9F
_RC1REG                                   (abs)        000199
_RC1STA                                   (abs)        00019D
_RC1STAbits                               (abs)        00019D
_RXPPS                                    (abs)        000E24
_ReadEnvSensor                            text18       001CE8
_ReverseString                            text53       000795
_SLRCONA                                  (abs)        00030C
_SLRCONB                                  (abs)        00030D
_SLRCONC                                  (abs)        00030E
_SPBRGH                                   (abs)        00019C
_SPBRGL                                   (abs)        00019B
_SSP1ADD                                  (abs)        000212
_SSP1BUF                                  (abs)        000211
_SSP1CON1                                 (abs)        000215
_SSP1CON1bits                             (abs)        000215
_SSP1CON2bits                             (abs)        000216
_SSP1CON3                                 (abs)        000217
_SSP1STAT                                 (abs)        000214
_SSPCLKPPS                                (abs)        000E20
_SSPDATPPS                                (abs)        000E21
_SYSTEM_Initialize                        text39       00198A
_SafeSetByte                              text50       001A98
_SetupGPS                                 text35       001083
_Sleep                                    text13       001D57
_TMR0                                     (abs)        000015
_TMR0_DefaultInterruptHandler             text65       001943
_TMR0_ISR                                 text64       001999
_TMR0_Initialize                          text40       0019DD
_TMR0_InterruptHandler                    nvBANK2      00016D
_TMR0_SetInterruptHandler                 text41       00194D
_TRISA                                    (abs)        00008C
_TRISB                                    (abs)        00008D
_TRISC                                    (abs)        00008E
_TX1REG                                   (abs)        00019A
_TX1STA                                   (abs)        00019E
_TimerISR                                 text66       00196D
_TransmitBit                              text34       0019BA
_TransmitByte                             text33       001002
_TransmitString                           text32       001C2C
_WPUA                                     (abs)        00020C
_WPUB                                     (abs)        00020D
_WPUC                                     (abs)        00020E
_WriteEnvSensor                           text12       001FB6
_WriteGPS                                 text48       001B55
__CFG_BOREN$ON                            (abs)        000000
__CFG_BORV$LO                             (abs)        000000
__CFG_CLKOUTEN$OFF                        (abs)        000000
__CFG_CP$OFF                              (abs)        000000
__CFG_FCMEN$ON                            (abs)        000000
__CFG_FOSC$INTOSC                         (abs)        000000
__CFG_IESO$ON                             (abs)        000000
__CFG_LPBOR$OFF                           (abs)        000000
__CFG_LVP$ON                              (abs)        000000
__CFG_MCLRE$ON                            (abs)        000000
__CFG_PLLEN$OFF                           (abs)        000000
__CFG_PPS1WAY$ON                          (abs)        000000
__CFG_PWRTE$OFF                           (abs)        000000
__CFG_STVREN$ON                           (abs)        000000
__CFG_WDTCCS$SWC                          (abs)        000000
__CFG_WDTCPS$WDTCPS1F                     (abs)        000000
__CFG_WDTCWS$WDTCWSSW                     (abs)        000000
__CFG_WDTE$OFF                            (abs)        000000
__CFG_WRT$OFF                             (abs)        000000
__CFG_ZCD$OFF                             (abs)        000000
__Habs1                                   abs1         000000
__Hbank0                                  bank0        000000
__Hbank1                                  bank1        000000
__Hbank10                                 bank10       000000
__Hbank11                                 bank11       000000
__Hbank12                                 bank12       000000
__Hbank13                                 bank13       000000
__Hbank14                                 bank14       000000
__Hbank15                                 bank15       000000
__Hbank16                                 bank16       000000
__Hbank17                                 bank17       000000
__Hbank18                                 bank18       000000
__Hbank19                                 bank19       000000
__Hbank2                                  bank2        000000
__Hbank20                                 bank20       000000
__Hbank21                                 bank21       000000
__Hbank22                                 bank22       000000
__Hbank23                                 bank23       000000
__Hbank24                                 bank24       000000
__Hbank25                                 bank25       000000
__Hbank26                                 bank26       000000
__Hbank27                                 bank27       000000
__Hbank28                                 bank28       000000
__Hbank29                                 bank29       000000
__Hbank3                                  bank3        000000
__Hbank30                                 bank30       000000
__Hbank31                                 bank31       000000
__Hbank4                                  bank4        000000
__Hbank5                                  bank5        000000
__Hbank6                                  bank6        000000
__Hbank7                                  bank7        000000
__Hbank8                                  bank8        000000
__Hbank9                                  bank9        000000
__Hbigram                                 bigram       000000
__HbssBANK2                               bssBANK2     000000
__HbssBANK3                               bssBANK3     000000
__HbssBANK4                               bssBANK4     000000
__HbssBANK5                               bssBANK5     000000
__HbssBANK6                               bssBANK6     000000
__HbssBANK7                               bssBANK7     000000
__HbssCOMMON                              bssCOMMON    000000
__Hcinit                                  cinit        00006E
__Hclrtext                                clrtext      000000
__Hcode                                   code         000000
__Hcommon                                 common       000000
__Hconfig                                 config       00800A
__HcstackBANK0                            cstackBANK0  000000
__HcstackBANK1                            cstackBANK1  000000
__HcstackBANK2                            cstackBANK2  000000
__HcstackBANK3                            cstackBANK3  000000
__HcstackCOMMON                           cstackCOMMON 000000
__HdataBANK5                              dataBANK5    000000
__HdataCOMMON                             dataCOMMON   000000
__Heeprom_data                            eeprom_data  000000
__Hend_init                               end_init     000025
__Hfunctab                                functab      000000
__HidataBANK5                             idataBANK5   000000
__HidataCOMMON                            idataCOMMON  000000
__Hidloc                                  idloc        000000
__Hinit                                   init         000023
__Hinittext                               inittext     000000
__Hintentry                               intentry     000023
__Hmaintext                               maintext     000000
__HnvBANK2                                nvBANK2      000000
__Hpowerup                                powerup      000000
__Hram                                    ram          000000
__Hreset_vec                              reset_vec    000002
__Hsfr0                                   sfr0         000000
__Hsfr1                                   sfr1         000000
__Hsfr10                                  sfr10        000000
__Hsfr11                                  sfr11        000000
__Hsfr12                                  sfr12        000000
__Hsfr13                                  sfr13        000000
__Hsfr14                                  sfr14        000000
__Hsfr15                                  sfr15        000000
__Hsfr16                                  sfr16        000000
__Hsfr17                                  sfr17        000000
__Hsfr18                                  sfr18        000000
__Hsfr19                                  sfr19        000000
__Hsfr2                                   sfr2         000000
__Hsfr20                                  sfr20        000000
__Hsfr21                                  sfr21        000000
__Hsfr22                                  sfr22        000000
__Hsfr23                                  sfr23        000000
__Hsfr24                                  sfr24        000000
__Hsfr25                                  sfr25        000000
__Hsfr26                                  sfr26        000000
__Hsfr27                                  sfr27        000000
__Hsfr28                                  sfr28        000000
__Hsfr29                                  sfr29        000000
__Hsfr3                                   sfr3         000000
__Hsfr30                                  sfr30        000000
__Hsfr31                                  sfr31        000000
__Hsfr4                                   sfr4         000000
__Hsfr5                                   sfr5         000000
__Hsfr6                                   sfr6         000000
__Hsfr7                                   sfr7         000000
__Hsfr8                                   sfr8         000000
__Hsfr9                                   sfr9         000000
__Hspace_0                                (abs)        00800A
__Hspace_1                                (abs)        0003E9
__Hspace_2                                (abs)        000000
__Hspace_3                                (abs)        000000
__Hstack                                  stack        000000
__Hstrings                                strings      000000
__Hstringtext1                            stringtext1  000000
__Hstringtext10                           stringtext10 000000
__Hstringtext11                           stringtext11 000000
__Hstringtext2                            stringtext2  000000
__Hstringtext3                            stringtext3  000000
__Hstringtext4                            stringtext4  000000
__Hstringtext5                            stringtext5  000000
__Hstringtext6                            stringtext6  000000
__Hstringtext7                            stringtext7  000000
__Hstringtext8                            stringtext8  000000
__Hstringtext9                            stringtext9  000000
__Htext                                   text         000000
__Labs1                                   abs1         000000
__Lbank0                                  bank0        000000
__Lbank1                                  bank1        000000
__Lbank10                                 bank10       000000
__Lbank11                                 bank11       000000
__Lbank12                                 bank12       000000
__Lbank13                                 bank13       000000
__Lbank14                                 bank14       000000
__Lbank15                                 bank15       000000
__Lbank16                                 bank16       000000
__Lbank17                                 bank17       000000
__Lbank18                                 bank18       000000
__Lbank19                                 bank19       000000
__Lbank2                                  bank2        000000
__Lbank20                                 bank20       000000
__Lbank21                                 bank21       000000
__Lbank22                                 bank22       000000
__Lbank23                                 bank23       000000
__Lbank24                                 bank24       000000
__Lbank25                                 bank25       000000
__Lbank26                                 bank26       000000
__Lbank27                                 bank27       000000
__Lbank28                                 bank28       000000
__Lbank29                                 bank29       000000
__Lbank3                                  bank3        000000
__Lbank30                                 bank30       000000
__Lbank31                                 bank31       000000
__Lbank4                                  bank4        000000
__Lbank5                                  bank5        000000
__Lbank6                                  bank6        000000
__Lbank7                                  bank7        000000
__Lbank8                                  bank8        000000
__Lbank9                                  bank9        000000
__Lbigram                                 bigram       000000
__LbssBANK2                               bssBANK2     000000
__LbssBANK3                               bssBANK3     000000
__LbssBANK4                               bssBANK4     000000
__LbssBANK5                               bssBANK5     000000
__LbssBANK6                               bssBANK6     000000
__LbssBANK7                               bssBANK7     000000
__LbssCOMMON                              bssCOMMON    000000
__Lcinit                                  cinit        000025
__Lclrtext                                clrtext      000000
__Lcode                                   code         000000
__Lcommon                                 common       000000
__Lconfig                                 config       008007
__LcstackBANK0                            cstackBANK0  000000
__LcstackBANK1                            cstackBANK1  000000
__LcstackBANK2                            cstackBANK2  000000
__LcstackBANK3                            cstackBANK3  000000
__LcstackCOMMON                           cstackCOMMON 000000
__LdataBANK5                              dataBANK5    000000
__LdataCOMMON                             dataCOMMON   000000
__Leeprom_data                            eeprom_data  000000
__Lend_init                               end_init     000023
__Lfunctab                                functab      000000
__LidataBANK5                             idataBANK5   000000
__LidataCOMMON                            idataCOMMON  000000
__Lidloc                                  idloc        000000
__Linit                                   init         000023
__Linittext                               inittext     000000
__Lintentry                               intentry     000004
__Lmaintext                               maintext     000000
__LnvBANK2                                nvBANK2      000000
__Lpowerup                                powerup      000000
__Lram                                    ram          000000
__Lreset_vec                              reset_vec    000000
__Lsfr0                                   sfr0         000000
__Lsfr1                                   sfr1         000000
__Lsfr10                                  sfr10        000000
__Lsfr11                                  sfr11        000000
__Lsfr12                                  sfr12        000000
__Lsfr13                                  sfr13        000000
__Lsfr14                                  sfr14        000000
__Lsfr15                                  sfr15        000000
__Lsfr16                                  sfr16        000000
__Lsfr17                                  sfr17        000000
__Lsfr18                                  sfr18        000000
__Lsfr19                                  sfr19        000000
__Lsfr2                                   sfr2         000000
__Lsfr20                                  sfr20        000000
__Lsfr21                                  sfr21        000000
__Lsfr22                                  sfr22        000000
__Lsfr23                                  sfr23        000000
__Lsfr24                                  sfr24        000000
__Lsfr25                                  sfr25        000000
__Lsfr26                                  sfr26        000000
__Lsfr27                                  sfr27        000000
__Lsfr28                                  sfr28        000000
__Lsfr29                                  sfr29        000000
__Lsfr3                                   sfr3         000000
__Lsfr30                                  sfr30        000000
__Lsfr31                                  sfr31        000000
__Lsfr4                                   sfr4         000000
__Lsfr5                                   sfr5         000000
__Lsfr6                                   sfr6         000000
__Lsfr7                                   sfr7         000000
__Lsfr8                                   sfr8         000000
__Lsfr9                                   sfr9         000000
__Lspace_0                                (abs)        000000
__Lspace_1                                (abs)        000000
__Lspace_2                                (abs)        000000
__Lspace_3                                (abs)        000000
__Lstack                                  stack        000000
__Lstrings                                strings      000000
__Lstringtext1                            stringtext1  000000
__Lstringtext10                           stringtext10 000000
__Lstringtext11                           stringtext11 000000
__Lstringtext2                            stringtext2  000000
__Lstringtext3                            stringtext3  000000
__Lstringtext4                            stringtext4  000000
__Lstringtext5                            stringtext5  000000
__Lstringtext6                            stringtext6  000000
__Lstringtext7                            stringtext7  000000
__Lstringtext8                            stringtext8  000000
__Lstringtext9                            stringtext9  000000
__Ltext                                   text         000000
__S0                                      (abs)        00800A
__S1                                      (abs)        0003E9
__S2                                      (abs)        000000
___aldiv                                  text28       001358
___aldiv@counter                          cstackBANK0  000031
___aldiv@dividend                         cstackBANK0  00002C
___aldiv@divisor                          cstackBANK0  000028
___aldiv@quotient                         cstackBANK0  000033
___aldiv@sign                             cstackBANK0  000032
___aodiv                                  text31       00170B
___aodiv@counter                          cstackBANK0  000048
___aodiv@dividend                         cstackBANK0  000040
___aodiv@divisor                          cstackBANK0  000038
___aodiv@quotient                         cstackBANK0  00004A
___aodiv@sign                             cstackBANK0  000049
___awdiv                                  text54       001032
___awdiv@counter                          cstackBANK0  000021
___awdiv@dividend                         cstackCOMMON 000077
___awdiv@divisor                          cstackCOMMON 000075
___awdiv@quotient                         cstackBANK0  000023
___awdiv@sign                             cstackBANK0  000022
___awmod                                  text52       001E0E
___awmod@counter                          cstackBANK0  000021
___awmod@dividend                         cstackCOMMON 000077
___awmod@divisor                          cstackCOMMON 000075
___awmod@sign                             cstackBANK0  000022
___int_sp                                 stack        000000
___latbits                                (abs)        000002
___lmul                                   text27       001C86
___lmul@multiplicand                      cstackBANK0  000024
___lmul@multiplier                        cstackBANK0  000020
___lmul@product                           cstackCOMMON 000075
___omul                                   text30       001EDF
___omul@multiplicand                      cstackBANK0  000028
___omul@multiplier                        cstackBANK0  000020
___omul@product                           cstackBANK0  000030
___sp                                     stack        000000
___stackhi                                (abs)        0023EF
___stacklo                                (abs)        002279
__end_of_ClearString                      text60       001B06
__end_of_EUSART_Initialize                text45       00198A
__end_of_EUSART_Read                      text59       00197F
__end_of_EUSART_Write                     text49       001966
__end_of_EUSART_is_rx_ready               text58       00194D
__end_of_FindString                       text57       001DCC
__end_of_FlashError                       text62       001C00
__end_of_GPS_HasAcknowledged              text38       00146A
__end_of_GPS_SendUBX                      text36       001BA9
__end_of_GetLengthUBX                     text37       0019DD
__end_of_GetNavData                       text47       000287
__end_of_I2C_BusCollisionISR              text70       001002
__end_of_I2C_FunctionComplete             text69       0019BA
__end_of_I2C_ISR                          text67       000576
__end_of_I2C_Initialize                   text44       001A39
__end_of_I2C_MasterRead                   text21       001B2D
__end_of_I2C_MasterReadTRBBuild           text24       001BD4
__end_of_I2C_MasterTRBInsert              text22       001F6E
__end_of_I2C_MasterWrite                  text19       001B55
__end_of_I2C_MasterWriteTRBBuild          text20       001A98
__end_of_I2C_Stop                         text68       001A57
__end_of_I2C_WaitForLastPacketToComplete  text23       001948
__end_of_INTERRUPT_InterruptManager       intentry     000023
__end_of_Insert                           text56       001E99
__end_of_InsertString                     text55       001EDF
__end_of_IntToHexString                   text46       00119E
__end_of_IntToString                      text51       001272
__end_of_OSCILLATOR_Initialize            text43       00196D
__end_of_PIN_MANAGER_Initialize           text42       001CE8
__end_of_ReadEnvSensor                    text18       001D1E
__end_of_ReverseString                    text53       000800
__end_of_SYSTEM_Initialize                text39       001999
__end_of_SafeSetByte                      text50       001ABB
__end_of_SetupGPS                         text35       0010D5
__end_of_Sleep                            text13       001D91
__end_of_TMR0_DefaultInterruptHandler     text65       001944
__end_of_TMR0_ISR                         text64       0019A9
__end_of_TMR0_Initialize                  text40       0019F2
__end_of_TMR0_SetInterruptHandler         text41       001953
__end_of_TimerISR                         text66       001976
__end_of_TransmitBit                      text34       0019CB
__end_of_TransmitByte                     text33       001032
__end_of_TransmitString                   text32       001C59
__end_of_WriteEnvSensor                   text12       002000
__end_of_WriteGPS                         text48       001B7F
__end_of___aldiv                          text28       0013D9
__end_of___aodiv                          text31       001800
__end_of___awdiv                          text54       001083
__end_of___awmod                          text52       001E53
__end_of___lmul                           text27       001CB5
__end_of___omul                           text30       001F26
__end_of__initialization                  cinit        00006A
__end_of_bme280_compensate_data           text25       001358
__end_of_bme280_get_regs                  text16       001E0E
__end_of_bme280_get_sensor_data           text14       001137
__end_of_bme280_init                      text5        001205
__end_of_bme280_parse_sensor_data         text15       0006A0
__end_of_bme280_set_regs                  text10       0015A1
__end_of_bme280_soft_reset                text9        001D57
__end_of_compensate_pressure              text29_split_1 001000
__end_of_compensate_temperature           text26       000429
__end_of_crc16                            text3        0012E0
__end_of_crc_append_byte                  text4        000833
__end_of_get_calib_data                   text6        001FB6
__end_of_interleave_reg_addr              text11       001C86
__end_of_main                             maintext     00170B
__end_of_null_ptr_check                   text17       001AE0
__end_of_parse_humidity_calib_data        text8        001503
__end_of_parse_temp_press_calib_data      text7        000795
__end_of_strcat                           text1        001A07
__end_of_strcpy                           text2        001A76
__end_of_strlen                           text61       001A20
__initialization                          cinit        000025
__pbssBANK2                               bssBANK2     000157
__pbssBANK3                               bssBANK3     0001D3
__pbssBANK4                               bssBANK4     000220
__pbssBANK5                               bssBANK5     0002CC
__pbssBANK6                               bssBANK6     000320
__pbssBANK7                               bssBANK7     0003A0
__pbssCOMMON                              bssCOMMON    000079
__pcstackBANK0                            cstackBANK0  000020
__pcstackBANK1                            cstackBANK1  0000A0
__pcstackBANK2                            cstackBANK2  000120
__pcstackBANK3                            cstackBANK3  0001A0
__pcstackCOMMON                           cstackCOMMON 000070
__pdataBANK5                              dataBANK5    0002A0
__pdataCOMMON                             dataCOMMON   00007B
__pidataBANK5                             idataBANK5   001C00
__pidataCOMMON                            idataCOMMON  000002
__pintentry                               intentry     000004
__pmaintext                               maintext     001642
__pnvBANK2                                nvBANK2      00016D
__pstringtext1                            stringtext1  001800
__pstringtext10                           stringtext10 0018B4
__pstringtext11                           stringtext11 000000
__pstringtext2                            stringtext2  00181A
__pstringtext3                            stringtext3  001834
__pstringtext4                            stringtext4  00184E
__pstringtext5                            stringtext5  001868
__pstringtext6                            stringtext6  001882
__pstringtext7                            stringtext7  00189C
__pstringtext8                            stringtext8  0018AA
__pstringtext9                            stringtext9  0018AF
__ptext1                                  text1        0019F2
__ptext10                                 text10       001503
__ptext11                                 text11       001C59
__ptext12                                 text12       001FB6
__ptext13                                 text13       001D57
__ptext14                                 text14       0010D5
__ptext15                                 text15       000576
__ptext16                                 text16       001DCC
__ptext17                                 text17       001ABB
__ptext18                                 text18       001CE8
__ptext19                                 text19       001B2D
__ptext2                                  text2        001A57
__ptext20                                 text20       001A76
__ptext21                                 text21       001B06
__ptext22                                 text22       001F26
__ptext23                                 text23       001944
__ptext24                                 text24       001BA9
__ptext25                                 text25       0012E0
__ptext26                                 text26       000287
__ptext27                                 text27       001C86
__ptext28                                 text28       001358
__ptext29                                 text29       0015A1
__ptext3                                  text3        001272
__ptext30                                 text30       001EDF
__ptext31                                 text31       00170B
__ptext32                                 text32       001C2C
__ptext33                                 text33       001002
__ptext34                                 text34       0019BA
__ptext35                                 text35       001083
__ptext36                                 text36       001B7F
__ptext37                                 text37       0019CB
__ptext38                                 text38       0013D9
__ptext39                                 text39       00198A
__ptext4                                  text4        000800
__ptext40                                 text40       0019DD
__ptext41                                 text41       00194D
__ptext42                                 text42       001CB5
__ptext43                                 text43       001966
__ptext44                                 text44       001A20
__ptext45                                 text45       00197F
__ptext46                                 text46       001137
__ptext47                                 text47       00006E
__ptext48                                 text48       001B55
__ptext49                                 text49       00195F
__ptext5                                  text5        00119E
__ptext50                                 text50       001A98
__ptext51                                 text51       001205
__ptext52                                 text52       001E0E
__ptext53                                 text53       000795
__ptext54                                 text54       001032
__ptext55                                 text55       001E99
__ptext56                                 text56       001E53
__ptext57                                 text57       001D91
__ptext58                                 text58       001948
__ptext59                                 text59       001976
__ptext6                                  text6        001F6E
__ptext60                                 text60       001AE0
__ptext61                                 text61       001A07
__ptext62                                 text62       001BD4
__ptext64                                 text64       001999
__ptext65                                 text65       001943
__ptext66                                 text66       00196D
__ptext67                                 text67       000429
__ptext68                                 text68       001A39
__ptext69                                 text69       0019A9
__ptext7                                  text7        0006A0
__ptext70                                 text70       001000
__ptext8                                  text8        00146A
__ptext9                                  text9        001D1E
__size_of_ClearString                     (abs)        000000
__size_of_EUSART_Initialize               (abs)        000000
__size_of_EUSART_Read                     (abs)        000000
__size_of_EUSART_Write                    (abs)        000000
__size_of_EUSART_is_rx_ready              (abs)        000000
__size_of_FindString                      (abs)        000000
__size_of_FlashError                      (abs)        000000
__size_of_GPS_HasAcknowledged             (abs)        000000
__size_of_GPS_SendUBX                     (abs)        000000
__size_of_GetLengthUBX                    (abs)        000000
__size_of_GetNavData                      (abs)        000000
__size_of_I2C_BusCollisionISR             (abs)        000000
__size_of_I2C_FunctionComplete            (abs)        000000
__size_of_I2C_ISR                         (abs)        000000
__size_of_I2C_Initialize                  (abs)        000000
__size_of_I2C_MasterRead                  (abs)        000000
__size_of_I2C_MasterReadTRBBuild          (abs)        000000
__size_of_I2C_MasterTRBInsert             (abs)        000000
__size_of_I2C_MasterWrite                 (abs)        000000
__size_of_I2C_MasterWriteTRBBuild         (abs)        000000
__size_of_I2C_Stop                        (abs)        000000
__size_of_I2C_WaitForLastPacketToComplete (abs)        000000
__size_of_INTERRUPT_InterruptManager      (abs)        000000
[...]
      Params:         0       2       0       0       0       0       0       0       0       0       0       0       0       0
      Locals:         0       4       0       0       0       0       0       0       0       0       0       0       0       0
      Temps:          1       0       0       0       0       0       0       0       0       0       0       0       0       0
      Totals:         1       6       0       0       0       0       0       0       0       0       0       0       0       0
Total ram usage:        7 bytes
 Hardware stack levels used:    1
 Hardware stack levels required when called:    4
 This function calls:
		_strlen
 This function is called by:
		_GetNavData
 This function uses a non-reentrant model


 *************** function _strlen *****************
 Defined at:
		line 12 in file "K:\Programs\MPLABX\XC8 Compiler\pic\sources\c99\common\strlen.c"
 Parameters:    Size  Location     Type
  s               2    5[COMMON] PTR const unsigned char 
		 -> checksum(6), main@convertedSensorData(16), GetNavData@strId(12), STR_10(5), 
		 -> STR_7(14), GetNavData@data_type(7), STR_6(26), STR_5(26), 
		 -> STR_4(26), STR_3(26), STR_2(26), STR_1(26), 
		 -> message_end(73), message_start(70), 
 Auto vars:     Size  Location     Type
  a               2    0[BANK0 ] PTR const unsigned char 
		 -> checksum(6), main@convertedSensorData(16), GetNavData@strId(12), STR_10(5), 
		 -> STR_7(14), GetNavData@data_type(7), STR_6(26), STR_5(26), 
		 -> STR_4(26), STR_3(26), STR_2(26), STR_1(26), 
		 -> message_end(73), message_start(70), 
 Return value:  Size  Location     Type
                  2    5[COMMON] unsigned int 
 Registers used:
		wreg, fsr0l, fsr0h, status,2, status,0
 Tracked objects:
		On entry : 
		On exit  : 
		Unchanged: 
 Data sizes:     COMMON   BANK0   BANK1   BANK2   BANK3   BANK4   BANK5   BANK6   BANK7   BANK8   BANK9  BANK10  BANK11  BANK12
      Params:         2       0       0       0       0       0       0       0       0       0       0       0       0       0
      Locals:         0       2       0       0       0       0       0       0       0       0       0       0       0       0
      Temps:          1       0       0       0       0       0       0       0       0       0       0       0       0       0
      Totals:         3       2       0       0       0       0       0       0       0       0       0       0       0       0
Total ram usage:        5 bytes
 Hardware stack levels used:    1
 Hardware stack levels required when called:    3
 This function calls:
		Nothing
 This function is called by:
		_ClearString
		_InsertString
		_ReverseString
		_crc16
		_TransmitString
		_WriteGPS
		_GetNavData
		_strcat
 This function uses a non-reentrant model


 *************** function _FlashError *****************
 Defined at:
		line 30 in file "main.c"
 Parameters:    Size  Location     Type
		None
 Auto vars:     Size  Location     Type
  i               2    7[COMMON] int 
 Return value:  Size  Location     Type
                  1    wreg      void 
 Registers used:
		wreg, status,2
 Tracked objects:
		On entry : 
		On exit  : 
		Unchanged: 
 Data sizes:     COMMON   BANK0   BANK1   BANK2   BANK3   BANK4   BANK5   BANK6   BANK7   BANK8   BANK9  BANK10  BANK11  BANK12
      Params:         0       0       0       0       0       0       0       0       0       0       0       0       0       0
      Locals:         2       0       0       0       0       0       0       0       0       0       0       0       0       0
      Temps:          2       0       0       0       0       0       0       0       0       0       0       0       0       0
      Totals:         4       0       0       0       0       0       0       0       0       0       0       0       0       0
Total ram usage:        4 bytes
 Hardware stack levels used:    1
 Hardware stack levels required when called:    3
 This function calls:
		Nothing
 This function is called by:
		_main
 This function uses a non-reentrant model


 *************** function _INTERRUPT_InterruptManager *****************
 Defined at:
		line 52 in file "mcc_generated_files/interrupt_manager.c"
 Parameters:    Size  Location     Type
		None
 Auto vars:     Size  Location     Type
		None
 Return value:  Size  Location     Type
                  1    wreg      void 
 Registers used:
		wreg, fsr0l, fsr0h, fsr1l, fsr1h, status,2, status,0, pclath, cstack
 Tracked objects:
		On entry : 
		On exit  : 
		Unchanged: 
 Data sizes:     COMMON   BANK0   BANK1   BANK2   BANK3   BANK4   BANK5   BANK6   BANK7   BANK8   BANK9  BANK10  BANK11  BANK12
      Params:         0       0       0       0       0       0       0       0       0       0       0       0       0       0
      Locals:         0       0       0       0       0       0       0       0       0       0       0       0       0       0
      Temps:          0       0       0       0       0       0       0       0       0       0       0       0       0       0
      Totals:         0       0       0       0       0       0       0       0       0       0       0       0       0       0
Total ram usage:        0 bytes
 Hardware stack levels used:    1
 Hardware stack levels required when called:    2
 This function calls:
		_I2C_BusCollisionISR
		_I2C_ISR
		_TMR0_ISR
 This function is called by:
		Interrupt level 1
 This function uses a non-reentrant model


 *************** function _TMR0_ISR *****************
 Defined at:
		line 108 in file "mcc_generated_files/tmr0.c"
 Parameters:    Size  Location     Type
		None
 Auto vars:     Size  Location     Type
		None
 Return value:  Size  Location     Type
                  1    wreg      void 
 Registers used:
		wreg, status,2, status,0, pclath, cstack
 Tracked objects:
		On entry : 
		On exit  : 
		Unchanged: 
 Data sizes:     COMMON   BANK0   BANK1   BANK2   BANK3   BANK4   BANK5   BANK6   BANK7   BANK8   BANK9  BANK10  BANK11  BANK12
      Params:         0       0       0       0       0       0       0       0       0       0       0       0       0       0
      Locals:         0       0       0       0       0       0       0       0       0       0       0       0       0       0
      Temps:          0       0       0       0       0       0       0       0       0       0       0       0       0       0
      Totals:         0       0       0       0       0       0       0       0       0       0       0       0       0       0
Total ram usage:        0 bytes
 Hardware stack levels used:    1
 Hardware stack levels required when called:    1
 This function calls:
		Absolute function
		_TMR0_DefaultInterruptHandler
		_TimerISR
 This function is called by:
		_INTERRUPT_InterruptManager
 This function uses a non-reentrant model


 *************** function _TMR0_DefaultInterruptHandler *****************
 Defined at:
		line 129 in file "mcc_generated_files/tmr0.c"
 Parameters:    Size  Location     Type
		None
 Auto vars:     Size  Location     Type
		None
 Return value:  Size  Location     Type
                  1    wreg      void 
 Registers used:
		None
 Tracked objects:
		On entry : 
		On exit  : 
		Unchanged: 
 Data sizes:     COMMON   BANK0   BANK1   BANK2   BANK3   BANK4   BANK5   BANK6   BANK7   BANK8   BANK9  BANK10  BANK11  BANK12
      Params:         0       0       0       0       0       0       0       0       0       0       0       0       0       0
      Locals:         0       0       0       0       0       0       0       0       0       0       0       0       0       0
      Temps:          0       0       0       0       0       0       0       0       0       0       0       0       0       0
      Totals:         0       0       0       0       0       0       0       0       0       0       0       0       0       0
Total ram usage:        0 bytes
 Hardware stack levels used:    1
 This function calls:
		Nothing
 This function is called by:
		_TMR0_Initialize
		_TMR0_ISR
 This function uses a non-reentrant model


 *************** function _TimerISR *****************
 Defined at:
		line 9 in file "main.c"
 Parameters:    Size  Location     Type
		None
 Auto vars:     Size  Location     Type
		None
 Return value:  Size  Location     Type
                  1    wreg      void 
 Registers used:
		wreg
 Tracked objects:
		On entry : 
		On exit  : 
		Unchanged: 
 Data sizes:     COMMON   BANK0   BANK1   BANK2   BANK3   BANK4   BANK5   BANK6   BANK7   BANK8   BANK9  BANK10  BANK11  BANK12
      Params:         0       0       0       0       0       0       0       0       0       0       0       0       0       0
      Locals:         0       0       0       0       0       0       0       0       0       0       0       0       0       0
      Temps:          0       0       0       0       0       0       0       0       0       0       0       0       0       0
      Totals:         0       0       0       0       0       0       0       0       0       0       0       0       0       0
Total ram usage:        0 bytes
 Hardware stack levels used:    1
 This function calls:
		Nothing
 This function is called by:
		_main
		_TMR0_ISR
 This function uses a non-reentrant model


 *************** function _I2C_ISR *****************
 Defined at:
		line 235 in file "mcc_generated_files/i2c.c"
 Parameters:    Size  Location     Type
		None
 Auto vars:     Size  Location     Type
		None
 Return value:  Size  Location     Type
                  1    wreg      void 
 Registers used:
		wreg, fsr0l, fsr0h, fsr1l, fsr1h, status,2, status,0, pclath, cstack
 Tracked objects:
		On entry : 
		On exit  : 
		Unchanged: 
 Data sizes:     COMMON   BANK0   BANK1   BANK2   BANK3   BANK4   BANK5   BANK6   BANK7   BANK8   BANK9  BANK10  BANK11  BANK12
      Params:         0       0       0       0       0       0       0       0       0       0       0       0       0       0
      Locals:         0       0       0       0       0       0       0       0       0       0       0       0       0       0
      Temps:          2       0       0       0       0       0       0       0       0       0       0       0       0       0
      Totals:         2       0       0       0       0       0       0       0       0       0       0       0       0       0
Total ram usage:        2 bytes
 Hardware stack levels used:    1
 Hardware stack levels required when called:    1
 This function calls:
		_I2C_FunctionComplete
		_I2C_Stop
 This function is called by:
		_INTERRUPT_InterruptManager
 This function uses a non-reentrant model


 *************** function _I2C_Stop *****************
 Defined at:
		line 583 in file "mcc_generated_files/i2c.c"
 Parameters:    Size  Location     Type
  completion_c    1    wreg     enum E9631
 Auto vars:     Size  Location     Type
  completion_c    1    2[COMMON] enum E9631
 Return value:  Size  Location     Type
                  1    wreg      void 
 Registers used:
		wreg, fsr1l, fsr1h, status,2, status,0
 Tracked objects:
		On entry : 
		On exit  : 
		Unchanged: 
 Data sizes:     COMMON   BANK0   BANK1   BANK2   BANK3   BANK4   BANK5   BANK6   BANK7   BANK8   BANK9  BANK10  BANK11  BANK12
      Params:         0       0       0       0       0       0       0       0       0       0       0       0       0       0
      Locals:         1       0       0       0       0       0       0       0       0       0       0       0       0       0
      Temps:          2       0       0       0       0       0       0       0       0       0       0       0       0       0
      Totals:         3       0       0       0       0       0       0       0       0       0       0       0       0       0
Total ram usage:        3 bytes
 Hardware stack levels used:    1
 This function calls:
		Nothing
 This function is called by:
		_I2C_ISR
 This function uses a non-reentrant model


 *************** function _I2C_FunctionComplete *****************
 Defined at:
		line 565 in file "mcc_generated_files/i2c.c"
 Parameters:    Size  Location     Type
		None
 Auto vars:     Size  Location     Type
		None
 Return value:  Size  Location     Type
                  1    wreg      void 
 Registers used:
		wreg, status,2, status,0
 Tracked objects:
		On entry : 
		On exit  : 
		Unchanged: 
 Data sizes:     COMMON   BANK0   BANK1   BANK2   BANK3   BANK4   BANK5   BANK6   BANK7   BANK8   BANK9  BANK10  BANK11  BANK12
      Params:         0       0       0       0       0       0       0       0       0       0       0       0       0       0
      Locals:         0       0       0       0       0       0       0       0       0       0       0       0       0       0
      Temps:          1       0       0       0       0       0       0       0       0       0       0       0       0       0
      Totals:         1       0       0       0       0       0       0       0       0       0       0       0       0       0
Total ram usage:        1 bytes
 Hardware stack levels used:    1
 This function calls:
		Nothing
 This function is called by:
		_I2C_ISR
 This function uses a non-reentrant model


 *************** function _I2C_BusCollisionISR *****************
 Defined at:
		line 742 in file "mcc_generated_files/i2c.c"
 Parameters:    Size  Location     Type
		None
 Auto vars:     Size  Location     Type
		None
 Return value:  Size  Location     Type
                  1    wreg      void 
 Registers used:
		None
 Tracked objects:
		On entry : 
		On exit  : 
		Unchanged: 
 Data sizes:     COMMON   BANK0   BANK1   BANK2   BANK3   BANK4   BANK5   BANK6   BANK7   BANK8   BANK9  BANK10  BANK11  BANK12
      Params:         0       0       0       0       0       0       0       0       0       0       0       0       0       0
      Locals:         0       0       0       0       0       0       0       0       0       0       0       0       0       0
      Temps:          0       0       0       0       0       0       0       0       0       0       0       0       0       0
      Totals:         0       0       0       0       0       0       0       0       0       0       0       0       0       0
Total ram usage:        0 bytes
 Hardware stack levels used:    1
 This function calls:
		Nothing
 This function is called by:
		_INTERRUPT_InterruptManager
 This function uses a non-reentrant model



MODULE INFORMATION

Module		Function		Class		Link	Load	Size
K:\Programs\MPLABX\XC8 Compiler\pic\sources\c99\common\awmod.c
		___awmod       		CODE           	1E0E	0000	70

K:\Programs\MPLABX\XC8 Compiler\pic\sources\c99\common\awmod.c estimated size: 70

K:\Programs\MPLABX\XC8 Compiler\pic\sources\c99\common\Umul64.c
		___omul        		CODE           	1EDF	0000	72

K:\Programs\MPLABX\XC8 Compiler\pic\sources\c99\common\Umul64.c estimated size: 72

mcc_generated_files/interrupt_manager.c
		_INTERRUPT_InterruptManager		CODE           	0004	0000	32

mcc_generated_files/interrupt_manager.c estimated size: 32

mcc_generated_files/i2c.c
		_I2C_FunctionComplete		CODE           	19A9	0000	18
		_I2C_MasterWrite		CODE           	1B2D	0000	41
		_I2C_MasterTRBInsert		CODE           	1F26	0000	73
		_I2C_ISR       		CODE           	0429	0000	334
		_I2C_Stop      		CODE           	1A39	0000	31
		_I2C_MasterReadTRBBuild		CODE           	1BA9	0000	44
		_I2C_WaitForLastPacketToComplete		CODE           	1944	0000	5
		_I2C_Initialize		CODE           	1A20	0000	26
		_I2C_MasterWriteTRBBuild		CODE           	1A76	0000	35
		_I2C_BusCollisionISR		CODE           	1000	0000	3
		_I2C_MasterRead		CODE           	1B06	0000	40

mcc_generated_files/i2c.c estimated size: 650

mcc_generated_files/tmr0.c
		_TMR0_SetInterruptHandler		CODE           	194D	0000	7
		_TMR0_DefaultInterruptHandler		CODE           	1943	0000	2
		_TMR0_ISR      		CODE           	1999	0000	17
		_TMR0_Initialize		CODE           	19DD	0000	22

mcc_generated_files/tmr0.c estimated size: 48

K:\Programs\MPLABX\XC8 Compiler\pic\sources\c99\common\aodiv.c
		___aodiv       		CODE           	170B	0000	246

K:\Programs\MPLABX\XC8 Compiler\pic\sources\c99\common\aodiv.c estimated size: 246

mcc_generated_files/pin_manager.c
		_PIN_MANAGER_Initialize		CODE           	1CB5	0000	52

mcc_generated_files/pin_manager.c estimated size: 52

BME280_driver/bme280.c
		_compensate_temperature		CODE           	0287	0000	419
		_bme280_get_sensor_data		CODE           	10D5	0000	99
		_bme280_get_regs		CODE           	1DCC	0000	67
		_bme280_set_regs		CODE           	1503	0000	159
		_compensate_pressure		CODE           	15A1	0000	2159
		_get_calib_data		CODE           	1F6E	0000	73
		_parse_humidity_calib_data		CODE           	146A	0000	154
		_bme280_init   		CODE           	119E	0000	104
		_null_ptr_check		CODE           	1ABB	0000	38
		_interleave_reg_addr		CODE           	1C59	0000	46
		_bme280_parse_sensor_data		CODE           	0576	0000	299
		_bme280_compensate_data		CODE           	12E0	0000	121
		_parse_temp_press_calib_data		CODE           	06A0	0000	246
		_bme280_soft_reset		CODE           	1D1E	0000	58

BME280_driver/bme280.c estimated size: 4042

K:\Programs\MPLABX\XC8 Compiler\pic\sources\c99\common\awdiv.c
		___awdiv       		CODE           	1032	0000	82

K:\Programs\MPLABX\XC8 Compiler\pic\sources\c99\common\awdiv.c estimated size: 82

K:\Programs\MPLABX\XC8 Compiler\pic\sources\c99\common\aldiv.c
		___aldiv       		CODE           	1358	0000	130

K:\Programs\MPLABX\XC8 Compiler\pic\sources\c99\common\aldiv.c estimated size: 130

K:\Programs\MPLABX\XC8 Compiler\pic\sources\c99\common\Umul32.c
		___lmul        		CODE           	1C86	0000	48

K:\Programs\MPLABX\XC8 Compiler\pic\sources\c99\common\Umul32.c estimated size: 48

K:\Programs\MPLABX\XC8 Compiler\pic\sources\c99\common\strcat.c
		_strcat        		CODE           	19F2	0000	22

K:\Programs\MPLABX\XC8 Compiler\pic\sources\c99\common\strcat.c estimated size: 22

shared
		__initialization		CODE           	0025	0000	70

shared estimated size: 70

mcc_generated_files/mcc.c
		_OSCILLATOR_Initialize		CODE           	1966	0000	8
		_SYSTEM_Initialize		CODE           	198A	0000	16

mcc_generated_files/mcc.c estimated size: 24

K:\Programs\MPLABX\XC8 Compiler\pic\sources\c99\common\strlen.c
		_strlen        		CODE           	1A07	0000	26

K:\Programs\MPLABX\XC8 Compiler\pic\sources\c99\common\strlen.c estimated size: 26

K:\Programs\MPLABX\XC8 Compiler\pic\sources\c99\common\strcpy.c
		_strcpy        		CODE           	1A57	0000	32

K:\Programs\MPLABX\XC8 Compiler\pic\sources\c99\common\strcpy.c estimated size: 32

mcc_generated_files/eusart.c
		_EUSART_Read   		CODE           	1976	0000	10
		_EUSART_Write  		CODE           	195F	0000	8
		_EUSART_Initialize		CODE           	197F	0000	12
		_EUSART_is_rx_ready		CODE           	1948	0000	6

mcc_generated_files/eusart.c estimated size: 36

main.c
		_GPS_SendUBX   		CODE           	1B7F	0000	43
		_WriteEnvSensor		CODE           	1FB6	0000	75
		_FindString    		CODE           	1D91	0000	60
		_IntToHexString		CODE           	1137	0000	104
		_FlashError    		CODE           	1BD4	0000	45
		_main          		CODE           	1642	0000	202
		_crc16         		CODE           	1272	0000	111
		_Insert        		CODE           	1E53	0000	71
		_TimerISR      		CODE           	196D	0000	10
		_InsertString  		CODE           	1E99	0000	71
		_Sleep         		CODE           	1D57	0000	59
		_TransmitBit   		CODE           	19BA	0000	18
		_TransmitByte  		CODE           	1002	0000	49
		_GetLengthUBX  		CODE           	19CB	0000	19
		_ReverseString 		CODE           	0795	0000	108
		_GetNavData    		CODE           	006E	0000	538
		_WriteGPS      		CODE           	1B55	0000	43
		_ClearString   		CODE           	1AE0	0000	39
		_GPS_HasAcknowledged		CODE           	13D9	0000	146
		_crc_append_byte		CODE           	0800	0000	52
		_TransmitString		CODE           	1C2C	0000	46
		_SetupGPS      		CODE           	1083	0000	83
		_IntToString   		CODE           	1205	0000	110
		_ReadEnvSensor 		CODE           	1CE8	0000	55
		_SafeSetByte   		CODE           	1A98	0000	36

main.c estimated size: 2193

