Microchip MPLAB XC8 Compiler V2.05 ()

Linker command line:

-W-3 --edf=K:\Programs\MPLABX\XC8 Compiler\pic\dat\en_msgs.txt -cs \
  -h+dist/default/production\Wisp-1.production.sym \
  --cmf=dist/default/production\Wisp-1.production.cmf -z -Q16F18446 \
  -oC:\Users\2013b\AppData\Local\Temp\s7mk.2 --defsym=__MPLAB_BUILD=1 \
  -Mdist/default/production/Wisp-1.production.map -E1 -ver=XC8 --acfsm=1493 \
  -ASTACK=02226h-027EFh -pstack=STACK -ACODE=00h-07FFhx8 \
  -ASTRCODE=00h-03FFFh -ASTRING=00h-0FFhx64 -ACONST=00h-0FFhx64 \
  -AENTRY=00h-0FFhx64 -ACOMMON=070h-07Fh -ABANK0=020h-06Fh \
  -ABANK1=0A0h-0EFh -ABANK2=0120h-016Fh -ABANK3=01A0h-01EFh \
  -ABANK4=0220h-026Fh -ABANK5=02A0h-02EFh -ABANK6=0320h-036Fh \
  -ABANK7=03A0h-03EFh -ABANK8=0420h-046Fh -ABANK9=04A0h-04EFh \
  -ABANK10=0520h-056Fh -ABANK11=05A0h-05EFh -ABANK12=0620h-066Fh \
  -ABANK13=06A0h-06EFh -ABANK14=0720h-076Fh -ABANK15=07A0h-07EFh \
  -ABANK16=0820h-086Fh -ABANK17=08A0h-08EFh -ABANK18=0920h-096Fh \
  -ABANK19=09A0h-09EFh -ABANK20=0A20h-0A6Fh -ABANK21=0AA0h-0AEFh \
  -ABANK22=0B20h-0B6Fh -ABANK23=0BA0h-0BEFh -ABANK24=0C20h-0C6Fh \
  -ABANK25=0CA0h-0CBFh -ABIGRAM=02000h-027EFh \
  -ARAM=020h-06Fh,0A0h-0EFh,0120h-016Fh,01A0h-01EFh,0220h-026Fh,02A0h-02EFh,0320h-036Fh,03A0h-03EFh,0420h-046Fh,04A0h-04EFh,0520h-056Fh,05A0h-05EFh,0620h-066Fh,06A0h-06EFh,0720h-076Fh,07A0h-07EFh,0820h-086Fh,08A0h-08EFh,0920h-096Fh,09A0h-09EFh,0A20h-0A6Fh,0AA0h-0AEFh,0B20h-0B6Fh,0BA0h-0BEFh,0C20h-0C6Fh,0CA0h-0CBFh \
  -AABS1=020h-07Fh,0A0h-0EFh,0120h-016Fh,01A0h-01EFh,0220h-026Fh,02A0h-02EFh,0320h-036Fh,03A0h-03EFh,0420h-046Fh,04A0h-04EFh,0520h-056Fh,05A0h-05EFh,0620h-066Fh,06A0h-06EFh,0720h-076Fh,07A0h-07EFh,0820h-086Fh,08A0h-08EFh,0920h-096Fh,09A0h-09EFh,0A20h-0A6Fh,0AA0h-0AEFh,0B20h-0B6Fh,0BA0h-0BEFh,0C20h-0C6Fh,0CA0h-0CBFh \
  -ASFR0=00h-01Fh -ASFR1=080h-09Fh -ASFR2=0100h-011Fh -ASFR3=0180h-019Fh \
  -ASFR4=0200h-021Fh -ASFR5=0280h-029Fh -ASFR6=0300h-031Fh \
  -ASFR7=0380h-039Fh -ASFR8=0400h-041Fh -ASFR9=0480h-049Fh \
  -ASFR10=0500h-051Fh -ASFR11=0580h-059Fh -ASFR12=0600h-061Fh \
  -ASFR13=0680h-069Fh -ASFR14=0700h-071Fh -ASFR15=0780h-079Fh \
  -ASFR16=0800h-081Fh -ASFR17=0880h-089Fh -ASFR18=0900h-091Fh \
  -ASFR19=0980h-099Fh -ASFR20=0A00h-0A1Fh -ASFR21=0A80h-0A9Fh \
  -ASFR22=0B00h-0B1Fh -ASFR23=0B80h-0B9Fh -ASFR24=0C00h-0C1Fh \
  -ASFR25=0C80h-0C9Fh -ASFR26=0D00h-0D6Fh -ASFR27=0D80h-0DEFh \
  -ASFR28=0E00h-0E6Fh -ASFR29=0E80h-0EEFh -ASFR30=0F00h-0F6Fh \
  -ASFR31=0F80h-0FEFh -ASFR32=01000h-0106Fh -ASFR33=01080h-010EFh \
  -ASFR34=01100h-0116Fh -ASFR35=01180h-011EFh -ASFR36=01200h-0126Fh \
  -ASFR37=01280h-012EFh -ASFR38=01300h-0136Fh -ASFR39=01380h-013EFh \
  -ASFR40=01400h-0146Fh -ASFR41=01480h-014EFh -ASFR42=01500h-0156Fh \
  -ASFR43=01580h-015EFh -ASFR44=01600h-0166Fh -ASFR45=01680h-016EFh \
  -ASFR46=01700h-0176Fh -ASFR47=01780h-017EFh -ASFR48=01800h-0186Fh \
  -ASFR49=01880h-018EFh -ASFR50=01900h-0196Fh -ASFR51=01980h-019EFh \
  -ASFR52=01A00h-01A6Fh -ASFR53=01A80h-01AEFh -ASFR54=01B00h-01B6Fh \
  -ASFR55=01B80h-01BEFh -ASFR56=01C00h-01C6Fh -ASFR57=01C80h-01CEFh \
  -ASFR58=01D00h-01D6Fh -ASFR59=01D80h-01DEFh -ASFR60=01E00h-01E6Fh \
  -ASFR61=01E80h-01EEFh -ASFR62=01F00h-01F6Fh -ASFR63=01F80h-01FEFh \
  -preset_vec=00h,intentry=04h,init,end_init -ppowerup=CODE -pcinit=CODE \
  -pfunctab=ENTRY -ACONFIG=08007h-0800Bh -pconfig=CONFIG -DCONFIG=2 \
  -AIDLOC=08000h-08003h -pidloc=IDLOC -DIDLOC=2 -AEEDATA=00h-0FFh/0F000h \
  -peeprom_data=EEDATA -DEEDATA=2 -DCODE=2 -DSTRCODE=2 -DSTRING=2 -DCONST=2 \
  -DENTRY=2 -k C:\Users\2013b\AppData\Local\Temp\s7mk.o \
  dist/default/production\Wisp-1.production.o 

Object code version is 3.11

Machine type is 16F18446



                Name                               Link     Load   Length Selector   Space Scale
C:\Users\2013b\AppData\Local\Temp\s7mk.o
                end_init                              E        E        2        8       0
                reset_vec                             0        0        2        0       0
                config                             8007     8007        5    1000E       0
dist/default/production\Wisp-1.production.o
                cinit                                10       10       42        8       0
                intentry                              4        4        A        8       0
                text87                             2680     2680        A     4D00       0
                text86                              7FF      7FF        1        8       0
                text85                             26AB     26AB        D     4D56       0
                text83                             26FA     26FA       14     4DF4       0
                text82                             1944     1944       2B     3288       0
                text81                             18F0     18F0       2A     31E0       0
                text80                             1D3D     1D3D       48     3A7A       0
                text79                             2641     2641        5     4C82       0
                text78                             1001     1001        3     2002       0
                text77                             26B8     26B8        E     4D70       0
                text76                             1A7F     1A7F       33     34FE       0
                text75                             19F2     19F2       2D     33E4       0
                text74                             1808     1808       25     3010       0
                text73                             1640     1640       A1     2C80       0
                text72                             1AEB     1AEB       3C     35D6       0
                text71                             2739     2739       19     4E72       0
                text70                             1E68     1E68       51     3CD0       0
                text69                             1C28     1C28       44     3850       0
                text68                             15A7     15A7       99     2B4E       0
                text67                              804      804       F5     1008       0
                text66                             1E1B     1E1B       4D     3C36       0
                text65                             11DE     11DE       6B     23BC       0
                text64                              7D2      7D2       2D        8       0
                text63                             1059     1059       58     20B2       0
                text62                             276D     276D       1C     4EDA       0
                text61                             2789     2789       1C     4F12       0
                text60                             1CB1     1CB1       46     3962       0
                text59                             1F0A     1F0A       52     3E14       0
                text58                             2752     2752       1B     4EA4       0
                text57                             27A5     27A5       1C     4F4A       0
                text56                             1CF7     1CF7       46     39EE       0
                text55                             191A     191A       2A     3234       0
                text54                             1852     1852       26     30A4       0
                text53                             1BA4     1BA4       42     3748       0
                text52                             1AB2     1AB2       39     3564       0
                text51                             1B64     1B64       40     36C8       0
                text50                             2694     2694        B     4D28       0
                text49                             12B6     12B6       76     256C       0
                text48                             1249     1249       6D     2492       0
                text47                             264B     264B        6     4C96       0
                text46                             266F     266F        8     4CDE       0
                text45                             1EB9     1EB9       51     3D72       0
                text44                             2722     2722       17     4E44       0
                text43                             1110     1110       65     2220       0
                text42                             1C6C     1C6C       45     38D8       0
                text41                             1175     1175       69     22EA       0
                text40                             27C1     27C1       1E     4F82       0
                text39                             182D     182D       25     305A       0
                text38                             269F     269F        C     4D3E       0
                text37                             2646     2646        5     4C8C       0
                text36                             132C     132C       76     2658       0
                text35                             1F5C     1F5C       52     3EB8       0
                text34                             1800     1800        8     2DC2       0
                text33                             189F     189F       28     313E       0
                text32                             196F     196F       2B     32DE       0
                text31                              5AA      5AA      228        8       0
                text30                             2651     2651        6     4CA2       0
                text29                             2657     2657        6     4CAE       0
                text28                             265D     265D        6     4CBA       0
                text27                             27DF     27DF       21     4FBE       0
                text26                             2677     2677        9     4CEE       0
                text25                             18C7     18C7       29     318E       0
                text24                             268A     268A        A     4D14       0
                text23                             26E7     26E7       13     4DCE       0
                text22                             26C6     26C6        F     4D8C       0
                text21                             1515     1515       92     2A2A       0
                text20                             26D5     26D5       12     4DAA       0
                text19                             1878     1878       27     30F0       0
                text18                             1DCF     1DCF       4C     3B9E       0
                text17                             270E     270E       14     4E1C       0
                text16                             1A4E     1A4E       31     349C       0
                text15                             199A     199A       2C     3334       0
                text14                             13A2     13A2       78     2744       0
                text13                             1FAE     1FAE       52     3F5C       0
                text12                             1BE6     1BE6       42     37CC       0
                text11                             1004     1004       55     2008       0
                text10                             1493     1493       82     2926       0
                text9                              1A1F     1A1F       2F     343E       0
                text8                               D36      D36      2CA     1A6C       0
                text7                                52       52      558        8       0
                text6                               8F9      8F9      1A8     11F2       0
                text5                              141A     141A       79     2834       0
                text4                              16E1     16E1      11F     2DC2       0
                text3                              10B1     10B1       5F     2162       0
                text2                              1B27     1B27       3D     364E       0
                text1                              1D85     1D85       4A     3B0A       0
                maintext                            AA1      AA1      295     1542       0
                cstackBANK0                          20       20       4F       20       1
                cstackCOMMON                         70       70        E       70       1
                cstackBANK1                          A0       A0       48       A0       1
                cstackBANK2                         147      147       20      120       1
                clrtext                            2663     2663        6     4CC6       0
                inittext                           2669     2669        6     4CD2       0
                bssBANK6                            320      320       46      320       1
                bssBANK5                            2A0      2A0       46      2A0       1
                dataBANK4                           220      220       2C      220       1
                bssBANK3                            1A0      1A0       4D      1A0       1
                dataBANK2                           16B      16B        4      120       1
                bssBANK2                            120      120       27      120       1
                bssBANK1                             E8       E8        6       A0       1
                stringtext11                       28B6     28B6        3     5000       0
                stringtext10                       28B1     28B1        5     5000       0
                stringtext9                        28AA     28AA        7     5000       0
                stringtext8                        289C     289C        E     5000       0
                stringtext7                        2882     2882       1A     5000       0
                stringtext6                        2868     2868       1A     5000       0
                stringtext5                        284E     284E       1A     5000       0
                stringtext4                        2834     2834       1A     5000       0
                stringtext3                        281A     281A       1A     5000       0
                stringtext2                        2800     2800       1A     5000       0
                nvBANK3                             1ED      1ED        2      1A0       1
                nvBANK2                             167      167        4      120       1
                nvBANK1                              EE       EE        2       A0       1
                stringtext1                        28B9     28B9        2     5000       0
                idataBANK4                         19C6     19C6       2C     338C       0
                idataBANK2                          800      800        4     1000       0

TOTAL           Name                               Link     Load   Length     Space
        CLASS   STACK          

        CLASS   CODE           
                end_init                              E        E        2         0
                cinit                                10       10       42         0
                intentry                              4        4        A         0
                reset_vec                             0        0        2         0
                text87                             2680     2680        A         0
                text86                              7FF      7FF        1         0
                text85                             26AB     26AB        D         0
                text83                             26FA     26FA       14         0
                text82                             1944     1944       2B         0
                text81                             18F0     18F0       2A         0
                text80                             1D3D     1D3D       48         0
                text79                             2641     2641        5         0
                text78                             1001     1001        3         0
                text77                             26B8     26B8        E         0
                text76                             1A7F     1A7F       33         0
                text75                             19F2     19F2       2D         0
                text74                             1808     1808       25         0
                text73                             1640     1640       A1         0
                text72                             1AEB     1AEB       3C         0
                text71                             2739     2739       19         0
                text70                             1E68     1E68       51         0
                text69                             1C28     1C28       44         0
                text68                             15A7     15A7       99         0
                text67                              804      804       F5         0
                text66                             1E1B     1E1B       4D         0
                text65                             11DE     11DE       6B         0
                text64                              7D2      7D2       2D         0
                text63                             1059     1059       58         0
                text62                             276D     276D       1C         0
                text61                             2789     2789       1C         0
                text60                             1CB1     1CB1       46         0
                text59                             1F0A     1F0A       52         0
                text58                             2752     2752       1B         0
                text57                             27A5     27A5       1C         0
                text56                             1CF7     1CF7       46         0
                text55                             191A     191A       2A         0
                text54                             1852     1852       26         0
                text53                             1BA4     1BA4       42         0
                text52                             1AB2     1AB2       39         0
                text51                             1B64     1B64       40         0
                text50                             2694     2694        B         0
                text49                             12B6     12B6       76         0
                text48                             1249     1249       6D         0
                text47                             264B     264B        6         0
                text46                             266F     266F        8         0
                text45                             1EB9     1EB9       51         0
                text44                             2722     2722       17         0
                text43                             1110     1110       65         0
                text42                             1C6C     1C6C       45         0
                text41                             1175     1175       69         0
                text40                             27C1     27C1       1E         0
                text39                             182D     182D       25         0
                text38                             269F     269F        C         0
                text37                             2646     2646        5         0
                text36                             132C     132C       76         0
                text35                             1F5C     1F5C       52         0
                text34                             1800     1800        8         0
                text33                             189F     189F       28         0
                text32                             196F     196F       2B         0
                text31                              5AA      5AA      228         0
                text30                             2651     2651        6         0
                text29                             2657     2657        6         0
                text28                             265D     265D        6         0
                text27                             27DF     27DF       21         0
                text26                             2677     2677        9         0
                text25                             18C7     18C7       29         0
                text24                             268A     268A        A         0
                text23                             26E7     26E7       13         0
                text22                             26C6     26C6        F         0
                text21                             1515     1515       92         0
                text20                             26D5     26D5       12         0
                text19                             1878     1878       27         0
                text18                             1DCF     1DCF       4C         0
                text17                             270E     270E       14         0
                text16                             1A4E     1A4E       31         0
                text15                             199A     199A       2C         0
                text14                             13A2     13A2       78         0
                text13                             1FAE     1FAE       52         0
                text12                             1BE6     1BE6       42         0
                text11                             1004     1004       55         0
                text10                             1493     1493       82         0
                text9                              1A1F     1A1F       2F         0
                text8                               D36      D36      2CA         0
                text7                                52       52      558         0
                text6                               8F9      8F9      1A8         0
                text5                              141A     141A       79         0
                text4                              16E1     16E1      11F         0
                text3                              10B1     10B1       5F         0
                text2                              1B27     1B27       3D         0
                text1                              1D85     1D85       4A         0
                maintext                            AA1      AA1      295         0
                clrtext                            2663     2663        6         0
                inittext                           2669     2669        6         0
                idataBANK4                         19C6     19C6       2C         0
                idataBANK2                          800      800        4         0

        CLASS   STRCODE        
                stringtext11                       28B6     28B6        3         0
                stringtext10                       28B1     28B1        5         0
                stringtext9                        28AA     28AA        7         0
                stringtext8                        289C     289C        E         0
                stringtext7                        2882     2882       1A         0
                stringtext6                        2868     2868       1A         0
                stringtext5                        284E     284E       1A         0
                stringtext4                        2834     2834       1A         0
                stringtext3                        281A     281A       1A         0
                stringtext2                        2800     2800       1A         0
                stringtext1                        28B9     28B9        2         0

        CLASS   STRING         

        CLASS   CONST          

        CLASS   ENTRY          

        CLASS   COMMON         
                cstackCOMMON                         70       70        E         1

        CLASS   BANK0          
                cstackBANK0                          20       20       4F         1

        CLASS   BANK1          
                cstackBANK1                          A0       A0       48         1
                bssBANK1                             E8       E8        6         1
                nvBANK1                              EE       EE        2         1

        CLASS   BANK2          
                cstackBANK2                         147      147       20         1
                dataBANK2                           16B      16B        4         1
                bssBANK2                            120      120       27         1
                nvBANK2                             167      167        4         1

        CLASS   BANK3          
                bssBANK3                            1A0      1A0       4D         1
                nvBANK3                             1ED      1ED        2         1

        CLASS   BANK4          
                dataBANK4                           220      220       2C         1

        CLASS   BANK5          
                bssBANK5                            2A0      2A0       46         1

        CLASS   BANK6          
                bssBANK6                            320      320       46         1

        CLASS   BANK7          

        CLASS   BANK8          

        CLASS   BANK9          

        CLASS   BANK10         

        CLASS   BANK11         

        CLASS   BANK12         

        CLASS   BANK13         

        CLASS   BANK14         

        CLASS   BANK15         

        CLASS   BANK16         

        CLASS   BANK17         

        CLASS   BANK18         

        CLASS   BANK19         

        CLASS   BANK20         

        CLASS   BANK21         

        CLASS   BANK22         

        CLASS   BANK23         

        CLASS   BANK24         

        CLASS   BANK25         

        CLASS   BIGRAM         

        CLASS   RAM            

        CLASS   ABS1           
                abs_s1                               7E       7E        2         1

        CLASS   SFR0           

        CLASS   SFR1           

        CLASS   SFR2           

        CLASS   SFR3           

        CLASS   SFR4           

        CLASS   SFR5           

        CLASS   SFR6           

        CLASS   SFR7           

        CLASS   SFR8           

        CLASS   SFR9           

        CLASS   SFR10          

        CLASS   SFR11          

        CLASS   SFR12          

        CLASS   SFR13          

        CLASS   SFR14          

        CLASS   SFR15          

        CLASS   SFR16          

        CLASS   SFR17          

        CLASS   SFR18          

        CLASS   SFR19          

        CLASS   SFR20          

        CLASS   SFR21          

        CLASS   SFR22          

        CLASS   SFR23          

        CLASS   SFR24          

        CLASS   SFR25          

        CLASS   SFR26          

        CLASS   SFR27          

        CLASS   SFR28          

        CLASS   SFR29          

        CLASS   SFR30          

        CLASS   SFR31          

        CLASS   SFR32          

        CLASS   SFR33          

        CLASS   SFR34          

        CLASS   SFR35          

        CLASS   SFR36          

        CLASS   SFR37          

        CLASS   SFR38          

        CLASS   SFR39          

        CLASS   SFR40          

        CLASS   SFR41          

        CLASS   SFR42          

        CLASS   SFR43          

        CLASS   SFR44          

        CLASS   SFR45          

        CLASS   SFR46          

        CLASS   SFR47          

        CLASS   SFR48          

        CLASS   SFR49          

        CLASS   SFR50          

        CLASS   SFR51          

        CLASS   SFR52          

        CLASS   SFR53          

        CLASS   SFR54          

        CLASS   SFR55          

        CLASS   SFR56          

        CLASS   SFR57          

        CLASS   SFR58          

        CLASS   SFR59          

        CLASS   SFR60          

        CLASS   SFR61          

        CLASS   SFR62          

        CLASS   SFR63          

        CLASS   CONFIG         
                config                             8007     8007        5         0

        CLASS   IDLOC          

        CLASS   EEDATA         

        CLASS   BANK63         

        CLASS   BANK62         

        CLASS   BANK61         

        CLASS   BANK60         

        CLASS   BANK59         

        CLASS   BANK58         

        CLASS   BANK57         

        CLASS   BANK56         

        CLASS   BANK55         

        CLASS   BANK54         

        CLASS   BANK53         

        CLASS   BANK52         

        CLASS   BANK51         

        CLASS   BANK50         

        CLASS   BANK49         

        CLASS   BANK48         

        CLASS   BANK47         

        CLASS   BANK46         

        CLASS   BANK45         

        CLASS   BANK44         

        CLASS   BANK43         

        CLASS   BANK42         

        CLASS   BANK41         

        CLASS   BANK40         

        CLASS   BANK39         

        CLASS   BANK38         

        CLASS   BANK37         

        CLASS   BANK36         

        CLASS   BANK35         

        CLASS   BANK34         

        CLASS   BANK33         

        CLASS   BANK32         

        CLASS   BANK31         

        CLASS   BANK30         

        CLASS   BANK29         

        CLASS   BANK28         

        CLASS   BANK27         

        CLASS   BANK26         



SEGMENTS        Name                           Load    Length   Top    Selector   Space  Class     Delta

                reset_vec                      000000  000002  000002         0       0  CODE        2
                intentry                       000004  0007FC  000800         8       0  CODE        2
                cstackBANK0                    000020  00004F  00006F        20       1  BANK0       1
                cstackCOMMON                   000070  00000E  00007E        70       1  COMMON      1
                cstackBANK1                    0000A0  000050  0000F0        A0       1  BANK1       1
                bssBANK2                       000120  00004F  00016F       120       1  BANK2       1
                bssBANK3                       0001A0  00004F  0001EF       1A0       1  BANK3       1
                dataBANK4                      000220  00002C  00024C       220       1  BANK4       1
                bssBANK5                       0002A0  000046  0002E6       2A0       1  BANK5       1
                bssBANK6                       000320  000046  000366       320       1  BANK6       1
                idataBANK2                     000800  000004  000804      1000       0  CODE        2
                text67                         000804  0000F5  0008F9      1008       0  CODE        2
                text6                          0008F9  0001A8  000AA1      11F2       0  CODE        2
                maintext                       000AA1  000295  000D36      1542       0  CODE        2
                text8                          000D36  0002CA  001000      1A6C       0  CODE        2
                text78                         001001  000003  001004      2002       0  CODE        2
                text11                         001004  000055  001059      2008       0  CODE        2
                text63                         001059  000058  0010B1      20B2       0  CODE        2
                text3                          0010B1  00005F  001110      2162       0  CODE        2
                text43                         001110  000065  001175      2220       0  CODE        2
                text41                         001175  000069  0011DE      22EA       0  CODE        2
                text65                         0011DE  00006B  001249      23BC       0  CODE        2
                text48                         001249  00006D  0012B6      2492       0  CODE        2
                text49                         0012B6  000076  00132C      256C       0  CODE        2
                text36                         00132C  000076  0013A2      2658       0  CODE        2
                text14                         0013A2  000078  00141A      2744       0  CODE        2
                text5                          00141A  000079  001493      2834       0  CODE        2
                text10                         001493  000082  001515      2926       0  CODE        2
                text21                         001515  000092  0015A7      2A2A       0  CODE        2
                text68                         0015A7  000099  001640      2B4E       0  CODE        2
                text73                         001640  0000A1  0016E1      2C80       0  CODE        2
                text4                          0016E1  000127  001808      2DC2       0  CODE        2
                text74                         001808  000025  00182D      3010       0  CODE        2
                text39                         00182D  000025  001852      305A       0  CODE        2
                text54                         001852  000026  001878      30A4       0  CODE        2
                text19                         001878  000027  00189F      30F0       0  CODE        2
                text33                         00189F  000028  0018C7      313E       0  CODE        2
                text25                         0018C7  000029  0018F0      318E       0  CODE        2
                text81                         0018F0  00002A  00191A      31E0       0  CODE        2
                text55                         00191A  00002A  001944      3234       0  CODE        2
                text82                         001944  00002B  00196F      3288       0  CODE        2
                text32                         00196F  00002B  00199A      32DE       0  CODE        2
                text15                         00199A  00002C  0019C6      3334       0  CODE        2
                idataBANK4                     0019C6  00002C  0019F2      338C       0  CODE        2
                text75                         0019F2  00002D  001A1F      33E4       0  CODE        2
                text9                          001A1F  00002F  001A4E      343E       0  CODE        2
                text16                         001A4E  000031  001A7F      349C       0  CODE        2
                text76                         001A7F  000033  001AB2      34FE       0  CODE        2
                text52                         001AB2  000039  001AEB      3564       0  CODE        2
                text72                         001AEB  00003C  001B27      35D6       0  CODE        2
                text2                          001B27  00003D  001B64      364E       0  CODE        2
                text51                         001B64  000040  001BA4      36C8       0  CODE        2
                text53                         001BA4  000042  001BE6      3748       0  CODE        2
                text12                         001BE6  000042  001C28      37CC       0  CODE        2
                text69                         001C28  000044  001C6C      3850       0  CODE        2
                text42                         001C6C  000045  001CB1      38D8       0  CODE        2
                text60                         001CB1  000046  001CF7      3962       0  CODE        2
                text56                         001CF7  000046  001D3D      39EE       0  CODE        2
                text80                         001D3D  000048  001D85      3A7A       0  CODE        2
                text1                          001D85  00004A  001DCF      3B0A       0  CODE        2
                text18                         001DCF  00004C  001E1B      3B9E       0  CODE        2
                text66                         001E1B  00004D  001E68      3C36       0  CODE        2
                text70                         001E68  000051  001EB9      3CD0       0  CODE        2
                text45                         001EB9  000051  001F0A      3D72       0  CODE        2
                text59                         001F0A  000052  001F5C      3E14       0  CODE        2
                text35                         001F5C  000052  001FAE      3EB8       0  CODE        2
                text13                         001FAE  000052  002000      3F5C       0  CODE        2
                text79                         002641  000005  002646      4C82       0  CODE        2
                text37                         002646  000005  00264B      4C8C       0  CODE        2
                text47                         00264B  000006  002651      4C96       0  CODE        2
                text30                         002651  000006  002657      4CA2       0  CODE        2
                text29                         002657  000006  00265D      4CAE       0  CODE        2
                text28                         00265D  000006  002663      4CBA       0  CODE        2
                clrtext                        002663  000006  002669      4CC6       0  CODE        2
                inittext                       002669  000006  00266F      4CD2       0  CODE        2
                text46                         00266F  000008  002677      4CDE       0  CODE        2
                text26                         002677  000009  002680      4CEE       0  CODE        2
                text87                         002680  00000A  00268A      4D00       0  CODE        2
                text24                         00268A  00000A  002694      4D14       0  CODE        2
                text50                         002694  00000B  00269F      4D28       0  CODE        2
                text38                         00269F  00000C  0026AB      4D3E       0  CODE        2
                text85                         0026AB  00000D  0026B8      4D56       0  CODE        2
                text77                         0026B8  00000E  0026C6      4D70       0  CODE        2
                text22                         0026C6  00000F  0026D5      4D8C       0  CODE        2
                text20                         0026D5  000012  0026E7      4DAA       0  CODE        2
                text23                         0026E7  000013  0026FA      4DCE       0  CODE        2
                text83                         0026FA  000014  00270E      4DF4       0  CODE        2
                text17                         00270E  000014  002722      4E1C       0  CODE        2
                text44                         002722  000017  002739      4E44       0  CODE        2
                text71                         002739  000019  002752      4E72       0  CODE        2
                text58                         002752  00001B  00276D      4EA4       0  CODE        2
                text62                         00276D  00001C  002789      4EDA       0  CODE        2
                text61                         002789  00001C  0027A5      4F12       0  CODE        2
                text57                         0027A5  00001C  0027C1      4F4A       0  CODE        2
                text40                         0027C1  00001E  0027DF      4F82       0  CODE        2
                text27                         0027DF  000021  002800      4FBE       0  CODE        2
                stringtext2                    002800  0000BB  0028BB      5000       0  STRCODE     2
                config                         008007  000005  00800C     1000E       0  CONFIG      2


UNUSED ADDRESS RANGES

        Name                Unused          Largest block    Delta
        BANK0            0006F-0006F               1           1
        BANK10           00520-0056F              50           1
        BANK11           005A0-005EF              50           1
        BANK12           00620-0066F              50           1
        BANK13           006A0-006EF              50           1
        BANK14           00720-0076F              50           1
        BANK15           007A0-007EF              50           1
        BANK16           00820-0086F              50           1
        BANK17           008A0-008EF              50           1
        BANK18           00920-0096F              50           1
        BANK19           009A0-009EF              50           1
        BANK2            0016F-0016F               1           1
        BANK20           00A20-00A6F              50           1
        BANK21           00AA0-00AEF              50           1
        BANK22           00B20-00B6F              50           1
        BANK23           00BA0-00BEF              50           1
        BANK24           00C20-00C6F              50           1
        BANK25           00CA0-00CBF              20           1
        BANK3            001EF-001EF               1           1
        BANK4            0024C-0026F              24           1
        BANK5            002E6-002EF               A           1
        BANK6            00366-0036F               A           1
        BANK7            003A0-003EF              50           1
        BANK8            00420-0046F              50           1
        BANK9            004A0-004EF              50           1
        BIGRAM           02000-027EF             7F0           1
        CODE             00002-00003               2           2
                         01000-01000               1
                         02000-02640             641
                         028BB-03FFF             800
        CONST            00002-00003               2           2
                         01000-01000               1
                         02000-02640             100
                         028BB-03FFF             100
        EEDATA           0F000-0F0FF             100           2
        ENTRY            00002-00003               2           2
                         01000-01000               1
                         02000-02640             100
                         028BB-03FFF             100
        IDLOC            08000-08003               4           2
        RAM              0006F-0006F               1           1
                         0016F-0016F               1
                         001EF-001EF               1
                         0024C-0026F              24
                         002E6-002EF               A
                         00366-0036F               A
                         003A0-003EF              50
                         00420-0046F              50
                         004A0-004EF              50
                         00520-0056F              50
                         005A0-005EF              50
                         00620-0066F              50
                         006A0-006EF              50
                         00720-0076F              50
                         007A0-007EF              50
                         00820-0086F              50
                         008A0-008EF              50
                         00920-0096F              50
                         009A0-009EF              50
                         00A20-00A6F              50
                         00AA0-00AEF              50
                         00B20-00B6F              50
                         00BA0-00BEF              50
                         00C20-00C6F              50
                         00CA0-00CBF              20
        SFR0             00000-0001F              20           1
        SFR1             00080-0009F              20           1
        SFR10            00500-0051F              20           1
        SFR11            00580-0059F              20           1
        SFR12            00600-0061F              20           1
        SFR13            00680-0069F              20           1
        SFR14            00700-0071F              20           1
        SFR15            00780-0079F              20           1
        SFR16            00800-0081F              20           1
        SFR17            00880-0089F              20           1
        SFR18            00900-0091F              20           1
        SFR19            00980-0099F              20           1
        SFR2             00100-0011F              20           1
        SFR20            00A00-00A1F              20           1
        SFR21            00A80-00A9F              20           1
        SFR22            00B00-00B1F              20           1
        SFR23            00B80-00B9F              20           1
        SFR24            00C00-00C1F              20           1
        SFR25            00C80-00C9F              20           1
        SFR26            00D00-00D6F              70           1
        SFR27            00D80-00DEF              70           1
        SFR28            00E00-00E6F              70           1
        SFR29            00E80-00EEF              70           1
        SFR3             00180-0019F              20           1
        SFR30            00F00-00F6F              70           1
        SFR31            00F80-00FEF              70           1
        SFR32            01000-0106F              70           1
        SFR33            01080-010EF              70           1
        SFR34            01100-0116F              70           1
        SFR35            01180-011EF              70           1
        SFR36            01200-0126F              70           1
        SFR37            01280-012EF              70           1
        SFR38            01300-0136F              70           1
        SFR39            01380-013EF              70           1
        SFR4             00200-0021F              20           1
        SFR40            01400-0146F              70           1
        SFR41            01480-014EF              70           1
        SFR42            01500-0156F              70           1
        SFR43            01580-015EF              70           1
        SFR44            01600-0166F              70           1
        SFR45            01680-016EF              70           1
        SFR46            01700-0176F              70           1
        SFR47            01780-017EF              70           1
        SFR48            01800-0186F              70           1
        SFR49            01880-018EF              70           1
        SFR5             00280-0029F              20           1
        SFR50            01900-0196F              70           1
        SFR51            01980-019EF              70           1
        SFR52            01A00-01A6F              70           1
        SFR53            01A80-01AEF              70           1
        SFR54            01B00-01B6F              70           1
        SFR55            01B80-01BEF              70           1
        SFR56            01C00-01C6F              70           1
        SFR57            01C80-01CEF              70           1
        SFR58            01D00-01D6F              70           1
        SFR59            01D80-01DEF              70           1
        SFR6             00300-0031F              20           1
        SFR60            01E00-01E6F              70           1
        SFR61            01E80-01EEF              70           1
        SFR62            01F00-01F6F              70           1
        SFR63            01F80-01FEF              70           1
        SFR7             00380-0039F              20           1
        SFR8             00400-0041F              20           1
        SFR9             00480-0049F              20           1
        STACK            02226-027EF             5CA           1
        STRCODE          00002-00003               2           2
                         01000-01000               1
                         02000-02640             641
                         028BB-03FFF            1745
        STRING           00002-00003               2           2
                         01000-01000               1
                         02000-02640             100
                         028BB-03FFF             100

                                  Symbol Table

?_GetLengthUBX                                  cstackCOMMON 00070
?_Insert                                        cstackCOMMON 00070
?_InsertString                                  cstackBANK0  00020
?___aldiv                                       cstackBANK0  00020
?___awdiv                                       cstackCOMMON 00070
?___awmod                                       cstackCOMMON 00070
?___lldiv                                       cstackCOMMON 00070
?___llmod                                       cstackCOMMON 00070
?___lmul                                        cstackCOMMON 00070
?_compensate_humidity                           cstackBANK0  0002E
?_compensate_pressure                           cstackBANK0  0002E
?_compensate_temperature                        cstackBANK0  0002E
?_crc16                                         cstackBANK0  00021
?_crc16_update                                  cstackCOMMON 00075
?_strcmp                                        cstackCOMMON 00070
?_strlen                                        cstackCOMMON 00070
BME280_Init@rslt                                cstackBANK1  000B1
BME280_Init@settings_sel                        cstackBANK1  000B0
ClearMessages@i                                 cstackCOMMON 00071
ClearString@counti                              cstackCOMMON 00078
ClearString@i                                   cstackCOMMON 0007A
ClearString@str                                 cstackCOMMON 00075
DebugAlert@delay_high                           cstackBANK0  00020
DebugAlert@delay_low                            cstackBANK0  00022
DebugAlert@i                                    cstackBANK0  00025
DebugAlert@num_flashes                          cstackBANK0  00024
EUSART1_SetErrorHandler@interruptHandler        cstackCOMMON 00070
EUSART1_SetFramingErrorHandler@interruptHandler cstackCOMMON 00070
EUSART1_SetOverrunErrorHandler@interruptHandler cstackCOMMON 00070
EUSART1_Write@txData                            cstackCOMMON 00070
GPS_HasAcknowledged@ackByte                     cstackBANK0  00024
GPS_HasAcknowledged@ackByteID                   cstackBANK0  00030
GPS_HasAcknowledged@ackPacket                   cstackBANK0  00025
GPS_HasAcknowledged@data                        cstackBANK0  0002F
GPS_HasAcknowledged@i                           cstackBANK0  00031
GPS_HasAcknowledged@startTime                   cstackBANK0  00020
GPS_SendUBX@data                                cstackCOMMON 00079
GPS_SendUBX@i                                   cstackCOMMON 00077
GPS_SendUBX@length                              cstackCOMMON 00075
GetLengthUBX@data                               cstackCOMMON 00073
I2C_ReadByte@ackbit                             cstackBANK0  0002B
I2C_ReadByte@rcvdata                            cstackBANK0  0002C
I2C_WriteByte@data                              cstackCOMMON 0007D
Insert@current                                  cstackCOMMON 00079
Insert@dest                                     cstackCOMMON 00070
Insert@destLimit                                cstackCOMMON 00075
Insert@i                                        cstackCOMMON 0007B
Insert@index                                    cstackCOMMON 00073
Insert@src                                      cstackCOMMON 00072
Insert@temp                                     cstackCOMMON 0007A
InsertString@counti                             cstackBANK0  00028
InsertString@dest                               cstackBANK0  00020
InsertString@destLimit                          cstackBANK0  00026
InsertString@i                                  cstackBANK0  0002A
InsertString@index                              cstackBANK0  00024
InsertString@src                                cstackBANK0  00022
IntToString@dest                                cstackCOMMON 0007D
IntToString@i                                   cstackBANK0  0002C
IntToString@n                                   cstackCOMMON 0007B
IntToString@sign                                cstackBANK0  0002B
PollGPS@byte                                    cstackBANK0  00043
PollGPS@dataFieldType                           cstackBANK0  00044
PollGPS@dataIndex                               cstackBANK0  00041
PollGPS@data_type                               cstackBANK0  00034
PollGPS@doParse                                 cstackBANK0  0003E
PollGPS@index                                   cstackBANK0  00046
PollGPS@signInsertIndex                         cstackBANK0  0003F
PollGPS@skip                                    cstackBANK0  0003B
PollGPS@startTime                               cstackBANK0  00030
PollGPS@success                                 cstackBANK0  0003D
ReadEnvSensor@dev_id                            cstackBANK0  0002D
ReadEnvSensor@i                                 cstackBANK0  00035
ReadEnvSensor@len                               cstackBANK0  00030
ReadEnvSensor@reg_addr                          cstackBANK0  0002E
ReadEnvSensor@reg_data                          cstackBANK0  0002F
ReadEnvSensor@rslt                              cstackBANK0  00034
ReverseString@counti                            cstackBANK0  00024
ReverseString@halfway                           cstackBANK0  00020
ReverseString@i                                 cstackBANK0  00026
ReverseString@opposite                          cstackBANK0  00023
ReverseString@str                               cstackBANK0  00028
ReverseString@temp                              cstackBANK0  00022
Sleep@ms                                        cstackCOMMON 00070
Sleep@start                                     cstackCOMMON 00078
TMR0_SetInterruptHandler@InterruptHandler       cstackCOMMON 00070
TransmitBit@b                                   cstackCOMMON 0007C
TransmitChar@byte                               cstackBANK0  00020
TransmitChar@i                                  cstackBANK0  00021
TransmitString@counti                           cstackBANK0  00026
TransmitString@i                                cstackBANK0  00028
TransmitString@message                          cstackBANK0  00023
UIntToHexString@dest                            cstackBANK0  0002E
UIntToHexString@i                               cstackBANK0  00039
UIntToHexString@n                               cstackBANK0  0002A
UIntToHexString@remainder                       cstackBANK0  00035
UIntToString@dest                               cstackBANK0  0002D
UIntToString@i                                  cstackBANK0  00030
UIntToString@n                                  cstackBANK0  00029
WriteEnvSensor@dev_id                           cstackBANK0  0002B
WriteEnvSensor@i                                cstackBANK0  00032
WriteEnvSensor@len                              cstackBANK0  0002E
WriteEnvSensor@reg_addr                         cstackBANK0  0002C
WriteEnvSensor@reg_data                         cstackBANK0  0002D
WriteEnvSensor@rslt                             cstackBANK0  00031
WriteGPS@counti                                 cstackCOMMON 00078
WriteGPS@i                                      cstackCOMMON 0007A
WriteGPS@message                                cstackCOMMON 00075
_ANSELA                                         (abs)        01F38
_ANSELB                                         (abs)        01F43
_ANSELC                                         (abs)        01F4E
_BAUD1CON                                       (abs)        0011F
_BME280_Init                                    text48       01249
_ClearMessages                                  text40       027C1
_ClearString                                    text39       0182D
_DebugAlert                                     text81       018F0
_EUSART1_DefaultErrorHandler                    (abs)        00000
_EUSART1_DefaultFramingErrorHandler             (abs)        00000
_EUSART1_DefaultOverrunErrorHandler             (abs)        00000
_EUSART1_ErrorHandler                           nvBANK3      001ED
_EUSART1_FramingErrorHandler                    nvBANK2      00169
_EUSART1_Initialize                             text27       027DF
_EUSART1_OverrunErrorHandler                    nvBANK2      00167
_EUSART1_Read                                   text38       0269F
_EUSART1_SetErrorHandler                        text30       02651
_EUSART1_SetFramingErrorHandler                 text29       02657
_EUSART1_SetOverrunErrorHandler                 text28       0265D
_EUSART1_Write                                  text34       01800
_EUSART1_is_rx_ready                            text37       02646
_EnvSensor                                      bssBANK3     001BA
_GPS_HasAcknowledged                            text21       01515
_GPS_SendUBX                                    text19       01878
_GetLengthUBX                                   text20       026D5
_I2C_Init                                       text83       026FA
_I2C_ReadByte                                   text71       02739
_I2C_Stop                                       text79       02641
_I2C_UserAlert                                  text78       01001
_I2C_Wait_SSPIF                                 text80       01D3D
_I2C_WriteByte                                  text77       026B8
_INLVLA                                         (abs)        01F3C
_INLVLB                                         (abs)        01F47
_INLVLC                                         (abs)        01F52
_INTCONbits                                     (abs)        0000B
_INTERRUPT_InterruptManager                     intentry     00004
_InitTiming                                     text46       0266F
_Insert                                         text36       0132C
_InsertString                                   text35       01F5C
_IntToString                                    text41       01175
_LATA                                           (abs)        00018
_LATAbits                                       (abs)        00018
_LATB                                           (abs)        00019
_LATC                                           (abs)        0001A
_LATCbits                                       (abs)        0001A
_ODCONA                                         (abs)        01F3A
_ODCONB                                         (abs)        01F45
_ODCONC                                         (abs)        01F50
_OSCCON1                                        (abs)        0088D
_OSCCON3                                        (abs)        0088F
_OSCEN                                          (abs)        00891
_OSCFRQ                                         (abs)        00893
_OSCILLATOR_Initialize                          text26       02677
_OSCTUNE                                        (abs)        00892
_PIE0bits                                       (abs)        00716
_PIN_MANAGER_Initialize                         text25       018C7
_PIR0bits                                       (abs)        0070C
_PIR3bits                                       (abs)        0070F
_PMD0                                           (abs)        00796
_PMD1                                           (abs)        00797
_PMD2                                           (abs)        00798
_PMD3                                           (abs)        00799
_PMD4                                           (abs)        0079A
_PMD5                                           (abs)        0079B
_PMD6                                           (abs)        0079C
_PMD7                                           (abs)        0079D
_PMD_Initialize                                 text24       0268A
_PollGPS                                        text31       005AA
_PollGPS$1882                                   cstackBANK0  0003C
_RB4PPS                                         (abs)        01F1C
_RB6PPS                                         (abs)        01F1E
_RB7PPS                                         (abs)        01F1F
_RC1REG                                         (abs)        00119
_RC1STA                                         (abs)        0011D
_RC1STAbits                                     (abs)        0011D
_RX1DTPPS                                       (abs)        01ECB
_ReadEnvSensor                                  text70       01E68
_ReverseString                                  text43       01110
_SLRCONA                                        (abs)        01F3B
_SLRCONB                                        (abs)        01F46
_SLRCONC                                        (abs)        01F51
_SP1BRGH                                        (abs)        0011C
_SP1BRGL                                        (abs)        0011B
_SSP1ADD                                        (abs)        0018D
_SSP1BUF                                        (abs)        0018C
_SSP1CLKPPS                                     (abs)        01EC5
_SSP1CON1                                       (abs)        00190
_SSP1CON1bits                                   (abs)        00190
_SSP1CON2bits                                   (abs)        00191
_SSP1CON3                                       (abs)        00192
_SSP1DATPPS                                     (abs)        01EC6
_SSP1STAT                                       (abs)        0018F
_SYSTEM_Initialize                              text22       026C6
_SetupGPS                                       text18       01DCF
_Sleep                                          text82       01944
_T0CON0                                         (abs)        0059E
_T0CON0bits                                     (abs)        0059E
_T0CON1                                         (abs)        0059F
_TMR0H                                          (abs)        0059D
_TMR0L                                          (abs)        0059C
_TMR0_DefaultInterruptHandler                   text86       007FF
_TMR0_ISR                                       text85       026AB
_TMR0_Initialize                                text23       026E7
_TMR0_InterruptHandler                          nvBANK1      000EE
_TMR0_SetInterruptHandler                       text47       0264B
_TRISA                                          (abs)        00012
_TRISB                                          (abs)        00013
_TRISC                                          (abs)        00014
_TX1REG                                         (abs)        0011A
_TX1STA                                         (abs)        0011E
_TX1STAbits                                     (abs)        0011E
_TimerISR                                       text87       02680
_TransmitBit                                    text17       0270E
_TransmitChar                                   text16       01A4E
_TransmitString                                 text15       0199A
_UIntToHexString                                text14       013A2
_UIntToHexString$1795                           cstackBANK0  00031
_UIntToString                                   text11       01004
_WPUA                                           (abs)        01F39
_WPUB                                           (abs)        01F44
_WPUC                                           (abs)        01F4F
_WriteEnvSensor                                 text76       01A7F
_WriteGPS                                       text33       0189F
__CFG_BBEN$OFF                                  (abs)        00000
__CFG_BBSIZE$BB512                              (abs)        00000
__CFG_BOREN$ON                                  (abs)        00000
__CFG_BORV$LO                                   (abs)        00000
__CFG_CLKOUTEN$OFF                              (abs)        00000
__CFG_CP$OFF                                    (abs)        00000
__CFG_CSWEN$ON                                  (abs)        00000
__CFG_FCMEN$ON                                  (abs)        00000
__CFG_FEXTOSC$OFF                               (abs)        00000
__CFG_LPBOREN$OFF                               (abs)        00000
__CFG_LVP$ON                                    (abs)        00000
__CFG_MCLRE$ON                                  (abs)        00000
__CFG_PPS1WAY$ON                                (abs)        00000
__CFG_PWRTS$OFF                                 (abs)        00000
__CFG_RSTOSC$HFINT1                             (abs)        00000
__CFG_SAFEN$OFF                                 (abs)        00000
__CFG_STVREN$ON                                 (abs)        00000
__CFG_WDTCCS$SC                                 (abs)        00000
__CFG_WDTCPS$WDTCPS_31                          (abs)        00000
__CFG_WDTCWS$WDTCWS_7                           (abs)        00000
__CFG_WDTE$OFF                                  (abs)        00000
__CFG_WRTAPP$OFF                                (abs)        00000
__CFG_WRTB$OFF                                  (abs)        00000
__CFG_WRTC$OFF                                  (abs)        00000
__CFG_WRTD$OFF                                  (abs)        00000
__CFG_WRTSAF$OFF                                (abs)        00000
__CFG_ZCDDIS$OFF                                (abs)        00000
__Habs1                                         abs1         00000
__Hbank0                                        bank0        00000
__Hbank1                                        bank1        00000
__Hbank10                                       bank10       00000
__Hbank11                                       bank11       00000
__Hbank12                                       bank12       00000
__Hbank13                                       bank13       00000
__Hbank14                                       bank14       00000
__Hbank15                                       bank15       00000
__Hbank16                                       bank16       00000
__Hbank17                                       bank17       00000
__Hbank18                                       bank18       00000
__Hbank19                                       bank19       00000
__Hbank2                                        bank2        00000
__Hbank20                                       bank20       00000
__Hbank21                                       bank21       00000
__Hbank22                                       bank22       00000
__Hbank23                                       bank23       00000
__Hbank24                                       bank24       00000
__Hbank25                                       bank25       00000
__Hbank26                                       bank26       00000
__Hbank27                                       bank27       00000
__Hbank28                                       bank28       00000
__Hbank29                                       bank29       00000
__Hbank3                                        bank3        00000
__Hbank30                                       bank30       00000
__Hbank31                                       bank31       00000
__Hbank32                                       bank32       00000
__Hbank33                                       bank33       00000
__Hbank34                                       bank34       00000
__Hbank35                                       bank35       00000
__Hbank36                                       bank36       00000
__Hbank37                                       bank37       00000
__Hbank38                                       bank38       00000
__Hbank39                                       bank39       00000
__Hbank4                                        bank4        00000
__Hbank40                                       bank40       00000
__Hbank41                                       bank41       00000
__Hbank42                                       bank42       00000
__Hbank43                                       bank43       00000
__Hbank44                                       bank44       00000
__Hbank45                                       bank45       00000
__Hbank46                                       bank46       00000
__Hbank47                                       bank47       00000
__Hbank48                                       bank48       00000
__Hbank49                                       bank49       00000
__Hbank5                                        bank5        00000
__Hbank50                                       bank50       00000
__Hbank51                                       bank51       00000
__Hbank52                                       bank52       00000
__Hbank53                                       bank53       00000
__Hbank54                                       bank54       00000
__Hbank55                                       bank55       00000
__Hbank56                                       bank56       00000
__Hbank57                                       bank57       00000
__Hbank58                                       bank58       00000
__Hbank59                                       bank59       00000
__Hbank6                                        bank6        00000
__Hbank60                                       bank60       00000
__Hbank61                                       bank61       00000
__Hbank62                                       bank62       00000
__Hbank63                                       bank63       00000
__Hbank7                                        bank7        00000
__Hbank8                                        bank8        00000
__Hbank9                                        bank9        00000
__Hbigram                                       bigram       00000
__HbssBANK1                                     bssBANK1     00000
__HbssBANK2                                     bssBANK2     00000
__HbssBANK3                                     bssBANK3     00000
__HbssBANK5                                     bssBANK5     00000
__HbssBANK6                                     bssBANK6     00000
__Hcinit                                        cinit        00052
__Hclrtext                                      clrtext      00000
__Hcode                                         code         00000
__Hcommon                                       common       00000
__Hconfig                                       config       0800C
__HcstackBANK0                                  cstackBANK0  00000
__HcstackBANK1                                  cstackBANK1  00000
__HcstackBANK2                                  cstackBANK2  00000
__HcstackCOMMON                                 cstackCOMMON 00000
__HdataBANK2                                    dataBANK2    00000
__HdataBANK4                                    dataBANK4    00000
__Heeprom_data                                  eeprom_data  00000
__Hend_init                                     end_init     00010
__Hfunctab                                      functab      00000
__HidataBANK2                                   idataBANK2   00000
__HidataBANK4                                   idataBANK4   00000
__Hidloc                                        idloc        00000
__Hinit                                         init         0000E
__Hinittext                                     inittext     00000
__Hintentry                                     intentry     0000E
__Hmaintext                                     maintext     00000
__HnvBANK1                                      nvBANK1      00000
__HnvBANK2                                      nvBANK2      00000
__HnvBANK3                                      nvBANK3      00000
__Hpowerup                                      powerup      00000
__Hram                                          ram          00000
__Hreset_vec                                    reset_vec    00002
__Hsfr0                                         sfr0         00000
__Hsfr1                                         sfr1         00000
__Hsfr10                                        sfr10        00000
__Hsfr11                                        sfr11        00000
__Hsfr12                                        sfr12        00000
__Hsfr13                                        sfr13        00000
__Hsfr14                                        sfr14        00000
__Hsfr15                                        sfr15        00000
__Hsfr16                                        sfr16        00000
__Hsfr17                                        sfr17        00000
__Hsfr18                                        sfr18        00000
__Hsfr19                                        sfr19        00000
__Hsfr2                                         sfr2         00000
__Hsfr20                                        sfr20        00000
__Hsfr21                                        sfr21        00000
__Hsfr22                                        sfr22        00000
__Hsfr23                                        sfr23        00000
__Hsfr24                                        sfr24        00000
__Hsfr25                                        sfr25        00000
__Hsfr26                                        sfr26        00000
__Hsfr27                                        sfr27        00000
__Hsfr28                                        sfr28        00000
__Hsfr29                                        sfr29        00000
__Hsfr3                                         sfr3         00000
__Hsfr30                                        sfr30        00000
__Hsfr31                                        sfr31        00000
__Hsfr32                                        sfr32        00000
__Hsfr33                                        sfr33        00000
__Hsfr34                                        sfr34        00000
__Hsfr35                                        sfr35        00000
__Hsfr36                                        sfr36        00000
__Hsfr37                                        sfr37        00000
__Hsfr38                                        sfr38        00000
__Hsfr39                                        sfr39        00000
__Hsfr4                                         sfr4         00000
__Hsfr40                                        sfr40        00000
__Hsfr41                                        sfr41        00000
__Hsfr42                                        sfr42        00000
__Hsfr43                                        sfr43        00000
__Hsfr44                                        sfr44        00000
__Hsfr45                                        sfr45        00000
__Hsfr46                                        sfr46        00000
__Hsfr47                                        sfr47        00000
__Hsfr48                                        sfr48        00000
__Hsfr49                                        sfr49        00000
__Hsfr5                                         sfr5         00000
__Hsfr50                                        sfr50        00000
__Hsfr51                                        sfr51        00000
__Hsfr52                                        sfr52        00000
__Hsfr53                                        sfr53        00000
__Hsfr54                                        sfr54        00000
__Hsfr55                                        sfr55        00000
__Hsfr56                                        sfr56        00000
__Hsfr57                                        sfr57        00000
__Hsfr58                                        sfr58        00000
__Hsfr59                                        sfr59        00000
__Hsfr6                                         sfr6         00000
__Hsfr60                                        sfr60        00000
__Hsfr61                                        sfr61        00000
__Hsfr62                                        sfr62        00000
__Hsfr63                                        sfr63        00000
__Hsfr7                                         sfr7         00000
__Hsfr8                                         sfr8         00000
__Hsfr9                                         sfr9         00000
__Hspace_0                                      (abs)        0800C
__Hspace_1                                      (abs)        00366
__Hspace_2                                      (abs)        00000
__Hspace_3                                      (abs)        00000
__Hstack                                        stack        00000
__Hstrings                                      strings      00000
__Hstringtext1                                  stringtext1  00000
__Hstringtext10                                 stringtext10 00000
__Hstringtext11                                 stringtext11 00000
__Hstringtext12                                 stringtext12 00000
__Hstringtext2                                  stringtext2  00000
__Hstringtext3                                  stringtext3  00000
__Hstringtext4                                  stringtext4  00000
__Hstringtext5                                  stringtext5  00000
__Hstringtext6                                  stringtext6  00000
__Hstringtext7                                  stringtext7  00000
__Hstringtext8                                  stringtext8  00000
__Hstringtext9                                  stringtext9  00000
__Htext                                         text         00000
__Labs1                                         abs1         00000
__Lbank0                                        bank0        00000
__Lbank1                                        bank1        00000
__Lbank10                                       bank10       00000
__Lbank11                                       bank11       00000
__Lbank12                                       bank12       00000
__Lbank13                                       bank13       00000
__Lbank14                                       bank14       00000
__Lbank15                                       bank15       00000
__Lbank16                                       bank16       00000
__Lbank17                                       bank17       00000
__Lbank18                                       bank18       00000
__Lbank19                                       bank19       00000
__Lbank2                                        bank2        00000
__Lbank20                                       bank20       00000
__Lbank21                                       bank21       00000
__Lbank22                                       bank22       00000
__Lbank23                                       bank23       00000
__Lbank24                                       bank24       00000
__Lbank25                                       bank25       00000
__Lbank26                                       bank26       00000
__Lbank27                                       bank27       00000
__Lbank28                                       bank28       00000
__Lbank29                                       bank29       00000
__Lbank3                                        bank3        00000
__Lbank30                                       bank30       00000
__Lbank31                                       bank31       00000
__Lbank32                                       bank32       00000
__Lbank33                                       bank33       00000
[...]
      Totals:         0       4       0       0       0       0       0       0       0       0       0       0       0       0       0       0       0       0       0       0       0       0       0       0       0       0       0
Total ram usage:        4 bytes
 Hardware stack levels used:    1
 Hardware stack levels required when called:    5
 This function calls:
		_DebugAlert
 This function is called by:
		_I2C_WriteByte
		_I2C_ReadByte
		_I2C_Stop
		_ReadEnvSensor
		_WriteEnvSensor
 This function uses a non-reentrant model


 *************** function _DebugAlert *****************
 Defined at:
		line 4 in file "debug.c"
 Parameters:    Size  Location     Type
  delay_high      2    0[BANK0 ] unsigned int 
  delay_low       2    2[BANK0 ] unsigned int 
  num_flashes     1    4[BANK0 ] unsigned char 
 Auto vars:     Size  Location     Type
  i               2    5[BANK0 ] int 
 Return value:  Size  Location     Type
                  1    wreg      void 
 Registers used:
		wreg, status,2, status,0, pclath, cstack
 Tracked objects:
		On entry : 
		On exit  : 
		Unchanged: 
 Data sizes:     COMMON   BANK0   BANK1   BANK2   BANK3   BANK4   BANK5   BANK6   BANK7   BANK8   BANK9  BANK10  BANK11  BANK12  BANK13  BANK14  BANK15  BANK16  BANK17  BANK18  BANK19  BANK20  BANK21  BANK22  BANK23  BANK24  BANK25
      Params:         0       5       0       0       0       0       0       0       0       0       0       0       0       0       0       0       0       0       0       0       0       0       0       0       0       0       0
      Locals:         0       2       0       0       0       0       0       0       0       0       0       0       0       0       0       0       0       0       0       0       0       0       0       0       0       0       0
      Temps:          1       0       0       0       0       0       0       0       0       0       0       0       0       0       0       0       0       0       0       0       0       0       0       0       0       0       0
      Totals:         1       7       0       0       0       0       0       0       0       0       0       0       0       0       0       0       0       0       0       0       0       0       0       0       0       0       0
Total ram usage:        8 bytes
 Hardware stack levels used:    1
 Hardware stack levels required when called:    4
 This function calls:
		_Sleep
 This function is called by:
		_I2C_Wait_SSPIF
		_BME280_Init
		_main
 This function uses a non-reentrant model


 *************** function _Sleep *****************
 Defined at:
		line 17 in file "timing.c"
 Parameters:    Size  Location     Type
  ms              4    0[COMMON] unsigned long 
 Auto vars:     Size  Location     Type
  start           4    8[COMMON] unsigned long 
 Return value:  Size  Location     Type
                  1    wreg      void 
 Registers used:
		wreg
 Tracked objects:
		On entry : 
		On exit  : 
		Unchanged: 
 Data sizes:     COMMON   BANK0   BANK1   BANK2   BANK3   BANK4   BANK5   BANK6   BANK7   BANK8   BANK9  BANK10  BANK11  BANK12  BANK13  BANK14  BANK15  BANK16  BANK17  BANK18  BANK19  BANK20  BANK21  BANK22  BANK23  BANK24  BANK25
      Params:         4       0       0       0       0       0       0       0       0       0       0       0       0       0       0       0       0       0       0       0       0       0       0       0       0       0       0
      Locals:         4       0       0       0       0       0       0       0       0       0       0       0       0       0       0       0       0       0       0       0       0       0       0       0       0       0       0
      Temps:          4       0       0       0       0       0       0       0       0       0       0       0       0       0       0       0       0       0       0       0       0       0       0       0       0       0       0
      Totals:        12       0       0       0       0       0       0       0       0       0       0       0       0       0       0       0       0       0       0       0       0       0       0       0       0       0       0
Total ram usage:       12 bytes
 Hardware stack levels used:    1
 Hardware stack levels required when called:    3
 This function calls:
		Nothing
 This function is called by:
		_BME280_Init
		_DebugAlert
		_SetupGPS
		_main
		_TransmitBit
		_bme280_soft_reset
		_bme280_init
 This function uses a non-reentrant model


 *************** function _I2C_Init *****************
 Defined at:
		line 22 in file "bme280_i2c.c"
 Parameters:    Size  Location     Type
		None
 Auto vars:     Size  Location     Type
		None
 Return value:  Size  Location     Type
                  1    wreg      void 
 Registers used:
		wreg, status,2
 Tracked objects:
		On entry : 
		On exit  : 
		Unchanged: 
 Data sizes:     COMMON   BANK0   BANK1   BANK2   BANK3   BANK4   BANK5   BANK6   BANK7   BANK8   BANK9  BANK10  BANK11  BANK12  BANK13  BANK14  BANK15  BANK16  BANK17  BANK18  BANK19  BANK20  BANK21  BANK22  BANK23  BANK24  BANK25
      Params:         0       0       0       0       0       0       0       0       0       0       0       0       0       0       0       0       0       0       0       0       0       0       0       0       0       0       0
      Locals:         0       0       0       0       0       0       0       0       0       0       0       0       0       0       0       0       0       0       0       0       0       0       0       0       0       0       0
      Temps:          0       0       0       0       0       0       0       0       0       0       0       0       0       0       0       0       0       0       0       0       0       0       0       0       0       0       0
      Totals:         0       0       0       0       0       0       0       0       0       0       0       0       0       0       0       0       0       0       0       0       0       0       0       0       0       0       0
Total ram usage:        0 bytes
 Hardware stack levels used:    1
 Hardware stack levels required when called:    3
 This function calls:
		Nothing
 This function is called by:
		_BME280_Init
 This function uses a non-reentrant model


 *************** function _INTERRUPT_InterruptManager *****************
 Defined at:
		line 52 in file "mcc_generated_files/interrupt_manager.c"
 Parameters:    Size  Location     Type
		None
 Auto vars:     Size  Location     Type
		None
 Return value:  Size  Location     Type
                  1    wreg      void 
 Registers used:
		wreg, status,2, status,0, pclath, cstack
 Tracked objects:
		On entry : 
		On exit  : 
		Unchanged: 
 Data sizes:     COMMON   BANK0   BANK1   BANK2   BANK3   BANK4   BANK5   BANK6   BANK7   BANK8   BANK9  BANK10  BANK11  BANK12  BANK13  BANK14  BANK15  BANK16  BANK17  BANK18  BANK19  BANK20  BANK21  BANK22  BANK23  BANK24  BANK25
      Params:         0       0       0       0       0       0       0       0       0       0       0       0       0       0       0       0       0       0       0       0       0       0       0       0       0       0       0
      Locals:         0       0       0       0       0       0       0       0       0       0       0       0       0       0       0       0       0       0       0       0       0       0       0       0       0       0       0
      Temps:          0       0       0       0       0       0       0       0       0       0       0       0       0       0       0       0       0       0       0       0       0       0       0       0       0       0       0
      Totals:         0       0       0       0       0       0       0       0       0       0       0       0       0       0       0       0       0       0       0       0       0       0       0       0       0       0       0
Total ram usage:        0 bytes
 Hardware stack levels used:    1
 Hardware stack levels required when called:    2
 This function calls:
		_TMR0_ISR
 This function is called by:
		Interrupt level 1
 This function uses a non-reentrant model


 *************** function _TMR0_ISR *****************
 Defined at:
		line 121 in file "mcc_generated_files/tmr0.c"
 Parameters:    Size  Location     Type
		None
 Auto vars:     Size  Location     Type
		None
 Return value:  Size  Location     Type
                  1    wreg      void 
 Registers used:
		wreg, status,2, status,0, pclath, cstack
 Tracked objects:
		On entry : 
		On exit  : 
		Unchanged: 
 Data sizes:     COMMON   BANK0   BANK1   BANK2   BANK3   BANK4   BANK5   BANK6   BANK7   BANK8   BANK9  BANK10  BANK11  BANK12  BANK13  BANK14  BANK15  BANK16  BANK17  BANK18  BANK19  BANK20  BANK21  BANK22  BANK23  BANK24  BANK25
      Params:         0       0       0       0       0       0       0       0       0       0       0       0       0       0       0       0       0       0       0       0       0       0       0       0       0       0       0
      Locals:         0       0       0       0       0       0       0       0       0       0       0       0       0       0       0       0       0       0       0       0       0       0       0       0       0       0       0
      Temps:          0       0       0       0       0       0       0       0       0       0       0       0       0       0       0       0       0       0       0       0       0       0       0       0       0       0       0
      Totals:         0       0       0       0       0       0       0       0       0       0       0       0       0       0       0       0       0       0       0       0       0       0       0       0       0       0       0
Total ram usage:        0 bytes
 Hardware stack levels used:    1
 Hardware stack levels required when called:    1
 This function calls:
		Absolute function
		_TMR0_DefaultInterruptHandler
		_TimerISR
 This function is called by:
		_INTERRUPT_InterruptManager
 This function uses a non-reentrant model


 *************** function _TMR0_DefaultInterruptHandler *****************
 Defined at:
		line 138 in file "mcc_generated_files/tmr0.c"
 Parameters:    Size  Location     Type
		None
 Auto vars:     Size  Location     Type
		None
 Return value:  Size  Location     Type
                  1    wreg      void 
 Registers used:
		None
 Tracked objects:
		On entry : 
		On exit  : 
		Unchanged: 
 Data sizes:     COMMON   BANK0   BANK1   BANK2   BANK3   BANK4   BANK5   BANK6   BANK7   BANK8   BANK9  BANK10  BANK11  BANK12  BANK13  BANK14  BANK15  BANK16  BANK17  BANK18  BANK19  BANK20  BANK21  BANK22  BANK23  BANK24  BANK25
      Params:         0       0       0       0       0       0       0       0       0       0       0       0       0       0       0       0       0       0       0       0       0       0       0       0       0       0       0
      Locals:         0       0       0       0       0       0       0       0       0       0       0       0       0       0       0       0       0       0       0       0       0       0       0       0       0       0       0
      Temps:          0       0       0       0       0       0       0       0       0       0       0       0       0       0       0       0       0       0       0       0       0       0       0       0       0       0       0
      Totals:         0       0       0       0       0       0       0       0       0       0       0       0       0       0       0       0       0       0       0       0       0       0       0       0       0       0       0
Total ram usage:        0 bytes
 Hardware stack levels used:    1
 This function calls:
		Nothing
 This function is called by:
		_TMR0_Initialize
		_TMR0_ISR
 This function uses a non-reentrant model


 *************** function _TimerISR *****************
 Defined at:
		line 6 in file "timing.c"
 Parameters:    Size  Location     Type
		None
 Auto vars:     Size  Location     Type
		None
 Return value:  Size  Location     Type
                  1    wreg      void 
 Registers used:
		wreg
 Tracked objects:
		On entry : 
		On exit  : 
		Unchanged: 
 Data sizes:     COMMON   BANK0   BANK1   BANK2   BANK3   BANK4   BANK5   BANK6   BANK7   BANK8   BANK9  BANK10  BANK11  BANK12  BANK13  BANK14  BANK15  BANK16  BANK17  BANK18  BANK19  BANK20  BANK21  BANK22  BANK23  BANK24  BANK25
      Params:         0       0       0       0       0       0       0       0       0       0       0       0       0       0       0       0       0       0       0       0       0       0       0       0       0       0       0
      Locals:         0       0       0       0       0       0       0       0       0       0       0       0       0       0       0       0       0       0       0       0       0       0       0       0       0       0       0
      Temps:          0       0       0       0       0       0       0       0       0       0       0       0       0       0       0       0       0       0       0       0       0       0       0       0       0       0       0
      Totals:         0       0       0       0       0       0       0       0       0       0       0       0       0       0       0       0       0       0       0       0       0       0       0       0       0       0       0
Total ram usage:        0 bytes
 Hardware stack levels used:    1
 This function calls:
		Nothing
 This function is called by:
		_InitTiming
		_TMR0_ISR
 This function uses a non-reentrant model



MODULE INFORMATION

Module		Function		Class		Link	Load	Size
K:\Programs\MPLABX\XC8 Compiler\pic\sources\c99\common\awmod.c
		___awmod       		CODE           	1C6C	0000	70

K:\Programs\MPLABX\XC8 Compiler\pic\sources\c99\common\awmod.c estimated size: 70

K:\Programs\MPLABX\XC8 Compiler\pic\sources\c99\common\llmod.c
		___llmod       		CODE           	1BE6	0000	67

K:\Programs\MPLABX\XC8 Compiler\pic\sources\c99\common\llmod.c estimated size: 67

mcc_generated_files/interrupt_manager.c
		_INTERRUPT_InterruptManager		CODE           	0004	0000	11

mcc_generated_files/interrupt_manager.c estimated size: 11

bme280_i2c.c
		_WriteEnvSensor		CODE           	1A7F	0000	52
		_BME280_Init   		CODE           	1249	0000	110
		_I2C_Stop      		CODE           	2641	0000	6
		_I2C_WriteByte 		CODE           	26B8	0000	15
		_I2C_Init      		CODE           	26FA	0000	21
		_I2C_ReadByte  		CODE           	2739	0000	26
		_I2C_Wait_SSPIF		CODE           	1D3D	0000	73
		_I2C_UserAlert 		CODE           	1001	0000	4
		_ReadEnvSensor 		CODE           	1E68	0000	82

bme280_i2c.c estimated size: 389

mcc_generated_files/tmr0.c
		_TMR0_SetInterruptHandler		CODE           	264B	0000	7
		_TMR0_DefaultInterruptHandler		CODE           	07FF	0000	2
		_TMR0_ISR      		CODE           	26AB	0000	14
		_TMR0_Initialize		CODE           	26E7	0000	20

mcc_generated_files/tmr0.c estimated size: 43

debug.c
		_DebugAlert    		CODE           	18F0	0000	43

debug.c estimated size: 43

mcc_generated_files/pin_manager.c
		_PIN_MANAGER_Initialize		CODE           	18C7	0000	42

mcc_generated_files/pin_manager.c estimated size: 42

BME280_driver/bme280.c
		_compensate_temperature		CODE           	08F9	0000	425
		_bme280_get_sensor_data		CODE           	10B1	0000	96
		_fill_filter_settings		CODE           	276D	0000	29
		_parse_device_settings		CODE           	1059	0000	89
		_compensate_humidity		CODE           	0D36	0000	715
		_fill_osr_temp_settings		CODE           	27A5	0000	29
		_fill_standby_settings		CODE           	2789	0000	29
		_bme280_get_regs		CODE           	1C28	0000	69
		_bme280_set_regs		CODE           	1640	0000	162
		_reload_device_settings		CODE           	1852	0000	39
		_fill_osr_press_settings		CODE           	2752	0000	28
		_bme280_get_sensor_mode		CODE           	07D2	0000	46
		_bme280_set_sensor_mode		CODE           	1B64	0000	65
		_put_device_to_sleep		CODE           	1BA4	0000	67
		_compensate_pressure		CODE           	0052	0000	1369
		_set_filter_standby_settings		CODE           	1CB1	0000	71
		_get_calib_data		CODE           	1E1B	0000	78
		_write_power_mode		CODE           	1AB2	0000	58
		_set_osr_press_temp_settings		CODE           	1CF7	0000	71
		_set_osr_humidity_settings		CODE           	1F0A	0000	83
		_parse_humidity_calib_data		CODE           	15A7	0000	154
		_bme280_init   		CODE           	11DE	0000	108
		_null_ptr_check		CODE           	1808	0000	38
		_interleave_reg_addr		CODE           	19F2	0000	46
		_bme280_set_sensor_settings		CODE           	12B6	0000	119
		_are_settings_changed		CODE           	2694	0000	12
		_bme280_parse_sensor_data		CODE           	16E1	0000	288
		_bme280_compensate_data		CODE           	141A	0000	122
		_set_osr_settings		CODE           	191A	0000	43
		_parse_temp_press_calib_data		CODE           	0804	0000	246
		_bme280_soft_reset		CODE           	1AEB	0000	61

BME280_driver/bme280.c estimated size: 4855

K:\Programs\MPLABX\XC8 Compiler\pic\sources\c99\common\awdiv.c
		___awdiv       		CODE           	1EB9	0000	82

K:\Programs\MPLABX\XC8 Compiler\pic\sources\c99\common\awdiv.c estimated size: 82

K:\Programs\MPLABX\XC8 Compiler\pic\sources\c99\common\aldiv.c
		___aldiv       		CODE           	1493	0000	131

K:\Programs\MPLABX\XC8 Compiler\pic\sources\c99\common\aldiv.c estimated size: 131

K:\Programs\MPLABX\XC8 Compiler\pic\sources\c99\common\Umul32.c
		___lmul        		CODE           	1A1F	0000	48

K:\Programs\MPLABX\XC8 Compiler\pic\sources\c99\common\Umul32.c estimated size: 48

rtty.c
		_crc16         		CODE           	1D85	0000	75
		_crc16_update  		CODE           	1B27	0000	62
		_TransmitBit   		CODE           	270E	0000	21
		_TransmitChar  		CODE           	1A4E	0000	50
		_TransmitString		CODE           	199A	0000	45

rtty.c estimated size: 253

timing.c
		_InitTiming    		CODE           	266F	0000	9
		_TimerISR      		CODE           	2680	0000	11
		_Sleep         		CODE           	1944	0000	44

timing.c estimated size: 64

shared
		__initialization		CODE           	0010	0000	63
		_HALF_BAUD_DELAY		STRCODE        	0000	0000	0

shared estimated size: 63

mcc_generated_files/eusart1.c
		_EUSART1_is_rx_ready		CODE           	2646	0000	6
		_EUSART1_Initialize		CODE           	27DF	0000	34
		_EUSART1_SetFramingErrorHandler		CODE           	2657	0000	7
		_EUSART1_Read  		CODE           	269F	0000	13
		_EUSART1_SetOverrunErrorHandler		CODE           	265D	0000	7
		_EUSART1_SetErrorHandler		CODE           	2651	0000	7
		_EUSART1_Write 		CODE           	1800	0000	9

mcc_generated_files/eusart1.c estimated size: 83

mcc_generated_files/mcc.c
		_PMD_Initialize		CODE           	268A	0000	11
		_OSCILLATOR_Initialize		CODE           	2677	0000	10
		_SYSTEM_Initialize		CODE           	26C6	0000	16

mcc_generated_files/mcc.c estimated size: 37

K:\Programs\MPLABX\XC8 Compiler\pic\sources\c99\common\strlen.c
		_strlen        		CODE           	2722	0000	24

K:\Programs\MPLABX\XC8 Compiler\pic\sources\c99\common\strlen.c estimated size: 24

K:\Programs\MPLABX\XC8 Compiler\pic\sources\c99\common\strcmp.c
		_strcmp        		CODE           	196F	0000	44

K:\Programs\MPLABX\XC8 Compiler\pic\sources\c99\common\strcmp.c estimated size: 44

main.c
		_GPS_SendUBX   		CODE           	1878	0000	40
		_UIntToString  		CODE           	1004	0000	86
		_PollGPS       		CODE           	05AA	0000	553
		_main          		CODE           	0AA1	0000	662
		_Insert        		CODE           	132C	0000	119
		_ClearMessages 		CODE           	27C1	0000	31
		_InsertString  		CODE           	1F5C	0000	83
		_GetLengthUBX  		CODE           	26D5	0000	19
		_ReverseString 		CODE           	1110	0000	102
		_WriteGPS      		CODE           	189F	0000	41
		_ClearString   		CODE           	182D	0000	38
		_GPS_HasAcknowledged		CODE           	1515	0000	147
		_SetupGPS      		CODE           	1DCF	0000	77
		_IntToString   		CODE           	1175	0000	106
		_UIntToHexString		CODE           	13A2	0000	121

main.c estimated size: 2225

K:\Programs\MPLABX\XC8 Compiler\pic\sources\c99\common\__lldiv.c
		___lldiv       		CODE           	1FAE	0000	83

K:\Programs\MPLABX\XC8 Compiler\pic\sources\c99\common\__lldiv.c estimated size: 83

