Microchip MPLAB XC8 Compiler V2.05 ()

Linker command line:

-W-3 --edf=K:\Programs\MPLABX\XC8 Compiler\pic\dat\en_msgs.txt -cs \
  -h+dist/default/production\Wisp-1.production.sym \
  --cmf=dist/default/production\Wisp-1.production.cmf -z -Q16F18446 \
  -oC:\Users\2013b\AppData\Local\Temp\sepo.2 --defsym=__MPLAB_BUILD=1 \
  -Mdist/default/production/Wisp-1.production.map -E1 -ver=XC8 --acfsm=1493 \
  -ASTACK=02186h-026D7h -pstack=STACK -ACODE=00h-07FFhx8 \
  -ASTRCODE=00h-03FFFh -ASTRING=00h-0FFhx64 -ACONST=00h-0FFhx64 \
  -AENTRY=00h-0FFhx64 -ACOMMON=070h-07Fh -ABANK0=020h-06Fh \
  -ABANK1=0A0h-0EFh -ABANK2=0120h-016Fh -ABANK3=01A0h-01EFh \
  -ABANK4=0220h-026Fh -ABANK5=02A0h-02EFh -ABANK6=0320h-036Fh \
  -ABANK7=03A0h-03EFh -ABANK8=0420h-046Fh -ABANK9=04A0h-04EFh \
  -ABANK10=0520h-056Fh -ABANK11=05A0h-05EFh -ABANK12=0620h-066Fh \
  -ABANK13=06A0h-06EFh -ABANK14=0720h-076Fh -ABANK15=07A0h-07EFh \
  -ABANK16=0820h-086Fh -ABANK17=08A0h-08EFh -ABANK18=0920h-096Fh \
  -ABANK19=09A0h-09EFh -ABANK20=0A20h-0A6Fh -ABANK21=0AA0h-0AEFh \
  -ABANK22=0B20h-0B6Fh -ABANK23=0BA0h-0BEFh -ABANK24=0C20h-0C6Fh \
  -ABANK25=0CA0h-0CBFh -ABIGRAM=02000h-027EFh \
  -ARAM=020h-06Fh,0A0h-0EFh,0120h-016Fh,01A0h-01EFh,0220h-026Fh,02A0h-02EFh,0320h-036Fh,03A0h-03EFh,0420h-046Fh,04A0h-04EFh,0520h-056Fh,05A0h-05EFh,0620h-066Fh,06A0h-06EFh,0720h-076Fh,07A0h-07EFh,0820h-086Fh,08A0h-08EFh,0920h-096Fh,09A0h-09EFh,0A20h-0A6Fh,0AA0h-0AEFh,0B20h-0B6Fh,0BA0h-0BEFh,0C20h-0C6Fh,0CA0h-0CBFh \
  -AABS1=020h-07Fh,0A0h-0EFh,0120h-016Fh,01A0h-01EFh,0220h-026Fh,02A0h-02EFh,0320h-036Fh,03A0h-03EFh,0420h-046Fh,04A0h-04EFh,0520h-056Fh,05A0h-05EFh,0620h-066Fh,06A0h-06EFh,0720h-076Fh,07A0h-07EFh,0820h-086Fh,08A0h-08EFh,0920h-096Fh,09A0h-09EFh,0A20h-0A6Fh,0AA0h-0AEFh,0B20h-0B6Fh,0BA0h-0BEFh,0C20h-0C6Fh,0CA0h-0CBFh \
  -ASFR0=00h-01Fh -ASFR1=080h-09Fh -ASFR2=0100h-011Fh -ASFR3=0180h-019Fh \
  -ASFR4=0200h-021Fh -ASFR5=0280h-029Fh -ASFR6=0300h-031Fh \
  -ASFR7=0380h-039Fh -ASFR8=0400h-041Fh -ASFR9=0480h-049Fh \
  -ASFR10=0500h-051Fh -ASFR11=0580h-059Fh -ASFR12=0600h-061Fh \
  -ASFR13=0680h-069Fh -ASFR14=0700h-071Fh -ASFR15=0780h-079Fh \
  -ASFR16=0800h-081Fh -ASFR17=0880h-089Fh -ASFR18=0900h-091Fh \
  -ASFR19=0980h-099Fh -ASFR20=0A00h-0A1Fh -ASFR21=0A80h-0A9Fh \
  -ASFR22=0B00h-0B1Fh -ASFR23=0B80h-0B9Fh -ASFR24=0C00h-0C1Fh \
  -ASFR25=0C80h-0C9Fh -ASFR26=0D00h-0D6Fh -ASFR27=0D80h-0DEFh \
  -ASFR28=0E00h-0E6Fh -ASFR29=0E80h-0EEFh -ASFR30=0F00h-0F6Fh \
  -ASFR31=0F80h-0FEFh -ASFR32=01000h-0106Fh -ASFR33=01080h-010EFh \
  -ASFR34=01100h-0116Fh -ASFR35=01180h-011EFh -ASFR36=01200h-0126Fh \
  -ASFR37=01280h-012EFh -ASFR38=01300h-0136Fh -ASFR39=01380h-013EFh \
  -ASFR40=01400h-0146Fh -ASFR41=01480h-014EFh -ASFR42=01500h-0156Fh \
  -ASFR43=01580h-015EFh -ASFR44=01600h-0166Fh -ASFR45=01680h-016EFh \
  -ASFR46=01700h-0176Fh -ASFR47=01780h-017EFh -ASFR48=01800h-0186Fh \
  -ASFR49=01880h-018EFh -ASFR50=01900h-0196Fh -ASFR51=01980h-019EFh \
  -ASFR52=01A00h-01A6Fh -ASFR53=01A80h-01AEFh -ASFR54=01B00h-01B6Fh \
  -ASFR55=01B80h-01BEFh -ASFR56=01C00h-01C6Fh -ASFR57=01C80h-01CEFh \
  -ASFR58=01D00h-01D6Fh -ASFR59=01D80h-01DEFh -ASFR60=01E00h-01E6Fh \
  -ASFR61=01E80h-01EEFh -ASFR62=01F00h-01F6Fh -ASFR63=01F80h-01FEFh \
  -preset_vec=00h,intentry=04h,init,end_init -ppowerup=CODE -pcinit=CODE \
  -pfunctab=ENTRY -ACONFIG=08007h-0800Bh -pconfig=CONFIG -DCONFIG=2 \
  -AIDLOC=08000h-08003h -pidloc=IDLOC -DIDLOC=2 -AEEDATA=00h-0FFh/0F000h \
  -peeprom_data=EEDATA -DEEDATA=2 -DCODE=2 -DSTRCODE=2 -DSTRING=2 -DCONST=2 \
  -DENTRY=2 -k C:\Users\2013b\AppData\Local\Temp\sepo.o \
  dist/default/production\Wisp-1.production.o 

Object code version is 3.11

Machine type is 16F18446



                Name                               Link     Load   Length Selector   Space Scale
C:\Users\2013b\AppData\Local\Temp\sepo.o
                end_init                              E        E        2        8       0
                reset_vec                             0        0        2        0       0
                config                             8007     8007        5    1000E       0
dist/default/production\Wisp-1.production.o
                cinit                                10       10       44        8       0
                intentry                              4        4        A        8       0
                text92                             25E5     25E5        A     4BCA       0
                text91                                3        3        1        6       0
                text90                             2628     2628        D     4C50       0
                text88                             268B     268B       15     4D16       0
                text87                             1915     1915       2B     322A       0
                text86                             18C1     18C1       2A     3182       0
                text85                             1D32     1D32       48     3A64       0
                text84                             25AF     25AF        5     4B5E       0
                text83                             25AC     25AC        3     4B58       0
                text82                             2635     2635        E     4C6A       0
                text81                             1AB1     1AB1       33     3562       0
                text80                             1998     1998       2D     3330       0
                text79                             2790     2790       25     4F20       0
                text78                             166A     166A       A1     2CD4       0
                text77                             1B1D     1B1D       3C     363A       0
                text76                             26CF     26CF       19     4D9E       0
                text75                             1E13     1E13       51     3C26       0
                text74                             1C1D     1C1D       44     383A       0
                text73                             15D1     15D1       99     2BA2       0
                text72                             170B     170B       F5     2E16       0
                text71                             1DC6     1DC6       4D     3B8C       0
                text70                             1209     1209       6B     2412       0
                text69                             19C5     19C5       2D     338A       0
                text68                             1022     1022       58     2044       0
                text67                             2703     2703       1C     4E06       0
                text66                             271F     271F       1C     4E3E       0
                text65                             1CA6     1CA6       46     394C       0
                text64                             1EB5     1EB5       52     3D6A       0
                text63                             26E8     26E8       1B     4DD0       0
                text62                             273B     273B       1C     4E76       0
                text61                             1CEC     1CEC       46     39D8       0
                text60                             18EB     18EB       2A     31D6       0
                text59                             27DA     27DA       26     4FB4       0
                text58                             1B99     1B99       42     3732       0
                text57                             1AE4     1AE4       39     35C8       0
                text56                             1B59     1B59       40     36B2       0
                text55                             25F9     25F9        B     4BF2       0
                text54                             1356     1356       76     26AC       0
                text53                             1274     1274       6D     24E8       0
                text52                             26A0     26A0       17     4D40       0
                text51                             1822     1822       27     3044       0
                text50                             2773     2773       1D     4EE6       0
                text49                             25B4     25B4        6     4B68       0
                text48                             25CC     25CC        8     4B98       0
                text47                             1E64     1E64       51     3CC8       0
                text46                             113B     113B       65     2276       0
                text45                             1C61     1C61       45     38C2       0
                text44                             11A0     11A0       69     2340       0
                text43                             1805     1805       1D     300A       0
                text42                             2604     2604        C     4C08       0
                text41                             1800     1800        5     2E16       0
                text40                             2757     2757       1C     4EAE       0
                text39                             10D9     10D9       62     21B2       0
                text38                             12E1     12E1       75     25C2       0
                text37                             1F07     1F07       52     3E0E       0
                text36                             26B7     26B7       18     4D6E       0
                text35                             1A50     1A50       30     34A0       0
                text34                             25D4     25D4        8     4BA8       0
                text33                             1870     1870       28     30E0       0
                text32                             19F2     19F2       2F     33E4       0
                text31                              B05      B05      231     160A       0
                text30                             25BA     25BA        6     4B74       0
                text29                             25C0     25C0        6     4B80       0
                text28                             25C6     25C6        6     4B8C       0
                text27                             1001     1001       21     2002       0
                text26                             25DC     25DC        9     4BB8       0
                text25                             1898     1898       29     3130       0
                text24                             25EF     25EF        A     4BDE       0
                text23                             2664     2664       13     4CC8       0
                text22                             2643     2643        F     4C86       0
                text21                             153F     153F       92     2A7E       0
                text20                             2652     2652       12     4CA4       0
                text19                             1849     1849       27     3092       0
                text18                             1D7A     1D7A       4C     3AF4       0
                text17                             2677     2677       14     4CEE       0
                text16                             1A80     1A80       31     3500       0
                text15                             1940     1940       2C     3280       0
                text14                             13CC     13CC       78     2798       0
                text13                             1F59     1F59       52     3EB2       0
                text12                             1BDB     1BDB       42     37B6       0
                text11                             1FAB     1FAB       55     3F56       0
                text10                             14BD     14BD       82     297A       0
                text9                              1A21     1A21       2F     3442       0
                text8                               D36      D36      2CA     1A6C       0
                text7                                54       54      558        8       0
                text6                               95D      95D      1A8     12BA       0
                text5                              1444     1444       79     2888       0
                text4                               83E      83E      11F     107C       0
                text3                              107A     107A       5F     20F4       0
                text2                               801      801       3D     1002       0
                text1                              27B5     27B5       25     4F6A       0
                maintext                            5AC      5AC      254        8       0
                cstackBANK0                          20       20       4F       20       1
                cstackCOMMON                         70       70        E       70       1
                cstackBANK1                          A0       A0       48       A0       1
                cstackBANK2                         150      150       20      120       1
                clrtext                            2610     2610        C     4C20       0
                inittext                           261C     261C        C     4C38       0
                dataBANK4                           220      220       2C      220       1
                bssBANK4                            24C      24C       1A      220       1
                bssBANK3                            1A0      1A0       47      1A0       1
                bssBANK2                            120      120       30      120       1
                bssBANK1                             E8       E8        6       A0       1
                stringtext12                       28B8     28B8        2     5000       0
                stringtext11                       28B6     28B6        2     5000       0
                stringtext10                       28B1     28B1        3     5000       0
                stringtext9                        28AA     28AA        7     5000       0
                stringtext8                        289C     289C        E     5000       0
                stringtext7                        2882     2882       1A     5000       0
                stringtext6                        2868     2868       1A     5000       0
                stringtext5                        284E     284E       1A     5000       0
                stringtext4                        2834     2834       1A     5000       0
                stringtext3                        281A     281A       1A     5000       0
                stringtext2                        2800     2800       1A     5000       0
                nvBANK3                             1E7      1E7        6      1A0       1
                nvBANK1                              EE       EE        2       A0       1
                stringtext1                        28B4     28B4        2     5000       0
                idataBANK4                         196C     196C       2C     32D8       0

TOTAL           Name                               Link     Load   Length     Space
        CLASS   STACK          

        CLASS   CODE           
                end_init                              E        E        2         0
                cinit                                10       10       44         0
                intentry                              4        4        A         0
                reset_vec                             0        0        2         0
                text92                             25E5     25E5        A         0
                text91                                3        3        1         0
                text90                             2628     2628        D         0
                text88                             268B     268B       15         0
                text87                             1915     1915       2B         0
                text86                             18C1     18C1       2A         0
                text85                             1D32     1D32       48         0
                text84                             25AF     25AF        5         0
                text83                             25AC     25AC        3         0
                text82                             2635     2635        E         0
                text81                             1AB1     1AB1       33         0
                text80                             1998     1998       2D         0
                text79                             2790     2790       25         0
                text78                             166A     166A       A1         0
                text77                             1B1D     1B1D       3C         0
                text76                             26CF     26CF       19         0
                text75                             1E13     1E13       51         0
                text74                             1C1D     1C1D       44         0
                text73                             15D1     15D1       99         0
                text72                             170B     170B       F5         0
                text71                             1DC6     1DC6       4D         0
                text70                             1209     1209       6B         0
                text69                             19C5     19C5       2D         0
                text68                             1022     1022       58         0
                text67                             2703     2703       1C         0
                text66                             271F     271F       1C         0
                text65                             1CA6     1CA6       46         0
                text64                             1EB5     1EB5       52         0
                text63                             26E8     26E8       1B         0
                text62                             273B     273B       1C         0
                text61                             1CEC     1CEC       46         0
                text60                             18EB     18EB       2A         0
                text59                             27DA     27DA       26         0
                text58                             1B99     1B99       42         0
                text57                             1AE4     1AE4       39         0
                text56                             1B59     1B59       40         0
                text55                             25F9     25F9        B         0
                text54                             1356     1356       76         0
                text53                             1274     1274       6D         0
                text52                             26A0     26A0       17         0
                text51                             1822     1822       27         0
                text50                             2773     2773       1D         0
                text49                             25B4     25B4        6         0
                text48                             25CC     25CC        8         0
                text47                             1E64     1E64       51         0
                text46                             113B     113B       65         0
                text45                             1C61     1C61       45         0
                text44                             11A0     11A0       69         0
                text43                             1805     1805       1D         0
                text42                             2604     2604        C         0
                text41                             1800     1800        5         0
                text40                             2757     2757       1C         0
                text39                             10D9     10D9       62         0
                text38                             12E1     12E1       75         0
                text37                             1F07     1F07       52         0
                text36                             26B7     26B7       18         0
                text35                             1A50     1A50       30         0
                text34                             25D4     25D4        8         0
                text33                             1870     1870       28         0
                text32                             19F2     19F2       2F         0
                text31                              B05      B05      231         0
                text30                             25BA     25BA        6         0
                text29                             25C0     25C0        6         0
                text28                             25C6     25C6        6         0
                text27                             1001     1001       21         0
                text26                             25DC     25DC        9         0
                text25                             1898     1898       29         0
                text24                             25EF     25EF        A         0
                text23                             2664     2664       13         0
                text22                             2643     2643        F         0
                text21                             153F     153F       92         0
                text20                             2652     2652       12         0
                text19                             1849     1849       27         0
                text18                             1D7A     1D7A       4C         0
                text17                             2677     2677       14         0
                text16                             1A80     1A80       31         0
                text15                             1940     1940       2C         0
                text14                             13CC     13CC       78         0
                text13                             1F59     1F59       52         0
                text12                             1BDB     1BDB       42         0
                text11                             1FAB     1FAB       55         0
                text10                             14BD     14BD       82         0
                text9                              1A21     1A21       2F         0
                text8                               D36      D36      2CA         0
                text7                                54       54      558         0
                text6                               95D      95D      1A8         0
                text5                              1444     1444       79         0
                text4                               83E      83E      11F         0
                text3                              107A     107A       5F         0
                text2                               801      801       3D         0
                text1                              27B5     27B5       25         0
                maintext                            5AC      5AC      254         0
                clrtext                            2610     2610        C         0
                inittext                           261C     261C        C         0
                idataBANK4                         196C     196C       2C         0

        CLASS   STRCODE        
                stringtext12                       28B8     28B8        2         0
                stringtext11                       28B6     28B6        2         0
                stringtext10                       28B1     28B1        3         0
                stringtext9                        28AA     28AA        7         0
                stringtext8                        289C     289C        E         0
                stringtext7                        2882     2882       1A         0
                stringtext6                        2868     2868       1A         0
                stringtext5                        284E     284E       1A         0
                stringtext4                        2834     2834       1A         0
                stringtext3                        281A     281A       1A         0
                stringtext2                        2800     2800       1A         0
                stringtext1                        28B4     28B4        2         0

        CLASS   STRING         

        CLASS   CONST          

        CLASS   ENTRY          

        CLASS   COMMON         
                cstackCOMMON                         70       70        E         1

        CLASS   BANK0          
                cstackBANK0                          20       20       4F         1

        CLASS   BANK1          
                cstackBANK1                          A0       A0       48         1
                bssBANK1                             E8       E8        6         1
                nvBANK1                              EE       EE        2         1

        CLASS   BANK2          
                cstackBANK2                         150      150       20         1
                bssBANK2                            120      120       30         1

        CLASS   BANK3          
                bssBANK3                            1A0      1A0       47         1
                nvBANK3                             1E7      1E7        6         1

        CLASS   BANK4          
                dataBANK4                           220      220       2C         1
                bssBANK4                            24C      24C       1A         1

        CLASS   BANK5          

        CLASS   BANK6          

        CLASS   BANK7          

        CLASS   BANK8          

        CLASS   BANK9          

        CLASS   BANK10         

        CLASS   BANK11         

        CLASS   BANK12         

        CLASS   BANK13         

        CLASS   BANK14         

        CLASS   BANK15         

        CLASS   BANK16         

        CLASS   BANK17         

        CLASS   BANK18         

        CLASS   BANK19         

        CLASS   BANK20         

        CLASS   BANK21         

        CLASS   BANK22         

        CLASS   BANK23         

        CLASS   BANK24         

        CLASS   BANK25         

        CLASS   BIGRAM         

        CLASS   RAM            

        CLASS   ABS1           
                abs_s1                               7E       7E        2         1
                abs_s1                              AE8      AE8        8         1
                abs_s1                              B20      B20       50         1
                abs_s1                              BA0      BA0       50         1
                abs_s1                              C20      C20       50         1
                abs_s1                              CA0      CA0       20         1
                abs_s1                             26D8     26D8        0         1
                abs_s1                             2764     2764        0         1

        CLASS   SFR0           

        CLASS   SFR1           

        CLASS   SFR2           

        CLASS   SFR3           

        CLASS   SFR4           

        CLASS   SFR5           

        CLASS   SFR6           

        CLASS   SFR7           

        CLASS   SFR8           

        CLASS   SFR9           

        CLASS   SFR10          

        CLASS   SFR11          

        CLASS   SFR12          

        CLASS   SFR13          

        CLASS   SFR14          

        CLASS   SFR15          

        CLASS   SFR16          

        CLASS   SFR17          

        CLASS   SFR18          

        CLASS   SFR19          

        CLASS   SFR20          

        CLASS   SFR21          

        CLASS   SFR22          

        CLASS   SFR23          

        CLASS   SFR24          

        CLASS   SFR25          

        CLASS   SFR26          

        CLASS   SFR27          

        CLASS   SFR28          

        CLASS   SFR29          

        CLASS   SFR30          

        CLASS   SFR31          

        CLASS   SFR32          

        CLASS   SFR33          

        CLASS   SFR34          

        CLASS   SFR35          

        CLASS   SFR36          

        CLASS   SFR37          

        CLASS   SFR38          

        CLASS   SFR39          

        CLASS   SFR40          

        CLASS   SFR41          

        CLASS   SFR42          

        CLASS   SFR43          

        CLASS   SFR44          

        CLASS   SFR45          

        CLASS   SFR46          

        CLASS   SFR47          

        CLASS   SFR48          

        CLASS   SFR49          

        CLASS   SFR50          

        CLASS   SFR51          

        CLASS   SFR52          

        CLASS   SFR53          

        CLASS   SFR54          

        CLASS   SFR55          

        CLASS   SFR56          

        CLASS   SFR57          

        CLASS   SFR58          

        CLASS   SFR59          

        CLASS   SFR60          

        CLASS   SFR61          

        CLASS   SFR62          

        CLASS   SFR63          

        CLASS   CONFIG         
                config                             8007     8007        5         0

        CLASS   IDLOC          

        CLASS   EEDATA         

        CLASS   BANK63         

        CLASS   BANK62         

        CLASS   BANK61         

        CLASS   BANK60         

        CLASS   BANK59         

        CLASS   BANK58         

        CLASS   BANK57         

        CLASS   BANK56         

        CLASS   BANK55         

        CLASS   BANK54         

        CLASS   BANK53         

        CLASS   BANK52         

        CLASS   BANK51         

        CLASS   BANK50         

        CLASS   BANK49         

        CLASS   BANK48         

        CLASS   BANK47         

        CLASS   BANK46         

        CLASS   BANK45         

        CLASS   BANK44         

        CLASS   BANK43         

        CLASS   BANK42         

        CLASS   BANK41         

        CLASS   BANK40         

        CLASS   BANK39         

        CLASS   BANK38         

        CLASS   BANK37         

        CLASS   BANK36         

        CLASS   BANK35         

        CLASS   BANK34         

        CLASS   BANK33         

        CLASS   BANK32         

        CLASS   BANK31         

        CLASS   BANK30         

        CLASS   BANK29         

        CLASS   BANK28         

        CLASS   BANK27         

        CLASS   BANK26         



SEGMENTS        Name                           Load    Length   Top    Selector   Space  Class     Delta

                reset_vec                      000000  000002  000002         0       0  CODE        2
                text91                         000003  000001  000004         6       0  CODE        2
                intentry                       000004  0007FC  000800         8       0  CODE        2
                cstackBANK0                    000020  00004F  00006F        20       1  BANK0       1
                cstackCOMMON                   000070  00000E  00007E        70       1  COMMON      1
                cstackBANK1                    0000A0  000050  0000F0        A0       1  BANK1       1
                bssBANK2                       000120  000050  000170       120       1  BANK2       1
                bssBANK3                       0001A0  00004D  0001ED       1A0       1  BANK3       1
                dataBANK4                      000220  000046  000266       220       1  BANK4       1
                text2                          000801  00003D  00083E      1002       0  CODE        2
                text4                          00083E  00011F  00095D      107C       0  CODE        2
                text6                          00095D  0001A8  000B05      12BA       0  CODE        2
                text31                         000B05  000231  000D36      160A       0  CODE        2
                text8                          000D36  0002CA  001000      1A6C       0  CODE        2
                text27                         001001  000021  001022      2002       0  CODE        2
                text68                         001022  000058  00107A      2044       0  CODE        2
                text3                          00107A  00005F  0010D9      20F4       0  CODE        2
                text39                         0010D9  000062  00113B      21B2       0  CODE        2
                text46                         00113B  000065  0011A0      2276       0  CODE        2
                text44                         0011A0  000069  001209      2340       0  CODE        2
                text70                         001209  00006B  001274      2412       0  CODE        2
                text53                         001274  00006D  0012E1      24E8       0  CODE        2
                text38                         0012E1  000075  001356      25C2       0  CODE        2
                text54                         001356  000076  0013CC      26AC       0  CODE        2
                text14                         0013CC  000078  001444      2798       0  CODE        2
                text5                          001444  000079  0014BD      2888       0  CODE        2
                text10                         0014BD  000082  00153F      297A       0  CODE        2
                text21                         00153F  000092  0015D1      2A7E       0  CODE        2
                text73                         0015D1  000099  00166A      2BA2       0  CODE        2
                text78                         00166A  0000A1  00170B      2CD4       0  CODE        2
                text72                         00170B  0000FA  001805      2E16       0  CODE        2
                text43                         001805  00001D  001822      300A       0  CODE        2
                text51                         001822  000027  001849      3044       0  CODE        2
                text19                         001849  000027  001870      3092       0  CODE        2
                text33                         001870  000028  001898      30E0       0  CODE        2
                text25                         001898  000029  0018C1      3130       0  CODE        2
                text86                         0018C1  00002A  0018EB      3182       0  CODE        2
                text60                         0018EB  00002A  001915      31D6       0  CODE        2
                text87                         001915  00002B  001940      322A       0  CODE        2
                text15                         001940  00002C  00196C      3280       0  CODE        2
                idataBANK4                     00196C  00002C  001998      32D8       0  CODE        2
                text80                         001998  00002D  0019C5      3330       0  CODE        2
                text69                         0019C5  00002D  0019F2      338A       0  CODE        2
                text32                         0019F2  00002F  001A21      33E4       0  CODE        2
                text9                          001A21  00002F  001A50      3442       0  CODE        2
                text35                         001A50  000030  001A80      34A0       0  CODE        2
                text16                         001A80  000031  001AB1      3500       0  CODE        2
                text81                         001AB1  000033  001AE4      3562       0  CODE        2
                text57                         001AE4  000039  001B1D      35C8       0  CODE        2
                text77                         001B1D  00003C  001B59      363A       0  CODE        2
                text56                         001B59  000040  001B99      36B2       0  CODE        2
                text58                         001B99  000042  001BDB      3732       0  CODE        2
                text12                         001BDB  000042  001C1D      37B6       0  CODE        2
                text74                         001C1D  000044  001C61      383A       0  CODE        2
                text45                         001C61  000045  001CA6      38C2       0  CODE        2
                text65                         001CA6  000046  001CEC      394C       0  CODE        2
                text61                         001CEC  000046  001D32      39D8       0  CODE        2
                text85                         001D32  000048  001D7A      3A64       0  CODE        2
                text18                         001D7A  00004C  001DC6      3AF4       0  CODE        2
                text71                         001DC6  00004D  001E13      3B8C       0  CODE        2
                text75                         001E13  000051  001E64      3C26       0  CODE        2
                text47                         001E64  000051  001EB5      3CC8       0  CODE        2
                text64                         001EB5  000052  001F07      3D6A       0  CODE        2
                text37                         001F07  000052  001F59      3E0E       0  CODE        2
                text13                         001F59  000052  001FAB      3EB2       0  CODE        2
                text11                         001FAB  000055  002000      3F56       0  CODE        2
                text83                         0025AC  000003  0025AF      4B58       0  CODE        2
                text84                         0025AF  000005  0025B4      4B5E       0  CODE        2
                text49                         0025B4  000006  0025BA      4B68       0  CODE        2
                text30                         0025BA  000006  0025C0      4B74       0  CODE        2
                text29                         0025C0  000006  0025C6      4B80       0  CODE        2
                text28                         0025C6  000006  0025CC      4B8C       0  CODE        2
                text48                         0025CC  000008  0025D4      4B98       0  CODE        2
                text34                         0025D4  000008  0025DC      4BA8       0  CODE        2
                text26                         0025DC  000009  0025E5      4BB8       0  CODE        2
                text92                         0025E5  00000A  0025EF      4BCA       0  CODE        2
                text24                         0025EF  00000A  0025F9      4BDE       0  CODE        2
                text55                         0025F9  00000B  002604      4BF2       0  CODE        2
                text42                         002604  00000C  002610      4C08       0  CODE        2
                clrtext                        002610  00000C  00261C      4C20       0  CODE        2
                inittext                       00261C  00000C  002628      4C38       0  CODE        2
                text90                         002628  00000D  002635      4C50       0  CODE        2
                text82                         002635  00000E  002643      4C6A       0  CODE        2
                text22                         002643  00000F  002652      4C86       0  CODE        2
                text20                         002652  000012  002664      4CA4       0  CODE        2
                text23                         002664  000013  002677      4CC8       0  CODE        2
                text17                         002677  000014  00268B      4CEE       0  CODE        2
                text88                         00268B  000015  0026A0      4D16       0  CODE        2
                text52                         0026A0  000017  0026B7      4D40       0  CODE        2
                text36                         0026B7  000018  0026CF      4D6E       0  CODE        2
                text76                         0026CF  000019  0026E8      4D9E       0  CODE        2
                text63                         0026E8  00001B  002703      4DD0       0  CODE        2
                text67                         002703  00001C  00271F      4E06       0  CODE        2
                text66                         00271F  00001C  00273B      4E3E       0  CODE        2
                text62                         00273B  00001C  002757      4E76       0  CODE        2
                text40                         002757  00001C  002773      4EAE       0  CODE        2
                text50                         002773  00001D  002790      4EE6       0  CODE        2
                text79                         002790  000025  0027B5      4F20       0  CODE        2
                text1                          0027B5  000025  0027DA      4F6A       0  CODE        2
                text59                         0027DA  000026  002800      4FB4       0  CODE        2
                stringtext2                    002800  0000BA  0028BA      5000       0  STRCODE     2
                config                         008007  000005  00800C     1000E       0  CONFIG      2


UNUSED ADDRESS RANGES

        Name                Unused          Largest block    Delta
        BANK0            0006F-0006F               1           1
        BANK10           00520-0056F              50           1
        BANK11           005A0-005EF              50           1
        BANK12           00620-0066F              50           1
        BANK13           006A0-006EF              50           1
        BANK14           00720-0076F              50           1
        BANK15           007A0-007EF              50           1
        BANK16           00820-0086F              50           1
        BANK17           008A0-008EF              50           1
        BANK18           00920-0096F              50           1
        BANK19           009A0-009EF              50           1
        BANK20           00A20-00A6F              50           1
        BANK21           00AA0-00AE7              48           1
        BANK3            001ED-001EF               3           1
        BANK4            00266-0026F               A           1
        BANK5            002A0-002EF              50           1
        BANK6            00320-0036F              50           1
        BANK7            003A0-003EF              50           1
        BANK8            00420-0046F              50           1
        BANK9            004A0-004EF              50           1
        BIGRAM           02000-027EF             7F0           1
        CODE             00002-00002               1           2
                         00800-00800               1
                         01000-01000               1
                         02000-025AB             5AC
                         028BA-03FFF             800
        CONST            00002-00002               1           2
                         00800-00800               1
                         01000-01000               1
                         02000-025AB             100
                         028BA-03FFF             100
        EEDATA           0F000-0F0FF             100           2
        ENTRY            00002-00002               1           2
                         00800-00800               1
                         01000-01000               1
                         02000-025AB             100
                         028BA-03FFF             100
        IDLOC            08000-08003               4           2
        RAM              0006F-0006F               1           1
                         001ED-001EF               3
                         00266-0026F               A
                         002A0-002EF              50
                         00320-0036F              50
                         003A0-003EF              50
                         00420-0046F              50
                         004A0-004EF              50
                         00520-0056F              50
                         005A0-005EF              50
                         00620-0066F              50
                         006A0-006EF              50
                         00720-0076F              50
                         007A0-007EF              50
                         00820-0086F              50
                         008A0-008EF              50
                         00920-0096F              50
                         009A0-009EF              50
                         00A20-00A6F              50
                         00AA0-00AE7              48
        SFR0             00000-0001F              20           1
        SFR1             00080-0009F              20           1
        SFR10            00500-0051F              20           1
        SFR11            00580-0059F              20           1
        SFR12            00600-0061F              20           1
        SFR13            00680-0069F              20           1
        SFR14            00700-0071F              20           1
        SFR15            00780-0079F              20           1
        SFR16            00800-0081F              20           1
        SFR17            00880-0089F              20           1
        SFR18            00900-0091F              20           1
        SFR19            00980-0099F              20           1
        SFR2             00100-0011F              20           1
        SFR20            00A00-00A1F              20           1
        SFR21            00A80-00A9F              20           1
        SFR22            00B00-00B1F              20           1
        SFR23            00B80-00B9F              20           1
        SFR24            00C00-00C1F              20           1
        SFR25            00C80-00C9F              20           1
        SFR26            00D00-00D6F              70           1
        SFR27            00D80-00DEF              70           1
        SFR28            00E00-00E6F              70           1
        SFR29            00E80-00EEF              70           1
        SFR3             00180-0019F              20           1
        SFR30            00F00-00F6F              70           1
        SFR31            00F80-00FEF              70           1
        SFR32            01000-0106F              70           1
        SFR33            01080-010EF              70           1
        SFR34            01100-0116F              70           1
        SFR35            01180-011EF              70           1
        SFR36            01200-0126F              70           1
        SFR37            01280-012EF              70           1
        SFR38            01300-0136F              70           1
        SFR39            01380-013EF              70           1
        SFR4             00200-0021F              20           1
        SFR40            01400-0146F              70           1
        SFR41            01480-014EF              70           1
        SFR42            01500-0156F              70           1
        SFR43            01580-015EF              70           1
        SFR44            01600-0166F              70           1
        SFR45            01680-016EF              70           1
        SFR46            01700-0176F              70           1
        SFR47            01780-017EF              70           1
        SFR48            01800-0186F              70           1
        SFR49            01880-018EF              70           1
        SFR5             00280-0029F              20           1
        SFR50            01900-0196F              70           1
        SFR51            01980-019EF              70           1
        SFR52            01A00-01A6F              70           1
        SFR53            01A80-01AEF              70           1
        SFR54            01B00-01B6F              70           1
        SFR55            01B80-01BEF              70           1
        SFR56            01C00-01C6F              70           1
        SFR57            01C80-01CEF              70           1
        SFR58            01D00-01D6F              70           1
        SFR59            01D80-01DEF              70           1
        SFR6             00300-0031F              20           1
        SFR60            01E00-01E6F              70           1
        SFR61            01E80-01EEF              70           1
        SFR62            01F00-01F6F              70           1
        SFR63            01F80-01FEF              70           1
        SFR7             00380-0039F              20           1
        SFR8             00400-0041F              20           1
        SFR9             00480-0049F              20           1
        STACK            02186-026D7             552           1
        STRCODE          00002-00002               1           2
                         00800-00800               1
                         01000-01000               1
                         02000-025AB             5AC
                         028BA-03FFF            1746
        STRING           00002-00002               1           2
                         00800-00800               1
                         01000-01000               1
                         02000-025AB             100
                         028BA-03FFF             100

                                  Symbol Table

?_GetLengthUBX                                  cstackCOMMON 00070
?_Insert                                        cstackCOMMON 00075
?_InsertString                                  cstackBANK0  00029
?_InsertTxData                                  cstackBANK0  00035
?_InsertTxDataSep                               cstackCOMMON 0007C
?___aldiv                                       cstackBANK0  00020
?___awdiv                                       cstackCOMMON 00070
?___awmod                                       cstackCOMMON 00070
?___lldiv                                       cstackCOMMON 00070
?___llmod                                       cstackCOMMON 00070
?___lmul                                        cstackCOMMON 00070
?_compensate_humidity                           cstackBANK0  0002E
?_compensate_pressure                           cstackBANK0  0002E
?_compensate_temperature                        cstackBANK0  0002E
?_crc16                                         cstackBANK0  00021
?_crc16_update                                  cstackCOMMON 00075
?_strcmp                                        cstackCOMMON 0007B
?_strlen                                        cstackCOMMON 00070
BME280_Init@rslt                                cstackBANK1  000B1
BME280_Init@settings_sel                        cstackBANK1  000B0
ClearNMEA@i                                     cstackCOMMON 00072
ClearString@counti                              cstackCOMMON 00076
ClearString@i                                   cstackCOMMON 00078
ClearString@str                                 cstackCOMMON 0007A
ClearStringn@i                                  cstackCOMMON 00074
ClearStringn@length                             cstackCOMMON 00070
ClearStringn@str                                cstackCOMMON 00073
ClearTxData@i                                   cstackCOMMON 00072
DebugAlert@delay_high                           cstackBANK0  00020
DebugAlert@delay_low                            cstackBANK0  00022
DebugAlert@i                                    cstackBANK0  00025
DebugAlert@num_flashes                          cstackBANK0  00024
EUSART1_SetErrorHandler@interruptHandler        cstackCOMMON 00070
EUSART1_SetFramingErrorHandler@interruptHandler cstackCOMMON 00070
EUSART1_SetOverrunErrorHandler@interruptHandler cstackCOMMON 00070
EUSART1_Write@txData                            cstackCOMMON 00070
GPS_HasAcknowledged@ackByte                     cstackBANK0  00024
GPS_HasAcknowledged@ackByteID                   cstackBANK0  00030
GPS_HasAcknowledged@ackPacket                   cstackBANK0  00025
GPS_HasAcknowledged@data                        cstackBANK0  0002F
GPS_HasAcknowledged@i                           cstackBANK0  00031
GPS_HasAcknowledged@startTime                   cstackBANK0  00020
GPS_SendUBX@data                                cstackCOMMON 00079
GPS_SendUBX@i                                   cstackCOMMON 00077
GPS_SendUBX@length                              cstackCOMMON 00075
GetAtRowCSV@col                                 cstackBANK0  00022
GetAtRowCSV@column                              cstackCOMMON 00078
GetAtRowCSV@counti                              cstackBANK0  00020
GetAtRowCSV@i                                   cstackBANK0  00026
GetAtRowCSV@index                               cstackBANK0  00024
GetAtRowCSV@src                                 cstackCOMMON 00076
GetLengthUBX@data                               cstackCOMMON 00073
I2C_ReadByte@ackbit                             cstackBANK0  0002B
I2C_ReadByte@rcvdata                            cstackBANK0  0002C
I2C_WriteByte@data                              cstackCOMMON 0007D
Insert@dest                                     cstackCOMMON 00075
Insert@destLimit                                cstackCOMMON 0007A
Insert@i                                        cstackBANK0  00027
Insert@index                                    cstackCOMMON 00078
Insert@length                                   cstackBANK0  00025
Insert@src                                      cstackCOMMON 00077
InsertString@counti                             cstackBANK0  00031
InsertString@dest                               cstackBANK0  00029
InsertString@destLimit                          cstackBANK0  0002F
InsertString@i                                  cstackBANK0  00033
InsertString@index                              cstackBANK0  0002D
InsertString@src                                cstackBANK0  0002B
InsertTxData@field                              cstackBANK0  00037
InsertTxData@index                              cstackBANK0  00035
InsertTxDataSep@index                           cstackCOMMON 0007C
IntToString@dest                                cstackCOMMON 0007D
IntToString@i                                   cstackBANK0  0002C
IntToString@n                                   cstackCOMMON 0007B
IntToString@sign                                cstackBANK0  0002B
PollGPS@byte                                    cstackBANK0  00046
PollGPS@counti                                  cstackBANK0  00041
PollGPS@eusart_complete                         cstackBANK0  00045
PollGPS@i                                       cstackBANK0  00047
PollGPS@index                                   cstackBANK0  00049
PollGPS@startTime                               cstackBANK0  0003D
PollGPS@success                                 cstackBANK0  00043
ReadEnvSensor@dev_id                            cstackBANK0  0002D
ReadEnvSensor@i                                 cstackBANK0  00035
ReadEnvSensor@len                               cstackBANK0  00030
ReadEnvSensor@reg_addr                          cstackBANK0  0002E
ReadEnvSensor@reg_data                          cstackBANK0  0002F
ReadEnvSensor@rslt                              cstackBANK0  00034
ReverseString@counti                            cstackBANK0  00024
ReverseString@halfway                           cstackBANK0  00020
ReverseString@i                                 cstackBANK0  00026
ReverseString@opposite                          cstackBANK0  00023
ReverseString@str                               cstackBANK0  00028
ReverseString@temp                              cstackBANK0  00022
Sleep@ms                                        cstackCOMMON 00070
Sleep@start                                     cstackCOMMON 00078
TMR0_SetInterruptHandler@InterruptHandler       cstackCOMMON 00070
TransmitBit@b                                   cstackCOMMON 0007C
TransmitChar@byte                               cstackBANK0  00020
TransmitChar@i                                  cstackBANK0  00021
TransmitString@counti                           cstackBANK0  00026
TransmitString@i                                cstackBANK0  00028
TransmitString@message                          cstackBANK0  00023
UIntToHexString@dest                            cstackBANK0  0002D
UIntToHexString@i                               cstackBANK0  00038
UIntToHexString@n                               cstackBANK0  00029
UIntToHexString@remainder                       cstackBANK0  00034
UIntToString@dest                               cstackBANK0  0002D
UIntToString@i                                  cstackBANK0  00030
UIntToString@n                                  cstackBANK0  00029
WriteEnvSensor@dev_id                           cstackBANK0  0002B
WriteEnvSensor@i                                cstackBANK0  00032
WriteEnvSensor@len                              cstackBANK0  0002E
WriteEnvSensor@reg_addr                         cstackBANK0  0002C
WriteEnvSensor@reg_data                         cstackBANK0  0002D
WriteEnvSensor@rslt                             cstackBANK0  00031
WriteGPS@counti                                 cstackCOMMON 00078
WriteGPS@i                                      cstackCOMMON 0007A
WriteGPS@message                                cstackCOMMON 00075
_ANSELA                                         (abs)        01F38
_ANSELB                                         (abs)        01F43
_ANSELC                                         (abs)        01F4E
_BAUD1CON                                       (abs)        0011F
_BME280_Init                                    text53       01274
_ClearNMEA                                      text43       01805
_ClearString                                    text51       01822
_ClearStringn                                   text40       02757
_ClearTxData                                    text50       02773
_DebugAlert                                     text86       018C1
_EUSART1_DefaultErrorHandler                    (abs)        00000
_EUSART1_DefaultFramingErrorHandler             (abs)        00000
_EUSART1_DefaultOverrunErrorHandler             (abs)        00000
_EUSART1_ErrorHandler                           nvBANK3      001E7
_EUSART1_FramingErrorHandler                    nvBANK3      001EB
_EUSART1_Initialize                             text27       01001
_EUSART1_OverrunErrorHandler                    nvBANK3      001E9
_EUSART1_Read                                   text42       02604
_EUSART1_SetErrorHandler                        text30       025BA
_EUSART1_SetFramingErrorHandler                 text29       025C0
_EUSART1_SetOverrunErrorHandler                 text28       025C6
_EUSART1_Write                                  text34       025D4
_EUSART1_is_rx_ready                            text41       01800
_EnvSensor                                      bssBANK3     001A0
_GPS_HasAcknowledged                            text21       0153F
_GPS_SendUBX                                    text19       01849
_GetAtRowCSV                                    text39       010D9
_GetLengthUBX                                   text20       02652
_I2C_Init                                       text88       0268B
_I2C_ReadByte                                   text76       026CF
_I2C_Stop                                       text84       025AF
_I2C_UserAlert                                  text83       025AC
_I2C_Wait_SSPIF                                 text85       01D32
_I2C_WriteByte                                  text82       02635
_INLVLA                                         (abs)        01F3C
_INLVLB                                         (abs)        01F47
_INLVLC                                         (abs)        01F52
_INTCONbits                                     (abs)        0000B
_INTERRUPT_InterruptManager                     intentry     00004
_InitTiming                                     text48       025CC
_Insert                                         text38       012E1
_InsertString                                   text37       01F07
_InsertTxData                                   text35       01A50
_InsertTxDataSep                                text36       026B7
_IntToString                                    text44       011A0
_LATA                                           (abs)        00018
_LATAbits                                       (abs)        00018
_LATB                                           (abs)        00019
_LATC                                           (abs)        0001A
_LATCbits                                       (abs)        0001A
_ODCONA                                         (abs)        01F3A
_ODCONB                                         (abs)        01F45
_ODCONC                                         (abs)        01F50
_OSCCON1                                        (abs)        0088D
_OSCCON3                                        (abs)        0088F
_OSCEN                                          (abs)        00891
_OSCFRQ                                         (abs)        00893
_OSCILLATOR_Initialize                          text26       025DC
_OSCTUNE                                        (abs)        00892
_PIE0bits                                       (abs)        00716
_PIN_MANAGER_Initialize                         text25       01898
_PIR0bits                                       (abs)        0070C
_PIR3bits                                       (abs)        0070F
_PMD0                                           (abs)        00796
_PMD1                                           (abs)        00797
_PMD2                                           (abs)        00798
_PMD3                                           (abs)        00799
_PMD4                                           (abs)        0079A
_PMD5                                           (abs)        0079B
_PMD6                                           (abs)        0079C
_PMD7                                           (abs)        0079D
_PMD_Initialize                                 text24       025EF
_PollGPS                                        text31       00B05
_PollGPS$2720                                   cstackBANK0  00044
_RB4PPS                                         (abs)        01F1C
_RB6PPS                                         (abs)        01F1E
_RB7PPS                                         (abs)        01F1F
_RC1REG                                         (abs)        00119
_RC1STA                                         (abs)        0011D
_RC1STAbits                                     (abs)        0011D
_RX1DTPPS                                       (abs)        01ECB
_ReadEnvSensor                                  text75       01E13
_ReverseString                                  text46       0113B
_SLRCONA                                        (abs)        01F3B
_SLRCONB                                        (abs)        01F46
_SLRCONC                                        (abs)        01F51
_SP1BRGH                                        (abs)        0011C
_SP1BRGL                                        (abs)        0011B
_SSP1ADD                                        (abs)        0018D
_SSP1BUF                                        (abs)        0018C
_SSP1CLKPPS                                     (abs)        01EC5
_SSP1CON1                                       (abs)        00190
_SSP1CON1bits                                   (abs)        00190
_SSP1CON2                                       (abs)        00191
_SSP1CON2bits                                   (abs)        00191
_SSP1CON3                                       (abs)        00192
_SSP1DATPPS                                     (abs)        01EC6
_SSP1STAT                                       (abs)        0018F
_SYSTEM_Initialize                              text22       02643
_SetupGPS                                       text18       01D7A
_Sleep                                          text87       01915
_T0CON0                                         (abs)        0059E
_T0CON0bits                                     (abs)        0059E
_T0CON1                                         (abs)        0059F
_TMR0H                                          (abs)        0059D
_TMR0L                                          (abs)        0059C
_TMR0_DefaultInterruptHandler                   text91       00003
_TMR0_ISR                                       text90       02628
_TMR0_Initialize                                text23       02664
_TMR0_InterruptHandler                          nvBANK1      000EE
_TMR0_SetInterruptHandler                       text49       025B4
_TRISA                                          (abs)        00012
_TRISB                                          (abs)        00013
_TRISC                                          (abs)        00014
_TX1REG                                         (abs)        0011A
_TX1STA                                         (abs)        0011E
_TX1STAbits                                     (abs)        0011E
_TimerISR                                       text92       025E5
_TransmitBit                                    text17       02677
_TransmitChar                                   text16       01A80
_TransmitString                                 text15       01940
_UIntToHexString                                text14       013CC
_UIntToHexString$1811                           cstackBANK0  00030
_UIntToString                                   text11       01FAB
_WPUA                                           (abs)        01F39
_WPUB                                           (abs)        01F44
_WPUC                                           (abs)        01F4F
_WriteEnvSensor                                 text81       01AB1
_WriteGPS                                       text33       01870
__CFG_BBEN$OFF                                  (abs)        00000
__CFG_BBSIZE$BB512                              (abs)        00000
__CFG_BOREN$ON                                  (abs)        00000
__CFG_BORV$LO                                   (abs)        00000
__CFG_CLKOUTEN$OFF                              (abs)        00000
__CFG_CP$OFF                                    (abs)        00000
__CFG_CSWEN$ON                                  (abs)        00000
__CFG_FCMEN$ON                                  (abs)        00000
__CFG_FEXTOSC$OFF                               (abs)        00000
__CFG_LPBOREN$OFF                               (abs)        00000
__CFG_LVP$ON                                    (abs)        00000
__CFG_MCLRE$ON                                  (abs)        00000
__CFG_PPS1WAY$ON                                (abs)        00000
__CFG_PWRTS$OFF                                 (abs)        00000
__CFG_RSTOSC$HFINT1                             (abs)        00000
__CFG_SAFEN$OFF                                 (abs)        00000
__CFG_STVREN$ON                                 (abs)        00000
__CFG_WDTCCS$SC                                 (abs)        00000
__CFG_WDTCPS$WDTCPS_31                          (abs)        00000
__CFG_WDTCWS$WDTCWS_7                           (abs)        00000
__CFG_WDTE$OFF                                  (abs)        00000
__CFG_WRTAPP$OFF                                (abs)        00000
__CFG_WRTB$OFF                                  (abs)        00000
__CFG_WRTC$OFF                                  (abs)        00000
__CFG_WRTD$OFF                                  (abs)        00000
__CFG_WRTSAF$OFF                                (abs)        00000
__CFG_ZCDDIS$OFF                                (abs)        00000
__Habs1                                         abs1         00000
__Hbank0                                        bank0        00000
__Hbank1                                        bank1        00000
__Hbank10                                       bank10       00000
__Hbank11                                       bank11       00000
__Hbank12                                       bank12       00000
__Hbank13                                       bank13       00000
__Hbank14                                       bank14       00000
__Hbank15                                       bank15       00000
__Hbank16                                       bank16       00000
__Hbank17                                       bank17       00000
__Hbank18                                       bank18       00000
__Hbank19                                       bank19       00000
__Hbank2                                        bank2        00000
__Hbank20                                       bank20       00000
__Hbank21                                       bank21       00000
__Hbank22                                       bank22       00000
__Hbank23                                       bank23       00000
__Hbank24                                       bank24       00000
__Hbank25                                       bank25       00000
__Hbank26                                       bank26       00000
__Hbank27                                       bank27       00000
__Hbank28                                       bank28       00000
__Hbank29                                       bank29       00000
__Hbank3                                        bank3        00000
__Hbank30                                       bank30       00000
__Hbank31                                       bank31       00000
__Hbank32                                       bank32       00000
__Hbank33                                       bank33       00000
__Hbank34                                       bank34       00000
__Hbank35                                       bank35       00000
__Hbank36                                       bank36       00000
__Hbank37                                       bank37       00000
__Hbank38                                       bank38       00000
__Hbank39                                       bank39       00000
__Hbank4                                        bank4        00000
__Hbank40                                       bank40       00000
__Hbank41                                       bank41       00000
__Hbank42                                       bank42       00000
__Hbank43                                       bank43       00000
__Hbank44                                       bank44       00000
__Hbank45                                       bank45       00000
__Hbank46                                       bank46       00000
__Hbank47                                       bank47       00000
__Hbank48                                       bank48       00000
__Hbank49                                       bank49       00000
__Hbank5                                        bank5        00000
__Hbank50                                       bank50       00000
__Hbank51                                       bank51       00000
__Hbank52                                       bank52       00000
__Hbank53                                       bank53       00000
__Hbank54                                       bank54       00000
__Hbank55                                       bank55       00000
__Hbank56                                       bank56       00000
__Hbank57                                       bank57       00000
__Hbank58                                       bank58       00000
__Hbank59                                       bank59       00000
__Hbank6                                        bank6        00000
__Hbank60                                       bank60       00000
__Hbank61                                       bank61       00000
__Hbank62                                       bank62       00000
__Hbank63                                       bank63       00000
__Hbank7                                        bank7        00000
__Hbank8                                        bank8        00000
__Hbank9                                        bank9        00000
__Hbigram                                       bigram       00000
__HbssBANK1                                     bssBANK1     00000
__HbssBANK2                                     bssBANK2     00000
__HbssBANK3                                     bssBANK3     00000
__HbssBANK4                                     bssBANK4     00000
__Hcinit                                        cinit        00054
__Hclrtext                                      clrtext      00000
__Hcode                                         code         00000
__Hcommon                                       common       00000
__Hconfig                                       config       0800C
__HcstackBANK0                                  cstackBANK0  00000
__HcstackBANK1                                  cstackBANK1  00000
__HcstackBANK2                                  cstackBANK2  00000
__HcstackCOMMON                                 cstackCOMMON 00000
__HdataBANK4                                    dataBANK4    00000
__Heeprom_data                                  eeprom_data  00000
__Hend_init                                     end_init     00010
__Hfunctab                                      functab      00000
__HidataBANK4                                   idataBANK4   00000
__Hidloc                                        idloc        00000
__Hinit                                         init         0000E
__Hinittext                                     inittext     00000
__Hintentry                                     intentry     0000E
__Hmaintext                                     maintext     00000
__HnvBANK1                                      nvBANK1      00000
__HnvBANK3                                      nvBANK3      00000
__Hpowerup                                      powerup      00000
__Hram                                          ram          00000
__Hreset_vec                                    reset_vec    00002
__Hsfr0                                         sfr0         00000
__Hsfr1                                         sfr1         00000
__Hsfr10                                        sfr10        00000
__Hsfr11                                        sfr11        00000
__Hsfr12                                        sfr12        00000
__Hsfr13                                        sfr13        00000
__Hsfr14                                        sfr14        00000
__Hsfr15                                        sfr15        00000
__Hsfr16                                        sfr16        00000
__Hsfr17                                        sfr17        00000
__Hsfr18                                        sfr18        00000
__Hsfr19                                        sfr19        00000
__Hsfr2                                         sfr2         00000
__Hsfr20                                        sfr20        00000
__Hsfr21                                        sfr21        00000
__Hsfr22                                        sfr22        00000
__Hsfr23                                        sfr23        00000
__Hsfr24                                        sfr24        00000
__Hsfr25                                        sfr25        00000
__Hsfr26                                        sfr26        00000
__Hsfr27                                        sfr27        00000
__Hsfr28                                        sfr28        00000
__Hsfr29                                        sfr29        00000
__Hsfr3                                         sfr3         00000
__Hsfr30                                        sfr30        00000
__Hsfr31                                        sfr31        00000
__Hsfr32                                        sfr32        00000
__Hsfr33                                        sfr33        00000
__Hsfr34                                        sfr34        00000
__Hsfr35                                        sfr35        00000
__Hsfr36                                        sfr36        00000
__Hsfr37                                        sfr37        00000
__Hsfr38                                        sfr38        00000
__Hsfr39                                        sfr39        00000
__Hsfr4                                         sfr4         00000
__Hsfr40                                        sfr40        00000
__Hsfr41                                        sfr41        00000
__Hsfr42                                        sfr42        00000
__Hsfr43                                        sfr43        00000
__Hsfr44                                        sfr44        00000
__Hsfr45                                        sfr45        00000
__Hsfr46                                        sfr46        00000
__Hsfr47                                        sfr47        00000
__Hsfr48                                        sfr48        00000
__Hsfr49                                        sfr49        00000
__Hsfr5                                         sfr5         00000
__Hsfr50                                        sfr50        00000
__Hsfr51                                        sfr51        00000
__Hsfr52                                        sfr52        00000
__Hsfr53                                        sfr53        00000
__Hsfr54                                        sfr54        00000
__Hsfr55                                        sfr55        00000
__Hsfr56                                        sfr56        00000
__Hsfr57                                        sfr57        00000
__Hsfr58                                        sfr58        00000
__Hsfr59                                        sfr59        00000
__Hsfr6                                         sfr6         00000
__Hsfr60                                        sfr60        00000
__Hsfr61                                        sfr61        00000
__Hsfr62                                        sfr62        00000
__Hsfr63                                        sfr63        00000
__Hsfr7                                         sfr7         00000
__Hsfr8                                         sfr8         00000
__Hsfr9                                         sfr9         00000
__Hspace_0                                      (abs)        0800C
__Hspace_1                                      (abs)        00266
__Hspace_2                                      (abs)        00000
__Hspace_3                                      (abs)        00000
__Hstack                                        stack        00000
__Hstrings                                      strings      00000
__Hstringtext1                                  stringtext1  00000
__Hstringtext10                                 stringtext10 00000
__Hstringtext11                                 stringtext11 00000
__Hstringtext12                                 stringtext12 00000
__Hstringtext13                                 stringtext13 00000
__Hstringtext2                                  stringtext2  00000
__Hstringtext3                                  stringtext3  00000
__Hstringtext4                                  stringtext4  00000
__Hstringtext5                                  stringtext5  00000
__Hstringtext6                                  stringtext6  00000
__Hstringtext7                                  stringtext7  00000
__Hstringtext8                                  stringtext8  00000
__Hstringtext9                                  stringtext9  00000
[...]
Total ram usage:        4 bytes
 Hardware stack levels used:    1
 Hardware stack levels required when called:    5
 This function calls:
		_DebugAlert
 This function is called by:
		_I2C_WriteByte
		_I2C_ReadByte
		_I2C_Stop
		_ReadEnvSensor
		_WriteEnvSensor
 This function uses a non-reentrant model


 *************** function _DebugAlert *****************
 Defined at:
		line 4 in file "debug.c"
 Parameters:    Size  Location     Type
  delay_high      2    0[BANK0 ] unsigned int 
  delay_low       2    2[BANK0 ] unsigned int 
  num_flashes     1    4[BANK0 ] unsigned char 
 Auto vars:     Size  Location     Type
  i               2    5[BANK0 ] int 
 Return value:  Size  Location     Type
                  1    wreg      void 
 Registers used:
		wreg, status,2, status,0, pclath, cstack
 Tracked objects:
		On entry : 
		On exit  : 
		Unchanged: 
 Data sizes:     COMMON   BANK0   BANK1   BANK2   BANK3   BANK4   BANK5   BANK6   BANK7   BANK8   BANK9  BANK10  BANK11  BANK12  BANK13  BANK14  BANK15  BANK16  BANK17  BANK18  BANK19  BANK20  BANK21  BANK22  BANK23  BANK24  BANK25
      Params:         0       5       0       0       0       0       0       0       0       0       0       0       0       0       0       0       0       0       0       0       0       0       0       0       0       0       0
      Locals:         0       2       0       0       0       0       0       0       0       0       0       0       0       0       0       0       0       0       0       0       0       0       0       0       0       0       0
      Temps:          1       0       0       0       0       0       0       0       0       0       0       0       0       0       0       0       0       0       0       0       0       0       0       0       0       0       0
      Totals:         1       7       0       0       0       0       0       0       0       0       0       0       0       0       0       0       0       0       0       0       0       0       0       0       0       0       0
Total ram usage:        8 bytes
 Hardware stack levels used:    1
 Hardware stack levels required when called:    4
 This function calls:
		_Sleep
 This function is called by:
		_I2C_Wait_SSPIF
		_BME280_Init
		_main
 This function uses a non-reentrant model


 *************** function _Sleep *****************
 Defined at:
		line 17 in file "timing.c"
 Parameters:    Size  Location     Type
  ms              4    0[COMMON] unsigned long 
 Auto vars:     Size  Location     Type
  start           4    8[COMMON] unsigned long 
 Return value:  Size  Location     Type
                  1    wreg      void 
 Registers used:
		wreg
 Tracked objects:
		On entry : 
		On exit  : 
		Unchanged: 
 Data sizes:     COMMON   BANK0   BANK1   BANK2   BANK3   BANK4   BANK5   BANK6   BANK7   BANK8   BANK9  BANK10  BANK11  BANK12  BANK13  BANK14  BANK15  BANK16  BANK17  BANK18  BANK19  BANK20  BANK21  BANK22  BANK23  BANK24  BANK25
      Params:         4       0       0       0       0       0       0       0       0       0       0       0       0       0       0       0       0       0       0       0       0       0       0       0       0       0       0
      Locals:         4       0       0       0       0       0       0       0       0       0       0       0       0       0       0       0       0       0       0       0       0       0       0       0       0       0       0
      Temps:          4       0       0       0       0       0       0       0       0       0       0       0       0       0       0       0       0       0       0       0       0       0       0       0       0       0       0
      Totals:        12       0       0       0       0       0       0       0       0       0       0       0       0       0       0       0       0       0       0       0       0       0       0       0       0       0       0
Total ram usage:       12 bytes
 Hardware stack levels used:    1
 Hardware stack levels required when called:    3
 This function calls:
		Nothing
 This function is called by:
		_BME280_Init
		_DebugAlert
		_SetupGPS
		_main
		_TransmitBit
		_bme280_soft_reset
		_bme280_init
 This function uses a non-reentrant model


 *************** function _I2C_Init *****************
 Defined at:
		line 22 in file "bme280_i2c.c"
 Parameters:    Size  Location     Type
		None
 Auto vars:     Size  Location     Type
		None
 Return value:  Size  Location     Type
                  1    wreg      void 
 Registers used:
		wreg, status,2
 Tracked objects:
		On entry : 
		On exit  : 
		Unchanged: 
 Data sizes:     COMMON   BANK0   BANK1   BANK2   BANK3   BANK4   BANK5   BANK6   BANK7   BANK8   BANK9  BANK10  BANK11  BANK12  BANK13  BANK14  BANK15  BANK16  BANK17  BANK18  BANK19  BANK20  BANK21  BANK22  BANK23  BANK24  BANK25
      Params:         0       0       0       0       0       0       0       0       0       0       0       0       0       0       0       0       0       0       0       0       0       0       0       0       0       0       0
      Locals:         0       0       0       0       0       0       0       0       0       0       0       0       0       0       0       0       0       0       0       0       0       0       0       0       0       0       0
      Temps:          0       0       0       0       0       0       0       0       0       0       0       0       0       0       0       0       0       0       0       0       0       0       0       0       0       0       0
      Totals:         0       0       0       0       0       0       0       0       0       0       0       0       0       0       0       0       0       0       0       0       0       0       0       0       0       0       0
Total ram usage:        0 bytes
 Hardware stack levels used:    1
 Hardware stack levels required when called:    3
 This function calls:
		Nothing
 This function is called by:
		_BME280_Init
 This function uses a non-reentrant model


 *************** function _INTERRUPT_InterruptManager *****************
 Defined at:
		line 52 in file "mcc_generated_files/interrupt_manager.c"
 Parameters:    Size  Location     Type
		None
 Auto vars:     Size  Location     Type
		None
 Return value:  Size  Location     Type
                  1    wreg      void 
 Registers used:
		wreg, status,2, status,0, pclath, cstack
 Tracked objects:
		On entry : 
		On exit  : 
		Unchanged: 
 Data sizes:     COMMON   BANK0   BANK1   BANK2   BANK3   BANK4   BANK5   BANK6   BANK7   BANK8   BANK9  BANK10  BANK11  BANK12  BANK13  BANK14  BANK15  BANK16  BANK17  BANK18  BANK19  BANK20  BANK21  BANK22  BANK23  BANK24  BANK25
      Params:         0       0       0       0       0       0       0       0       0       0       0       0       0       0       0       0       0       0       0       0       0       0       0       0       0       0       0
      Locals:         0       0       0       0       0       0       0       0       0       0       0       0       0       0       0       0       0       0       0       0       0       0       0       0       0       0       0
      Temps:          0       0       0       0       0       0       0       0       0       0       0       0       0       0       0       0       0       0       0       0       0       0       0       0       0       0       0
      Totals:         0       0       0       0       0       0       0       0       0       0       0       0       0       0       0       0       0       0       0       0       0       0       0       0       0       0       0
Total ram usage:        0 bytes
 Hardware stack levels used:    1
 Hardware stack levels required when called:    2
 This function calls:
		_TMR0_ISR
 This function is called by:
		Interrupt level 1
 This function uses a non-reentrant model


 *************** function _TMR0_ISR *****************
 Defined at:
		line 121 in file "mcc_generated_files/tmr0.c"
 Parameters:    Size  Location     Type
		None
 Auto vars:     Size  Location     Type
		None
 Return value:  Size  Location     Type
                  1    wreg      void 
 Registers used:
		wreg, status,2, status,0, pclath, cstack
 Tracked objects:
		On entry : 
		On exit  : 
		Unchanged: 
 Data sizes:     COMMON   BANK0   BANK1   BANK2   BANK3   BANK4   BANK5   BANK6   BANK7   BANK8   BANK9  BANK10  BANK11  BANK12  BANK13  BANK14  BANK15  BANK16  BANK17  BANK18  BANK19  BANK20  BANK21  BANK22  BANK23  BANK24  BANK25
      Params:         0       0       0       0       0       0       0       0       0       0       0       0       0       0       0       0       0       0       0       0       0       0       0       0       0       0       0
      Locals:         0       0       0       0       0       0       0       0       0       0       0       0       0       0       0       0       0       0       0       0       0       0       0       0       0       0       0
      Temps:          0       0       0       0       0       0       0       0       0       0       0       0       0       0       0       0       0       0       0       0       0       0       0       0       0       0       0
      Totals:         0       0       0       0       0       0       0       0       0       0       0       0       0       0       0       0       0       0       0       0       0       0       0       0       0       0       0
Total ram usage:        0 bytes
 Hardware stack levels used:    1
 Hardware stack levels required when called:    1
 This function calls:
		Absolute function
		_TMR0_DefaultInterruptHandler
		_TimerISR
 This function is called by:
		_INTERRUPT_InterruptManager
 This function uses a non-reentrant model


 *************** function _TMR0_DefaultInterruptHandler *****************
 Defined at:
		line 138 in file "mcc_generated_files/tmr0.c"
 Parameters:    Size  Location     Type
		None
 Auto vars:     Size  Location     Type
		None
 Return value:  Size  Location     Type
                  1    wreg      void 
 Registers used:
		None
 Tracked objects:
		On entry : 
		On exit  : 
		Unchanged: 
 Data sizes:     COMMON   BANK0   BANK1   BANK2   BANK3   BANK4   BANK5   BANK6   BANK7   BANK8   BANK9  BANK10  BANK11  BANK12  BANK13  BANK14  BANK15  BANK16  BANK17  BANK18  BANK19  BANK20  BANK21  BANK22  BANK23  BANK24  BANK25
      Params:         0       0       0       0       0       0       0       0       0       0       0       0       0       0       0       0       0       0       0       0       0       0       0       0       0       0       0
      Locals:         0       0       0       0       0       0       0       0       0       0       0       0       0       0       0       0       0       0       0       0       0       0       0       0       0       0       0
      Temps:          0       0       0       0       0       0       0       0       0       0       0       0       0       0       0       0       0       0       0       0       0       0       0       0       0       0       0
      Totals:         0       0       0       0       0       0       0       0       0       0       0       0       0       0       0       0       0       0       0       0       0       0       0       0       0       0       0
Total ram usage:        0 bytes
 Hardware stack levels used:    1
 This function calls:
		Nothing
 This function is called by:
		_TMR0_Initialize
		_TMR0_ISR
 This function uses a non-reentrant model


 *************** function _TimerISR *****************
 Defined at:
		line 6 in file "timing.c"
 Parameters:    Size  Location     Type
		None
 Auto vars:     Size  Location     Type
		None
 Return value:  Size  Location     Type
                  1    wreg      void 
 Registers used:
		wreg
 Tracked objects:
		On entry : 
		On exit  : 
		Unchanged: 
 Data sizes:     COMMON   BANK0   BANK1   BANK2   BANK3   BANK4   BANK5   BANK6   BANK7   BANK8   BANK9  BANK10  BANK11  BANK12  BANK13  BANK14  BANK15  BANK16  BANK17  BANK18  BANK19  BANK20  BANK21  BANK22  BANK23  BANK24  BANK25
      Params:         0       0       0       0       0       0       0       0       0       0       0       0       0       0       0       0       0       0       0       0       0       0       0       0       0       0       0
      Locals:         0       0       0       0       0       0       0       0       0       0       0       0       0       0       0       0       0       0       0       0       0       0       0       0       0       0       0
      Temps:          0       0       0       0       0       0       0       0       0       0       0       0       0       0       0       0       0       0       0       0       0       0       0       0       0       0       0
      Totals:         0       0       0       0       0       0       0       0       0       0       0       0       0       0       0       0       0       0       0       0       0       0       0       0       0       0       0
Total ram usage:        0 bytes
 Hardware stack levels used:    1
 This function calls:
		Nothing
 This function is called by:
		_InitTiming
		_TMR0_ISR
 This function uses a non-reentrant model



MODULE INFORMATION

Module		Function		Class		Link	Load	Size
K:\Programs\MPLABX\XC8 Compiler\pic\sources\c99\common\awmod.c
		___awmod       		CODE           	1C61	0000	70

K:\Programs\MPLABX\XC8 Compiler\pic\sources\c99\common\awmod.c estimated size: 70

K:\Programs\MPLABX\XC8 Compiler\pic\sources\c99\common\llmod.c
		___llmod       		CODE           	1BDB	0000	67

K:\Programs\MPLABX\XC8 Compiler\pic\sources\c99\common\llmod.c estimated size: 67

mcc_generated_files/interrupt_manager.c
		_INTERRUPT_InterruptManager		CODE           	0004	0000	11

mcc_generated_files/interrupt_manager.c estimated size: 11

bme280_i2c.c
		_WriteEnvSensor		CODE           	1AB1	0000	52
		_BME280_Init   		CODE           	1274	0000	110
		_I2C_Stop      		CODE           	25AF	0000	6
		_I2C_WriteByte 		CODE           	2635	0000	15
		_I2C_Init      		CODE           	268B	0000	22
		_I2C_ReadByte  		CODE           	26CF	0000	26
		_I2C_Wait_SSPIF		CODE           	1D32	0000	73
		_I2C_UserAlert 		CODE           	25AC	0000	4
		_ReadEnvSensor 		CODE           	1E13	0000	82

bme280_i2c.c estimated size: 390

mcc_generated_files/tmr0.c
		_TMR0_SetInterruptHandler		CODE           	25B4	0000	7
		_TMR0_DefaultInterruptHandler		CODE           	0003	0000	2
		_TMR0_ISR      		CODE           	2628	0000	14
		_TMR0_Initialize		CODE           	2664	0000	20

mcc_generated_files/tmr0.c estimated size: 43

debug.c
		_DebugAlert    		CODE           	18C1	0000	43

debug.c estimated size: 43

mcc_generated_files/pin_manager.c
		_PIN_MANAGER_Initialize		CODE           	1898	0000	42

mcc_generated_files/pin_manager.c estimated size: 42

BME280_driver/bme280.c
		_compensate_temperature		CODE           	095D	0000	425
		_bme280_get_sensor_data		CODE           	107A	0000	96
		_fill_filter_settings		CODE           	2703	0000	29
		_parse_device_settings		CODE           	1022	0000	89
		_compensate_humidity		CODE           	0D36	0000	715
		_fill_osr_temp_settings		CODE           	273B	0000	29
		_fill_standby_settings		CODE           	271F	0000	29
		_bme280_get_regs		CODE           	1C1D	0000	69
		_bme280_set_regs		CODE           	166A	0000	162
		_reload_device_settings		CODE           	27DA	0000	39
		_fill_osr_press_settings		CODE           	26E8	0000	28
		_bme280_get_sensor_mode		CODE           	19C5	0000	46
		_bme280_set_sensor_mode		CODE           	1B59	0000	65
		_put_device_to_sleep		CODE           	1B99	0000	67
		_compensate_pressure		CODE           	0054	0000	1369
		_set_filter_standby_settings		CODE           	1CA6	0000	71
		_get_calib_data		CODE           	1DC6	0000	78
		_write_power_mode		CODE           	1AE4	0000	58
		_set_osr_press_temp_settings		CODE           	1CEC	0000	71
		_set_osr_humidity_settings		CODE           	1EB5	0000	83
		_parse_humidity_calib_data		CODE           	15D1	0000	154
		_bme280_init   		CODE           	1209	0000	108
		_null_ptr_check		CODE           	2790	0000	38
		_interleave_reg_addr		CODE           	1998	0000	46
		_bme280_set_sensor_settings		CODE           	1356	0000	119
		_are_settings_changed		CODE           	25F9	0000	12
		_bme280_parse_sensor_data		CODE           	083E	0000	288
		_bme280_compensate_data		CODE           	1444	0000	122
		_set_osr_settings		CODE           	18EB	0000	43
		_parse_temp_press_calib_data		CODE           	170B	0000	246
		_bme280_soft_reset		CODE           	1B1D	0000	61

BME280_driver/bme280.c estimated size: 4855

K:\Programs\MPLABX\XC8 Compiler\pic\sources\c99\common\awdiv.c
		___awdiv       		CODE           	1E64	0000	82

K:\Programs\MPLABX\XC8 Compiler\pic\sources\c99\common\awdiv.c estimated size: 82

K:\Programs\MPLABX\XC8 Compiler\pic\sources\c99\common\aldiv.c
		___aldiv       		CODE           	14BD	0000	131

K:\Programs\MPLABX\XC8 Compiler\pic\sources\c99\common\aldiv.c estimated size: 131

K:\Programs\MPLABX\XC8 Compiler\pic\sources\c99\common\Umul32.c
		___lmul        		CODE           	1A21	0000	48

K:\Programs\MPLABX\XC8 Compiler\pic\sources\c99\common\Umul32.c estimated size: 48

rtty.c
		_crc16         		CODE           	27B5	0000	38
		_crc16_update  		CODE           	0801	0000	62
		_TransmitBit   		CODE           	2677	0000	21
		_TransmitChar  		CODE           	1A80	0000	50
		_TransmitString		CODE           	1940	0000	45

rtty.c estimated size: 216

timing.c
		_InitTiming    		CODE           	25CC	0000	9
		_TimerISR      		CODE           	25E5	0000	11
		_Sleep         		CODE           	1915	0000	44

timing.c estimated size: 64

shared
		__initialization		CODE           	0010	0000	65
		_HALF_BAUD_DELAY		STRCODE        	0000	0000	0

shared estimated size: 65

mcc_generated_files/eusart1.c
		_EUSART1_is_rx_ready		CODE           	1800	0000	6
		_EUSART1_Initialize		CODE           	1001	0000	34
		_EUSART1_SetFramingErrorHandler		CODE           	25C0	0000	7
		_EUSART1_Read  		CODE           	2604	0000	13
		_EUSART1_SetOverrunErrorHandler		CODE           	25C6	0000	7
		_EUSART1_SetErrorHandler		CODE           	25BA	0000	7
		_EUSART1_Write 		CODE           	25D4	0000	9

mcc_generated_files/eusart1.c estimated size: 83

mcc_generated_files/mcc.c
		_PMD_Initialize		CODE           	25EF	0000	11
		_OSCILLATOR_Initialize		CODE           	25DC	0000	10
		_SYSTEM_Initialize		CODE           	2643	0000	16

mcc_generated_files/mcc.c estimated size: 37

K:\Programs\MPLABX\XC8 Compiler\pic\sources\c99\common\strlen.c
		_strlen        		CODE           	26A0	0000	24

K:\Programs\MPLABX\XC8 Compiler\pic\sources\c99\common\strlen.c estimated size: 24

K:\Programs\MPLABX\XC8 Compiler\pic\sources\c99\common\strcmp.c
		_strcmp        		CODE           	19F2	0000	48

K:\Programs\MPLABX\XC8 Compiler\pic\sources\c99\common\strcmp.c estimated size: 48

main.c
		_GPS_SendUBX   		CODE           	1849	0000	40
		_UIntToString  		CODE           	1FAB	0000	86
		_PollGPS       		CODE           	0B05	0000	562
		_GetAtRowCSV   		CODE           	10D9	0000	99
		_ClearNMEA     		CODE           	1805	0000	30
		_InsertTxData  		CODE           	1A50	0000	49
		_main          		CODE           	05AC	0000	597
		_Insert        		CODE           	12E1	0000	118
		_InsertString  		CODE           	1F07	0000	83
		_GetLengthUBX  		CODE           	2652	0000	19
		_ReverseString 		CODE           	113B	0000	102
		_InsertTxDataSep		CODE           	26B7	0000	25
		_WriteGPS      		CODE           	1870	0000	41
		_ClearString   		CODE           	1822	0000	40
		_ClearStringn  		CODE           	2757	0000	29
		_GPS_HasAcknowledged		CODE           	153F	0000	147
		_ClearTxData   		CODE           	2773	0000	30
		_SetupGPS      		CODE           	1D7A	0000	77
		_IntToString   		CODE           	11A0	0000	106
		_UIntToHexString		CODE           	13CC	0000	121

main.c estimated size: 2401

K:\Programs\MPLABX\XC8 Compiler\pic\sources\c99\common\__lldiv.c
		___lldiv       		CODE           	1F59	0000	83

K:\Programs\MPLABX\XC8 Compiler\pic\sources\c99\common\__lldiv.c estimated size: 83

