Microchip MPLAB XC8 Compiler V2.05 ()

Linker command line:

-W-3 --edf=K:\Programs\MPLABX\XC8 Compiler\pic\dat\en_msgs.txt -cs \
  -h+dist/default/production\Wisp-1.production.sym \
  --cmf=dist/default/production\Wisp-1.production.cmf -z -Q16F18446 \
  -oC:\Users\2013b\AppData\Local\Temp\s2mo.2 --defsym=__MPLAB_BUILD=1 \
  -Mdist/default/production/Wisp-1.production.map -E1 -ver=XC8 --acfsm=1493 \
  -ASTACK=0211Ch-026D7h -pstack=STACK -ACODE=00h-07FFhx8 \
  -ASTRCODE=00h-03FFFh -ASTRING=00h-0FFhx64 -ACONST=00h-0FFhx64 \
  -AENTRY=00h-0FFhx64 -ACOMMON=070h-07Fh -ABANK0=020h-06Fh \
  -ABANK1=0A0h-0EFh -ABANK2=0120h-016Fh -ABANK3=01A0h-01EFh \
  -ABANK4=0220h-026Fh -ABANK5=02A0h-02EFh -ABANK6=0320h-036Fh \
  -ABANK7=03A0h-03EFh -ABANK8=0420h-046Fh -ABANK9=04A0h-04EFh \
  -ABANK10=0520h-056Fh -ABANK11=05A0h-05EFh -ABANK12=0620h-066Fh \
  -ABANK13=06A0h-06EFh -ABANK14=0720h-076Fh -ABANK15=07A0h-07EFh \
  -ABANK16=0820h-086Fh -ABANK17=08A0h-08EFh -ABANK18=0920h-096Fh \
  -ABANK19=09A0h-09EFh -ABANK20=0A20h-0A6Fh -ABANK21=0AA0h-0AEFh \
  -ABANK22=0B20h-0B6Fh -ABANK23=0BA0h-0BEFh -ABANK24=0C20h-0C6Fh \
  -ABANK25=0CA0h-0CBFh -ABIGRAM=02000h-027EFh \
  -ARAM=020h-06Fh,0A0h-0EFh,0120h-016Fh,01A0h-01EFh,0220h-026Fh,02A0h-02EFh,0320h-036Fh,03A0h-03EFh,0420h-046Fh,04A0h-04EFh,0520h-056Fh,05A0h-05EFh,0620h-066Fh,06A0h-06EFh,0720h-076Fh,07A0h-07EFh,0820h-086Fh,08A0h-08EFh,0920h-096Fh,09A0h-09EFh,0A20h-0A6Fh,0AA0h-0AEFh,0B20h-0B6Fh,0BA0h-0BEFh,0C20h-0C6Fh,0CA0h-0CBFh \
  -AABS1=020h-07Fh,0A0h-0EFh,0120h-016Fh,01A0h-01EFh,0220h-026Fh,02A0h-02EFh,0320h-036Fh,03A0h-03EFh,0420h-046Fh,04A0h-04EFh,0520h-056Fh,05A0h-05EFh,0620h-066Fh,06A0h-06EFh,0720h-076Fh,07A0h-07EFh,0820h-086Fh,08A0h-08EFh,0920h-096Fh,09A0h-09EFh,0A20h-0A6Fh,0AA0h-0AEFh,0B20h-0B6Fh,0BA0h-0BEFh,0C20h-0C6Fh,0CA0h-0CBFh \
  -ASFR0=00h-01Fh -ASFR1=080h-09Fh -ASFR2=0100h-011Fh -ASFR3=0180h-019Fh \
  -ASFR4=0200h-021Fh -ASFR5=0280h-029Fh -ASFR6=0300h-031Fh \
  -ASFR7=0380h-039Fh -ASFR8=0400h-041Fh -ASFR9=0480h-049Fh \
  -ASFR10=0500h-051Fh -ASFR11=0580h-059Fh -ASFR12=0600h-061Fh \
  -ASFR13=0680h-069Fh -ASFR14=0700h-071Fh -ASFR15=0780h-079Fh \
  -ASFR16=0800h-081Fh -ASFR17=0880h-089Fh -ASFR18=0900h-091Fh \
  -ASFR19=0980h-099Fh -ASFR20=0A00h-0A1Fh -ASFR21=0A80h-0A9Fh \
  -ASFR22=0B00h-0B1Fh -ASFR23=0B80h-0B9Fh -ASFR24=0C00h-0C1Fh \
  -ASFR25=0C80h-0C9Fh -ASFR26=0D00h-0D6Fh -ASFR27=0D80h-0DEFh \
  -ASFR28=0E00h-0E6Fh -ASFR29=0E80h-0EEFh -ASFR30=0F00h-0F6Fh \
  -ASFR31=0F80h-0FEFh -ASFR32=01000h-0106Fh -ASFR33=01080h-010EFh \
  -ASFR34=01100h-0116Fh -ASFR35=01180h-011EFh -ASFR36=01200h-0126Fh \
  -ASFR37=01280h-012EFh -ASFR38=01300h-0136Fh -ASFR39=01380h-013EFh \
  -ASFR40=01400h-0146Fh -ASFR41=01480h-014EFh -ASFR42=01500h-0156Fh \
  -ASFR43=01580h-015EFh -ASFR44=01600h-0166Fh -ASFR45=01680h-016EFh \
  -ASFR46=01700h-0176Fh -ASFR47=01780h-017EFh -ASFR48=01800h-0186Fh \
  -ASFR49=01880h-018EFh -ASFR50=01900h-0196Fh -ASFR51=01980h-019EFh \
  -ASFR52=01A00h-01A6Fh -ASFR53=01A80h-01AEFh -ASFR54=01B00h-01B6Fh \
  -ASFR55=01B80h-01BEFh -ASFR56=01C00h-01C6Fh -ASFR57=01C80h-01CEFh \
  -ASFR58=01D00h-01D6Fh -ASFR59=01D80h-01DEFh -ASFR60=01E00h-01E6Fh \
  -ASFR61=01E80h-01EEFh -ASFR62=01F00h-01F6Fh -ASFR63=01F80h-01FEFh \
  -preset_vec=00h,intentry=04h,init,end_init -ppowerup=CODE -pcinit=CODE \
  -pfunctab=ENTRY -ACONFIG=08007h-0800Bh -pconfig=CONFIG -DCONFIG=2 \
  -AIDLOC=08000h-08003h -pidloc=IDLOC -DIDLOC=2 -AEEDATA=00h-0FFh/0F000h \
  -peeprom_data=EEDATA -DEEDATA=2 -DCODE=2 -DSTRCODE=2 -DSTRING=2 -DCONST=2 \
  -DENTRY=2 -k C:\Users\2013b\AppData\Local\Temp\s2mo.o \
  dist/default/production\Wisp-1.production.o 

Object code version is 3.11

Machine type is 16F18446



                Name                               Link     Load   Length Selector   Space Scale
C:\Users\2013b\AppData\Local\Temp\s2mo.o
                end_init                              E        E        2        8       0
                reset_vec                             0        0        2        0       0
                config                             8007     8007        5    1000E       0
dist/default/production\Wisp-1.production.o
                cinit                                10       10       32        8       0
                intentry                              4        4        A        8       0
                text50                              B70      B70        A     16E0       0
                text49                              7FC      7FC        1        8       0
                text48                              BA8      BA8        D     1750       0
                text46                              BFD      BFD       17     17FA       0
                text45                              CC7      CC7       26     198E       0
                text44                              C47      C47       1D     188E       0
                text43                              D8F      D8F       2B     1B1E       0
                text42                              D65      D65       2A     1ACA       0
                text41                              B3F      B3F        6     167E       0
                text40                              B57      B57        8     16AE       0
                text39                              FAF      FAF       51     1F5E       0
                text38                              6A5      6A5       60        8       0
                text37                              F1E      F1E       45     1E3C       0
                text36                              5DE      5DE       66        8       0
                text35                              C64      C64       1D     18C8       0
                text34                              B84      B84        C     1708       0
                text33                              B3A      B3A        5     1674       0
                text32                              C2C      C2C       1B     1858       0
                text31                              644      644       61        8       0
                text30                              569      569       75        8       0
                text29                              7AA      7AA       52        8       0
                text28                              C14      C14       18     1828       0
                text27                              E3E      E3E       30     1C7C       0
                text26                              B5F      B5F        8     16BE       0
                text25                              D14      D14       28     1A28       0
                text24                              DBA      DBA       2C     1B74       0
                text23                               42       42      230        8       0
                text22                              B45      B45        6     168A       0
                text21                              B4B      B4B        6     1696       0
                text20                              B51      B51        6     16A2       0
                text19                              C81      C81       21     1902       0
                text18                              B67      B67        9     16CE       0
                text17                              D3C      D3C       29     1A78       0
                text16                              B7A      B7A        A     16F4       0
                text15                              BD6      BD6       13     17AC       0
                text14                              BB5      BB5        F     176A       0
                text13                              461      461       92        8       0
                text12                              BC4      BC4       12     1788       0
                text11                              CED      CED       27     19DA       0
                text10                              F63      F63       4C     1EC6       0
                text9                               BE9      BE9       14     17D2       0
                text8                               E6E      E6E       31     1CDC       0
                text7                               DE6      DE6       2C     1BCC       0
                text6                               4F3      4F3       76        8       0
                text5                               758      758       52        8       0
                text4                               EDC      EDC       42     1DB8       0
                text3                               705      705       53        8       0
                text2                               E9F      E9F       3D     1D3E       0
                text1                               CA2      CA2       25     1944       0
                maintext                            272      272      1EF        8       0
                cstackBANK0                          20       20       50       20       1
                cstackCOMMON                         70       70        E       70       1
                clrtext                             B90      B90        C     1720       0
                inittext                            B9C      B9C        C     1738       0
                dataBANK3                           1A0      1A0       2C      1A0       1
                bssBANK2                            120      120       4D      120       1
                bssBANK1                             A0       A0       4A       A0       1
                stringtext10                       10B1     10B1        3     2000       0
                stringtext9                        10AA     10AA        7     2000       0
                stringtext8                        109C     109C        E     2000       0
                stringtext7                        1082     1082       1A     2000       0
                stringtext6                        1068     1068       1A     2000       0
                stringtext5                        104E     104E       1A     2000       0
                stringtext4                        1034     1034       1A     2000       0
                stringtext3                        101A     101A       1A     2000       0
                stringtext2                        1000     1000       1A     2000       0
                nvBANK2                             16D      16D        2      120       1
                nvBANK1                              EA       EA        6       A0       1
                stringtext1                        10B4     10B4        2     2000       0
                idataBANK3                          E12      E12       2C     1C24       0

TOTAL           Name                               Link     Load   Length     Space
        CLASS   STACK          

        CLASS   CODE           
                end_init                              E        E        2         0
                cinit                                10       10       32         0
                intentry                              4        4        A         0
                reset_vec                             0        0        2         0
                text50                              B70      B70        A         0
                text49                              7FC      7FC        1         0
                text48                              BA8      BA8        D         0
                text46                              BFD      BFD       17         0
                text45                              CC7      CC7       26         0
                text44                              C47      C47       1D         0
                text43                              D8F      D8F       2B         0
                text42                              D65      D65       2A         0
                text41                              B3F      B3F        6         0
                text40                              B57      B57        8         0
                text39                              FAF      FAF       51         0
                text38                              6A5      6A5       60         0
                text37                              F1E      F1E       45         0
                text36                              5DE      5DE       66         0
                text35                              C64      C64       1D         0
                text34                              B84      B84        C         0
                text33                              B3A      B3A        5         0
                text32                              C2C      C2C       1B         0
                text31                              644      644       61         0
                text30                              569      569       75         0
                text29                              7AA      7AA       52         0
                text28                              C14      C14       18         0
                text27                              E3E      E3E       30         0
                text26                              B5F      B5F        8         0
                text25                              D14      D14       28         0
                text24                              DBA      DBA       2C         0
                text23                               42       42      230         0
                text22                              B45      B45        6         0
                text21                              B4B      B4B        6         0
                text20                              B51      B51        6         0
                text19                              C81      C81       21         0
                text18                              B67      B67        9         0
                text17                              D3C      D3C       29         0
                text16                              B7A      B7A        A         0
                text15                              BD6      BD6       13         0
                text14                              BB5      BB5        F         0
                text13                              461      461       92         0
                text12                              BC4      BC4       12         0
                text11                              CED      CED       27         0
                text10                              F63      F63       4C         0
                text9                               BE9      BE9       14         0
                text8                               E6E      E6E       31         0
                text7                               DE6      DE6       2C         0
                text6                               4F3      4F3       76         0
                text5                               758      758       52         0
                text4                               EDC      EDC       42         0
                text3                               705      705       53         0
                text2                               E9F      E9F       3D         0
                text1                               CA2      CA2       25         0
                maintext                            272      272      1EF         0
                clrtext                             B90      B90        C         0
                inittext                            B9C      B9C        C         0
                idataBANK3                          E12      E12       2C         0

        CLASS   STRCODE        
                stringtext10                       10B1     10B1        3         0
                stringtext9                        10AA     10AA        7         0
                stringtext8                        109C     109C        E         0
                stringtext7                        1082     1082       1A         0
                stringtext6                        1068     1068       1A         0
                stringtext5                        104E     104E       1A         0
                stringtext4                        1034     1034       1A         0
                stringtext3                        101A     101A       1A         0
                stringtext2                        1000     1000       1A         0
                stringtext1                        10B4     10B4        2         0

        CLASS   STRING         

        CLASS   CONST          

        CLASS   ENTRY          

        CLASS   COMMON         
                cstackCOMMON                         70       70        E         1

        CLASS   BANK0          
                cstackBANK0                          20       20       50         1

        CLASS   BANK1          
                bssBANK1                             A0       A0       4A         1
                nvBANK1                              EA       EA        6         1

        CLASS   BANK2          
                bssBANK2                            120      120       4D         1
                nvBANK2                             16D      16D        2         1

        CLASS   BANK3          
                dataBANK3                           1A0      1A0       2C         1

        CLASS   BANK4          

        CLASS   BANK5          

        CLASS   BANK6          

        CLASS   BANK7          

        CLASS   BANK8          

        CLASS   BANK9          

        CLASS   BANK10         

        CLASS   BANK11         

        CLASS   BANK12         

        CLASS   BANK13         

        CLASS   BANK14         

        CLASS   BANK15         

        CLASS   BANK16         

        CLASS   BANK17         

        CLASS   BANK18         

        CLASS   BANK19         

        CLASS   BANK20         

        CLASS   BANK21         

        CLASS   BANK22         

        CLASS   BANK23         

        CLASS   BANK24         

        CLASS   BANK25         

        CLASS   BIGRAM         

        CLASS   RAM            

        CLASS   ABS1           
                abs_s1                               7E       7E        2         1
                abs_s1                              AE8      AE8        8         1
                abs_s1                              B20      B20       50         1
                abs_s1                              BA0      BA0       50         1
                abs_s1                              C20      C20       50         1
                abs_s1                              CA0      CA0       20         1
                abs_s1                             26D8     26D8        0         1
                abs_s1                             2764     2764        0         1

        CLASS   SFR0           

        CLASS   SFR1           

        CLASS   SFR2           

        CLASS   SFR3           

        CLASS   SFR4           

        CLASS   SFR5           

        CLASS   SFR6           

        CLASS   SFR7           

        CLASS   SFR8           

        CLASS   SFR9           

        CLASS   SFR10          

        CLASS   SFR11          

        CLASS   SFR12          

        CLASS   SFR13          

        CLASS   SFR14          

        CLASS   SFR15          

        CLASS   SFR16          

        CLASS   SFR17          

        CLASS   SFR18          

        CLASS   SFR19          

        CLASS   SFR20          

        CLASS   SFR21          

        CLASS   SFR22          

        CLASS   SFR23          

        CLASS   SFR24          

        CLASS   SFR25          

        CLASS   SFR26          

        CLASS   SFR27          

        CLASS   SFR28          

        CLASS   SFR29          

        CLASS   SFR30          

        CLASS   SFR31          

        CLASS   SFR32          

        CLASS   SFR33          

        CLASS   SFR34          

        CLASS   SFR35          

        CLASS   SFR36          

        CLASS   SFR37          

        CLASS   SFR38          

        CLASS   SFR39          

        CLASS   SFR40          

        CLASS   SFR41          

        CLASS   SFR42          

        CLASS   SFR43          

        CLASS   SFR44          

        CLASS   SFR45          

        CLASS   SFR46          

        CLASS   SFR47          

        CLASS   SFR48          

        CLASS   SFR49          

        CLASS   SFR50          

        CLASS   SFR51          

        CLASS   SFR52          

        CLASS   SFR53          

        CLASS   SFR54          

        CLASS   SFR55          

        CLASS   SFR56          

        CLASS   SFR57          

        CLASS   SFR58          

        CLASS   SFR59          

        CLASS   SFR60          

        CLASS   SFR61          

        CLASS   SFR62          

        CLASS   SFR63          

        CLASS   CONFIG         
                config                             8007     8007        5         0

        CLASS   IDLOC          

        CLASS   EEDATA         

        CLASS   BANK63         

        CLASS   BANK62         

        CLASS   BANK61         

        CLASS   BANK60         

        CLASS   BANK59         

        CLASS   BANK58         

        CLASS   BANK57         

        CLASS   BANK56         

        CLASS   BANK55         

        CLASS   BANK54         

        CLASS   BANK53         

        CLASS   BANK52         

        CLASS   BANK51         

        CLASS   BANK50         

        CLASS   BANK49         

        CLASS   BANK48         

        CLASS   BANK47         

        CLASS   BANK46         

        CLASS   BANK45         

        CLASS   BANK44         

        CLASS   BANK43         

        CLASS   BANK42         

        CLASS   BANK41         

        CLASS   BANK40         

        CLASS   BANK39         

        CLASS   BANK38         

        CLASS   BANK37         

        CLASS   BANK36         

        CLASS   BANK35         

        CLASS   BANK34         

        CLASS   BANK33         

        CLASS   BANK32         

        CLASS   BANK31         

        CLASS   BANK30         

        CLASS   BANK29         

        CLASS   BANK28         

        CLASS   BANK27         

        CLASS   BANK26         



SEGMENTS        Name                           Load    Length   Top    Selector   Space  Class     Delta

                reset_vec                      000000  000002  000002         0       0  CODE        2
                intentry                       000004  0007F9  0007FD         8       0  CODE        2
                cstackBANK0                    000020  000050  000070        20       1  BANK0       1
                cstackCOMMON                   000070  00000E  00007E        70       1  COMMON      1
                bssBANK1                       0000A0  000050  0000F0        A0       1  BANK1       1
                bssBANK2                       000120  00004F  00016F       120       1  BANK2       1
                dataBANK3                      0001A0  00002C  0001CC       1A0       1  BANK3       1
                text33                         000B3A  000005  000B3F      1674       0  CODE        2
                text41                         000B3F  000006  000B45      167E       0  CODE        2
                text22                         000B45  000006  000B4B      168A       0  CODE        2
                text21                         000B4B  000006  000B51      1696       0  CODE        2
                text20                         000B51  000006  000B57      16A2       0  CODE        2
                text40                         000B57  000008  000B5F      16AE       0  CODE        2
                text26                         000B5F  000008  000B67      16BE       0  CODE        2
                text18                         000B67  000009  000B70      16CE       0  CODE        2
                text50                         000B70  00000A  000B7A      16E0       0  CODE        2
                text16                         000B7A  00000A  000B84      16F4       0  CODE        2
                text34                         000B84  00000C  000B90      1708       0  CODE        2
                clrtext                        000B90  00000C  000B9C      1720       0  CODE        2
                inittext                       000B9C  00000C  000BA8      1738       0  CODE        2
                text48                         000BA8  00000D  000BB5      1750       0  CODE        2
                text14                         000BB5  00000F  000BC4      176A       0  CODE        2
                text12                         000BC4  000012  000BD6      1788       0  CODE        2
                text15                         000BD6  000013  000BE9      17AC       0  CODE        2
                text9                          000BE9  000014  000BFD      17D2       0  CODE        2
                text46                         000BFD  000017  000C14      17FA       0  CODE        2
                text28                         000C14  000018  000C2C      1828       0  CODE        2
                text32                         000C2C  00001B  000C47      1858       0  CODE        2
                text44                         000C47  00001D  000C64      188E       0  CODE        2
                text35                         000C64  00001D  000C81      18C8       0  CODE        2
                text19                         000C81  000021  000CA2      1902       0  CODE        2
                text1                          000CA2  000025  000CC7      1944       0  CODE        2
                text45                         000CC7  000026  000CED      198E       0  CODE        2
                text11                         000CED  000027  000D14      19DA       0  CODE        2
                text25                         000D14  000028  000D3C      1A28       0  CODE        2
                text17                         000D3C  000029  000D65      1A78       0  CODE        2
                text42                         000D65  00002A  000D8F      1ACA       0  CODE        2
                text43                         000D8F  00002B  000DBA      1B1E       0  CODE        2
                text24                         000DBA  00002C  000DE6      1B74       0  CODE        2
                text7                          000DE6  00002C  000E12      1BCC       0  CODE        2
                idataBANK3                     000E12  00002C  000E3E      1C24       0  CODE        2
                text27                         000E3E  000030  000E6E      1C7C       0  CODE        2
                text8                          000E6E  000031  000E9F      1CDC       0  CODE        2
                text2                          000E9F  00003D  000EDC      1D3E       0  CODE        2
                text4                          000EDC  000042  000F1E      1DB8       0  CODE        2
                text37                         000F1E  000045  000F63      1E3C       0  CODE        2
                text10                         000F63  00004C  000FAF      1EC6       0  CODE        2
                text39                         000FAF  000051  001000      1F5E       0  CODE        2
                stringtext2                    001000  0000B6  0010B6      2000       0  STRCODE     2
                config                         008007  000005  00800C     1000E       0  CONFIG      2


UNUSED ADDRESS RANGES

        Name                Unused          Largest block    Delta
        BANK10           00520-0056F              50           1
        BANK11           005A0-005EF              50           1
        BANK12           00620-0066F              50           1
        BANK13           006A0-006EF              50           1
        BANK14           00720-0076F              50           1
        BANK15           007A0-007EF              50           1
        BANK16           00820-0086F              50           1
        BANK17           008A0-008EF              50           1
        BANK18           00920-0096F              50           1
        BANK19           009A0-009EF              50           1
        BANK2            0016F-0016F               1           1
        BANK20           00A20-00A6F              50           1
        BANK21           00AA0-00AE7              48           1
        BANK3            001CC-001EF              24           1
        BANK4            00220-0026F              50           1
        BANK5            002A0-002EF              50           1
        BANK6            00320-0036F              50           1
        BANK7            003A0-003EF              50           1
        BANK8            00420-0046F              50           1
        BANK9            004A0-004EF              50           1
        BIGRAM           02000-027EF             7F0           1
        CODE             00002-00003               2           2
                         007FD-00B39               3
                         010B6-03FFF             800
        CONST            00002-00003               2           2
                         007FD-00B39             100
                         010B6-03FFF             100
        EEDATA           0F000-0F0FF             100           2
        ENTRY            00002-00003               2           2
                         007FD-00B39             100
                         010B6-03FFF             100
        IDLOC            08000-08003               4           2
        RAM              0016F-0016F               1           1
                         001CC-001EF              24
                         00220-0026F              50
                         002A0-002EF              50
                         00320-0036F              50
                         003A0-003EF              50
                         00420-0046F              50
                         004A0-004EF              50
                         00520-0056F              50
                         005A0-005EF              50
                         00620-0066F              50
                         006A0-006EF              50
                         00720-0076F              50
                         007A0-007EF              50
                         00820-0086F              50
                         008A0-008EF              50
                         00920-0096F              50
                         009A0-009EF              50
                         00A20-00A6F              50
                         00AA0-00AE7              48
        SFR0             00000-0001F              20           1
        SFR1             00080-0009F              20           1
        SFR10            00500-0051F              20           1
        SFR11            00580-0059F              20           1
        SFR12            00600-0061F              20           1
        SFR13            00680-0069F              20           1
        SFR14            00700-0071F              20           1
        SFR15            00780-0079F              20           1
        SFR16            00800-0081F              20           1
        SFR17            00880-0089F              20           1
        SFR18            00900-0091F              20           1
        SFR19            00980-0099F              20           1
        SFR2             00100-0011F              20           1
        SFR20            00A00-00A1F              20           1
        SFR21            00A80-00A9F              20           1
        SFR22            00B00-00B1F              20           1
        SFR23            00B80-00B9F              20           1
        SFR24            00C00-00C1F              20           1
        SFR25            00C80-00C9F              20           1
        SFR26            00D00-00D6F              70           1
        SFR27            00D80-00DEF              70           1
        SFR28            00E00-00E6F              70           1
        SFR29            00E80-00EEF              70           1
        SFR3             00180-0019F              20           1
        SFR30            00F00-00F6F              70           1
        SFR31            00F80-00FEF              70           1
        SFR32            01000-0106F              70           1
        SFR33            01080-010EF              70           1
        SFR34            01100-0116F              70           1
        SFR35            01180-011EF              70           1
        SFR36            01200-0126F              70           1
        SFR37            01280-012EF              70           1
        SFR38            01300-0136F              70           1
        SFR39            01380-013EF              70           1
        SFR4             00200-0021F              20           1
        SFR40            01400-0146F              70           1
        SFR41            01480-014EF              70           1
        SFR42            01500-0156F              70           1
        SFR43            01580-015EF              70           1
        SFR44            01600-0166F              70           1
        SFR45            01680-016EF              70           1
        SFR46            01700-0176F              70           1
        SFR47            01780-017EF              70           1
        SFR48            01800-0186F              70           1
        SFR49            01880-018EF              70           1
        SFR5             00280-0029F              20           1
        SFR50            01900-0196F              70           1
        SFR51            01980-019EF              70           1
        SFR52            01A00-01A6F              70           1
        SFR53            01A80-01AEF              70           1
        SFR54            01B00-01B6F              70           1
        SFR55            01B80-01BEF              70           1
        SFR56            01C00-01C6F              70           1
        SFR57            01C80-01CEF              70           1
        SFR58            01D00-01D6F              70           1
        SFR59            01D80-01DEF              70           1
        SFR6             00300-0031F              20           1
        SFR60            01E00-01E6F              70           1
        SFR61            01E80-01EEF              70           1
        SFR62            01F00-01F6F              70           1
        SFR63            01F80-01FEF              70           1
        SFR7             00380-0039F              20           1
        SFR8             00400-0041F              20           1
        SFR9             00480-0049F              20           1
        STACK            0211C-026D7             5BC           1
        STRCODE          00002-00003               2           2
                         007FD-00B39             33D
                         010B6-03FFF            2F4A
        STRING           00002-00003               2           2
                         007FD-00B39             100
                         010B6-03FFF             100

                                  Symbol Table

?_GetLengthUBX                                  cstackCOMMON 00070
?_Insert                                        cstackCOMMON 00075
?_InsertString                                  cstackBANK0  00029
?_InsertTxData                                  cstackBANK0  00035
?_InsertTxDataSep                               cstackCOMMON 0007C
?___awdiv                                       cstackCOMMON 00070
?___awmod                                       cstackCOMMON 00070
?___lldiv                                       cstackCOMMON 00070
?___llmod                                       cstackCOMMON 00070
?_crc16                                         cstackBANK0  00021
?_crc16_update                                  cstackCOMMON 00075
?_strcmp                                        cstackCOMMON 0007B
?_strlen                                        cstackCOMMON 00070
ClearNMEA@i                                     cstackCOMMON 00072
ClearString@counti                              cstackCOMMON 00076
ClearString@i                                   cstackCOMMON 00078
ClearString@str                                 cstackCOMMON 0007A
ClearStringn@i                                  cstackCOMMON 00074
ClearStringn@length                             cstackCOMMON 00070
ClearStringn@str                                cstackCOMMON 00073
ClearTxData@i                                   cstackCOMMON 00072
DebugAlert@delay_high                           cstackBANK0  00020
DebugAlert@delay_low                            cstackBANK0  00022
DebugAlert@i                                    cstackBANK0  00025
DebugAlert@num_flashes                          cstackBANK0  00024
EUSART1_SetErrorHandler@interruptHandler        cstackCOMMON 00070
EUSART1_SetFramingErrorHandler@interruptHandler cstackCOMMON 00070
EUSART1_SetOverrunErrorHandler@interruptHandler cstackCOMMON 00070
EUSART1_Write@txData                            cstackCOMMON 00070
GPS_HasAcknowledged@ackByte                     cstackBANK0  00024
GPS_HasAcknowledged@ackByteID                   cstackBANK0  00030
GPS_HasAcknowledged@ackPacket                   cstackBANK0  00025
GPS_HasAcknowledged@data                        cstackBANK0  0002F
GPS_HasAcknowledged@i                           cstackBANK0  00031
GPS_HasAcknowledged@startTime                   cstackBANK0  00020
GPS_SendUBX@data                                cstackCOMMON 00079
GPS_SendUBX@i                                   cstackCOMMON 00077
GPS_SendUBX@length                              cstackCOMMON 00075
GetAtRowCSV@col                                 cstackBANK0  00022
GetAtRowCSV@column                              cstackCOMMON 00078
GetAtRowCSV@counti                              cstackBANK0  00020
GetAtRowCSV@i                                   cstackBANK0  00026
GetAtRowCSV@index                               cstackBANK0  00024
GetAtRowCSV@src                                 cstackCOMMON 00076
GetLengthUBX@data                               cstackCOMMON 00073
Insert@dest                                     cstackCOMMON 00075
Insert@destLimit                                cstackCOMMON 0007A
Insert@i                                        cstackBANK0  00027
Insert@index                                    cstackCOMMON 00078
Insert@length                                   cstackBANK0  00025
Insert@src                                      cstackCOMMON 00077
InsertString@counti                             cstackBANK0  00031
InsertString@dest                               cstackBANK0  00029
InsertString@destLimit                          cstackBANK0  0002F
InsertString@i                                  cstackBANK0  00033
InsertString@index                              cstackBANK0  0002D
InsertString@src                                cstackBANK0  0002B
InsertTxData@field                              cstackBANK0  00037
InsertTxData@index                              cstackBANK0  00035
InsertTxDataSep@index                           cstackCOMMON 0007C
IntToString@dest                                cstackCOMMON 0007D
IntToString@i                                   cstackBANK0  0002C
IntToString@n                                   cstackCOMMON 0007B
IntToString@sign                                cstackBANK0  0002B
PollGPS@byte                                    cstackBANK0  00046
PollGPS@counti                                  cstackBANK0  00041
PollGPS@eusart_complete                         cstackBANK0  00045
PollGPS@i                                       cstackBANK0  00047
PollGPS@index                                   cstackBANK0  00049
PollGPS@startTime                               cstackBANK0  0003D
PollGPS@success                                 cstackBANK0  00043
ReverseString@counti                            cstackBANK0  00024
ReverseString@halfway                           cstackBANK0  00020
ReverseString@i                                 cstackBANK0  00026
ReverseString@opposite                          cstackBANK0  00023
ReverseString@str                               cstackBANK0  00028
ReverseString@temp                              cstackBANK0  00022
Sleep@ms                                        cstackCOMMON 00070
Sleep@start                                     cstackCOMMON 00078
TMR0_SetInterruptHandler@InterruptHandler       cstackCOMMON 00070
TransmitBit@b                                   cstackCOMMON 0007C
TransmitChar@byte                               cstackBANK0  00020
TransmitChar@i                                  cstackBANK0  00021
TransmitString@counti                           cstackBANK0  00026
TransmitString@i                                cstackBANK0  00028
TransmitString@message                          cstackBANK0  00023
UIntToHexString@dest                            cstackBANK0  0002D
UIntToHexString@i                               cstackBANK0  00038
UIntToHexString@n                               cstackBANK0  00029
UIntToHexString@remainder                       cstackBANK0  00034
UIntToString@dest                               cstackBANK0  0002D
UIntToString@i                                  cstackBANK0  00030
UIntToString@n                                  cstackBANK0  00029
WriteGPS@counti                                 cstackCOMMON 00078
WriteGPS@i                                      cstackCOMMON 0007A
WriteGPS@message                                cstackCOMMON 00075
_ANSELA                                         (abs)        01F38
_ANSELB                                         (abs)        01F43
_ANSELC                                         (abs)        01F4E
_BAUD1CON                                       (abs)        0011F
_ClearNMEA                                      text35       00C64
_ClearString                                    text45       00CC7
_ClearStringn                                   text32       00C2C
_ClearTxData                                    text44       00C47
_DebugAlert                                     text42       00D65
_EUSART1_DefaultErrorHandler                    (abs)        00000
_EUSART1_DefaultFramingErrorHandler             (abs)        00000
_EUSART1_DefaultOverrunErrorHandler             (abs)        00000
_EUSART1_ErrorHandler                           nvBANK2      0016D
_EUSART1_FramingErrorHandler                    nvBANK1      000EC
_EUSART1_Initialize                             text19       00C81
_EUSART1_OverrunErrorHandler                    nvBANK1      000EA
_EUSART1_Read                                   text34       00B84
_EUSART1_SetErrorHandler                        text22       00B45
_EUSART1_SetFramingErrorHandler                 text21       00B4B
_EUSART1_SetOverrunErrorHandler                 text20       00B51
_EUSART1_Write                                  text26       00B5F
_EUSART1_is_rx_ready                            text33       00B3A
_EnvSensor                                      bssBANK2     0013A
_GPS_HasAcknowledged                            text13       00461
_GPS_SendUBX                                    text11       00CED
_GetAtRowCSV                                    text31       00644
_GetLengthUBX                                   text12       00BC4
_INLVLA                                         (abs)        01F3C
_INLVLB                                         (abs)        01F47
_INLVLC                                         (abs)        01F52
_INTCONbits                                     (abs)        0000B
_INTERRUPT_InterruptManager                     intentry     00004
_InitTiming                                     text40       00B57
_Insert                                         text30       00569
_InsertString                                   text29       007AA
_InsertTxData                                   text27       00E3E
_InsertTxDataSep                                text28       00C14
_IntToString                                    text36       005DE
_LATA                                           (abs)        00018
_LATAbits                                       (abs)        00018
_LATB                                           (abs)        00019
_LATC                                           (abs)        0001A
_LATCbits                                       (abs)        0001A
_ODCONA                                         (abs)        01F3A
_ODCONB                                         (abs)        01F45
_ODCONC                                         (abs)        01F50
_OSCCON1                                        (abs)        0088D
_OSCCON3                                        (abs)        0088F
_OSCEN                                          (abs)        00891
_OSCFRQ                                         (abs)        00893
_OSCILLATOR_Initialize                          text18       00B67
_OSCTUNE                                        (abs)        00892
_PIE0bits                                       (abs)        00716
_PIN_MANAGER_Initialize                         text17       00D3C
_PIR0bits                                       (abs)        0070C
_PIR3bits                                       (abs)        0070F
_PMD0                                           (abs)        00796
_PMD1                                           (abs)        00797
_PMD2                                           (abs)        00798
_PMD3                                           (abs)        00799
_PMD4                                           (abs)        0079A
_PMD5                                           (abs)        0079B
_PMD6                                           (abs)        0079C
_PMD7                                           (abs)        0079D
_PMD_Initialize                                 text16       00B7A
_PollGPS                                        text23       00042
_PollGPS$2657                                   cstackBANK0  00044
_RB4PPS                                         (abs)        01F1C
_RB6PPS                                         (abs)        01F1E
_RB7PPS                                         (abs)        01F1F
_RC1REG                                         (abs)        00119
_RC1STA                                         (abs)        0011D
_RC1STAbits                                     (abs)        0011D
_RX1DTPPS                                       (abs)        01ECB
_ReadEnvSensor                                  (abs)        00000
_ReverseString                                  text38       006A5
_SLRCONA                                        (abs)        01F3B
_SLRCONB                                        (abs)        01F46
_SLRCONC                                        (abs)        01F51
_SP1BRGH                                        (abs)        0011C
_SP1BRGL                                        (abs)        0011B
_SSP1ADD                                        (abs)        0018D
_SSP1BUF                                        (abs)        0018C
_SSP1CLKPPS                                     (abs)        01EC5
_SSP1CON1                                       (abs)        00190
_SSP1CON1bits                                   (abs)        00190
_SSP1CON2bits                                   (abs)        00191
_SSP1CON3                                       (abs)        00192
_SSP1DATPPS                                     (abs)        01EC6
_SSP1STAT                                       (abs)        0018F
_SYSTEM_Initialize                              text14       00BB5
_SetupGPS                                       text10       00F63
_Sleep                                          text43       00D8F
_T0CON0                                         (abs)        0059E
_T0CON0bits                                     (abs)        0059E
_T0CON1                                         (abs)        0059F
_TMR0H                                          (abs)        0059D
_TMR0L                                          (abs)        0059C
_TMR0_DefaultInterruptHandler                   text49       007FC
_TMR0_ISR                                       text48       00BA8
_TMR0_Initialize                                text15       00BD6
_TMR0_InterruptHandler                          nvBANK1      000EE
_TMR0_SetInterruptHandler                       text41       00B3F
_TRISA                                          (abs)        00012
_TRISB                                          (abs)        00013
_TRISC                                          (abs)        00014
_TX1REG                                         (abs)        0011A
_TX1STA                                         (abs)        0011E
_TX1STAbits                                     (abs)        0011E
_TimerISR                                       text50       00B70
_TransmitBit                                    text9        00BE9
_TransmitChar                                   text8        00E6E
_TransmitString                                 text7        00DE6
_UIntToHexString                                text6        004F3
_UIntToHexString$1752                           cstackBANK0  00030
_UIntToString                                   text3        00705
_WPUA                                           (abs)        01F39
_WPUB                                           (abs)        01F44
_WPUC                                           (abs)        01F4F
_WriteEnvSensor                                 (abs)        00000
_WriteGPS                                       text25       00D14
__CFG_BBEN$OFF                                  (abs)        00000
__CFG_BBSIZE$BB512                              (abs)        00000
__CFG_BOREN$ON                                  (abs)        00000
__CFG_BORV$LO                                   (abs)        00000
__CFG_CLKOUTEN$OFF                              (abs)        00000
__CFG_CP$OFF                                    (abs)        00000
__CFG_CSWEN$ON                                  (abs)        00000
__CFG_FCMEN$ON                                  (abs)        00000
__CFG_FEXTOSC$OFF                               (abs)        00000
__CFG_LPBOREN$OFF                               (abs)        00000
__CFG_LVP$ON                                    (abs)        00000
__CFG_MCLRE$ON                                  (abs)        00000
__CFG_PPS1WAY$ON                                (abs)        00000
__CFG_PWRTS$OFF                                 (abs)        00000
__CFG_RSTOSC$HFINT1                             (abs)        00000
__CFG_SAFEN$OFF                                 (abs)        00000
__CFG_STVREN$ON                                 (abs)        00000
__CFG_WDTCCS$SC                                 (abs)        00000
__CFG_WDTCPS$WDTCPS_31                          (abs)        00000
__CFG_WDTCWS$WDTCWS_7                           (abs)        00000
__CFG_WDTE$OFF                                  (abs)        00000
__CFG_WRTAPP$OFF                                (abs)        00000
__CFG_WRTB$OFF                                  (abs)        00000
__CFG_WRTC$OFF                                  (abs)        00000
__CFG_WRTD$OFF                                  (abs)        00000
__CFG_WRTSAF$OFF                                (abs)        00000
__CFG_ZCDDIS$OFF                                (abs)        00000
__Habs1                                         abs1         00000
__Hbank0                                        bank0        00000
__Hbank1                                        bank1        00000
__Hbank10                                       bank10       00000
__Hbank11                                       bank11       00000
__Hbank12                                       bank12       00000
__Hbank13                                       bank13       00000
__Hbank14                                       bank14       00000
__Hbank15                                       bank15       00000
__Hbank16                                       bank16       00000
__Hbank17                                       bank17       00000
__Hbank18                                       bank18       00000
__Hbank19                                       bank19       00000
__Hbank2                                        bank2        00000
__Hbank20                                       bank20       00000
__Hbank21                                       bank21       00000
__Hbank22                                       bank22       00000
__Hbank23                                       bank23       00000
__Hbank24                                       bank24       00000
__Hbank25                                       bank25       00000
__Hbank26                                       bank26       00000
__Hbank27                                       bank27       00000
__Hbank28                                       bank28       00000
__Hbank29                                       bank29       00000
__Hbank3                                        bank3        00000
__Hbank30                                       bank30       00000
__Hbank31                                       bank31       00000
__Hbank32                                       bank32       00000
__Hbank33                                       bank33       00000
__Hbank34                                       bank34       00000
__Hbank35                                       bank35       00000
__Hbank36                                       bank36       00000
__Hbank37                                       bank37       00000
__Hbank38                                       bank38       00000
__Hbank39                                       bank39       00000
__Hbank4                                        bank4        00000
__Hbank40                                       bank40       00000
__Hbank41                                       bank41       00000
__Hbank42                                       bank42       00000
__Hbank43                                       bank43       00000
__Hbank44                                       bank44       00000
__Hbank45                                       bank45       00000
__Hbank46                                       bank46       00000
__Hbank47                                       bank47       00000
__Hbank48                                       bank48       00000
__Hbank49                                       bank49       00000
__Hbank5                                        bank5        00000
__Hbank50                                       bank50       00000
__Hbank51                                       bank51       00000
__Hbank52                                       bank52       00000
__Hbank53                                       bank53       00000
__Hbank54                                       bank54       00000
__Hbank55                                       bank55       00000
__Hbank56                                       bank56       00000
__Hbank57                                       bank57       00000
__Hbank58                                       bank58       00000
__Hbank59                                       bank59       00000
__Hbank6                                        bank6        00000
__Hbank60                                       bank60       00000
__Hbank61                                       bank61       00000
__Hbank62                                       bank62       00000
__Hbank63                                       bank63       00000
__Hbank7                                        bank7        00000
__Hbank8                                        bank8        00000
__Hbank9                                        bank9        00000
__Hbigram                                       bigram       00000
__HbssBANK1                                     bssBANK1     00000
__HbssBANK2                                     bssBANK2     00000
__Hcinit                                        cinit        00042
__Hclrtext                                      clrtext      00000
__Hcode                                         code         00000
__Hcommon                                       common       00000
__Hconfig                                       config       0800C
__HcstackBANK0                                  cstackBANK0  00000
__HcstackCOMMON                                 cstackCOMMON 00000
__HdataBANK3                                    dataBANK3    00000
__Heeprom_data                                  eeprom_data  00000
__Hend_init                                     end_init     00010
__Hfunctab                                      functab      00000
__HidataBANK3                                   idataBANK3   00000
__Hidloc                                        idloc        00000
__Hinit                                         init         0000E
__Hinittext                                     inittext     00000
__Hintentry                                     intentry     0000E
__Hmaintext                                     maintext     00000
__HnvBANK1                                      nvBANK1      00000
__HnvBANK2                                      nvBANK2      00000
__Hpowerup                                      powerup      00000
__Hram                                          ram          00000
__Hreset_vec                                    reset_vec    00002
__Hsfr0                                         sfr0         00000
__Hsfr1                                         sfr1         00000
__Hsfr10                                        sfr10        00000
__Hsfr11                                        sfr11        00000
__Hsfr12                                        sfr12        00000
__Hsfr13                                        sfr13        00000
__Hsfr14                                        sfr14        00000
__Hsfr15                                        sfr15        00000
__Hsfr16                                        sfr16        00000
__Hsfr17                                        sfr17        00000
__Hsfr18                                        sfr18        00000
__Hsfr19                                        sfr19        00000
__Hsfr2                                         sfr2         00000
__Hsfr20                                        sfr20        00000
__Hsfr21                                        sfr21        00000
__Hsfr22                                        sfr22        00000
__Hsfr23                                        sfr23        00000
__Hsfr24                                        sfr24        00000
__Hsfr25                                        sfr25        00000
__Hsfr26                                        sfr26        00000
__Hsfr27                                        sfr27        00000
__Hsfr28                                        sfr28        00000
__Hsfr29                                        sfr29        00000
__Hsfr3                                         sfr3         00000
__Hsfr30                                        sfr30        00000
__Hsfr31                                        sfr31        00000
__Hsfr32                                        sfr32        00000
__Hsfr33                                        sfr33        00000
__Hsfr34                                        sfr34        00000
__Hsfr35                                        sfr35        00000
__Hsfr36                                        sfr36        00000
__Hsfr37                                        sfr37        00000
__Hsfr38                                        sfr38        00000
__Hsfr39                                        sfr39        00000
__Hsfr4                                         sfr4         00000
__Hsfr40                                        sfr40        00000
__Hsfr41                                        sfr41        00000
__Hsfr42                                        sfr42        00000
__Hsfr43                                        sfr43        00000
__Hsfr44                                        sfr44        00000
__Hsfr45                                        sfr45        00000
__Hsfr46                                        sfr46        00000
__Hsfr47                                        sfr47        00000
__Hsfr48                                        sfr48        00000
__Hsfr49                                        sfr49        00000
__Hsfr5                                         sfr5         00000
__Hsfr50                                        sfr50        00000
__Hsfr51                                        sfr51        00000
__Hsfr52                                        sfr52        00000
__Hsfr53                                        sfr53        00000
__Hsfr54                                        sfr54        00000
__Hsfr55                                        sfr55        00000
__Hsfr56                                        sfr56        00000
__Hsfr57                                        sfr57        00000
__Hsfr58                                        sfr58        00000
__Hsfr59                                        sfr59        00000
__Hsfr6                                         sfr6         00000
__Hsfr60                                        sfr60        00000
__Hsfr61                                        sfr61        00000
__Hsfr62                                        sfr62        00000
__Hsfr63                                        sfr63        00000
__Hsfr7                                         sfr7         00000
__Hsfr8                                         sfr8         00000
__Hsfr9                                         sfr9         00000
__Hspace_0                                      (abs)        0800C
__Hspace_1                                      (abs)        001CC
__Hspace_2                                      (abs)        00000
__Hspace_3                                      (abs)        00000
__Hstack                                        stack        00000
__Hstrings                                      strings      00000
__Hstringtext1                                  stringtext1  00000
__Hstringtext10                                 stringtext10 00000
__Hstringtext11                                 stringtext11 00000
__Hstringtext2                                  stringtext2  00000
__Hstringtext3                                  stringtext3  00000
__Hstringtext4                                  stringtext4  00000
__Hstringtext5                                  stringtext5  00000
__Hstringtext6                                  stringtext6  00000
__Hstringtext7                                  stringtext7  00000
__Hstringtext8                                  stringtext8  00000
__Hstringtext9                                  stringtext9  00000
__Htext                                         text         00000
__Labs1                                         abs1         00000
__Lbank0                                        bank0        00000
__Lbank1                                        bank1        00000
__Lbank10                                       bank10       00000
__Lbank11                                       bank11       00000
__Lbank12                                       bank12       00000
__Lbank13                                       bank13       00000
__Lbank14                                       bank14       00000
__Lbank15                                       bank15       00000
__Lbank16                                       bank16       00000
__Lbank17                                       bank17       00000
__Lbank18                                       bank18       00000
__Lbank19                                       bank19       00000
__Lbank2                                        bank2        00000
__Lbank20                                       bank20       00000
__Lbank21                                       bank21       00000
__Lbank22                                       bank22       00000
__Lbank23                                       bank23       00000
__Lbank24                                       bank24       00000
__Lbank25                                       bank25       00000
__Lbank26                                       bank26       00000
__Lbank27                                       bank27       00000
__Lbank28                                       bank28       00000
__Lbank29                                       bank29       00000
__Lbank3                                        bank3        00000
__Lbank30                                       bank30       00000
__Lbank31                                       bank31       00000
__Lbank32                                       bank32       00000
__Lbank33                                       bank33       00000
__Lbank34                                       bank34       00000
__Lbank35                                       bank35       00000
__Lbank36                                       bank36       00000
__Lbank37                                       bank37       00000
__Lbank38                                       bank38       00000
__Lbank39                                       bank39       00000
__Lbank4                                        bank4        00000
__Lbank40                                       bank40       00000
__Lbank41                                       bank41       00000
__Lbank42                                       bank42       00000
__Lbank43                                       bank43       00000
__Lbank44                                       bank44       00000
__Lbank45                                       bank45       00000
__Lbank46                                       bank46       00000
__Lbank47                                       bank47       00000
__Lbank48                                       bank48       00000
__Lbank49                                       bank49       00000
__Lbank5                                        bank5        00000
__Lbank50                                       bank50       00000
__Lbank51                                       bank51       00000
__Lbank52                                       bank52       00000
__Lbank53                                       bank53       00000
__Lbank54                                       bank54       00000
__Lbank55                                       bank55       00000
__Lbank56                                       bank56       00000
__Lbank57                                       bank57       00000
__Lbank58                                       bank58       00000
__Lbank59                                       bank59       00000
__Lbank6                                        bank6        00000
__Lbank60                                       bank60       00000
__Lbank61                                       bank61       00000
__Lbank62                                       bank62       00000
__Lbank63                                       bank63       00000
__Lbank7                                        bank7        00000
__Lbank8                                        bank8        00000
__Lbank9                                        bank9        00000
__Lbigram                                       bigram       00000
__LbssBANK1                                     bssBANK1     00000
__LbssBANK2                                     bssBANK2     00000
__Lcinit                                        cinit        00010
__Lclrtext                                      clrtext      00000
__Lcode                                         code         00000
__Lcommon                                       common       00000
__Lconfig                                       config       08007
__LcstackBANK0                                  cstackBANK0  00000
__LcstackCOMMON                                 cstackCOMMON 00000
__LdataBANK3                                    dataBANK3    00000
__Leeprom_data                                  eeprom_data  00000
__Lend_init                                     end_init     0000E
__Lfunctab                                      functab      00000
__LidataBANK3                                   idataBANK3   00000
__Lidloc                                        idloc        00000
__Linit                                         init         0000E
__Linittext                                     inittext     00000
__Lintentry                                     intentry     00004
__Lmaintext                                     maintext     00000
__LnvBANK1                                      nvBANK1      00000
__LnvBANK2                                      nvBANK2      00000
__Lpowerup                                      powerup      00000
__Lram                                          ram          00000
__Lreset_vec                                    reset_vec    00000
__Lsfr0                                         sfr0         00000
__Lsfr1                                         sfr1         00000
__Lsfr10                                        sfr10        00000
__Lsfr11                                        sfr11        00000
__Lsfr12                                        sfr12        00000
__Lsfr13                                        sfr13        00000
__Lsfr14                                        sfr14        00000
__Lsfr15                                        sfr15        00000
__Lsfr16                                        sfr16        00000
__Lsfr17                                        sfr17        00000
__Lsfr18                                        sfr18        00000
__Lsfr19                                        sfr19        00000
__Lsfr2                                         sfr2         00000
__Lsfr20                                        sfr20        00000
__Lsfr21                                        sfr21        00000
__Lsfr22                                        sfr22        00000
__Lsfr23                                        sfr23        00000
__Lsfr24                                        sfr24        00000
__Lsfr25                                        sfr25        00000
__Lsfr26                                        sfr26        00000
__Lsfr27                                        sfr27        00000
__Lsfr28                                        sfr28        00000
__Lsfr29                                        sfr29        00000
__Lsfr3                                         sfr3         00000
__Lsfr30                                        sfr30        00000
__Lsfr31                                        sfr31        00000
__Lsfr32                                        sfr32        00000
__Lsfr33                                        sfr33        00000
__Lsfr34                                        sfr34        00000
__Lsfr35                                        sfr35        00000
__Lsfr36                                        sfr36        00000
__Lsfr37                                        sfr37        00000
__Lsfr38                                        sfr38        00000
__Lsfr39                                        sfr39        00000
__Lsfr4                                         sfr4         00000
__Lsfr40                                        sfr40        00000
__Lsfr41                                        sfr41        00000
__Lsfr42                                        sfr42        00000
__Lsfr43                                        sfr43        00000
__Lsfr44                                        sfr44        00000
__Lsfr45                                        sfr45        00000
__Lsfr46                                        sfr46        00000
__Lsfr47                                        sfr47        00000
__Lsfr48                                        sfr48        00000
__Lsfr49                                        sfr49        00000
__Lsfr5                                         sfr5         00000
__Lsfr50                                        sfr50        00000
__Lsfr51                                        sfr51        00000
__Lsfr52                                        sfr52        00000
__Lsfr53                                        sfr53        00000
__Lsfr54                                        sfr54        00000
__Lsfr55                                        sfr55        00000
__Lsfr56                                        sfr56        00000
__Lsfr57                                        sfr57        00000
__Lsfr58                                        sfr58        00000
__Lsfr59                                        sfr59        00000
__Lsfr6                                         sfr6         00000
__Lsfr60                                        sfr60        00000
__Lsfr61                                        sfr61        00000
__Lsfr62                                        sfr62        00000
__Lsfr63                                        sfr63        00000
__Lsfr7                                         sfr7         00000
__Lsfr8                                         sfr8         00000
__Lsfr9                                         sfr9         00000
__Lspace_0                                      (abs)        00000
__Lspace_1                                      (abs)        00000
__Lspace_2                                      (abs)        00000
__Lspace_3                                      (abs)        00000
__Lstack                                        stack        00000
__Lstrings                                      strings      00000
__Lstringtext1                                  stringtext1  00000
__Lstringtext10                                 stringtext10 00000
__Lstringtext11                                 stringtext11 00000
__Lstringtext2                                  stringtext2  00000
__Lstringtext3                                  stringtext3  00000
__Lstringtext4                                  stringtext4  00000
__Lstringtext5                                  stringtext5  00000
__Lstringtext6                                  stringtext6  00000
__Lstringtext7                                  stringtext7  00000
__Lstringtext8                                  stringtext8  00000
__Lstringtext9                                  stringtext9  00000
__Ltext                                         text         00000
__S0                                            (abs)        0800C
__S1                                            (abs)        001CC
__S2                                            (abs)        00000
__S3                                            (abs)        00000
___awdiv                                        text39       00FAF
___awdiv@counter                                cstackCOMMON 00075
___awdiv@dividend                               cstackCOMMON 00072
___awdiv@divisor                                cstackCOMMON 00070
___awdiv@quotient                               cstackCOMMON 00077
___awdiv@sign                                   cstackCOMMON 00076
___awmod                                        text37       00F1E
___awmod@counter                                cstackCOMMON 00075
___awmod@dividend                               cstackCOMMON 00072
___awmod@divisor                                cstackCOMMON 00070
___awmod@sign                                   cstackCOMMON 00076
___g_timeout_start                              bssBANK1     000C8
___int_sp                                       stack        00000
___latbits                                      (abs)        00003
___lldiv                                        text5        00758
___lldiv@counter                                cstackCOMMON 0007D
___lldiv@dividend                               cstackCOMMON 00074
___lldiv@divisor                                cstackCOMMON 00070
___lldiv@quotient                               cstackCOMMON 00079
___llmod                                        text4        00EDC
___llmod@counter                                cstackCOMMON 00079
___llmod@dividend                               cstackCOMMON 00074
___llmod@divisor                                cstackCOMMON 00070
___sp                                           stack        00000
___stackhi                                      (abs)        026D7
___stacklo                                      (abs)        0211C
__end_of_ClearNMEA                              text35       00C81
__end_of_ClearString                            text45       00CED
__end_of_ClearStringn                           text32       00C47
__end_of_ClearTxData                            text44       00C64
__end_of_DebugAlert                             text42       00D8F
__end_of_EUSART1_Initialize                     text19       00CA2
__end_of_EUSART1_Read                           text34       00B90
__end_of_EUSART1_SetErrorHandler                text22       00B4B
__end_of_EUSART1_SetFramingErrorHandler         text21       00B51
__end_of_EUSART1_SetOverrunErrorHandler         text20       00B57
__end_of_EUSART1_Write                          text26       00B67
__end_of_EUSART1_is_rx_ready                    text33       00B3F
__end_of_GPS_HasAcknowledged                    text13       004F3
__end_of_GPS_SendUBX                            text11       00D14
__end_of_GetAtRowCSV                            text31       006A5
__end_of_GetLengthUBX                           text12       00BD6
__end_of_HALF_BAUD_DELAY                        stringtext1  010B6
__end_of_INTERRUPT_InterruptManager             intentry     0000E
__end_of_InitTiming                             text40       00B5F
__end_of_Insert                                 text30       005DE
__end_of_InsertString                           text29       007FC
__end_of_InsertTxData                           text27       00E6E
__end_of_InsertTxDataSep                        text28       00C2C
__end_of_IntToString                            text36       00644
__end_of_OSCILLATOR_Initialize                  text18       00B70
__end_of_PIN_MANAGER_Initialize                 text17       00D65
__end_of_PMD_Initialize                         text16       00B84
__end_of_PollGPS                                text23       00272
__end_of_ReverseString                          text38       00705
__end_of_SYSTEM_Initialize                      text14       00BC4
__end_of_SetupGPS                               text10       00FAF
__end_of_Sleep                                  text43       00DBA
__end_of_TMR0_DefaultInterruptHandler           text49       007FD
__end_of_TMR0_ISR                               text48       00BB5
__end_of_TMR0_Initialize                        text15       00BE9
__end_of_TMR0_SetInterruptHandler               text41       00B45
__end_of_TimerISR                               text50       00B7A
__end_of_TransmitBit                            text9        00BFD
__end_of_TransmitChar                           text8        00E9F
__end_of_TransmitString                         text7        00E12
__end_of_UIntToHexString                        text6        00569
__end_of_UIntToString                           text3        00758
__end_of_WriteGPS                               text25       00D3C
__end_of___awdiv                                text39       01000
__end_of___awmod                                text37       00F63
__end_of___lldiv                                text5        007AA
__end_of___llmod                                text4        00F1E
[...]
Total ram usage:        8 bytes
 Hardware stack levels used:    1
 Hardware stack levels required when called:    4
 This function calls:
		_Sleep
 This function is called by:
		_main
		_I2C_Wait_SSPIF
		_BME280_Init
 This function uses a non-reentrant model


 *************** function _Sleep *****************
 Defined at:
		line 17 in file "timing.c"
 Parameters:    Size  Location     Type
  ms              4    0[COMMON] unsigned long 
 Auto vars:     Size  Location     Type
  start           4    8[COMMON] unsigned long 
 Return value:  Size  Location     Type
                  1    wreg      void 
 Registers used:
		wreg
 Tracked objects:
		On entry : 
		On exit  : 
		Unchanged: 
 Data sizes:     COMMON   BANK0   BANK1   BANK2   BANK3   BANK4   BANK5   BANK6   BANK7   BANK8   BANK9  BANK10  BANK11  BANK12  BANK13  BANK14  BANK15  BANK16  BANK17  BANK18  BANK19  BANK20  BANK21  BANK22  BANK23  BANK24  BANK25
      Params:         4       0       0       0       0       0       0       0       0       0       0       0       0       0       0       0       0       0       0       0       0       0       0       0       0       0       0
      Locals:         4       0       0       0       0       0       0       0       0       0       0       0       0       0       0       0       0       0       0       0       0       0       0       0       0       0       0
      Temps:          4       0       0       0       0       0       0       0       0       0       0       0       0       0       0       0       0       0       0       0       0       0       0       0       0       0       0
      Totals:        12       0       0       0       0       0       0       0       0       0       0       0       0       0       0       0       0       0       0       0       0       0       0       0       0       0       0
Total ram usage:       12 bytes
 Hardware stack levels used:    1
 Hardware stack levels required when called:    3
 This function calls:
		Nothing
 This function is called by:
		_DebugAlert
		_SetupGPS
		_main
		_TransmitBit
		_BME280_Init
		_bme280_soft_reset
		_bme280_init
 This function uses a non-reentrant model


 *************** function _ClearTxData *****************
 Defined at:
		line 300 in file "main.c"
 Parameters:    Size  Location     Type
		None
 Auto vars:     Size  Location     Type
  i               2    2[COMMON] int 
 Return value:  Size  Location     Type
                  1    wreg      void 
 Registers used:
		wreg, fsr1l, fsr1h, status,2, status,0
 Tracked objects:
		On entry : 
		On exit  : 
		Unchanged: 
 Data sizes:     COMMON   BANK0   BANK1   BANK2   BANK3   BANK4   BANK5   BANK6   BANK7   BANK8   BANK9  BANK10  BANK11  BANK12  BANK13  BANK14  BANK15  BANK16  BANK17  BANK18  BANK19  BANK20  BANK21  BANK22  BANK23  BANK24  BANK25
      Params:         0       0       0       0       0       0       0       0       0       0       0       0       0       0       0       0       0       0       0       0       0       0       0       0       0       0       0
      Locals:         2       0       0       0       0       0       0       0       0       0       0       0       0       0       0       0       0       0       0       0       0       0       0       0       0       0       0
      Temps:          2       0       0       0       0       0       0       0       0       0       0       0       0       0       0       0       0       0       0       0       0       0       0       0       0       0       0
      Totals:         4       0       0       0       0       0       0       0       0       0       0       0       0       0       0       0       0       0       0       0       0       0       0       0       0       0       0
Total ram usage:        4 bytes
 Hardware stack levels used:    1
 Hardware stack levels required when called:    3
 This function calls:
		Nothing
 This function is called by:
		_main
 This function uses a non-reentrant model


 *************** function _ClearString *****************
 Defined at:
		line 26 in file "main.c"
 Parameters:    Size  Location     Type
  str             1    wreg     PTR unsigned char 
		 -> main@convertedNumber(16), 
 Auto vars:     Size  Location     Type
  str             1   10[COMMON] PTR unsigned char 
		 -> main@convertedNumber(16), 
  i               2    8[COMMON] int 
  counti          2    6[COMMON] int 
 Return value:  Size  Location     Type
                  1    wreg      void 
 Registers used:
		wreg, fsr0l, fsr0h, fsr1l, fsr1h, status,2, status,0, pclath, cstack
 Tracked objects:
		On entry : 
		On exit  : 
		Unchanged: 
 Data sizes:     COMMON   BANK0   BANK1   BANK2   BANK3   BANK4   BANK5   BANK6   BANK7   BANK8   BANK9  BANK10  BANK11  BANK12  BANK13  BANK14  BANK15  BANK16  BANK17  BANK18  BANK19  BANK20  BANK21  BANK22  BANK23  BANK24  BANK25
      Params:         0       0       0       0       0       0       0       0       0       0       0       0       0       0       0       0       0       0       0       0       0       0       0       0       0       0       0
      Locals:         5       0       0       0       0       0       0       0       0       0       0       0       0       0       0       0       0       0       0       0       0       0       0       0       0       0       0
      Temps:          1       0       0       0       0       0       0       0       0       0       0       0       0       0       0       0       0       0       0       0       0       0       0       0       0       0       0
      Totals:         6       0       0       0       0       0       0       0       0       0       0       0       0       0       0       0       0       0       0       0       0       0       0       0       0       0       0
Total ram usage:        6 bytes
 Hardware stack levels used:    1
 Hardware stack levels required when called:    4
 This function calls:
		_strlen
 This function is called by:
		_main
 This function uses a non-reentrant model


 *************** function _strlen *****************
 Defined at:
		line 12 in file "K:\Programs\MPLABX\XC8 Compiler\pic\sources\c99\common\strlen.c"
 Parameters:    Size  Location     Type
  s               2    0[COMMON] PTR const unsigned char 
		 -> STR_9(3), checksum(6), STR_8(7), main@convertedNumber(16), 
		 -> STR_7(14), nmea_data(140), STR_6(26), STR_5(26), 
		 -> STR_4(26), STR_3(26), STR_2(26), STR_1(26), 
		 -> txdata(140), csvField(20), 
 Auto vars:     Size  Location     Type
  a               2    3[COMMON] PTR const unsigned char 
		 -> STR_9(3), checksum(6), STR_8(7), main@convertedNumber(16), 
		 -> STR_7(14), nmea_data(140), STR_6(26), STR_5(26), 
		 -> STR_4(26), STR_3(26), STR_2(26), STR_1(26), 
		 -> txdata(140), csvField(20), 
 Return value:  Size  Location     Type
                  2    0[COMMON] unsigned int 
 Registers used:
		wreg, fsr0l, fsr0h, status,2, status,0
 Tracked objects:
		On entry : 
		On exit  : 
		Unchanged: 
 Data sizes:     COMMON   BANK0   BANK1   BANK2   BANK3   BANK4   BANK5   BANK6   BANK7   BANK8   BANK9  BANK10  BANK11  BANK12  BANK13  BANK14  BANK15  BANK16  BANK17  BANK18  BANK19  BANK20  BANK21  BANK22  BANK23  BANK24  BANK25
      Params:         2       0       0       0       0       0       0       0       0       0       0       0       0       0       0       0       0       0       0       0       0       0       0       0       0       0       0
      Locals:         2       0       0       0       0       0       0       0       0       0       0       0       0       0       0       0       0       0       0       0       0       0       0       0       0       0       0
      Temps:          1       0       0       0       0       0       0       0       0       0       0       0       0       0       0       0       0       0       0       0       0       0       0       0       0       0       0
      Totals:         5       0       0       0       0       0       0       0       0       0       0       0       0       0       0       0       0       0       0       0       0       0       0       0       0       0       0
Total ram usage:        5 bytes
 Hardware stack levels used:    1
 Hardware stack levels required when called:    3
 This function calls:
		Nothing
 This function is called by:
		_ClearString
		_GetAtRowCSV
		_Insert
		_InsertString
		_ReverseString
		_WriteGPS
		_PollGPS
		_main
		_crc16
		_TransmitString
 This function uses a non-reentrant model


 *************** function _INTERRUPT_InterruptManager *****************
 Defined at:
		line 52 in file "mcc_generated_files/interrupt_manager.c"
 Parameters:    Size  Location     Type
		None
 Auto vars:     Size  Location     Type
		None
 Return value:  Size  Location     Type
                  1    wreg      void 
 Registers used:
		wreg, status,2, status,0, pclath, cstack
 Tracked objects:
		On entry : 
		On exit  : 
		Unchanged: 
 Data sizes:     COMMON   BANK0   BANK1   BANK2   BANK3   BANK4   BANK5   BANK6   BANK7   BANK8   BANK9  BANK10  BANK11  BANK12  BANK13  BANK14  BANK15  BANK16  BANK17  BANK18  BANK19  BANK20  BANK21  BANK22  BANK23  BANK24  BANK25
      Params:         0       0       0       0       0       0       0       0       0       0       0       0       0       0       0       0       0       0       0       0       0       0       0       0       0       0       0
      Locals:         0       0       0       0       0       0       0       0       0       0       0       0       0       0       0       0       0       0       0       0       0       0       0       0       0       0       0
      Temps:          0       0       0       0       0       0       0       0       0       0       0       0       0       0       0       0       0       0       0       0       0       0       0       0       0       0       0
      Totals:         0       0       0       0       0       0       0       0       0       0       0       0       0       0       0       0       0       0       0       0       0       0       0       0       0       0       0
Total ram usage:        0 bytes
 Hardware stack levels used:    1
 Hardware stack levels required when called:    2
 This function calls:
		_TMR0_ISR
 This function is called by:
		Interrupt level 1
 This function uses a non-reentrant model


 *************** function _TMR0_ISR *****************
 Defined at:
		line 121 in file "mcc_generated_files/tmr0.c"
 Parameters:    Size  Location     Type
		None
 Auto vars:     Size  Location     Type
		None
 Return value:  Size  Location     Type
                  1    wreg      void 
 Registers used:
		wreg, status,2, status,0, pclath, cstack
 Tracked objects:
		On entry : 
		On exit  : 
		Unchanged: 
 Data sizes:     COMMON   BANK0   BANK1   BANK2   BANK3   BANK4   BANK5   BANK6   BANK7   BANK8   BANK9  BANK10  BANK11  BANK12  BANK13  BANK14  BANK15  BANK16  BANK17  BANK18  BANK19  BANK20  BANK21  BANK22  BANK23  BANK24  BANK25
      Params:         0       0       0       0       0       0       0       0       0       0       0       0       0       0       0       0       0       0       0       0       0       0       0       0       0       0       0
      Locals:         0       0       0       0       0       0       0       0       0       0       0       0       0       0       0       0       0       0       0       0       0       0       0       0       0       0       0
      Temps:          0       0       0       0       0       0       0       0       0       0       0       0       0       0       0       0       0       0       0       0       0       0       0       0       0       0       0
      Totals:         0       0       0       0       0       0       0       0       0       0       0       0       0       0       0       0       0       0       0       0       0       0       0       0       0       0       0
Total ram usage:        0 bytes
 Hardware stack levels used:    1
 Hardware stack levels required when called:    1
 This function calls:
		Absolute function
		_TMR0_DefaultInterruptHandler
		_TimerISR
 This function is called by:
		_INTERRUPT_InterruptManager
 This function uses a non-reentrant model


 *************** function _TMR0_DefaultInterruptHandler *****************
 Defined at:
		line 138 in file "mcc_generated_files/tmr0.c"
 Parameters:    Size  Location     Type
		None
 Auto vars:     Size  Location     Type
		None
 Return value:  Size  Location     Type
                  1    wreg      void 
 Registers used:
		None
 Tracked objects:
		On entry : 
		On exit  : 
		Unchanged: 
 Data sizes:     COMMON   BANK0   BANK1   BANK2   BANK3   BANK4   BANK5   BANK6   BANK7   BANK8   BANK9  BANK10  BANK11  BANK12  BANK13  BANK14  BANK15  BANK16  BANK17  BANK18  BANK19  BANK20  BANK21  BANK22  BANK23  BANK24  BANK25
      Params:         0       0       0       0       0       0       0       0       0       0       0       0       0       0       0       0       0       0       0       0       0       0       0       0       0       0       0
      Locals:         0       0       0       0       0       0       0       0       0       0       0       0       0       0       0       0       0       0       0       0       0       0       0       0       0       0       0
      Temps:          0       0       0       0       0       0       0       0       0       0       0       0       0       0       0       0       0       0       0       0       0       0       0       0       0       0       0
      Totals:         0       0       0       0       0       0       0       0       0       0       0       0       0       0       0       0       0       0       0       0       0       0       0       0       0       0       0
Total ram usage:        0 bytes
 Hardware stack levels used:    1
 This function calls:
		Nothing
 This function is called by:
		_TMR0_Initialize
		_TMR0_ISR
 This function uses a non-reentrant model


 *************** function _TimerISR *****************
 Defined at:
		line 6 in file "timing.c"
 Parameters:    Size  Location     Type
		None
 Auto vars:     Size  Location     Type
		None
 Return value:  Size  Location     Type
                  1    wreg      void 
 Registers used:
		wreg
 Tracked objects:
		On entry : 
		On exit  : 
		Unchanged: 
 Data sizes:     COMMON   BANK0   BANK1   BANK2   BANK3   BANK4   BANK5   BANK6   BANK7   BANK8   BANK9  BANK10  BANK11  BANK12  BANK13  BANK14  BANK15  BANK16  BANK17  BANK18  BANK19  BANK20  BANK21  BANK22  BANK23  BANK24  BANK25
      Params:         0       0       0       0       0       0       0       0       0       0       0       0       0       0       0       0       0       0       0       0       0       0       0       0       0       0       0
      Locals:         0       0       0       0       0       0       0       0       0       0       0       0       0       0       0       0       0       0       0       0       0       0       0       0       0       0       0
      Temps:          0       0       0       0       0       0       0       0       0       0       0       0       0       0       0       0       0       0       0       0       0       0       0       0       0       0       0
      Totals:         0       0       0       0       0       0       0       0       0       0       0       0       0       0       0       0       0       0       0       0       0       0       0       0       0       0       0
Total ram usage:        0 bytes
 Hardware stack levels used:    1
 This function calls:
		Nothing
 This function is called by:
		_InitTiming
		_TMR0_ISR
 This function uses a non-reentrant model



MODULE INFORMATION

Module		Function		Class		Link	Load	Size
K:\Programs\MPLABX\XC8 Compiler\pic\sources\c99\common\awmod.c
		___awmod       		CODE           	0F1E	0000	70

K:\Programs\MPLABX\XC8 Compiler\pic\sources\c99\common\awmod.c estimated size: 70

K:\Programs\MPLABX\XC8 Compiler\pic\sources\c99\common\llmod.c
		___llmod       		CODE           	0EDC	0000	67

K:\Programs\MPLABX\XC8 Compiler\pic\sources\c99\common\llmod.c estimated size: 67

mcc_generated_files/interrupt_manager.c
		_INTERRUPT_InterruptManager		CODE           	0004	0000	11

mcc_generated_files/interrupt_manager.c estimated size: 11

mcc_generated_files/tmr0.c
		_TMR0_SetInterruptHandler		CODE           	0B3F	0000	7
		_TMR0_DefaultInterruptHandler		CODE           	07FC	0000	2
		_TMR0_ISR      		CODE           	0BA8	0000	14
		_TMR0_Initialize		CODE           	0BD6	0000	20

mcc_generated_files/tmr0.c estimated size: 43

debug.c
		_DebugAlert    		CODE           	0D65	0000	43

debug.c estimated size: 43

mcc_generated_files/pin_manager.c
		_PIN_MANAGER_Initialize		CODE           	0D3C	0000	42

mcc_generated_files/pin_manager.c estimated size: 42

K:\Programs\MPLABX\XC8 Compiler\pic\sources\c99\common\awdiv.c
		___awdiv       		CODE           	0FAF	0000	82

K:\Programs\MPLABX\XC8 Compiler\pic\sources\c99\common\awdiv.c estimated size: 82

rtty.c
		_crc16         		CODE           	0CA2	0000	38
		_crc16_update  		CODE           	0E9F	0000	62
		_TransmitBit   		CODE           	0BE9	0000	21
		_TransmitChar  		CODE           	0E6E	0000	50
		_TransmitString		CODE           	0DE6	0000	45

rtty.c estimated size: 216

timing.c
		_InitTiming    		CODE           	0B57	0000	9
		_TimerISR      		CODE           	0B70	0000	11
		_Sleep         		CODE           	0D8F	0000	44

timing.c estimated size: 64

shared
		__initialization		CODE           	0010	0000	47
		_HALF_BAUD_DELAY		STRCODE        	0000	0000	0

shared estimated size: 47

mcc_generated_files/eusart1.c
		_EUSART1_is_rx_ready		CODE           	0B3A	0000	6
		_EUSART1_Initialize		CODE           	0C81	0000	34
		_EUSART1_SetFramingErrorHandler		CODE           	0B4B	0000	7
		_EUSART1_Read  		CODE           	0B84	0000	13
		_EUSART1_SetOverrunErrorHandler		CODE           	0B51	0000	7
		_EUSART1_SetErrorHandler		CODE           	0B45	0000	7
		_EUSART1_Write 		CODE           	0B5F	0000	9

mcc_generated_files/eusart1.c estimated size: 83

mcc_generated_files/mcc.c
		_PMD_Initialize		CODE           	0B7A	0000	11
		_OSCILLATOR_Initialize		CODE           	0B67	0000	10
		_SYSTEM_Initialize		CODE           	0BB5	0000	16

mcc_generated_files/mcc.c estimated size: 37

K:\Programs\MPLABX\XC8 Compiler\pic\sources\c99\common\strlen.c
		_strlen        		CODE           	0BFD	0000	24

K:\Programs\MPLABX\XC8 Compiler\pic\sources\c99\common\strlen.c estimated size: 24

K:\Programs\MPLABX\XC8 Compiler\pic\sources\c99\common\strcmp.c
		_strcmp        		CODE           	0DBA	0000	45

K:\Programs\MPLABX\XC8 Compiler\pic\sources\c99\common\strcmp.c estimated size: 45

main.c
		_GPS_SendUBX   		CODE           	0CED	0000	40
		_UIntToString  		CODE           	0705	0000	84
		_PollGPS       		CODE           	0042	0000	561
		_GetAtRowCSV   		CODE           	0644	0000	98
		_ClearNMEA     		CODE           	0C64	0000	30
		_InsertTxData  		CODE           	0E3E	0000	49
		_main          		CODE           	0272	0000	496
		_Insert        		CODE           	0569	0000	118
		_InsertString  		CODE           	07AA	0000	83
		_GetLengthUBX  		CODE           	0BC4	0000	19
		_ReverseString 		CODE           	06A5	0000	97
		_InsertTxDataSep		CODE           	0C14	0000	25
		_WriteGPS      		CODE           	0D14	0000	41
		_ClearString   		CODE           	0CC7	0000	39
		_ClearStringn  		CODE           	0C2C	0000	28
		_GPS_HasAcknowledged		CODE           	0461	0000	147
		_ClearTxData   		CODE           	0C47	0000	30
		_SetupGPS      		CODE           	0F63	0000	77
		_IntToString   		CODE           	05DE	0000	103
		_UIntToHexString		CODE           	04F3	0000	119

main.c estimated size: 2284

K:\Programs\MPLABX\XC8 Compiler\pic\sources\c99\common\__lldiv.c
		___lldiv       		CODE           	0758	0000	83

K:\Programs\MPLABX\XC8 Compiler\pic\sources\c99\common\__lldiv.c estimated size: 83

