Microchip MPLAB XC8 Compiler V2.05 ()

Linker command line:

-W-3 --edf=K:\Programs\MPLABX\XC8 Compiler\pic\dat\en_msgs.txt -cs \
  -h+dist/default/production\Wisp-1.production.sym \
  --cmf=dist/default/production\Wisp-1.production.cmf -z -Q16F18446 \
  -oC:\Users\2013b\AppData\Local\Temp\s57g.2 --defsym=__MPLAB_BUILD=1 \
  -Mdist/default/production/Wisp-1.production.map -E1 -ver=XC8 --acfsm=1493 \
  -ASTACK=0218Ch-026D7h -pstack=STACK -ACODE=00h-07FFhx8 \
  -ASTRCODE=00h-03FFFh -ASTRING=00h-0FFhx64 -ACONST=00h-0FFhx64 \
  -AENTRY=00h-0FFhx64 -ACOMMON=070h-07Fh -ABANK0=020h-06Fh \
  -ABANK1=0A0h-0EFh -ABANK2=0120h-016Fh -ABANK3=01A0h-01EFh \
  -ABANK4=0220h-026Fh -ABANK5=02A0h-02EFh -ABANK6=0320h-036Fh \
  -ABANK7=03A0h-03EFh -ABANK8=0420h-046Fh -ABANK9=04A0h-04EFh \
  -ABANK10=0520h-056Fh -ABANK11=05A0h-05EFh -ABANK12=0620h-066Fh \
  -ABANK13=06A0h-06EFh -ABANK14=0720h-076Fh -ABANK15=07A0h-07EFh \
  -ABANK16=0820h-086Fh -ABANK17=08A0h-08EFh -ABANK18=0920h-096Fh \
  -ABANK19=09A0h-09EFh -ABANK20=0A20h-0A6Fh -ABANK21=0AA0h-0AEFh \
  -ABANK22=0B20h-0B6Fh -ABANK23=0BA0h-0BEFh -ABANK24=0C20h-0C6Fh \
  -ABANK25=0CA0h-0CBFh -ABIGRAM=02000h-027EFh \
  -ARAM=020h-06Fh,0A0h-0EFh,0120h-016Fh,01A0h-01EFh,0220h-026Fh,02A0h-02EFh,0320h-036Fh,03A0h-03EFh,0420h-046Fh,04A0h-04EFh,0520h-056Fh,05A0h-05EFh,0620h-066Fh,06A0h-06EFh,0720h-076Fh,07A0h-07EFh,0820h-086Fh,08A0h-08EFh,0920h-096Fh,09A0h-09EFh,0A20h-0A6Fh,0AA0h-0AEFh,0B20h-0B6Fh,0BA0h-0BEFh,0C20h-0C6Fh,0CA0h-0CBFh \
  -AABS1=020h-07Fh,0A0h-0EFh,0120h-016Fh,01A0h-01EFh,0220h-026Fh,02A0h-02EFh,0320h-036Fh,03A0h-03EFh,0420h-046Fh,04A0h-04EFh,0520h-056Fh,05A0h-05EFh,0620h-066Fh,06A0h-06EFh,0720h-076Fh,07A0h-07EFh,0820h-086Fh,08A0h-08EFh,0920h-096Fh,09A0h-09EFh,0A20h-0A6Fh,0AA0h-0AEFh,0B20h-0B6Fh,0BA0h-0BEFh,0C20h-0C6Fh,0CA0h-0CBFh \
  -ASFR0=00h-01Fh -ASFR1=080h-09Fh -ASFR2=0100h-011Fh -ASFR3=0180h-019Fh \
  -ASFR4=0200h-021Fh -ASFR5=0280h-029Fh -ASFR6=0300h-031Fh \
  -ASFR7=0380h-039Fh -ASFR8=0400h-041Fh -ASFR9=0480h-049Fh \
  -ASFR10=0500h-051Fh -ASFR11=0580h-059Fh -ASFR12=0600h-061Fh \
  -ASFR13=0680h-069Fh -ASFR14=0700h-071Fh -ASFR15=0780h-079Fh \
  -ASFR16=0800h-081Fh -ASFR17=0880h-089Fh -ASFR18=0900h-091Fh \
  -ASFR19=0980h-099Fh -ASFR20=0A00h-0A1Fh -ASFR21=0A80h-0A9Fh \
  -ASFR22=0B00h-0B1Fh -ASFR23=0B80h-0B9Fh -ASFR24=0C00h-0C1Fh \
  -ASFR25=0C80h-0C9Fh -ASFR26=0D00h-0D6Fh -ASFR27=0D80h-0DEFh \
  -ASFR28=0E00h-0E6Fh -ASFR29=0E80h-0EEFh -ASFR30=0F00h-0F6Fh \
  -ASFR31=0F80h-0FEFh -ASFR32=01000h-0106Fh -ASFR33=01080h-010EFh \
  -ASFR34=01100h-0116Fh -ASFR35=01180h-011EFh -ASFR36=01200h-0126Fh \
  -ASFR37=01280h-012EFh -ASFR38=01300h-0136Fh -ASFR39=01380h-013EFh \
  -ASFR40=01400h-0146Fh -ASFR41=01480h-014EFh -ASFR42=01500h-0156Fh \
  -ASFR43=01580h-015EFh -ASFR44=01600h-0166Fh -ASFR45=01680h-016EFh \
  -ASFR46=01700h-0176Fh -ASFR47=01780h-017EFh -ASFR48=01800h-0186Fh \
  -ASFR49=01880h-018EFh -ASFR50=01900h-0196Fh -ASFR51=01980h-019EFh \
  -ASFR52=01A00h-01A6Fh -ASFR53=01A80h-01AEFh -ASFR54=01B00h-01B6Fh \
  -ASFR55=01B80h-01BEFh -ASFR56=01C00h-01C6Fh -ASFR57=01C80h-01CEFh \
  -ASFR58=01D00h-01D6Fh -ASFR59=01D80h-01DEFh -ASFR60=01E00h-01E6Fh \
  -ASFR61=01E80h-01EEFh -ASFR62=01F00h-01F6Fh -ASFR63=01F80h-01FEFh \
  -preset_vec=00h,intentry=04h,init,end_init -ppowerup=CODE -pcinit=CODE \
  -pfunctab=ENTRY -ACONFIG=08007h-0800Bh -pconfig=CONFIG -DCONFIG=2 \
  -AIDLOC=08000h-08003h -pidloc=IDLOC -DIDLOC=2 -AEEDATA=00h-0FFh/0F000h \
  -peeprom_data=EEDATA -DEEDATA=2 -DCODE=2 -DSTRCODE=2 -DSTRING=2 -DCONST=2 \
  -DENTRY=2 -k C:\Users\2013b\AppData\Local\Temp\s57g.o \
  dist/default/production\Wisp-1.production.o 

Object code version is 3.11

Machine type is 16F18446



                Name                               Link     Load   Length Selector   Space Scale
C:\Users\2013b\AppData\Local\Temp\s57g.o
                end_init                              E        E        2        8       0
                reset_vec                             0        0        2        0       0
                config                             8007     8007        5    1000E       0
dist/default/production\Wisp-1.production.o
                cinit                                10       10       3D        8       0
                intentry                              4        4        A        8       0
                text84                             126E     126E        A     24DC       0
                text83                              7FF      7FF        1        8       0
                text82                             12A6     12A6        D     254C       0
                text80                             12F5     12F5       14     25EA       0
                text79                             15AE     15AE       2B     2B5C       0
                text78                             155A     155A       2A     2AB4       0
                text77                             17C3     17C3       3D     2F86       0
                text76                             1233     1233        5     2466       0
                text75                              7FC      7FC        3        8       0
                text74                             12B3     12B3        E     2566       0
                text73                             171B     171B       33     2E36       0
                text72                             1631     1631       2D     2C62       0
                text71                             144B     144B       25     2896       0
                text70                              5B7      5B7       A1        8       0
                text69                             1787     1787       3C     2F0E       0
                text68                             134C     134C       19     2698       0
                text67                              ABA      ABA       51     1574       0
                text66                              90C      90C       44     1218       0
                text65                              658      658       99        8       0
                text64                              4C2      4C2       F5        8       0
                text63                              A6D      A6D       4D     14DA       0
                text62                              D64      D64       6B     1AC8       0
                text61                             165E     165E       2D     2CBC       0
                text60                              C52      C52       58     18A4       0
                text59                             1380     1380       1C     2700       0
                text58                             139C     139C       1C     2738       0
                text57                              995      995       46     132A       0
                text56                              B5C      B5C       52     16B8       0
                text55                             1365     1365       1B     26CA       0
                text54                             13B8     13B8       1C     2770       0
                text53                              9DB      9DB       46     13B6       0
                text52                             1584     1584       2A     2B08       0
                text51                             1495     1495       26     292A       0
                text50                              888      888       42     1110       0
                text49                             174E     174E       39     2E9C       0
                text48                              848      848       40     1090       0
                text47                              800      800        B     1000       0
                text46                              F8A      F8A       76     1F14       0
                text45                              E3B      E3B       6D     1C76       0
                text44                             131D     131D       17     263A       0
                text43                             14BB     14BB       27     2976       0
                text42                             13F0     13F0       1D     27E0       0
                text41                             123D     123D        6     247A       0
                text40                             1255     1255        8     24AA       0
                text39                              B0B      B0B       51     1616       0
                text38                              EA8      EA8       6D     1D50       0
                text37                              950      950       45     12A0       0
                text36                              DCF      DCF       6C     1B9E       0
                text35                             140D     140D       1D     281A       0
                text34                             1282     1282        C     2504       0
                text33                             1238     1238        5     2470       0
                text32                             13D4     13D4       1C     27A8       0
                text31                              D02      D02       62     1A04       0
                text30                              F15      F15       75     1E2A       0
                text29                              BAE      BAE       52     175C       0
                text28                             1334     1334       18     2668       0
                text27                             16BA     16BA       30     2D74       0
                text26                             125D     125D        8     24BA       0
                text25                             1509     1509       28     2A12       0
                text24                             168B     168B       2F     2D16       0
                text23                              291      291      231        8       0
                text22                             1243     1243        6     2486       0
                text21                             1249     1249        6     2492       0
                text20                             124F     124F        6     249E       0
                text19                             142A     142A       21     2854       0
                text18                             1265     1265        9     24CA       0
                text17                             1531     1531       29     2A62       0
                text16                             1278     1278        A     24F0       0
                text15                             12E2     12E2       13     25C4       0
                text14                             12C1     12C1        F     2582       0
                text13                              6F1      6F1       92        8       0
                text12                             12D0     12D0       12     25A0       0
                text11                             14E2     14E2       27     29C4       0
                text10                              A21      A21       4C     1442       0
                text9                              1309     1309       14     2612       0
                text8                              16EA     16EA       31     2DD4       0
                text7                              15D9     15D9       2C     2BB2       0
                text6                               783      783       79        8       0
                text5                               C00      C00       52     1800       0
                text4                               8CA      8CA       42     1194       0
                text3                               CAA      CAA       58     1954       0
                text2                               80B      80B       3D     1016       0
                text1                              1470     1470       25     28E0       0
                maintext                             4D       4D      244        8       0
                cstackBANK0                          20       20       4F       20       1
                cstackCOMMON                         70       70        E       70       1
                cstackBANK1                          BA       BA       17       A0       1
                cstackBANK4                         24C      24C       20      220       1
                clrtext                            128E     128E        C     251C       0
                inittext                           129A     129A        C     2534       0
                dataBANK4                           220      220       2C      220       1
                bssBANK3                            1A0      1A0       2E      1A0       1
                bssBANK2                            120      120       4F      120       1
                bssBANK1                             A0       A0       1A       A0       1
                stringtext10                       18B1     18B1        3     3000       0
                stringtext9                        18AA     18AA        7     3000       0
                stringtext8                        189C     189C        E     3000       0
                stringtext7                        1882     1882       1A     3000       0
                stringtext6                        1868     1868       1A     3000       0
                stringtext5                        184E     184E       1A     3000       0
                stringtext4                        1834     1834       1A     3000       0
                stringtext3                        181A     181A       1A     3000       0
                stringtext2                        1800     1800       1A     3000       0
                nvBANK3                             1CE      1CE        6      1A0       1
                nvBANK1                              D1       D1        2       A0       1
                stringtext1                        18B4     18B4        2     3000       0
                idataBANK4                         1605     1605       2C     2C0A       0

TOTAL           Name                               Link     Load   Length     Space
        CLASS   STACK          

        CLASS   CODE           
                end_init                              E        E        2         0
                cinit                                10       10       3D         0
                intentry                              4        4        A         0
                reset_vec                             0        0        2         0
                text84                             126E     126E        A         0
                text83                              7FF      7FF        1         0
                text82                             12A6     12A6        D         0
                text80                             12F5     12F5       14         0
                text79                             15AE     15AE       2B         0
                text78                             155A     155A       2A         0
                text77                             17C3     17C3       3D         0
                text76                             1233     1233        5         0
                text75                              7FC      7FC        3         0
                text74                             12B3     12B3        E         0
                text73                             171B     171B       33         0
                text72                             1631     1631       2D         0
                text71                             144B     144B       25         0
                text70                              5B7      5B7       A1         0
                text69                             1787     1787       3C         0
                text68                             134C     134C       19         0
                text67                              ABA      ABA       51         0
                text66                              90C      90C       44         0
                text65                              658      658       99         0
                text64                              4C2      4C2       F5         0
                text63                              A6D      A6D       4D         0
                text62                              D64      D64       6B         0
                text61                             165E     165E       2D         0
                text60                              C52      C52       58         0
                text59                             1380     1380       1C         0
                text58                             139C     139C       1C         0
                text57                              995      995       46         0
                text56                              B5C      B5C       52         0
                text55                             1365     1365       1B         0
                text54                             13B8     13B8       1C         0
                text53                              9DB      9DB       46         0
                text52                             1584     1584       2A         0
                text51                             1495     1495       26         0
                text50                              888      888       42         0
                text49                             174E     174E       39         0
                text48                              848      848       40         0
                text47                              800      800        B         0
                text46                              F8A      F8A       76         0
                text45                              E3B      E3B       6D         0
                text44                             131D     131D       17         0
                text43                             14BB     14BB       27         0
                text42                             13F0     13F0       1D         0
                text41                             123D     123D        6         0
                text40                             1255     1255        8         0
                text39                              B0B      B0B       51         0
                text38                              EA8      EA8       6D         0
                text37                              950      950       45         0
                text36                              DCF      DCF       6C         0
                text35                             140D     140D       1D         0
                text34                             1282     1282        C         0
                text33                             1238     1238        5         0
                text32                             13D4     13D4       1C         0
                text31                              D02      D02       62         0
                text30                              F15      F15       75         0
                text29                              BAE      BAE       52         0
                text28                             1334     1334       18         0
                text27                             16BA     16BA       30         0
                text26                             125D     125D        8         0
                text25                             1509     1509       28         0
                text24                             168B     168B       2F         0
                text23                              291      291      231         0
                text22                             1243     1243        6         0
                text21                             1249     1249        6         0
                text20                             124F     124F        6         0
                text19                             142A     142A       21         0
                text18                             1265     1265        9         0
                text17                             1531     1531       29         0
                text16                             1278     1278        A         0
                text15                             12E2     12E2       13         0
                text14                             12C1     12C1        F         0
                text13                              6F1      6F1       92         0
                text12                             12D0     12D0       12         0
                text11                             14E2     14E2       27         0
                text10                              A21      A21       4C         0
                text9                              1309     1309       14         0
                text8                              16EA     16EA       31         0
                text7                              15D9     15D9       2C         0
                text6                               783      783       79         0
                text5                               C00      C00       52         0
                text4                               8CA      8CA       42         0
                text3                               CAA      CAA       58         0
                text2                               80B      80B       3D         0
                text1                              1470     1470       25         0
                maintext                             4D       4D      244         0
                clrtext                            128E     128E        C         0
                inittext                           129A     129A        C         0
                idataBANK4                         1605     1605       2C         0

        CLASS   STRCODE        
                stringtext10                       18B1     18B1        3         0
                stringtext9                        18AA     18AA        7         0
                stringtext8                        189C     189C        E         0
                stringtext7                        1882     1882       1A         0
                stringtext6                        1868     1868       1A         0
                stringtext5                        184E     184E       1A         0
                stringtext4                        1834     1834       1A         0
                stringtext3                        181A     181A       1A         0
                stringtext2                        1800     1800       1A         0
                stringtext1                        18B4     18B4        2         0

        CLASS   STRING         

        CLASS   CONST          

        CLASS   ENTRY          

        CLASS   COMMON         
                cstackCOMMON                         70       70        E         1

        CLASS   BANK0          
                cstackBANK0                          20       20       4F         1

        CLASS   BANK1          
                cstackBANK1                          BA       BA       17         1
                bssBANK1                             A0       A0       1A         1
                nvBANK1                              D1       D1        2         1

        CLASS   BANK2          
                bssBANK2                            120      120       4F         1

        CLASS   BANK3          
                bssBANK3                            1A0      1A0       2E         1
                nvBANK3                             1CE      1CE        6         1

        CLASS   BANK4          
                cstackBANK4                         24C      24C       20         1
                dataBANK4                           220      220       2C         1

        CLASS   BANK5          

        CLASS   BANK6          

        CLASS   BANK7          

        CLASS   BANK8          

        CLASS   BANK9          

        CLASS   BANK10         

        CLASS   BANK11         

        CLASS   BANK12         

        CLASS   BANK13         

        CLASS   BANK14         

        CLASS   BANK15         

        CLASS   BANK16         

        CLASS   BANK17         

        CLASS   BANK18         

        CLASS   BANK19         

        CLASS   BANK20         

        CLASS   BANK21         

        CLASS   BANK22         

        CLASS   BANK23         

        CLASS   BANK24         

        CLASS   BANK25         

        CLASS   BIGRAM         

        CLASS   RAM            

        CLASS   ABS1           
                abs_s1                               7E       7E        2         1
                abs_s1                              AE8      AE8        8         1
                abs_s1                              B20      B20       50         1
                abs_s1                              BA0      BA0       50         1
                abs_s1                              C20      C20       50         1
                abs_s1                              CA0      CA0       20         1
                abs_s1                             26D8     26D8        0         1
                abs_s1                             2764     2764        0         1

        CLASS   SFR0           

        CLASS   SFR1           

        CLASS   SFR2           

        CLASS   SFR3           

        CLASS   SFR4           

        CLASS   SFR5           

        CLASS   SFR6           

        CLASS   SFR7           

        CLASS   SFR8           

        CLASS   SFR9           

        CLASS   SFR10          

        CLASS   SFR11          

        CLASS   SFR12          

        CLASS   SFR13          

        CLASS   SFR14          

        CLASS   SFR15          

        CLASS   SFR16          

        CLASS   SFR17          

        CLASS   SFR18          

        CLASS   SFR19          

        CLASS   SFR20          

        CLASS   SFR21          

        CLASS   SFR22          

        CLASS   SFR23          

        CLASS   SFR24          

        CLASS   SFR25          

        CLASS   SFR26          

        CLASS   SFR27          

        CLASS   SFR28          

        CLASS   SFR29          

        CLASS   SFR30          

        CLASS   SFR31          

        CLASS   SFR32          

        CLASS   SFR33          

        CLASS   SFR34          

        CLASS   SFR35          

        CLASS   SFR36          

        CLASS   SFR37          

        CLASS   SFR38          

        CLASS   SFR39          

        CLASS   SFR40          

        CLASS   SFR41          

        CLASS   SFR42          

        CLASS   SFR43          

        CLASS   SFR44          

        CLASS   SFR45          

        CLASS   SFR46          

        CLASS   SFR47          

        CLASS   SFR48          

        CLASS   SFR49          

        CLASS   SFR50          

        CLASS   SFR51          

        CLASS   SFR52          

        CLASS   SFR53          

        CLASS   SFR54          

        CLASS   SFR55          

        CLASS   SFR56          

        CLASS   SFR57          

        CLASS   SFR58          

        CLASS   SFR59          

        CLASS   SFR60          

        CLASS   SFR61          

        CLASS   SFR62          

        CLASS   SFR63          

        CLASS   CONFIG         
                config                             8007     8007        5         0

        CLASS   IDLOC          

        CLASS   EEDATA         

        CLASS   BANK63         

        CLASS   BANK62         

        CLASS   BANK61         

        CLASS   BANK60         

        CLASS   BANK59         

        CLASS   BANK58         

        CLASS   BANK57         

        CLASS   BANK56         

        CLASS   BANK55         

        CLASS   BANK54         

        CLASS   BANK53         

        CLASS   BANK52         

        CLASS   BANK51         

        CLASS   BANK50         

        CLASS   BANK49         

        CLASS   BANK48         

        CLASS   BANK47         

        CLASS   BANK46         

        CLASS   BANK45         

        CLASS   BANK44         

        CLASS   BANK43         

        CLASS   BANK42         

        CLASS   BANK41         

        CLASS   BANK40         

        CLASS   BANK39         

        CLASS   BANK38         

        CLASS   BANK37         

        CLASS   BANK36         

        CLASS   BANK35         

        CLASS   BANK34         

        CLASS   BANK33         

        CLASS   BANK32         

        CLASS   BANK31         

        CLASS   BANK30         

        CLASS   BANK29         

        CLASS   BANK28         

        CLASS   BANK27         

        CLASS   BANK26         



SEGMENTS        Name                           Load    Length   Top    Selector   Space  Class     Delta

                reset_vec                      000000  000002  000002         0       0  CODE        2
                intentry                       000004  0007FC  000800         8       0  CODE        2
                cstackBANK0                    000020  00004F  00006F        20       1  BANK0       1
                cstackCOMMON                   000070  00000E  00007E        70       1  COMMON      1
                bssBANK1                       0000A0  000033  0000D3        A0       1  BANK1       1
                bssBANK2                       000120  00004F  00016F       120       1  BANK2       1
                bssBANK3                       0001A0  000034  0001D4       1A0       1  BANK3       1
                dataBANK4                      000220  00004C  00026C       220       1  BANK4       1
                text47                         000800  00000B  00080B      1000       0  CODE        2
                text2                          00080B  00003D  000848      1016       0  CODE        2
                text48                         000848  000040  000888      1090       0  CODE        2
                text50                         000888  000042  0008CA      1110       0  CODE        2
                text4                          0008CA  000042  00090C      1194       0  CODE        2
                text66                         00090C  000044  000950      1218       0  CODE        2
                text37                         000950  000045  000995      12A0       0  CODE        2
                text57                         000995  000046  0009DB      132A       0  CODE        2
                text53                         0009DB  000046  000A21      13B6       0  CODE        2
                text10                         000A21  00004C  000A6D      1442       0  CODE        2
                text63                         000A6D  00004D  000ABA      14DA       0  CODE        2
                text67                         000ABA  000051  000B0B      1574       0  CODE        2
                text39                         000B0B  000051  000B5C      1616       0  CODE        2
                text56                         000B5C  000052  000BAE      16B8       0  CODE        2
                text29                         000BAE  000052  000C00      175C       0  CODE        2
                text5                          000C00  000052  000C52      1800       0  CODE        2
                text60                         000C52  000058  000CAA      18A4       0  CODE        2
                text3                          000CAA  000058  000D02      1954       0  CODE        2
                text31                         000D02  000062  000D64      1A04       0  CODE        2
                text62                         000D64  00006B  000DCF      1AC8       0  CODE        2
                text36                         000DCF  00006C  000E3B      1B9E       0  CODE        2
                text45                         000E3B  00006D  000EA8      1C76       0  CODE        2
                text38                         000EA8  00006D  000F15      1D50       0  CODE        2
                text30                         000F15  000075  000F8A      1E2A       0  CODE        2
                text46                         000F8A  000076  001000      1F14       0  CODE        2
                text76                         001233  000005  001238      2466       0  CODE        2
                text33                         001238  000005  00123D      2470       0  CODE        2
                text41                         00123D  000006  001243      247A       0  CODE        2
                text22                         001243  000006  001249      2486       0  CODE        2
                text21                         001249  000006  00124F      2492       0  CODE        2
                text20                         00124F  000006  001255      249E       0  CODE        2
                text40                         001255  000008  00125D      24AA       0  CODE        2
                text26                         00125D  000008  001265      24BA       0  CODE        2
                text18                         001265  000009  00126E      24CA       0  CODE        2
                text84                         00126E  00000A  001278      24DC       0  CODE        2
                text16                         001278  00000A  001282      24F0       0  CODE        2
                text34                         001282  00000C  00128E      2504       0  CODE        2
                clrtext                        00128E  00000C  00129A      251C       0  CODE        2
                inittext                       00129A  00000C  0012A6      2534       0  CODE        2
                text82                         0012A6  00000D  0012B3      254C       0  CODE        2
                text74                         0012B3  00000E  0012C1      2566       0  CODE        2
                text14                         0012C1  00000F  0012D0      2582       0  CODE        2
                text12                         0012D0  000012  0012E2      25A0       0  CODE        2
                text15                         0012E2  000013  0012F5      25C4       0  CODE        2
                text80                         0012F5  000014  001309      25EA       0  CODE        2
                text9                          001309  000014  00131D      2612       0  CODE        2
                text44                         00131D  000017  001334      263A       0  CODE        2
                text28                         001334  000018  00134C      2668       0  CODE        2
                text68                         00134C  000019  001365      2698       0  CODE        2
                text55                         001365  00001B  001380      26CA       0  CODE        2
                text59                         001380  00001C  00139C      2700       0  CODE        2
                text58                         00139C  00001C  0013B8      2738       0  CODE        2
                text54                         0013B8  00001C  0013D4      2770       0  CODE        2
                text32                         0013D4  00001C  0013F0      27A8       0  CODE        2
                text42                         0013F0  00001D  00140D      27E0       0  CODE        2
                text35                         00140D  00001D  00142A      281A       0  CODE        2
                text19                         00142A  000021  00144B      2854       0  CODE        2
                text71                         00144B  000025  001470      2896       0  CODE        2
                text1                          001470  000025  001495      28E0       0  CODE        2
                text51                         001495  000026  0014BB      292A       0  CODE        2
                text43                         0014BB  000027  0014E2      2976       0  CODE        2
                text11                         0014E2  000027  001509      29C4       0  CODE        2
                text25                         001509  000028  001531      2A12       0  CODE        2
                text17                         001531  000029  00155A      2A62       0  CODE        2
                text78                         00155A  00002A  001584      2AB4       0  CODE        2
                text52                         001584  00002A  0015AE      2B08       0  CODE        2
                text79                         0015AE  00002B  0015D9      2B5C       0  CODE        2
                text7                          0015D9  00002C  001605      2BB2       0  CODE        2
                idataBANK4                     001605  00002C  001631      2C0A       0  CODE        2
                text72                         001631  00002D  00165E      2C62       0  CODE        2
                text61                         00165E  00002D  00168B      2CBC       0  CODE        2
                text24                         00168B  00002F  0016BA      2D16       0  CODE        2
                text27                         0016BA  000030  0016EA      2D74       0  CODE        2
                text8                          0016EA  000031  00171B      2DD4       0  CODE        2
                text73                         00171B  000033  00174E      2E36       0  CODE        2
                text49                         00174E  000039  001787      2E9C       0  CODE        2
                text69                         001787  00003C  0017C3      2F0E       0  CODE        2
                text77                         0017C3  00003D  001800      2F86       0  CODE        2
                stringtext2                    001800  0000B6  0018B6      3000       0  STRCODE     2
                config                         008007  000005  00800C     1000E       0  CONFIG      2


UNUSED ADDRESS RANGES

        Name                Unused          Largest block    Delta
        BANK0            0006F-0006F               1           1
        BANK1            000D3-000EF              1D           1
        BANK10           00520-0056F              50           1
        BANK11           005A0-005EF              50           1
        BANK12           00620-0066F              50           1
        BANK13           006A0-006EF              50           1
        BANK14           00720-0076F              50           1
        BANK15           007A0-007EF              50           1
        BANK16           00820-0086F              50           1
        BANK17           008A0-008EF              50           1
        BANK18           00920-0096F              50           1
        BANK19           009A0-009EF              50           1
        BANK2            0016F-0016F               1           1
        BANK20           00A20-00A6F              50           1
        BANK21           00AA0-00AE7              48           1
        BANK3            001D4-001EF              1C           1
        BANK4            0026C-0026F               4           1
        BANK5            002A0-002EF              50           1
        BANK6            00320-0036F              50           1
        BANK7            003A0-003EF              50           1
        BANK8            00420-0046F              50           1
        BANK9            004A0-004EF              50           1
        BIGRAM           02000-027EF             7F0           1
        CODE             00002-00003               2           2
                         01000-01232             233
                         018B6-03FFF             800
        CONST            00002-00003               2           2
                         01000-01232             100
                         018B6-03FFF             100
        EEDATA           0F000-0F0FF             100           2
        ENTRY            00002-00003               2           2
                         01000-01232             100
                         018B6-03FFF             100
        IDLOC            08000-08003               4           2
        RAM              0006F-0006F               1           1
                         000D3-000EF              1D
                         0016F-0016F               1
                         001D4-001EF              1C
                         0026C-0026F               4
                         002A0-002EF              50
                         00320-0036F              50
                         003A0-003EF              50
                         00420-0046F              50
                         004A0-004EF              50
                         00520-0056F              50
                         005A0-005EF              50
                         00620-0066F              50
                         006A0-006EF              50
                         00720-0076F              50
                         007A0-007EF              50
                         00820-0086F              50
                         008A0-008EF              50
                         00920-0096F              50
                         009A0-009EF              50
                         00A20-00A6F              50
                         00AA0-00AE7              48
        SFR0             00000-0001F              20           1
        SFR1             00080-0009F              20           1
        SFR10            00500-0051F              20           1
        SFR11            00580-0059F              20           1
        SFR12            00600-0061F              20           1
        SFR13            00680-0069F              20           1
        SFR14            00700-0071F              20           1
        SFR15            00780-0079F              20           1
        SFR16            00800-0081F              20           1
        SFR17            00880-0089F              20           1
        SFR18            00900-0091F              20           1
        SFR19            00980-0099F              20           1
        SFR2             00100-0011F              20           1
        SFR20            00A00-00A1F              20           1
        SFR21            00A80-00A9F              20           1
        SFR22            00B00-00B1F              20           1
        SFR23            00B80-00B9F              20           1
        SFR24            00C00-00C1F              20           1
        SFR25            00C80-00C9F              20           1
        SFR26            00D00-00D6F              70           1
        SFR27            00D80-00DEF              70           1
        SFR28            00E00-00E6F              70           1
        SFR29            00E80-00EEF              70           1
        SFR3             00180-0019F              20           1
        SFR30            00F00-00F6F              70           1
        SFR31            00F80-00FEF              70           1
        SFR32            01000-0106F              70           1
        SFR33            01080-010EF              70           1
        SFR34            01100-0116F              70           1
        SFR35            01180-011EF              70           1
        SFR36            01200-0126F              70           1
        SFR37            01280-012EF              70           1
        SFR38            01300-0136F              70           1
        SFR39            01380-013EF              70           1
        SFR4             00200-0021F              20           1
        SFR40            01400-0146F              70           1
        SFR41            01480-014EF              70           1
        SFR42            01500-0156F              70           1
        SFR43            01580-015EF              70           1
        SFR44            01600-0166F              70           1
        SFR45            01680-016EF              70           1
        SFR46            01700-0176F              70           1
        SFR47            01780-017EF              70           1
        SFR48            01800-0186F              70           1
        SFR49            01880-018EF              70           1
        SFR5             00280-0029F              20           1
        SFR50            01900-0196F              70           1
        SFR51            01980-019EF              70           1
        SFR52            01A00-01A6F              70           1
        SFR53            01A80-01AEF              70           1
        SFR54            01B00-01B6F              70           1
        SFR55            01B80-01BEF              70           1
        SFR56            01C00-01C6F              70           1
        SFR57            01C80-01CEF              70           1
        SFR58            01D00-01D6F              70           1
        SFR59            01D80-01DEF              70           1
        SFR6             00300-0031F              20           1
        SFR60            01E00-01E6F              70           1
        SFR61            01E80-01EEF              70           1
        SFR62            01F00-01F6F              70           1
        SFR63            01F80-01FEF              70           1
        SFR7             00380-0039F              20           1
        SFR8             00400-0041F              20           1
        SFR9             00480-0049F              20           1
        STACK            0218C-026D7             54C           1
        STRCODE          00002-00003               2           2
                         01000-01232             233
                         018B6-03FFF            274A
        STRING           00002-00003               2           2
                         01000-01232             100
                         018B6-03FFF             100

                                  Symbol Table

?_GetLengthUBX                                  cstackCOMMON 00070
?_Insert                                        cstackCOMMON 00075
?_InsertString                                  cstackBANK0  00029
?_InsertTxData                                  cstackBANK0  00035
?_InsertTxDataSep                               cstackCOMMON 0007C
?___awdiv                                       cstackCOMMON 00070
?___awmod                                       cstackCOMMON 00070
?___lldiv                                       cstackCOMMON 00070
?___llmod                                       cstackCOMMON 00070
?_crc16                                         cstackBANK0  00021
?_crc16_update                                  cstackCOMMON 00075
?_strcmp                                        cstackCOMMON 0007B
?_strlen                                        cstackCOMMON 00070
BME280_Init@rslt                                cstackBANK1  000CB
BME280_Init@settings_sel                        cstackBANK1  000CA
ClearNMEA@i                                     cstackCOMMON 00072
ClearString@counti                              cstackCOMMON 00076
ClearString@i                                   cstackCOMMON 00078
ClearString@str                                 cstackCOMMON 0007A
ClearStringn@i                                  cstackCOMMON 00074
ClearStringn@length                             cstackCOMMON 00070
ClearStringn@str                                cstackCOMMON 00073
ClearTxData@i                                   cstackCOMMON 00072
DebugAlert@delay_high                           cstackBANK0  00020
DebugAlert@delay_low                            cstackBANK0  00022
DebugAlert@i                                    cstackBANK0  00025
DebugAlert@num_flashes                          cstackBANK0  00024
EUSART1_SetErrorHandler@interruptHandler        cstackCOMMON 00070
EUSART1_SetFramingErrorHandler@interruptHandler cstackCOMMON 00070
EUSART1_SetOverrunErrorHandler@interruptHandler cstackCOMMON 00070
EUSART1_Write@txData                            cstackCOMMON 00070
GPS_HasAcknowledged@ackByte                     cstackBANK0  00024
GPS_HasAcknowledged@ackByteID                   cstackBANK0  00030
GPS_HasAcknowledged@ackPacket                   cstackBANK0  00025
GPS_HasAcknowledged@data                        cstackBANK0  0002F
GPS_HasAcknowledged@i                           cstackBANK0  00031
GPS_HasAcknowledged@startTime                   cstackBANK0  00020
GPS_SendUBX@data                                cstackCOMMON 00077
GPS_SendUBX@i                                   cstackCOMMON 00078
GPS_SendUBX@length                              cstackCOMMON 00075
GetAtRowCSV@col                                 cstackBANK0  00022
GetAtRowCSV@column                              cstackCOMMON 00078
GetAtRowCSV@counti                              cstackBANK0  00020
GetAtRowCSV@i                                   cstackBANK0  00026
GetAtRowCSV@index                               cstackBANK0  00024
GetAtRowCSV@src                                 cstackCOMMON 00076
GetLengthUBX@data                               cstackCOMMON 00073
I2C_ReadByte@ackbit                             cstackBANK0  0002B
I2C_ReadByte@rcvdata                            cstackBANK0  0002C
I2C_WriteByte@data                              cstackCOMMON 0007D
Insert@dest                                     cstackCOMMON 00075
Insert@destLimit                                cstackCOMMON 0007A
Insert@i                                        cstackBANK0  00027
Insert@index                                    cstackCOMMON 00078
Insert@length                                   cstackBANK0  00025
Insert@src                                      cstackCOMMON 00077
InsertString@counti                             cstackBANK0  00031
InsertString@dest                               cstackBANK0  00029
InsertString@destLimit                          cstackBANK0  0002F
InsertString@i                                  cstackBANK0  00033
InsertString@index                              cstackBANK0  0002D
InsertString@src                                cstackBANK0  0002B
InsertTxData@field                              cstackBANK0  00037
InsertTxData@index                              cstackBANK0  00035
InsertTxDataSep@index                           cstackCOMMON 0007C
IntToString@dest                                cstackCOMMON 0007D
IntToString@i                                   cstackBANK0  00030
IntToString@n                                   cstackCOMMON 0007B
IntToString@sign                                cstackBANK0  0002F
PollGPS@byte                                    cstackBANK0  00046
PollGPS@counti                                  cstackBANK0  00041
PollGPS@eusart_complete                         cstackBANK0  00045
PollGPS@i                                       cstackBANK0  00047
PollGPS@index                                   cstackBANK0  00049
PollGPS@startTime                               cstackBANK0  0003D
PollGPS@success                                 cstackBANK0  00043
ReadEnvSensor@dev_id                            cstackBANK0  0002D
ReadEnvSensor@i                                 cstackBANK0  00035
ReadEnvSensor@len                               cstackBANK0  00030
ReadEnvSensor@reg_addr                          cstackBANK0  0002E
ReadEnvSensor@reg_data                          cstackBANK0  0002F
ReadEnvSensor@rslt                              cstackBANK0  00034
ReverseString@counti                            cstackBANK0  00029
ReverseString@halfway                           cstackBANK0  00024
ReverseString@i                                 cstackBANK0  0002B
ReverseString@opposite                          cstackBANK0  00027
ReverseString@str                               cstackCOMMON 00079
ReverseString@temp                              cstackBANK0  00026
Sleep@ms                                        cstackCOMMON 00070
Sleep@start                                     cstackCOMMON 00078
TMR0_SetInterruptHandler@InterruptHandler       cstackCOMMON 00070
TransmitBit@b                                   cstackCOMMON 0007C
TransmitChar@byte                               cstackBANK0  00020
TransmitChar@i                                  cstackBANK0  00021
TransmitString@counti                           cstackBANK0  00026
TransmitString@i                                cstackBANK0  00028
TransmitString@message                          cstackBANK0  00023
UIntToHexString@dest                            cstackBANK0  00031
UIntToHexString@i                               cstackBANK0  0003C
UIntToHexString@n                               cstackBANK0  0002D
UIntToHexString@remainder                       cstackBANK0  00038
UIntToString@dest                               cstackBANK0  00031
UIntToString@i                                  cstackBANK0  00034
UIntToString@n                                  cstackBANK0  0002D
WriteEnvSensor@dev_id                           cstackBANK0  0002B
WriteEnvSensor@i                                cstackBANK0  00032
WriteEnvSensor@len                              cstackBANK0  0002E
WriteEnvSensor@reg_addr                         cstackBANK0  0002C
WriteEnvSensor@reg_data                         cstackBANK0  0002D
WriteEnvSensor@rslt                             cstackBANK0  00031
WriteGPS@counti                                 cstackCOMMON 00078
WriteGPS@i                                      cstackCOMMON 0007A
WriteGPS@message                                cstackCOMMON 00075
_ANSELA                                         (abs)        01F38
_ANSELB                                         (abs)        01F43
_ANSELC                                         (abs)        01F4E
_BAUD1CON                                       (abs)        0011F
_BME280_Init                                    text45       00E3B
_ClearNMEA                                      text35       0140D
_ClearString                                    text43       014BB
_ClearStringn                                   text32       013D4
_ClearTxData                                    text42       013F0
_DebugAlert                                     text78       0155A
_EUSART1_DefaultErrorHandler                    (abs)        00000
_EUSART1_DefaultFramingErrorHandler             (abs)        00000
_EUSART1_DefaultOverrunErrorHandler             (abs)        00000
_EUSART1_ErrorHandler                           nvBANK3      001CE
_EUSART1_FramingErrorHandler                    nvBANK3      001D2
_EUSART1_Initialize                             text19       0142A
_EUSART1_OverrunErrorHandler                    nvBANK3      001D0
_EUSART1_Read                                   text34       01282
_EUSART1_SetErrorHandler                        text22       01243
_EUSART1_SetFramingErrorHandler                 text21       01249
_EUSART1_SetOverrunErrorHandler                 text20       0124F
_EUSART1_Write                                  text26       0125D
_EUSART1_is_rx_ready                            text33       01238
_EnvSensor                                      bssBANK2     0013C
_GPS_HasAcknowledged                            text13       006F1
_GPS_SendUBX                                    text11       014E2
_GetAtRowCSV                                    text31       00D02
_GetLengthUBX                                   text12       012D0
_I2C_Init                                       text80       012F5
_I2C_ReadByte                                   text68       0134C
_I2C_Stop                                       text76       01233
_I2C_UserAlert                                  text75       007FC
_I2C_Wait_SSPIF                                 text77       017C3
_I2C_WriteByte                                  text74       012B3
_INLVLA                                         (abs)        01F3C
_INLVLB                                         (abs)        01F47
_INLVLC                                         (abs)        01F52
_INTCONbits                                     (abs)        0000B
_INTERRUPT_InterruptManager                     intentry     00004
_InitTiming                                     text40       01255
_Insert                                         text30       00F15
_InsertString                                   text29       00BAE
_InsertTxData                                   text27       016BA
_InsertTxDataSep                                text28       01334
_IntToString                                    text36       00DCF
_LATA                                           (abs)        00018
_LATAbits                                       (abs)        00018
_LATB                                           (abs)        00019
_LATC                                           (abs)        0001A
_LATCbits                                       (abs)        0001A
_ODCONA                                         (abs)        01F3A
_ODCONB                                         (abs)        01F45
_ODCONC                                         (abs)        01F50
_OSCCON1                                        (abs)        0088D
_OSCCON3                                        (abs)        0088F
_OSCEN                                          (abs)        00891
_OSCFRQ                                         (abs)        00893
_OSCILLATOR_Initialize                          text18       01265
_OSCTUNE                                        (abs)        00892
_PIE0bits                                       (abs)        00716
_PIN_MANAGER_Initialize                         text17       01531
_PIR0bits                                       (abs)        0070C
_PIR3bits                                       (abs)        0070F
_PMD0                                           (abs)        00796
_PMD1                                           (abs)        00797
_PMD2                                           (abs)        00798
_PMD3                                           (abs)        00799
_PMD4                                           (abs)        0079A
_PMD5                                           (abs)        0079B
_PMD6                                           (abs)        0079C
_PMD7                                           (abs)        0079D
_PMD_Initialize                                 text16       01278
_PollGPS                                        text23       00291
_PollGPS$2658                                   cstackBANK0  00044
_RB4PPS                                         (abs)        01F1C
_RB6PPS                                         (abs)        01F1E
_RB7PPS                                         (abs)        01F1F
_RC1REG                                         (abs)        00119
_RC1STA                                         (abs)        0011D
_RC1STAbits                                     (abs)        0011D
_RX1DTPPS                                       (abs)        01ECB
_ReadEnvSensor                                  text67       00ABA
_ReverseString                                  text38       00EA8
_SLRCONA                                        (abs)        01F3B
_SLRCONB                                        (abs)        01F46
_SLRCONC                                        (abs)        01F51
_SP1BRGH                                        (abs)        0011C
_SP1BRGL                                        (abs)        0011B
_SSP1ADD                                        (abs)        0018D
_SSP1BUF                                        (abs)        0018C
_SSP1CLKPPS                                     (abs)        01EC5
_SSP1CON1                                       (abs)        00190
_SSP1CON1bits                                   (abs)        00190
_SSP1CON2bits                                   (abs)        00191
_SSP1CON3                                       (abs)        00192
_SSP1DATPPS                                     (abs)        01EC6
_SSP1STAT                                       (abs)        0018F
_SYSTEM_Initialize                              text14       012C1
_SetupGPS                                       text10       00A21
_Sleep                                          text79       015AE
_T0CON0                                         (abs)        0059E
_T0CON0bits                                     (abs)        0059E
_T0CON1                                         (abs)        0059F
_TMR0H                                          (abs)        0059D
_TMR0L                                          (abs)        0059C
_TMR0_DefaultInterruptHandler                   text83       007FF
_TMR0_ISR                                       text82       012A6
_TMR0_Initialize                                text15       012E2
_TMR0_InterruptHandler                          nvBANK1      000D1
_TMR0_SetInterruptHandler                       text41       0123D
_TRISA                                          (abs)        00012
_TRISB                                          (abs)        00013
_TRISC                                          (abs)        00014
_TX1REG                                         (abs)        0011A
_TX1STA                                         (abs)        0011E
_TX1STAbits                                     (abs)        0011E
_TimerISR                                       text84       0126E
_TransmitBit                                    text9        01309
_TransmitChar                                   text8        016EA
_TransmitString                                 text7        015D9
_UIntToHexString                                text6        00783
_UIntToHexString$1753                           cstackBANK0  00034
_UIntToString                                   text3        00CAA
_WPUA                                           (abs)        01F39
_WPUB                                           (abs)        01F44
_WPUC                                           (abs)        01F4F
_WriteEnvSensor                                 text73       0171B
_WriteGPS                                       text25       01509
__CFG_BBEN$OFF                                  (abs)        00000
__CFG_BBSIZE$BB512                              (abs)        00000
__CFG_BOREN$ON                                  (abs)        00000
__CFG_BORV$LO                                   (abs)        00000
__CFG_CLKOUTEN$OFF                              (abs)        00000
__CFG_CP$OFF                                    (abs)        00000
__CFG_CSWEN$ON                                  (abs)        00000
__CFG_FCMEN$ON                                  (abs)        00000
__CFG_FEXTOSC$OFF                               (abs)        00000
__CFG_LPBOREN$OFF                               (abs)        00000
__CFG_LVP$ON                                    (abs)        00000
__CFG_MCLRE$ON                                  (abs)        00000
__CFG_PPS1WAY$ON                                (abs)        00000
__CFG_PWRTS$OFF                                 (abs)        00000
__CFG_RSTOSC$HFINT1                             (abs)        00000
__CFG_SAFEN$OFF                                 (abs)        00000
__CFG_STVREN$ON                                 (abs)        00000
__CFG_WDTCCS$SC                                 (abs)        00000
__CFG_WDTCPS$WDTCPS_31                          (abs)        00000
__CFG_WDTCWS$WDTCWS_7                           (abs)        00000
__CFG_WDTE$OFF                                  (abs)        00000
__CFG_WRTAPP$OFF                                (abs)        00000
__CFG_WRTB$OFF                                  (abs)        00000
__CFG_WRTC$OFF                                  (abs)        00000
__CFG_WRTD$OFF                                  (abs)        00000
__CFG_WRTSAF$OFF                                (abs)        00000
__CFG_ZCDDIS$OFF                                (abs)        00000
__Habs1                                         abs1         00000
__Hbank0                                        bank0        00000
__Hbank1                                        bank1        00000
__Hbank10                                       bank10       00000
__Hbank11                                       bank11       00000
__Hbank12                                       bank12       00000
__Hbank13                                       bank13       00000
__Hbank14                                       bank14       00000
__Hbank15                                       bank15       00000
__Hbank16                                       bank16       00000
__Hbank17                                       bank17       00000
__Hbank18                                       bank18       00000
__Hbank19                                       bank19       00000
__Hbank2                                        bank2        00000
__Hbank20                                       bank20       00000
__Hbank21                                       bank21       00000
__Hbank22                                       bank22       00000
__Hbank23                                       bank23       00000
__Hbank24                                       bank24       00000
__Hbank25                                       bank25       00000
__Hbank26                                       bank26       00000
__Hbank27                                       bank27       00000
__Hbank28                                       bank28       00000
__Hbank29                                       bank29       00000
__Hbank3                                        bank3        00000
__Hbank30                                       bank30       00000
__Hbank31                                       bank31       00000
__Hbank32                                       bank32       00000
__Hbank33                                       bank33       00000
__Hbank34                                       bank34       00000
__Hbank35                                       bank35       00000
__Hbank36                                       bank36       00000
__Hbank37                                       bank37       00000
__Hbank38                                       bank38       00000
__Hbank39                                       bank39       00000
__Hbank4                                        bank4        00000
__Hbank40                                       bank40       00000
__Hbank41                                       bank41       00000
__Hbank42                                       bank42       00000
__Hbank43                                       bank43       00000
__Hbank44                                       bank44       00000
__Hbank45                                       bank45       00000
__Hbank46                                       bank46       00000
__Hbank47                                       bank47       00000
__Hbank48                                       bank48       00000
__Hbank49                                       bank49       00000
__Hbank5                                        bank5        00000
__Hbank50                                       bank50       00000
__Hbank51                                       bank51       00000
__Hbank52                                       bank52       00000
__Hbank53                                       bank53       00000
__Hbank54                                       bank54       00000
__Hbank55                                       bank55       00000
__Hbank56                                       bank56       00000
__Hbank57                                       bank57       00000
__Hbank58                                       bank58       00000
__Hbank59                                       bank59       00000
__Hbank6                                        bank6        00000
__Hbank60                                       bank60       00000
__Hbank61                                       bank61       00000
__Hbank62                                       bank62       00000
__Hbank63                                       bank63       00000
__Hbank7                                        bank7        00000
__Hbank8                                        bank8        00000
__Hbank9                                        bank9        00000
__Hbigram                                       bigram       00000
__HbssBANK1                                     bssBANK1     00000
__HbssBANK2                                     bssBANK2     00000
__HbssBANK3                                     bssBANK3     00000
__Hcinit                                        cinit        0004D
__Hclrtext                                      clrtext      00000
__Hcode                                         code         00000
__Hcommon                                       common       00000
__Hconfig                                       config       0800C
__HcstackBANK0                                  cstackBANK0  00000
__HcstackBANK1                                  cstackBANK1  00000
__HcstackBANK4                                  cstackBANK4  00000
__HcstackCOMMON                                 cstackCOMMON 00000
__HdataBANK4                                    dataBANK4    00000
__Heeprom_data                                  eeprom_data  00000
__Hend_init                                     end_init     00010
__Hfunctab                                      functab      00000
__HidataBANK4                                   idataBANK4   00000
__Hidloc                                        idloc        00000
__Hinit                                         init         0000E
__Hinittext                                     inittext     00000
__Hintentry                                     intentry     0000E
__Hmaintext                                     maintext     00000
__HnvBANK1                                      nvBANK1      00000
__HnvBANK3                                      nvBANK3      00000
__Hpowerup                                      powerup      00000
__Hram                                          ram          00000
__Hreset_vec                                    reset_vec    00002
__Hsfr0                                         sfr0         00000
__Hsfr1                                         sfr1         00000
__Hsfr10                                        sfr10        00000
__Hsfr11                                        sfr11        00000
__Hsfr12                                        sfr12        00000
__Hsfr13                                        sfr13        00000
__Hsfr14                                        sfr14        00000
__Hsfr15                                        sfr15        00000
__Hsfr16                                        sfr16        00000
__Hsfr17                                        sfr17        00000
__Hsfr18                                        sfr18        00000
__Hsfr19                                        sfr19        00000
__Hsfr2                                         sfr2         00000
__Hsfr20                                        sfr20        00000
__Hsfr21                                        sfr21        00000
__Hsfr22                                        sfr22        00000
__Hsfr23                                        sfr23        00000
__Hsfr24                                        sfr24        00000
__Hsfr25                                        sfr25        00000
__Hsfr26                                        sfr26        00000
__Hsfr27                                        sfr27        00000
__Hsfr28                                        sfr28        00000
__Hsfr29                                        sfr29        00000
__Hsfr3                                         sfr3         00000
__Hsfr30                                        sfr30        00000
__Hsfr31                                        sfr31        00000
__Hsfr32                                        sfr32        00000
__Hsfr33                                        sfr33        00000
__Hsfr34                                        sfr34        00000
__Hsfr35                                        sfr35        00000
__Hsfr36                                        sfr36        00000
__Hsfr37                                        sfr37        00000
__Hsfr38                                        sfr38        00000
__Hsfr39                                        sfr39        00000
__Hsfr4                                         sfr4         00000
__Hsfr40                                        sfr40        00000
__Hsfr41                                        sfr41        00000
__Hsfr42                                        sfr42        00000
__Hsfr43                                        sfr43        00000
__Hsfr44                                        sfr44        00000
__Hsfr45                                        sfr45        00000
__Hsfr46                                        sfr46        00000
__Hsfr47                                        sfr47        00000
__Hsfr48                                        sfr48        00000
__Hsfr49                                        sfr49        00000
__Hsfr5                                         sfr5         00000
__Hsfr50                                        sfr50        00000
__Hsfr51                                        sfr51        00000
__Hsfr52                                        sfr52        00000
__Hsfr53                                        sfr53        00000
__Hsfr54                                        sfr54        00000
__Hsfr55                                        sfr55        00000
__Hsfr56                                        sfr56        00000
__Hsfr57                                        sfr57        00000
__Hsfr58                                        sfr58        00000
__Hsfr59                                        sfr59        00000
__Hsfr6                                         sfr6         00000
__Hsfr60                                        sfr60        00000
__Hsfr61                                        sfr61        00000
__Hsfr62                                        sfr62        00000
__Hsfr63                                        sfr63        00000
__Hsfr7                                         sfr7         00000
__Hsfr8                                         sfr8         00000
__Hsfr9                                         sfr9         00000
__Hspace_0                                      (abs)        0800C
__Hspace_1                                      (abs)        0026C
__Hspace_2                                      (abs)        00000
__Hspace_3                                      (abs)        00000
__Hstack                                        stack        00000
__Hstrings                                      strings      00000
__Hstringtext1                                  stringtext1  00000
__Hstringtext10                                 stringtext10 00000
__Hstringtext11                                 stringtext11 00000
__Hstringtext2                                  stringtext2  00000
__Hstringtext3                                  stringtext3  00000
__Hstringtext4                                  stringtext4  00000
__Hstringtext5                                  stringtext5  00000
__Hstringtext6                                  stringtext6  00000
__Hstringtext7                                  stringtext7  00000
__Hstringtext8                                  stringtext8  00000
__Hstringtext9                                  stringtext9  00000
__Htext                                         text         00000
__Labs1                                         abs1         00000
__Lbank0                                        bank0        00000
__Lbank1                                        bank1        00000
__Lbank10                                       bank10       00000
__Lbank11                                       bank11       00000
__Lbank12                                       bank12       00000
__Lbank13                                       bank13       00000
__Lbank14                                       bank14       00000
__Lbank15                                       bank15       00000
__Lbank16                                       bank16       00000
__Lbank17                                       bank17       00000
__Lbank18                                       bank18       00000
__Lbank19                                       bank19       00000
__Lbank2                                        bank2        00000
__Lbank20                                       bank20       00000
__Lbank21                                       bank21       00000
__Lbank22                                       bank22       00000
__Lbank23                                       bank23       00000
__Lbank24                                       bank24       00000
__Lbank25                                       bank25       00000
__Lbank26                                       bank26       00000
__Lbank27                                       bank27       00000
__Lbank28                                       bank28       00000
__Lbank29                                       bank29       00000
__Lbank3                                        bank3        00000
__Lbank30                                       bank30       00000
__Lbank31                                       bank31       00000
__Lbank32                                       bank32       00000
__Lbank33                                       bank33       00000
__Lbank34                                       bank34       00000
__Lbank35                                       bank35       00000
__Lbank36                                       bank36       00000
__Lbank37                                       bank37       00000
__Lbank38                                       bank38       00000
__Lbank39                                       bank39       00000
__Lbank4                                        bank4        00000
__Lbank40                                       bank40       00000
__Lbank41                                       bank41       00000
__Lbank42                                       bank42       00000
__Lbank43                                       bank43       00000
__Lbank44                                       bank44       00000
__Lbank45                                       bank45       00000
__Lbank46                                       bank46       00000
__Lbank47                                       bank47       00000
__Lbank48                                       bank48       00000
__Lbank49                                       bank49       00000
__Lbank5                                        bank5        00000
__Lbank50                                       bank50       00000
__Lbank51                                       bank51       00000
__Lbank52                                       bank52       00000
__Lbank53                                       bank53       00000
__Lbank54                                       bank54       00000
__Lbank55                                       bank55       00000
__Lbank56                                       bank56       00000
__Lbank57                                       bank57       00000
__Lbank58                                       bank58       00000
__Lbank59                                       bank59       00000
__Lbank6                                        bank6        00000
__Lbank60                                       bank60       00000
__Lbank61                                       bank61       00000
__Lbank62                                       bank62       00000
__Lbank63                                       bank63       00000
__Lbank7                                        bank7        00000
[...]
      Locals:         0       0       0       0       0       0       0       0       0       0       0       0       0       0       0       0       0       0       0       0       0       0       0       0       0       0       0
      Temps:          0       4       0       0       0       0       0       0       0       0       0       0       0       0       0       0       0       0       0       0       0       0       0       0       0       0       0
      Totals:         0       4       0       0       0       0       0       0       0       0       0       0       0       0       0       0       0       0       0       0       0       0       0       0       0       0       0
Total ram usage:        4 bytes
 Hardware stack levels used:    1
 Hardware stack levels required when called:    5
 This function calls:
		_DebugAlert
 This function is called by:
		_I2C_WriteByte
		_I2C_ReadByte
		_I2C_Stop
		_ReadEnvSensor
		_WriteEnvSensor
 This function uses a non-reentrant model


 *************** function _DebugAlert *****************
 Defined at:
		line 4 in file "debug.c"
 Parameters:    Size  Location     Type
  delay_high      2    0[BANK0 ] unsigned int 
  delay_low       2    2[BANK0 ] unsigned int 
  num_flashes     1    4[BANK0 ] unsigned char 
 Auto vars:     Size  Location     Type
  i               2    5[BANK0 ] int 
 Return value:  Size  Location     Type
                  1    wreg      void 
 Registers used:
		wreg, status,2, status,0, pclath, cstack
 Tracked objects:
		On entry : 
		On exit  : 
		Unchanged: 
 Data sizes:     COMMON   BANK0   BANK1   BANK2   BANK3   BANK4   BANK5   BANK6   BANK7   BANK8   BANK9  BANK10  BANK11  BANK12  BANK13  BANK14  BANK15  BANK16  BANK17  BANK18  BANK19  BANK20  BANK21  BANK22  BANK23  BANK24  BANK25
      Params:         0       5       0       0       0       0       0       0       0       0       0       0       0       0       0       0       0       0       0       0       0       0       0       0       0       0       0
      Locals:         0       2       0       0       0       0       0       0       0       0       0       0       0       0       0       0       0       0       0       0       0       0       0       0       0       0       0
      Temps:          1       0       0       0       0       0       0       0       0       0       0       0       0       0       0       0       0       0       0       0       0       0       0       0       0       0       0
      Totals:         1       7       0       0       0       0       0       0       0       0       0       0       0       0       0       0       0       0       0       0       0       0       0       0       0       0       0
Total ram usage:        8 bytes
 Hardware stack levels used:    1
 Hardware stack levels required when called:    4
 This function calls:
		_Sleep
 This function is called by:
		_I2C_Wait_SSPIF
		_BME280_Init
		_main
 This function uses a non-reentrant model


 *************** function _Sleep *****************
 Defined at:
		line 17 in file "timing.c"
 Parameters:    Size  Location     Type
  ms              4    0[COMMON] unsigned long 
 Auto vars:     Size  Location     Type
  start           4    8[COMMON] unsigned long 
 Return value:  Size  Location     Type
                  1    wreg      void 
 Registers used:
		wreg
 Tracked objects:
		On entry : 
		On exit  : 
		Unchanged: 
 Data sizes:     COMMON   BANK0   BANK1   BANK2   BANK3   BANK4   BANK5   BANK6   BANK7   BANK8   BANK9  BANK10  BANK11  BANK12  BANK13  BANK14  BANK15  BANK16  BANK17  BANK18  BANK19  BANK20  BANK21  BANK22  BANK23  BANK24  BANK25
      Params:         4       0       0       0       0       0       0       0       0       0       0       0       0       0       0       0       0       0       0       0       0       0       0       0       0       0       0
      Locals:         4       0       0       0       0       0       0       0       0       0       0       0       0       0       0       0       0       0       0       0       0       0       0       0       0       0       0
      Temps:          4       0       0       0       0       0       0       0       0       0       0       0       0       0       0       0       0       0       0       0       0       0       0       0       0       0       0
      Totals:        12       0       0       0       0       0       0       0       0       0       0       0       0       0       0       0       0       0       0       0       0       0       0       0       0       0       0
Total ram usage:       12 bytes
 Hardware stack levels used:    1
 Hardware stack levels required when called:    3
 This function calls:
		Nothing
 This function is called by:
		_BME280_Init
		_DebugAlert
		_SetupGPS
		_main
		_TransmitBit
		_bme280_soft_reset
		_bme280_init
 This function uses a non-reentrant model


 *************** function _I2C_Init *****************
 Defined at:
		line 22 in file "bme280_i2c.c"
 Parameters:    Size  Location     Type
		None
 Auto vars:     Size  Location     Type
		None
 Return value:  Size  Location     Type
                  1    wreg      void 
 Registers used:
		wreg, status,2
 Tracked objects:
		On entry : 
		On exit  : 
		Unchanged: 
 Data sizes:     COMMON   BANK0   BANK1   BANK2   BANK3   BANK4   BANK5   BANK6   BANK7   BANK8   BANK9  BANK10  BANK11  BANK12  BANK13  BANK14  BANK15  BANK16  BANK17  BANK18  BANK19  BANK20  BANK21  BANK22  BANK23  BANK24  BANK25
      Params:         0       0       0       0       0       0       0       0       0       0       0       0       0       0       0       0       0       0       0       0       0       0       0       0       0       0       0
      Locals:         0       0       0       0       0       0       0       0       0       0       0       0       0       0       0       0       0       0       0       0       0       0       0       0       0       0       0
      Temps:          0       0       0       0       0       0       0       0       0       0       0       0       0       0       0       0       0       0       0       0       0       0       0       0       0       0       0
      Totals:         0       0       0       0       0       0       0       0       0       0       0       0       0       0       0       0       0       0       0       0       0       0       0       0       0       0       0
Total ram usage:        0 bytes
 Hardware stack levels used:    1
 Hardware stack levels required when called:    3
 This function calls:
		Nothing
 This function is called by:
		_BME280_Init
 This function uses a non-reentrant model


 *************** function _INTERRUPT_InterruptManager *****************
 Defined at:
		line 52 in file "mcc_generated_files/interrupt_manager.c"
 Parameters:    Size  Location     Type
		None
 Auto vars:     Size  Location     Type
		None
 Return value:  Size  Location     Type
                  1    wreg      void 
 Registers used:
		wreg, status,2, status,0, pclath, cstack
 Tracked objects:
		On entry : 
		On exit  : 
		Unchanged: 
 Data sizes:     COMMON   BANK0   BANK1   BANK2   BANK3   BANK4   BANK5   BANK6   BANK7   BANK8   BANK9  BANK10  BANK11  BANK12  BANK13  BANK14  BANK15  BANK16  BANK17  BANK18  BANK19  BANK20  BANK21  BANK22  BANK23  BANK24  BANK25
      Params:         0       0       0       0       0       0       0       0       0       0       0       0       0       0       0       0       0       0       0       0       0       0       0       0       0       0       0
      Locals:         0       0       0       0       0       0       0       0       0       0       0       0       0       0       0       0       0       0       0       0       0       0       0       0       0       0       0
      Temps:          0       0       0       0       0       0       0       0       0       0       0       0       0       0       0       0       0       0       0       0       0       0       0       0       0       0       0
      Totals:         0       0       0       0       0       0       0       0       0       0       0       0       0       0       0       0       0       0       0       0       0       0       0       0       0       0       0
Total ram usage:        0 bytes
 Hardware stack levels used:    1
 Hardware stack levels required when called:    2
 This function calls:
		_TMR0_ISR
 This function is called by:
		Interrupt level 1
 This function uses a non-reentrant model


 *************** function _TMR0_ISR *****************
 Defined at:
		line 121 in file "mcc_generated_files/tmr0.c"
 Parameters:    Size  Location     Type
		None
 Auto vars:     Size  Location     Type
		None
 Return value:  Size  Location     Type
                  1    wreg      void 
 Registers used:
		wreg, status,2, status,0, pclath, cstack
 Tracked objects:
		On entry : 
		On exit  : 
		Unchanged: 
 Data sizes:     COMMON   BANK0   BANK1   BANK2   BANK3   BANK4   BANK5   BANK6   BANK7   BANK8   BANK9  BANK10  BANK11  BANK12  BANK13  BANK14  BANK15  BANK16  BANK17  BANK18  BANK19  BANK20  BANK21  BANK22  BANK23  BANK24  BANK25
      Params:         0       0       0       0       0       0       0       0       0       0       0       0       0       0       0       0       0       0       0       0       0       0       0       0       0       0       0
      Locals:         0       0       0       0       0       0       0       0       0       0       0       0       0       0       0       0       0       0       0       0       0       0       0       0       0       0       0
      Temps:          0       0       0       0       0       0       0       0       0       0       0       0       0       0       0       0       0       0       0       0       0       0       0       0       0       0       0
      Totals:         0       0       0       0       0       0       0       0       0       0       0       0       0       0       0       0       0       0       0       0       0       0       0       0       0       0       0
Total ram usage:        0 bytes
 Hardware stack levels used:    1
 Hardware stack levels required when called:    1
 This function calls:
		Absolute function
		_TMR0_DefaultInterruptHandler
		_TimerISR
 This function is called by:
		_INTERRUPT_InterruptManager
 This function uses a non-reentrant model


 *************** function _TMR0_DefaultInterruptHandler *****************
 Defined at:
		line 138 in file "mcc_generated_files/tmr0.c"
 Parameters:    Size  Location     Type
		None
 Auto vars:     Size  Location     Type
		None
 Return value:  Size  Location     Type
                  1    wreg      void 
 Registers used:
		None
 Tracked objects:
		On entry : 
		On exit  : 
		Unchanged: 
 Data sizes:     COMMON   BANK0   BANK1   BANK2   BANK3   BANK4   BANK5   BANK6   BANK7   BANK8   BANK9  BANK10  BANK11  BANK12  BANK13  BANK14  BANK15  BANK16  BANK17  BANK18  BANK19  BANK20  BANK21  BANK22  BANK23  BANK24  BANK25
      Params:         0       0       0       0       0       0       0       0       0       0       0       0       0       0       0       0       0       0       0       0       0       0       0       0       0       0       0
      Locals:         0       0       0       0       0       0       0       0       0       0       0       0       0       0       0       0       0       0       0       0       0       0       0       0       0       0       0
      Temps:          0       0       0       0       0       0       0       0       0       0       0       0       0       0       0       0       0       0       0       0       0       0       0       0       0       0       0
      Totals:         0       0       0       0       0       0       0       0       0       0       0       0       0       0       0       0       0       0       0       0       0       0       0       0       0       0       0
Total ram usage:        0 bytes
 Hardware stack levels used:    1
 This function calls:
		Nothing
 This function is called by:
		_TMR0_Initialize
		_TMR0_ISR
 This function uses a non-reentrant model


 *************** function _TimerISR *****************
 Defined at:
		line 6 in file "timing.c"
 Parameters:    Size  Location     Type
		None
 Auto vars:     Size  Location     Type
		None
 Return value:  Size  Location     Type
                  1    wreg      void 
 Registers used:
		wreg
 Tracked objects:
		On entry : 
		On exit  : 
		Unchanged: 
 Data sizes:     COMMON   BANK0   BANK1   BANK2   BANK3   BANK4   BANK5   BANK6   BANK7   BANK8   BANK9  BANK10  BANK11  BANK12  BANK13  BANK14  BANK15  BANK16  BANK17  BANK18  BANK19  BANK20  BANK21  BANK22  BANK23  BANK24  BANK25
      Params:         0       0       0       0       0       0       0       0       0       0       0       0       0       0       0       0       0       0       0       0       0       0       0       0       0       0       0
      Locals:         0       0       0       0       0       0       0       0       0       0       0       0       0       0       0       0       0       0       0       0       0       0       0       0       0       0       0
      Temps:          0       0       0       0       0       0       0       0       0       0       0       0       0       0       0       0       0       0       0       0       0       0       0       0       0       0       0
      Totals:         0       0       0       0       0       0       0       0       0       0       0       0       0       0       0       0       0       0       0       0       0       0       0       0       0       0       0
Total ram usage:        0 bytes
 Hardware stack levels used:    1
 This function calls:
		Nothing
 This function is called by:
		_InitTiming
		_TMR0_ISR
 This function uses a non-reentrant model



MODULE INFORMATION

Module		Function		Class		Link	Load	Size
K:\Programs\MPLABX\XC8 Compiler\pic\sources\c99\common\awmod.c
		___awmod       		CODE           	0950	0000	70

K:\Programs\MPLABX\XC8 Compiler\pic\sources\c99\common\awmod.c estimated size: 70

K:\Programs\MPLABX\XC8 Compiler\pic\sources\c99\common\llmod.c
		___llmod       		CODE           	08CA	0000	67

K:\Programs\MPLABX\XC8 Compiler\pic\sources\c99\common\llmod.c estimated size: 67

mcc_generated_files/interrupt_manager.c
		_INTERRUPT_InterruptManager		CODE           	0004	0000	11

mcc_generated_files/interrupt_manager.c estimated size: 11

bme280_i2c.c
		_WriteEnvSensor		CODE           	171B	0000	52
		_BME280_Init   		CODE           	0E3B	0000	110
		_I2C_Stop      		CODE           	1233	0000	6
		_I2C_WriteByte 		CODE           	12B3	0000	15
		_I2C_Init      		CODE           	12F5	0000	21
		_I2C_ReadByte  		CODE           	134C	0000	26
		_I2C_Wait_SSPIF		CODE           	17C3	0000	62
		_I2C_UserAlert 		CODE           	07FC	0000	4
		_ReadEnvSensor 		CODE           	0ABA	0000	82

bme280_i2c.c estimated size: 378

mcc_generated_files/tmr0.c
		_TMR0_SetInterruptHandler		CODE           	123D	0000	7
		_TMR0_DefaultInterruptHandler		CODE           	07FF	0000	2
		_TMR0_ISR      		CODE           	12A6	0000	14
		_TMR0_Initialize		CODE           	12E2	0000	20

mcc_generated_files/tmr0.c estimated size: 43

debug.c
		_DebugAlert    		CODE           	155A	0000	43

debug.c estimated size: 43

mcc_generated_files/pin_manager.c
		_PIN_MANAGER_Initialize		CODE           	1531	0000	42

mcc_generated_files/pin_manager.c estimated size: 42

BME280_driver/bme280.c
		_fill_filter_settings		CODE           	1380	0000	29
		_parse_device_settings		CODE           	0C52	0000	89
		_fill_osr_temp_settings		CODE           	13B8	0000	29
		_fill_standby_settings		CODE           	139C	0000	29
		_bme280_get_regs		CODE           	090C	0000	69
		_bme280_set_regs		CODE           	05B7	0000	162
		_reload_device_settings		CODE           	1495	0000	39
		_fill_osr_press_settings		CODE           	1365	0000	28
		_bme280_get_sensor_mode		CODE           	165E	0000	46
		_bme280_set_sensor_mode		CODE           	0848	0000	65
		_put_device_to_sleep		CODE           	0888	0000	67
		_set_filter_standby_settings		CODE           	0995	0000	71
		_get_calib_data		CODE           	0A6D	0000	78
		_write_power_mode		CODE           	174E	0000	58
		_set_osr_press_temp_settings		CODE           	09DB	0000	71
		_set_osr_humidity_settings		CODE           	0B5C	0000	83
		_parse_humidity_calib_data		CODE           	0658	0000	154
		_bme280_init   		CODE           	0D64	0000	108
		_null_ptr_check		CODE           	144B	0000	38
		_interleave_reg_addr		CODE           	1631	0000	46
		_bme280_set_sensor_settings		CODE           	0F8A	0000	119
		_are_settings_changed		CODE           	0800	0000	12
		_set_osr_settings		CODE           	1584	0000	43
		_parse_temp_press_calib_data		CODE           	04C2	0000	246
		_bme280_soft_reset		CODE           	1787	0000	61

BME280_driver/bme280.c estimated size: 1840

K:\Programs\MPLABX\XC8 Compiler\pic\sources\c99\common\awdiv.c
		___awdiv       		CODE           	0B0B	0000	82

K:\Programs\MPLABX\XC8 Compiler\pic\sources\c99\common\awdiv.c estimated size: 82

rtty.c
		_crc16         		CODE           	1470	0000	38
		_crc16_update  		CODE           	080B	0000	62
		_TransmitBit   		CODE           	1309	0000	21
		_TransmitChar  		CODE           	16EA	0000	50
		_TransmitString		CODE           	15D9	0000	45

rtty.c estimated size: 216

timing.c
		_InitTiming    		CODE           	1255	0000	9
		_TimerISR      		CODE           	126E	0000	11
		_Sleep         		CODE           	15AE	0000	44

timing.c estimated size: 64

shared
		__initialization		CODE           	0010	0000	58
		_HALF_BAUD_DELAY		STRCODE        	0000	0000	0

shared estimated size: 58

mcc_generated_files/eusart1.c
		_EUSART1_is_rx_ready		CODE           	1238	0000	6
		_EUSART1_Initialize		CODE           	142A	0000	34
		_EUSART1_SetFramingErrorHandler		CODE           	1249	0000	7
		_EUSART1_Read  		CODE           	1282	0000	13
		_EUSART1_SetOverrunErrorHandler		CODE           	124F	0000	7
		_EUSART1_SetErrorHandler		CODE           	1243	0000	7
		_EUSART1_Write 		CODE           	125D	0000	9

mcc_generated_files/eusart1.c estimated size: 83

mcc_generated_files/mcc.c
		_PMD_Initialize		CODE           	1278	0000	11
		_OSCILLATOR_Initialize		CODE           	1265	0000	10
		_SYSTEM_Initialize		CODE           	12C1	0000	16

mcc_generated_files/mcc.c estimated size: 37

K:\Programs\MPLABX\XC8 Compiler\pic\sources\c99\common\strlen.c
		_strlen        		CODE           	131D	0000	24

K:\Programs\MPLABX\XC8 Compiler\pic\sources\c99\common\strlen.c estimated size: 24

K:\Programs\MPLABX\XC8 Compiler\pic\sources\c99\common\strcmp.c
		_strcmp        		CODE           	168B	0000	48

K:\Programs\MPLABX\XC8 Compiler\pic\sources\c99\common\strcmp.c estimated size: 48

main.c
		_GPS_SendUBX   		CODE           	14E2	0000	40
		_UIntToString  		CODE           	0CAA	0000	89
		_PollGPS       		CODE           	0291	0000	562
		_GetAtRowCSV   		CODE           	0D02	0000	99
		_ClearNMEA     		CODE           	140D	0000	30
		_InsertTxData  		CODE           	16BA	0000	49
		_main          		CODE           	004D	0000	581
		_Insert        		CODE           	0F15	0000	118
		_InsertString  		CODE           	0BAE	0000	83
		_GetLengthUBX  		CODE           	12D0	0000	19
		_ReverseString 		CODE           	0EA8	0000	110
		_InsertTxDataSep		CODE           	1334	0000	25
		_WriteGPS      		CODE           	1509	0000	41
		_ClearString   		CODE           	14BB	0000	40
		_ClearStringn  		CODE           	13D4	0000	29
		_GPS_HasAcknowledged		CODE           	06F1	0000	147
		_ClearTxData   		CODE           	13F0	0000	30
		_SetupGPS      		CODE           	0A21	0000	77
		_IntToString   		CODE           	0DCF	0000	109
		_UIntToHexString		CODE           	0783	0000	122

main.c estimated size: 2400

K:\Programs\MPLABX\XC8 Compiler\pic\sources\c99\common\__lldiv.c
		___lldiv       		CODE           	0C00	0000	83

K:\Programs\MPLABX\XC8 Compiler\pic\sources\c99\common\__lldiv.c estimated size: 83

